<?xml version="1.0" encoding="ISO-8859-1" ?>
<link_info>
   <banner>TMS320C2000 Linker PC v22.6.1A23259</banner>
   <copyright>Copyright (c) 1996-2018 Texas Instruments Incorporated</copyright>
   <link_time>0x6695d046</link_time>
   <link_errors>0x0</link_errors>
   <output_file>Multiphase-Interleaved-CLLC.out</output_file>
   <entry_point>
      <name>code_start</name>
      <address>0x0</address>
   </entry_point>
   <input_file_list>
      <input_file id="fl-2">
         <path>.\syscfg\</path>
         <kind>object</kind>
         <file>board.obj</file>
         <name>board.obj</name>
      </input_file>
      <input_file id="fl-3">
         <path>.\syscfg\</path>
         <kind>object</kind>
         <file>c2000ware_libraries.obj</file>
         <name>c2000ware_libraries.obj</name>
      </input_file>
      <input_file id="fl-4">
         <path>.\</path>
         <kind>object</kind>
         <file>main.obj</file>
         <name>main.obj</name>
      </input_file>
      <input_file id="fl-5">
         <path>.\LIB\DCL\</path>
         <kind>object</kind>
         <file>DCL_DF22_C1.obj</file>
         <name>DCL_DF22_C1.obj</name>
      </input_file>
      <input_file id="fl-6">
         <path>.\LIB\DCL\</path>
         <kind>object</kind>
         <file>DCL_PI_C1.obj</file>
         <name>DCL_PI_C1.obj</name>
      </input_file>
      <input_file id="fl-7">
         <path>.\LIB\DCL\</path>
         <kind>object</kind>
         <file>DCL_PI_C4.obj</file>
         <name>DCL_PI_C4.obj</name>
      </input_file>
      <input_file id="fl-8">
         <path>.\LIB\DCL\</path>
         <kind>object</kind>
         <file>DCL_PI_L1.obj</file>
         <name>DCL_PI_L1.obj</name>
      </input_file>
      <input_file id="fl-9">
         <path>.\LIB\sfra\</path>
         <kind>object</kind>
         <file>sfra_gui_scicomms_driverlib.obj</file>
         <name>sfra_gui_scicomms_driverlib.obj</name>
      </input_file>
      <input_file id="fl-a">
         <path>.\device\</path>
         <kind>object</kind>
         <file>device.obj</file>
         <name>device.obj</name>
      </input_file>
      <input_file id="fl-b">
         <path>.\device\</path>
         <kind>object</kind>
         <file>f28004x_codestartbranch.obj</file>
         <name>f28004x_codestartbranch.obj</name>
      </input_file>
      <input_file id="fl-1c">
         <kind>object</kind>
         <file>&lt;internal&gt;</file>
         <name>&lt;internal&gt;</name>
      </input_file>
      <input_file id="fl-20">
         <path>C:\ti\C2000Ware_5_01_00_00\driverlib\f28004x\driverlib\ccs\Debug\</path>
         <kind>archive</kind>
         <file>driverlib_eabi.lib</file>
         <name>adc.obj</name>
      </input_file>
      <input_file id="fl-21">
         <path>C:\ti\C2000Ware_5_01_00_00\driverlib\f28004x\driverlib\ccs\Debug\</path>
         <kind>archive</kind>
         <file>driverlib_eabi.lib</file>
         <name>cmpss.obj</name>
      </input_file>
      <input_file id="fl-22">
         <path>C:\ti\C2000Ware_5_01_00_00\driverlib\f28004x\driverlib\ccs\Debug\</path>
         <kind>archive</kind>
         <file>driverlib_eabi.lib</file>
         <name>cputimer.obj</name>
      </input_file>
      <input_file id="fl-23">
         <path>C:\ti\C2000Ware_5_01_00_00\driverlib\f28004x\driverlib\ccs\Debug\</path>
         <kind>archive</kind>
         <file>driverlib_eabi.lib</file>
         <name>dcc.obj</name>
      </input_file>
      <input_file id="fl-24">
         <path>C:\ti\C2000Ware_5_01_00_00\driverlib\f28004x\driverlib\ccs\Debug\</path>
         <kind>archive</kind>
         <file>driverlib_eabi.lib</file>
         <name>ecap.obj</name>
      </input_file>
      <input_file id="fl-25">
         <path>C:\ti\C2000Ware_5_01_00_00\driverlib\f28004x\driverlib\ccs\Debug\</path>
         <kind>archive</kind>
         <file>driverlib_eabi.lib</file>
         <name>gpio.obj</name>
      </input_file>
      <input_file id="fl-26">
         <path>C:\ti\C2000Ware_5_01_00_00\driverlib\f28004x\driverlib\ccs\Debug\</path>
         <kind>archive</kind>
         <file>driverlib_eabi.lib</file>
         <name>interrupt.obj</name>
      </input_file>
      <input_file id="fl-27">
         <path>C:\ti\C2000Ware_5_01_00_00\driverlib\f28004x\driverlib\ccs\Debug\</path>
         <kind>archive</kind>
         <file>driverlib_eabi.lib</file>
         <name>pmbus.obj</name>
      </input_file>
      <input_file id="fl-28">
         <path>C:\ti\C2000Ware_5_01_00_00\driverlib\f28004x\driverlib\ccs\Debug\</path>
         <kind>archive</kind>
         <file>driverlib_eabi.lib</file>
         <name>sci.obj</name>
      </input_file>
      <input_file id="fl-29">
         <path>C:\ti\C2000Ware_5_01_00_00\driverlib\f28004x\driverlib\ccs\Debug\</path>
         <kind>archive</kind>
         <file>driverlib_eabi.lib</file>
         <name>sysctl.obj</name>
      </input_file>
      <input_file id="fl-2a">
         <path>..\LIB\FPUfastRTS\</path>
         <kind>archive</kind>
         <file>rts2800_fpu32_fast_supplement_eabi.lib</file>
         <name>div_f32.obj</name>
      </input_file>
      <input_file id="fl-36">
         <path>C:\ti\ccstheia140\ccs\tools\compiler\ti-cgt-c2000_22.6.1A23259\lib\</path>
         <kind>archive</kind>
         <file>rts2800_fpu32_eabi.lib</file>
         <name>boot28.asm.obj</name>
      </input_file>
      <input_file id="fl-37">
         <path>C:\ti\ccstheia140\ccs\tools\compiler\ti-cgt-c2000_22.6.1A23259\lib\</path>
         <kind>archive</kind>
         <file>rts2800_fpu32_eabi.lib</file>
         <name>ll_cmp28.asm.obj</name>
      </input_file>
      <input_file id="fl-38">
         <path>C:\ti\ccstheia140\ccs\tools\compiler\ti-cgt-c2000_22.6.1A23259\lib\</path>
         <kind>archive</kind>
         <file>rts2800_fpu32_eabi.lib</file>
         <name>pre_init.c.obj</name>
      </input_file>
      <input_file id="fl-39">
         <path>C:\ti\ccstheia140\ccs\tools\compiler\ti-cgt-c2000_22.6.1A23259\lib\</path>
         <kind>archive</kind>
         <file>rts2800_fpu32_eabi.lib</file>
         <name>autoinit.c.obj</name>
      </input_file>
      <input_file id="fl-3a">
         <path>C:\ti\ccstheia140\ccs\tools\compiler\ti-cgt-c2000_22.6.1A23259\lib\</path>
         <kind>archive</kind>
         <file>rts2800_fpu32_eabi.lib</file>
         <name>copy_zero_init.c.obj</name>
      </input_file>
      <input_file id="fl-3b">
         <path>C:\ti\ccstheia140\ccs\tools\compiler\ti-cgt-c2000_22.6.1A23259\lib\</path>
         <kind>archive</kind>
         <file>rts2800_fpu32_eabi.lib</file>
         <name>copy_decompress_none.c.obj</name>
      </input_file>
      <input_file id="fl-3c">
         <path>C:\ti\ccstheia140\ccs\tools\compiler\ti-cgt-c2000_22.6.1A23259\lib\</path>
         <kind>archive</kind>
         <file>rts2800_fpu32_eabi.lib</file>
         <name>copy_decompress_lzss.c.obj</name>
      </input_file>
      <input_file id="fl-3d">
         <path>C:\ti\ccstheia140\ccs\tools\compiler\ti-cgt-c2000_22.6.1A23259\lib\</path>
         <kind>archive</kind>
         <file>rts2800_fpu32_eabi.lib</file>
         <name>exit.c.obj</name>
      </input_file>
      <input_file id="fl-3e">
         <path>C:\ti\ccstheia140\ccs\tools\compiler\ti-cgt-c2000_22.6.1A23259\lib\</path>
         <kind>archive</kind>
         <file>rts2800_fpu32_eabi.lib</file>
         <name>_lock.c.obj</name>
      </input_file>
      <input_file id="fl-3f">
         <path>C:\ti\ccstheia140\ccs\tools\compiler\ti-cgt-c2000_22.6.1A23259\lib\</path>
         <kind>archive</kind>
         <file>rts2800_fpu32_eabi.lib</file>
         <name>args_main.c.obj</name>
      </input_file>
      <input_file id="fl-40">
         <path>C:\ti\ccstheia140\ccs\tools\compiler\ti-cgt-c2000_22.6.1A23259\lib\</path>
         <kind>archive</kind>
         <file>rts2800_fpu32_eabi.lib</file>
         <name>memset.c.obj</name>
      </input_file>
      <input_file id="fl-41">
         <path>C:\ti\ccstheia140\ccs\tools\compiler\ti-cgt-c2000_22.6.1A23259\lib\</path>
         <kind>archive</kind>
         <file>rts2800_fpu32_eabi.lib</file>
         <name>cpy_tbl.c.obj</name>
      </input_file>
      <input_file id="fl-42">
         <path>C:\ti\ccstheia140\ccs\tools\compiler\ti-cgt-c2000_22.6.1A23259\lib\</path>
         <kind>archive</kind>
         <file>rts2800_fpu32_eabi.lib</file>
         <name>memcpy.c.obj</name>
      </input_file>
      <input_file id="fl-43">
         <path>C:\ti\ccstheia140\ccs\tools\compiler\ti-cgt-c2000_22.6.1A23259\lib\</path>
         <kind>archive</kind>
         <file>rts2800_fpu32_eabi.lib</file>
         <name>startup.c.obj</name>
      </input_file>
   </input_file_list>
   <object_component_list>
      <object_component id="oc-20">
         <name>codestart</name>
         <load_address>0x0</load_address>
         <run_address>0x0</run_address>
         <size>0x2</size>
         <input_file_ref idref="fl-b"/>
      </object_component>
      <object_component id="oc-b8">
         <name>.TI.ramfunc</name>
         <load_address>0xf6</load_address>
         <run_address>0xf6</run_address>
         <size>0x4</size>
         <input_file_ref idref="fl-29"/>
      </object_component>
      <object_component id="oc-150">
         <name>.text:EPWM_init</name>
         <load_address>0x8000</load_address>
         <run_address>0x8000</run_address>
         <size>0x5fc</size>
         <input_file_ref idref="fl-2"/>
      </object_component>
      <object_component id="oc-120">
         <name>.text:PinMux_init</name>
         <load_address>0x85fc</load_address>
         <run_address>0x85fc</run_address>
         <size>0x179</size>
         <input_file_ref idref="fl-2"/>
      </object_component>
      <object_component id="oc-1e2">
         <name>.text:M_CMPSS2_init</name>
         <load_address>0x8775</load_address>
         <run_address>0x8775</run_address>
         <size>0x82</size>
         <input_file_ref idref="fl-2"/>
      </object_component>
      <object_component id="oc-138">
         <name>.text:CMPSS_init</name>
         <load_address>0x87f7</load_address>
         <run_address>0x87f7</run_address>
         <size>0x9</size>
         <input_file_ref idref="fl-2"/>
      </object_component>
      <object_component id="oc-284">
         <name>.text:PMBus_configBusClock</name>
         <load_address>0x8800</load_address>
         <run_address>0x8800</run_address>
         <size>0x119</size>
         <input_file_ref idref="fl-27"/>
      </object_component>
      <object_component id="oc-104">
         <name>.text:Device_enableAllPeripherals</name>
         <load_address>0x8919</load_address>
         <run_address>0x8919</run_address>
         <size>0xd7</size>
         <input_file_ref idref="fl-a"/>
      </object_component>
      <object_component id="oc-ec">
         <name>.text:SysCtl_setClock</name>
         <load_address>0x89f0</load_address>
         <run_address>0x89f0</run_address>
         <size>0xc0</size>
         <input_file_ref idref="fl-29"/>
      </object_component>
      <object_component id="oc-1a8">
         <name>.text:SysCtl_isPLLValid</name>
         <load_address>0x8ab0</load_address>
         <run_address>0x8ab0</run_address>
         <size>0xbd</size>
         <input_file_ref idref="fl-29"/>
      </object_component>
      <object_component id="oc-1dc">
         <name>.text:M_CMPSS1_init</name>
         <load_address>0x8b6d</load_address>
         <run_address>0x8b6d</run_address>
         <size>0x81</size>
         <input_file_ref idref="fl-2"/>
      </object_component>
      <object_component id="oc-1e8">
         <name>.text:M_CMPSS3_init</name>
         <load_address>0x8bee</load_address>
         <run_address>0x8bee</run_address>
         <size>0x81</size>
         <input_file_ref idref="fl-2"/>
      </object_component>
      <object_component id="oc-1ee">
         <name>.text:M_CMPSS4_init</name>
         <load_address>0x8c6f</load_address>
         <run_address>0x8c6f</run_address>
         <size>0x81</size>
         <input_file_ref idref="fl-2"/>
      </object_component>
      <object_component id="oc-162">
         <name>.text:mySCI0_init</name>
         <load_address>0x8cf0</load_address>
         <run_address>0x8cf0</run_address>
         <size>0x75</size>
         <input_file_ref idref="fl-2"/>
      </object_component>
      <object_component id="oc-323">
         <name>.text:DCC_setCounterSeeds</name>
         <load_address>0x8d65</load_address>
         <run_address>0x8d65</run_address>
         <size>0x73</size>
         <input_file_ref idref="fl-29"/>
      </object_component>
      <object_component id="oc-94">
         <name>.text:Device_init</name>
         <load_address>0x8dd8</load_address>
         <run_address>0x8dd8</run_address>
         <size>0x73</size>
         <input_file_ref idref="fl-a"/>
      </object_component>
      <object_component id="oc-27e">
         <name>.text:PMBus_configModuleClock</name>
         <load_address>0x8e4b</load_address>
         <run_address>0x8e4b</run_address>
         <size>0x66</size>
         <input_file_ref idref="fl-27"/>
      </object_component>
      <object_component id="oc-f2">
         <name>.text:SysCtl_getClock</name>
         <load_address>0x8eb1</load_address>
         <run_address>0x8eb1</run_address>
         <size>0x5e</size>
         <input_file_ref idref="fl-29"/>
      </object_component>
      <object_component id="oc-43">
         <name>.text:main</name>
         <load_address>0x8f0f</load_address>
         <run_address>0x8f0f</run_address>
         <size>0x5b</size>
         <input_file_ref idref="fl-4"/>
      </object_component>
      <object_component id="oc-21c">
         <name>.text:EPWM_setActionQualifierAction</name>
         <load_address>0x8f6a</load_address>
         <run_address>0x8f6a</run_address>
         <size>0x58</size>
         <input_file_ref idref="fl-2"/>
      </object_component>
      <object_component id="oc-297">
         <name>.text:SCI_setConfig</name>
         <load_address>0x8fc2</load_address>
         <run_address>0x8fc2</run_address>
         <size>0x3e</size>
         <input_file_ref idref="fl-28"/>
      </object_component>
      <object_component id="oc-10a">
         <name>.text:GPIO_setPadConfig</name>
         <load_address>0x9000</load_address>
         <run_address>0x9000</run_address>
         <size>0x52</size>
         <input_file_ref idref="fl-25"/>
      </object_component>
      <object_component id="oc-1c9">
         <name>.text:M_ADC_A_init</name>
         <load_address>0x9052</load_address>
         <run_address>0x9052</run_address>
         <size>0x4d</size>
         <input_file_ref idref="fl-2"/>
      </object_component>
      <object_component id="oc-1cf">
         <name>.text:M_ADC_B_init</name>
         <load_address>0x909f</load_address>
         <run_address>0x909f</run_address>
         <size>0x4c</size>
         <input_file_ref idref="fl-2"/>
      </object_component>
      <object_component id="oc-1d5">
         <name>.text:M_ADC_C_init</name>
         <load_address>0x90eb</load_address>
         <run_address>0x90eb</run_address>
         <size>0x4c</size>
         <input_file_ref idref="fl-2"/>
      </object_component>
      <object_component id="oc-350">
         <name>.text:CMPSS_configFilterHigh</name>
         <load_address>0x9137</load_address>
         <run_address>0x9137</run_address>
         <size>0x49</size>
         <input_file_ref idref="fl-21"/>
      </object_component>
      <object_component id="oc-356">
         <name>.text:CMPSS_configFilterLow</name>
         <load_address>0x9180</load_address>
         <run_address>0x9180</run_address>
         <size>0x49</size>
         <input_file_ref idref="fl-21"/>
      </object_component>
      <object_component id="oc-1a2">
         <name>.text:SysCtl_selectOscSource</name>
         <load_address>0x91c9</load_address>
         <run_address>0x91c9</run_address>
         <size>0x49</size>
         <input_file_ref idref="fl-29"/>
      </object_component>
      <object_component id="oc-35c">
         <name>.text:CMPSS_configRamp</name>
         <load_address>0x9212</load_address>
         <run_address>0x9212</run_address>
         <size>0x48</size>
         <input_file_ref idref="fl-21"/>
      </object_component>
      <object_component id="oc-291">
         <name>.text:SCI_clearInterruptStatus</name>
         <load_address>0x925a</load_address>
         <run_address>0x925a</run_address>
         <size>0x45</size>
         <input_file_ref idref="fl-28"/>
      </object_component>
      <object_component id="oc-3e7">
         <name>.text:SysCtl_pollX1Counter</name>
         <load_address>0x929f</load_address>
         <run_address>0x929f</run_address>
         <size>0x45</size>
         <input_file_ref idref="fl-29"/>
      </object_component>
      <object_component id="oc-15c">
         <name>.text:myPMBUS0_init</name>
         <load_address>0x92e4</load_address>
         <run_address>0x92e4</run_address>
         <size>0x41</size>
         <input_file_ref idref="fl-2"/>
      </object_component>
      <object_component id="oc-a0">
         <name>.text:Interrupt_initModule</name>
         <load_address>0x9325</load_address>
         <run_address>0x9325</run_address>
         <size>0x3d</size>
         <input_file_ref idref="fl-26"/>
      </object_component>
      <object_component id="oc-116">
         <name>.text:GPIO_setAnalogMode</name>
         <load_address>0x9362</load_address>
         <run_address>0x9362</run_address>
         <size>0x3a</size>
         <input_file_ref idref="fl-25"/>
      </object_component>
      <object_component id="oc-14a">
         <name>.text:myECAP0_init</name>
         <load_address>0x939c</load_address>
         <run_address>0x939c</run_address>
         <size>0x3a</size>
         <input_file_ref idref="fl-2"/>
      </object_component>
      <object_component id="oc-382">
         <name>.text:GPIO_setControllerCore</name>
         <load_address>0x93d6</load_address>
         <run_address>0x93d6</run_address>
         <size>0x37</size>
         <input_file_ref idref="fl-25"/>
      </object_component>
      <object_component id="oc-1ba">
         <name>.text:GPIO_setPinConfig</name>
         <load_address>0x940d</load_address>
         <run_address>0x940d</run_address>
         <size>0x37</size>
         <input_file_ref idref="fl-25"/>
      </object_component>
      <object_component id="oc-1c0">
         <name>.text:GPIO_setQualificationMode</name>
         <load_address>0x9444</load_address>
         <run_address>0x9444</run_address>
         <size>0x37</size>
         <input_file_ref idref="fl-25"/>
      </object_component>
      <object_component id="oc-84">
         <name>.text:Interrupt_enable</name>
         <load_address>0x947b</load_address>
         <run_address>0x947b</run_address>
         <size>0x37</size>
         <input_file_ref idref="fl-26"/>
      </object_component>
      <object_component id="oc-2e6">
         <name>.text:SysCtl_selectXTAL</name>
         <load_address>0x94b2</load_address>
         <run_address>0x94b2</run_address>
         <size>0x36</size>
         <input_file_ref idref="fl-29"/>
      </object_component>
      <object_component id="oc-201">
         <name>.text:myCPUTIMER2_init</name>
         <load_address>0x94e8</load_address>
         <run_address>0x94e8</run_address>
         <size>0x36</size>
         <input_file_ref idref="fl-2"/>
      </object_component>
      <object_component id="oc-ac">
         <name>.text:GPIO_setInterruptPin</name>
         <load_address>0x951e</load_address>
         <run_address>0x951e</run_address>
         <size>0x34</size>
         <input_file_ref idref="fl-25"/>
      </object_component>
      <object_component id="oc-110">
         <name>.text:GPIO_setDirectionMode</name>
         <load_address>0x9552</load_address>
         <run_address>0x9552</run_address>
         <size>0x31</size>
         <input_file_ref idref="fl-25"/>
      </object_component>
      <object_component id="oc-126">
         <name>.text:SYNC_init</name>
         <load_address>0x9583</load_address>
         <run_address>0x9583</run_address>
         <size>0x31</size>
         <input_file_ref idref="fl-2"/>
      </object_component>
      <object_component id="oc-13">
         <name>.text:decompress:lzss</name>
         <load_address>0x95b4</load_address>
         <run_address>0x95b4</run_address>
         <size>0x30</size>
         <input_file_ref idref="fl-3c"/>
      </object_component>
      <object_component id="oc-28a">
         <name>.text:PMBus_initControllerMode</name>
         <load_address>0x95e4</load_address>
         <run_address>0x95e4</run_address>
         <size>0x2d</size>
         <input_file_ref idref="fl-27"/>
      </object_component>
      <object_component id="oc-362">
         <name>.text:CMPSS_configLatchOnPWMSYNC</name>
         <load_address>0x9611</load_address>
         <run_address>0x9611</run_address>
         <size>0x2b</size>
         <input_file_ref idref="fl-21"/>
      </object_component>
      <object_component id="oc-2ab">
         <name>.text:__TI_auto_init_nobinit_nopinit</name>
         <load_address>0x963c</load_address>
         <run_address>0x963c</run_address>
         <size>0x2b</size>
         <input_file_ref idref="fl-39"/>
      </object_component>
      <object_component id="oc-192">
         <name>.text</name>
         <load_address>0x9667</load_address>
         <run_address>0x9667</run_address>
         <size>0x29</size>
         <input_file_ref idref="fl-3d"/>
      </object_component>
      <object_component id="oc-347">
         <name>.text:ADC_setOffsetTrimAll</name>
         <load_address>0x9690</load_address>
         <run_address>0x9690</run_address>
         <size>0x28</size>
         <input_file_ref idref="fl-20"/>
      </object_component>
      <object_component id="oc-40a">
         <name>.text:CMPSS_isBaseValid</name>
         <load_address>0x96b8</load_address>
         <run_address>0x96b8</run_address>
         <size>0x27</size>
         <input_file_ref idref="fl-21"/>
      </object_component>
      <object_component id="oc-377">
         <name>.text:ECAP_isBaseValid</name>
         <load_address>0x96df</load_address>
         <run_address>0x96df</run_address>
         <size>0x27</size>
         <input_file_ref idref="fl-24"/>
      </object_component>
      <object_component id="oc-1f5">
         <name>.text:myCPUTIMER0_init</name>
         <load_address>0x9706</load_address>
         <run_address>0x9706</run_address>
         <size>0x27</size>
         <input_file_ref idref="fl-2"/>
      </object_component>
      <object_component id="oc-1fb">
         <name>.text:myCPUTIMER1_init</name>
         <load_address>0x972d</load_address>
         <run_address>0x972d</run_address>
         <size>0x26</size>
         <input_file_ref idref="fl-2"/>
      </object_component>
      <object_component id="oc-329">
         <name>.text:DCC_enableSingleShotMode</name>
         <load_address>0x9753</load_address>
         <run_address>0x9753</run_address>
         <size>0x24</size>
         <input_file_ref idref="fl-29"/>
      </object_component>
      <object_component id="oc-26">
         <name>.text:INTERRUPT_init</name>
         <load_address>0x9777</load_address>
         <run_address>0x9777</run_address>
         <size>0x22</size>
         <input_file_ref idref="fl-2"/>
      </object_component>
      <object_component id="oc-2ec">
         <name>.text:SysCtl_selectXTALSingleEnded</name>
         <load_address>0x9799</load_address>
         <run_address>0x9799</run_address>
         <size>0x20</size>
         <input_file_ref idref="fl-29"/>
      </object_component>
      <object_component id="oc-170">
         <name>.text:XBAR_setInputPin</name>
         <load_address>0x97b9</load_address>
         <run_address>0x97b9</run_address>
         <size>0x20</size>
         <input_file_ref idref="fl-25"/>
      </object_component>
      <object_component id="oc-49">
         <name>.text:FAULT_INPUT1_ISR</name>
         <load_address>0x97d9</load_address>
         <run_address>0x97d9</run_address>
         <size>0x1f</size>
         <input_file_ref idref="fl-4"/>
      </object_component>
      <object_component id="oc-19">
         <name>.text:decompress:none</name>
         <load_address>0x97f8</load_address>
         <run_address>0x97f8</run_address>
         <size>0x8</size>
         <input_file_ref idref="fl-3b"/>
      </object_component>
      <object_component id="oc-3d">
         <name>.text:FAULT_INPUT2_ISR</name>
         <load_address>0x9800</load_address>
         <run_address>0x9800</run_address>
         <size>0x1f</size>
         <input_file_ref idref="fl-4"/>
      </object_component>
      <object_component id="oc-156">
         <name>.text:GPIO_init</name>
         <load_address>0x981f</load_address>
         <run_address>0x981f</run_address>
         <size>0x1f</size>
         <input_file_ref idref="fl-2"/>
      </object_component>
      <object_component id="oc-208">
         <name>.text:myDAC0_init</name>
         <load_address>0x983e</load_address>
         <run_address>0x983e</run_address>
         <size>0x1f</size>
         <input_file_ref idref="fl-2"/>
      </object_component>
      <object_component id="oc-20e">
         <name>.text:myDAC1_init</name>
         <load_address>0x985d</load_address>
         <run_address>0x985d</run_address>
         <size>0x1f</size>
         <input_file_ref idref="fl-2"/>
      </object_component>
      <object_component id="oc-31d">
         <name>.text:DCC_setCounter1ClkSource</name>
         <load_address>0x987c</load_address>
         <run_address>0x987c</run_address>
         <size>0x1e</size>
         <input_file_ref idref="fl-29"/>
      </object_component>
      <object_component id="oc-215">
         <name>.text:ECAP_setEmulationMode</name>
         <load_address>0x989a</load_address>
         <run_address>0x989a</run_address>
         <size>0x1e</size>
         <input_file_ref idref="fl-24"/>
      </object_component>
      <object_component id="oc-50">
         <name>.text:Interrupt_initVectorTable</name>
         <load_address>0x98b8</load_address>
         <run_address>0x98b8</run_address>
         <size>0x1e</size>
         <input_file_ref idref="fl-26"/>
      </object_component>
      <object_component id="oc-a6">
         <name>.text:Board_init</name>
         <load_address>0x98d6</load_address>
         <run_address>0x98d6</run_address>
         <size>0x1d</size>
         <input_file_ref idref="fl-2"/>
      </object_component>
      <object_component id="oc-6a">
         <name>.text</name>
         <load_address>0x98f3</load_address>
         <run_address>0x98f3</run_address>
         <size>0x1d</size>
         <input_file_ref idref="fl-42"/>
      </object_component>
      <object_component id="oc-317">
         <name>.text:DCC_setCounter0ClkSource</name>
         <load_address>0x9910</load_address>
         <run_address>0x9910</run_address>
         <size>0x1c</size>
         <input_file_ref idref="fl-29"/>
      </object_component>
      <object_component id="oc-fe">
         <name>.text:SysCtl_getLowSpeedClock</name>
         <load_address>0x992c</load_address>
         <run_address>0x992c</run_address>
         <size>0x1a</size>
         <input_file_ref idref="fl-29"/>
      </object_component>
      <object_component id="oc-3b1">
         <name>.text:SCI_disableModule</name>
         <load_address>0x9946</load_address>
         <run_address>0x9946</run_address>
         <size>0x18</size>
         <input_file_ref idref="fl-28"/>
      </object_component>
      <object_component id="oc-3a9">
         <name>.text:SCI_performSoftwareReset</name>
         <load_address>0x995e</load_address>
         <run_address>0x995e</run_address>
         <size>0x18</size>
         <input_file_ref idref="fl-28"/>
      </object_component>
      <object_component id="oc-24d">
         <name>.text:STATUS2_init</name>
         <load_address>0x9976</load_address>
         <run_address>0x9976</run_address>
         <size>0x18</size>
         <input_file_ref idref="fl-2"/>
      </object_component>
      <object_component id="oc-416">
         <name>.text:CPUTimer_isBaseValid</name>
         <load_address>0x998e</load_address>
         <run_address>0x998e</run_address>
         <size>0x17</size>
         <input_file_ref idref="fl-22"/>
      </object_component>
      <object_component id="oc-247">
         <name>.text:STATUS1_init</name>
         <load_address>0x99a5</load_address>
         <run_address>0x99a5</run_address>
         <size>0x17</size>
         <input_file_ref idref="fl-2"/>
      </object_component>
      <object_component id="oc-2f3">
         <name>.text:SysCtl_enablePeripheral</name>
         <load_address>0x99bc</load_address>
         <run_address>0x99bc</run_address>
         <size>0x17</size>
         <input_file_ref idref="fl-29"/>
      </object_component>
      <object_component id="oc-d1">
         <name>.text</name>
         <load_address>0x99d3</load_address>
         <run_address>0x99d3</run_address>
         <size>0x17</size>
         <input_file_ref idref="fl-36"/>
      </object_component>
      <object_component id="oc-311">
         <name>.text:DCC_disableDoneSignal</name>
         <load_address>0x99ea</load_address>
         <run_address>0x99ea</run_address>
         <size>0x16</size>
         <input_file_ref idref="fl-29"/>
      </object_component>
      <object_component id="oc-335">
         <name>.text:DCC_enableDoneSignal</name>
         <load_address>0x9a00</load_address>
         <run_address>0x9a00</run_address>
         <size>0x16</size>
         <input_file_ref idref="fl-29"/>
      </object_component>
      <object_component id="oc-4f">
         <name>.text:Interrupt_defaultHandler</name>
         <load_address>0x9a16</load_address>
         <run_address>0x9a16</run_address>
         <size>0x16</size>
         <input_file_ref idref="fl-26"/>
      </object_component>
      <object_component id="oc-2ff">
         <name>.text:DCC_clearDoneFlag</name>
         <load_address>0x9a2c</load_address>
         <run_address>0x9a2c</run_address>
         <size>0x15</size>
         <input_file_ref idref="fl-29"/>
      </object_component>
      <object_component id="oc-2f9">
         <name>.text:DCC_clearErrorFlag</name>
         <load_address>0x9a41</load_address>
         <run_address>0x9a41</run_address>
         <size>0x15</size>
         <input_file_ref idref="fl-29"/>
      </object_component>
      <object_component id="oc-30b">
         <name>.text:DCC_disableErrorSignal</name>
         <load_address>0x9a56</load_address>
         <run_address>0x9a56</run_address>
         <size>0x15</size>
         <input_file_ref idref="fl-29"/>
      </object_component>
      <object_component id="oc-32f">
         <name>.text:DCC_enableErrorSignal</name>
         <load_address>0x9a6b</load_address>
         <run_address>0x9a6b</run_address>
         <size>0x15</size>
         <input_file_ref idref="fl-29"/>
      </object_component>
      <object_component id="oc-23b">
         <name>.text:ACTIVE1_init</name>
         <load_address>0x9a80</load_address>
         <run_address>0x9a80</run_address>
         <size>0x14</size>
         <input_file_ref idref="fl-2"/>
      </object_component>
      <object_component id="oc-241">
         <name>.text:ACTIVE2_init</name>
         <load_address>0x9a94</load_address>
         <run_address>0x9a94</run_address>
         <size>0x14</size>
         <input_file_ref idref="fl-2"/>
      </object_component>
      <object_component id="oc-305">
         <name>.text:DCC_disableModule</name>
         <load_address>0x9aa8</load_address>
         <run_address>0x9aa8</run_address>
         <size>0x14</size>
         <input_file_ref idref="fl-29"/>
      </object_component>
      <object_component id="oc-33b">
         <name>.text:DCC_enableModule</name>
         <load_address>0x9abc</load_address>
         <run_address>0x9abc</run_address>
         <size>0x14</size>
         <input_file_ref idref="fl-29"/>
      </object_component>
      <object_component id="oc-235">
         <name>.text:DEBUG1_init</name>
         <load_address>0x9ad0</load_address>
         <run_address>0x9ad0</run_address>
         <size>0x14</size>
         <input_file_ref idref="fl-2"/>
      </object_component>
      <object_component id="oc-25f">
         <name>.text:DEBUG2_init</name>
         <load_address>0x9ae4</load_address>
         <run_address>0x9ae4</run_address>
         <size>0x14</size>
         <input_file_ref idref="fl-2"/>
      </object_component>
      <object_component id="oc-265">
         <name>.text:FAN1_init</name>
         <load_address>0x9af8</load_address>
         <run_address>0x9af8</run_address>
         <size>0x14</size>
         <input_file_ref idref="fl-2"/>
      </object_component>
      <object_component id="oc-26b">
         <name>.text:FAN2_init</name>
         <load_address>0x9b0c</load_address>
         <run_address>0x9b0c</run_address>
         <size>0x14</size>
         <input_file_ref idref="fl-2"/>
      </object_component>
      <object_component id="oc-223">
         <name>.text:FAULT_INPUT1_init</name>
         <load_address>0x9b20</load_address>
         <run_address>0x9b20</run_address>
         <size>0x14</size>
         <input_file_ref idref="fl-2"/>
      </object_component>
      <object_component id="oc-229">
         <name>.text:FAULT_INPUT2_init</name>
         <load_address>0x9b34</load_address>
         <run_address>0x9b34</run_address>
         <size>0x14</size>
         <input_file_ref idref="fl-2"/>
      </object_component>
      <object_component id="oc-22f">
         <name>.text:FAULT_OUTPUT_init</name>
         <load_address>0x9b48</load_address>
         <run_address>0x9b48</run_address>
         <size>0x14</size>
         <input_file_ref idref="fl-2"/>
      </object_component>
      <object_component id="oc-169">
         <name>.text:GPIO_isPinValid</name>
         <load_address>0x9b5c</load_address>
         <run_address>0x9b5c</run_address>
         <size>0x14</size>
         <input_file_ref idref="fl-25"/>
      </object_component>
      <object_component id="oc-253">
         <name>.text:PRIM_ZCD1_init</name>
         <load_address>0x9b70</load_address>
         <run_address>0x9b70</run_address>
         <size>0x14</size>
         <input_file_ref idref="fl-2"/>
      </object_component>
      <object_component id="oc-259">
         <name>.text:PRIM_ZCD2_init</name>
         <load_address>0x9b84</load_address>
         <run_address>0x9b84</run_address>
         <size>0x14</size>
         <input_file_ref idref="fl-2"/>
      </object_component>
      <object_component id="oc-271">
         <name>.text:SEC_ZCD1_init</name>
         <load_address>0x9b98</load_address>
         <run_address>0x9b98</run_address>
         <size>0x14</size>
         <input_file_ref idref="fl-2"/>
      </object_component>
      <object_component id="oc-277">
         <name>.text:SEC_ZCD2_init</name>
         <load_address>0x9bac</load_address>
         <run_address>0x9bac</run_address>
         <size>0x14</size>
         <input_file_ref idref="fl-2"/>
      </object_component>
      <object_component id="oc-36c">
         <name>.text:CPUTimer_setEmulationMode</name>
         <load_address>0x9bc0</load_address>
         <run_address>0x9bc0</run_address>
         <size>0x13</size>
         <input_file_ref idref="fl-22"/>
      </object_component>
      <object_component id="oc-3b7">
         <name>.text:SCI_enableModule</name>
         <load_address>0x9bd3</load_address>
         <run_address>0x9bd3</run_address>
         <size>0x13</size>
         <input_file_ref idref="fl-28"/>
      </object_component>
      <object_component id="oc-3a2">
         <name>.text:SCI_isBaseValid</name>
         <load_address>0x9be6</load_address>
         <run_address>0x9be6</run_address>
         <size>0x13</size>
         <input_file_ref idref="fl-28"/>
      </object_component>
      <object_component id="oc-3f6">
         <name>.text:DCC_isBaseValid</name>
         <load_address>0x9bf9</load_address>
         <run_address>0x9bf9</run_address>
         <size>0x10</size>
         <input_file_ref idref="fl-29"/>
      </object_component>
      <object_component id="oc-9a">
         <name>.text:Device_initGPIO</name>
         <load_address>0x9c09</load_address>
         <run_address>0x9c09</run_address>
         <size>0x10</size>
         <input_file_ref idref="fl-a"/>
      </object_component>
      <object_component id="oc-37">
         <name>.text:ISR1</name>
         <load_address>0x9c19</load_address>
         <run_address>0x9c19</run_address>
         <size>0x10</size>
         <input_file_ref idref="fl-4"/>
      </object_component>
      <object_component id="oc-397">
         <name>.text:PMBus_isBaseValid</name>
         <load_address>0x9c29</load_address>
         <run_address>0x9c29</run_address>
         <size>0xf</size>
         <input_file_ref idref="fl-27"/>
      </object_component>
      <object_component id="oc-12c">
         <name>.text:ASYSCTL_init</name>
         <load_address>0x9c38</load_address>
         <run_address>0x9c38</run_address>
         <size>0xd</size>
         <input_file_ref idref="fl-2"/>
      </object_component>
      <object_component id="oc-31">
         <name>.text:ISR2</name>
         <load_address>0x9c45</load_address>
         <run_address>0x9c45</run_address>
         <size>0xd</size>
         <input_file_ref idref="fl-4"/>
      </object_component>
      <object_component id="oc-25">
         <name>.text:ISR3</name>
         <load_address>0x9c52</load_address>
         <run_address>0x9c52</run_address>
         <size>0xd</size>
         <input_file_ref idref="fl-4"/>
      </object_component>
      <object_component id="oc-d7">
         <name>.text:Interrupt_disableGlobal</name>
         <load_address>0x9c5f</load_address>
         <run_address>0x9c5f</run_address>
         <size>0xd</size>
         <input_file_ref idref="fl-26"/>
      </object_component>
      <object_component id="oc-dd">
         <name>.text:Interrupt_enableGlobal</name>
         <load_address>0x9c6c</load_address>
         <run_address>0x9c6c</run_address>
         <size>0xd</size>
         <input_file_ref idref="fl-26"/>
      </object_component>
      <object_component id="oc-18c">
         <name>.text</name>
         <load_address>0x9c79</load_address>
         <run_address>0x9c79</run_address>
         <size>0xc</size>
         <input_file_ref idref="fl-3f"/>
      </object_component>
      <object_component id="oc-19c">
         <name>.text:SysCtl_isMCDClockFailureDetected</name>
         <load_address>0x9c85</load_address>
         <run_address>0x9c85</run_address>
         <size>0xb</size>
         <input_file_ref idref="fl-29"/>
      </object_component>
      <object_component id="oc-5b">
         <name>.text:Interrupt_illegalOperationHandler</name>
         <load_address>0x9c90</load_address>
         <run_address>0x9c90</run_address>
         <size>0xa</size>
         <input_file_ref idref="fl-26"/>
      </object_component>
      <object_component id="oc-61">
         <name>.text:Interrupt_nmiHandler</name>
         <load_address>0x9c9a</load_address>
         <run_address>0x9c9a</run_address>
         <size>0xa</size>
         <input_file_ref idref="fl-26"/>
      </object_component>
      <object_component id="oc-3db">
         <name>.text</name>
         <load_address>0x9ca4</load_address>
         <run_address>0x9ca4</run_address>
         <size>0x9</size>
         <input_file_ref idref="fl-3e"/>
      </object_component>
      <object_component id="oc-7e">
         <name>.text</name>
         <load_address>0x9cad</load_address>
         <run_address>0x9cad</run_address>
         <size>0x8</size>
         <input_file_ref idref="fl-b"/>
      </object_component>
      <object_component id="oc-132">
         <name>.text:ADC_init</name>
         <load_address>0x9cb5</load_address>
         <run_address>0x9cb5</run_address>
         <size>0x7</size>
         <input_file_ref idref="fl-2"/>
      </object_component>
      <object_component id="oc-13e">
         <name>.text:CPUTIMER_init</name>
         <load_address>0x9cbc</load_address>
         <run_address>0x9cbc</run_address>
         <size>0x7</size>
         <input_file_ref idref="fl-2"/>
      </object_component>
      <object_component id="oc-3ed">
         <name>.text:SysCtl_resetMCD</name>
         <load_address>0x9cc3</load_address>
         <run_address>0x9cc3</run_address>
         <size>0x7</size>
         <input_file_ref idref="fl-29"/>
      </object_component>
      <object_component id="oc-144">
         <name>.text:DAC_init</name>
         <load_address>0x9cca</load_address>
         <run_address>0x9cca</run_address>
         <size>0x5</size>
         <input_file_ref idref="fl-2"/>
      </object_component>
      <object_component id="oc-f8">
         <name>.text:__error__</name>
         <load_address>0x9ccf</load_address>
         <run_address>0x9ccf</run_address>
         <size>0x3</size>
         <input_file_ref idref="fl-a"/>
      </object_component>
      <object_component id="oc-185">
         <name>.text</name>
         <load_address>0x9cd2</load_address>
         <run_address>0x9cd2</run_address>
         <size>0x2</size>
         <input_file_ref idref="fl-38"/>
      </object_component>
      <object_component id="oc-b2">
         <name>.text:C2000Ware_libraries_init</name>
         <load_address>0x9cd4</load_address>
         <run_address>0x9cd4</run_address>
         <size>0x1</size>
         <input_file_ref idref="fl-3"/>
      </object_component>
      <object_component id="oc-3c1">
         <name>.text</name>
         <load_address>0x9cd5</load_address>
         <run_address>0x9cd5</run_address>
         <size>0x1</size>
         <input_file_ref idref="fl-43"/>
      </object_component>
      <object_component id="oc-47b">
         <name>.cinit..data.load</name>
         <load_address>0xfa</load_address>
         <run_address>0xfa</run_address>
         <size>0x9</size>
      </object_component>
      <object_component id="oc-479">
         <name>__TI_handler_table</name>
         <load_address>0x104</load_address>
         <run_address>0x104</run_address>
         <size>0x4</size>
      </object_component>
      <object_component id="oc-47a">
         <name>__TI_cinit_table</name>
         <load_address>0x108</load_address>
         <run_address>0x108</run_address>
         <size>0x4</size>
      </object_component>
      <object_component id="oc-67">
         <name>.stack</name>
         <uninitialized>true</uninitialized>
         <run_address>0x400</run_address>
         <size>0x0</size>
         <input_file_ref idref="fl-36"/>
      </object_component>
      <object_component id="oc-47c">
         <name>.stack</name>
         <uninitialized>true</uninitialized>
         <run_address>0x400</run_address>
         <size>0x0</size>
      </object_component>
      <object_component id="oc-19b">
         <name>.const:.string</name>
         <load_address>0xa800</load_address>
         <run_address>0xa800</run_address>
         <size>0x9a</size>
         <input_file_ref idref="fl-29"/>
      </object_component>
      <object_component id="oc-16f">
         <name>.const:.string</name>
         <load_address>0xa89a</load_address>
         <run_address>0xa89a</run_address>
         <size>0x98</size>
         <input_file_ref idref="fl-25"/>
      </object_component>
      <object_component id="oc-3a8">
         <name>.const:.string</name>
         <load_address>0xa932</load_address>
         <run_address>0xa932</run_address>
         <size>0x97</size>
         <input_file_ref idref="fl-28"/>
      </object_component>
      <object_component id="oc-41c">
         <name>.const:.string</name>
         <load_address>0xa9ca</load_address>
         <run_address>0xa9ca</run_address>
         <size>0x50</size>
         <input_file_ref idref="fl-22"/>
      </object_component>
      <object_component id="oc-410">
         <name>.const:.string</name>
         <load_address>0xaa1a</load_address>
         <run_address>0xaa1a</run_address>
         <size>0x4d</size>
         <input_file_ref idref="fl-21"/>
      </object_component>
      <object_component id="oc-39d">
         <name>.const:.string</name>
         <load_address>0xaa68</load_address>
         <run_address>0xaa68</run_address>
         <size>0x4d</size>
         <input_file_ref idref="fl-27"/>
      </object_component>
      <object_component id="oc-37d">
         <name>.const:.string</name>
         <load_address>0xaab6</load_address>
         <run_address>0xaab6</run_address>
         <size>0x4c</size>
         <input_file_ref idref="fl-24"/>
      </object_component>
      <object_component id="oc-380">
         <name>.const:.string</name>
         <load_address>0xab02</load_address>
         <run_address>0xab02</run_address>
         <size>0x3e</size>
         <input_file_ref idref="fl-2"/>
      </object_component>
      <object_component id="oc-90">
         <name>.data</name>
         <load_address>0xab4a</load_address>
         <run_address>0xab4a</run_address>
         <size>0x2</size>
         <input_file_ref idref="fl-4"/>
      </object_component>
      <object_component id="oc-2dd">
         <name>.data</name>
         <load_address>0xab40</load_address>
         <run_address>0xab40</run_address>
         <size>0x6</size>
         <input_file_ref idref="fl-3d"/>
      </object_component>
      <object_component id="oc-2e0">
         <name>.data:_lock</name>
         <load_address>0xab46</load_address>
         <run_address>0xab46</run_address>
         <size>0x2</size>
         <input_file_ref idref="fl-3e"/>
      </object_component>
      <object_component id="oc-436">
         <name>.data:_unlock</name>
         <load_address>0xab48</load_address>
         <run_address>0xab48</run_address>
         <size>0x2</size>
         <input_file_ref idref="fl-3e"/>
      </object_component>
      <object_component id="oc-8b">
         <name>.debug_types</name>
         <load_address>0x0</load_address>
         <run_address>0x0</run_address>
         <size>0x31fe</size>
         <input_file_ref idref="fl-2"/>
      </object_component>
      <object_component id="oc-179">
         <name>.debug_types</name>
         <load_address>0x0</load_address>
         <run_address>0x0</run_address>
         <size>0x0</size>
         <input_file_ref idref="fl-3"/>
      </object_component>
      <object_component id="oc-8d">
         <name>.debug_types</name>
         <load_address>0x31fe</load_address>
         <run_address>0x31fe</run_address>
         <size>0x92c</size>
         <input_file_ref idref="fl-4"/>
      </object_component>
      <object_component id="oc-11d">
         <name>.debug_types</name>
         <load_address>0x3b2a</load_address>
         <run_address>0x3b2a</run_address>
         <size>0x479</size>
         <input_file_ref idref="fl-a"/>
      </object_component>
      <object_component id="oc-409">
         <name>.debug_types</name>
         <load_address>0x3fa3</load_address>
         <run_address>0x3fa3</run_address>
         <size>0x151</size>
         <input_file_ref idref="fl-20"/>
      </object_component>
      <object_component id="oc-412">
         <name>.debug_types</name>
         <load_address>0x0</load_address>
         <run_address>0x0</run_address>
         <size>0x0</size>
         <input_file_ref idref="fl-21"/>
      </object_component>
      <object_component id="oc-41e">
         <name>.debug_types</name>
         <load_address>0x0</load_address>
         <run_address>0x0</run_address>
         <size>0x0</size>
         <input_file_ref idref="fl-22"/>
      </object_component>
      <object_component id="oc-37f">
         <name>.debug_types</name>
         <load_address>0x0</load_address>
         <run_address>0x0</run_address>
         <size>0x0</size>
         <input_file_ref idref="fl-24"/>
      </object_component>
      <object_component id="oc-177">
         <name>.debug_types</name>
         <load_address>0x40f4</load_address>
         <run_address>0x40f4</run_address>
         <size>0x1d7</size>
         <input_file_ref idref="fl-25"/>
      </object_component>
      <object_component id="oc-bc">
         <name>.debug_types</name>
         <load_address>0x0</load_address>
         <run_address>0x0</run_address>
         <size>0x0</size>
         <input_file_ref idref="fl-26"/>
      </object_component>
      <object_component id="oc-39f">
         <name>.debug_types</name>
         <load_address>0x42cb</load_address>
         <run_address>0x42cb</run_address>
         <size>0xf9</size>
         <input_file_ref idref="fl-27"/>
      </object_component>
      <object_component id="oc-3b0">
         <name>.debug_types</name>
         <load_address>0x43c4</load_address>
         <run_address>0x43c4</run_address>
         <size>0x5e</size>
         <input_file_ref idref="fl-28"/>
      </object_component>
      <object_component id="oc-1af">
         <name>.debug_types</name>
         <load_address>0x4422</load_address>
         <run_address>0x4422</run_address>
         <size>0x1d4</size>
         <input_file_ref idref="fl-29"/>
      </object_component>
      <object_component id="oc-2aa">
         <name>.debug_types</name>
         <load_address>0x0</load_address>
         <run_address>0x0</run_address>
         <size>0x0</size>
         <input_file_ref idref="fl-38"/>
      </object_component>
      <object_component id="oc-3c8">
         <name>.debug_types</name>
         <load_address>0x45f6</load_address>
         <run_address>0x45f6</run_address>
         <size>0x4e8</size>
         <input_file_ref idref="fl-39"/>
      </object_component>
      <object_component id="oc-71">
         <name>.debug_types</name>
         <load_address>0x4ade</load_address>
         <run_address>0x4ade</run_address>
         <size>0x1c8</size>
         <input_file_ref idref="fl-3b"/>
      </object_component>
      <object_component id="oc-69">
         <name>.debug_types</name>
         <load_address>0x4ca6</load_address>
         <run_address>0x4ca6</run_address>
         <size>0x191</size>
         <input_file_ref idref="fl-3c"/>
      </object_component>
      <object_component id="oc-2e4">
         <name>.debug_types</name>
         <load_address>0x4e37</load_address>
         <run_address>0x4e37</run_address>
         <size>0xbf</size>
         <input_file_ref idref="fl-3d"/>
      </object_component>
      <object_component id="oc-3e3">
         <name>.debug_types</name>
         <load_address>0x4ef6</load_address>
         <run_address>0x4ef6</run_address>
         <size>0x2f</size>
         <input_file_ref idref="fl-3e"/>
      </object_component>
      <object_component id="oc-2dc">
         <name>.debug_types</name>
         <load_address>0x4f25</load_address>
         <run_address>0x4f25</run_address>
         <size>0xe1</size>
         <input_file_ref idref="fl-3f"/>
      </object_component>
      <object_component id="oc-c4">
         <name>.debug_types</name>
         <load_address>0x5006</load_address>
         <run_address>0x5006</run_address>
         <size>0xe3</size>
         <input_file_ref idref="fl-42"/>
      </object_component>
      <object_component id="oc-430">
         <name>.debug_types</name>
         <load_address>0x0</load_address>
         <run_address>0x0</run_address>
         <size>0x0</size>
         <input_file_ref idref="fl-43"/>
      </object_component>
      <object_component id="oc-163">
         <name>.debug_info</name>
         <load_address>0x0</load_address>
         <run_address>0x0</run_address>
         <size>0x158</size>
         <input_file_ref idref="fl-2"/>
      </object_component>
      <object_component id="oc-15d">
         <name>.debug_info</name>
         <load_address>0x158</load_address>
         <run_address>0x158</run_address>
         <size>0x1b0</size>
         <input_file_ref idref="fl-2"/>
      </object_component>
      <object_component id="oc-14b">
         <name>.debug_info</name>
         <load_address>0x308</load_address>
         <run_address>0x308</run_address>
         <size>0x144</size>
         <input_file_ref idref="fl-2"/>
      </object_component>
      <object_component id="oc-20f">
         <name>.debug_info</name>
         <load_address>0x44c</load_address>
         <run_address>0x44c</run_address>
         <size>0x139</size>
         <input_file_ref idref="fl-2"/>
      </object_component>
      <object_component id="oc-209">
         <name>.debug_info</name>
         <load_address>0x585</load_address>
         <run_address>0x585</run_address>
         <size>0x139</size>
         <input_file_ref idref="fl-2"/>
      </object_component>
      <object_component id="oc-203">
         <name>.debug_info</name>
         <load_address>0x6be</load_address>
         <run_address>0x6be</run_address>
         <size>0x18c</size>
         <input_file_ref idref="fl-2"/>
      </object_component>
      <object_component id="oc-1fd">
         <name>.debug_info</name>
         <load_address>0x84a</load_address>
         <run_address>0x84a</run_address>
         <size>0x18c</size>
         <input_file_ref idref="fl-2"/>
      </object_component>
      <object_component id="oc-1f7">
         <name>.debug_info</name>
         <load_address>0x9d6</load_address>
         <run_address>0x9d6</run_address>
         <size>0x18c</size>
         <input_file_ref idref="fl-2"/>
      </object_component>
      <object_component id="oc-128">
         <name>.debug_info</name>
         <load_address>0xb62</load_address>
         <run_address>0xb62</run_address>
         <size>0x123</size>
         <input_file_ref idref="fl-2"/>
      </object_component>
      <object_component id="oc-24e">
         <name>.debug_info</name>
         <load_address>0xc85</load_address>
         <run_address>0xc85</run_address>
         <size>0x196</size>
         <input_file_ref idref="fl-2"/>
      </object_component>
      <object_component id="oc-249">
         <name>.debug_info</name>
         <load_address>0xe1b</load_address>
         <run_address>0xe1b</run_address>
         <size>0x196</size>
         <input_file_ref idref="fl-2"/>
      </object_component>
      <object_component id="oc-278">
         <name>.debug_info</name>
         <load_address>0xfb1</load_address>
         <run_address>0xfb1</run_address>
         <size>0x198</size>
         <input_file_ref idref="fl-2"/>
      </object_component>
      <object_component id="oc-272">
         <name>.debug_info</name>
         <load_address>0x1149</load_address>
         <run_address>0x1149</run_address>
         <size>0x198</size>
         <input_file_ref idref="fl-2"/>
      </object_component>
      <object_component id="oc-121">
         <name>.debug_info</name>
         <load_address>0x12e1</load_address>
         <run_address>0x12e1</run_address>
         <size>0x91c</size>
         <input_file_ref idref="fl-2"/>
      </object_component>
      <object_component id="oc-25a">
         <name>.debug_info</name>
         <load_address>0x1bfd</load_address>
         <run_address>0x1bfd</run_address>
         <size>0x19a</size>
         <input_file_ref idref="fl-2"/>
      </object_component>
      <object_component id="oc-255">
         <name>.debug_info</name>
         <load_address>0x1d97</load_address>
         <run_address>0x1d97</run_address>
         <size>0x19a</size>
         <input_file_ref idref="fl-2"/>
      </object_component>
      <object_component id="oc-1ef">
         <name>.debug_info</name>
         <load_address>0x1f31</load_address>
         <run_address>0x1f31</run_address>
         <size>0x1aa</size>
         <input_file_ref idref="fl-2"/>
      </object_component>
      <object_component id="oc-1ea">
         <name>.debug_info</name>
         <load_address>0x20db</load_address>
         <run_address>0x20db</run_address>
         <size>0x1aa</size>
         <input_file_ref idref="fl-2"/>
      </object_component>
      <object_component id="oc-1e3">
         <name>.debug_info</name>
         <load_address>0x2285</load_address>
         <run_address>0x2285</run_address>
         <size>0x1aa</size>
         <input_file_ref idref="fl-2"/>
      </object_component>
      <object_component id="oc-1dd">
         <name>.debug_info</name>
         <load_address>0x242f</load_address>
         <run_address>0x242f</run_address>
         <size>0x1aa</size>
         <input_file_ref idref="fl-2"/>
      </object_component>
      <object_component id="oc-1d6">
         <name>.debug_info</name>
         <load_address>0x25d9</load_address>
         <run_address>0x25d9</run_address>
         <size>0x155</size>
         <input_file_ref idref="fl-2"/>
      </object_component>
      <object_component id="oc-1d0">
         <name>.debug_info</name>
         <load_address>0x272e</load_address>
         <run_address>0x272e</run_address>
         <size>0x155</size>
         <input_file_ref idref="fl-2"/>
      </object_component>
      <object_component id="oc-1ca">
         <name>.debug_info</name>
         <load_address>0x2883</load_address>
         <run_address>0x2883</run_address>
         <size>0x154</size>
         <input_file_ref idref="fl-2"/>
      </object_component>
      <object_component id="oc-27">
         <name>.debug_info</name>
         <load_address>0x29d7</load_address>
         <run_address>0x29d7</run_address>
         <size>0x16f</size>
         <input_file_ref idref="fl-2"/>
      </object_component>
      <object_component id="oc-224">
         <name>.debug_info</name>
         <load_address>0x2b46</load_address>
         <run_address>0x2b46</run_address>
         <size>0x1a0</size>
         <input_file_ref idref="fl-2"/>
      </object_component>
      <object_component id="oc-22a">
         <name>.debug_info</name>
         <load_address>0x2ce6</load_address>
         <run_address>0x2ce6</run_address>
         <size>0x1a0</size>
         <input_file_ref idref="fl-2"/>
      </object_component>
      <object_component id="oc-230">
         <name>.debug_info</name>
         <load_address>0x2e86</load_address>
         <run_address>0x2e86</run_address>
         <size>0x1a0</size>
         <input_file_ref idref="fl-2"/>
      </object_component>
      <object_component id="oc-236">
         <name>.debug_info</name>
         <load_address>0x3026</load_address>
         <run_address>0x3026</run_address>
         <size>0x194</size>
         <input_file_ref idref="fl-2"/>
      </object_component>
      <object_component id="oc-23c">
         <name>.debug_info</name>
         <load_address>0x31ba</load_address>
         <run_address>0x31ba</run_address>
         <size>0x196</size>
         <input_file_ref idref="fl-2"/>
      </object_component>
      <object_component id="oc-242">
         <name>.debug_info</name>
         <load_address>0x3350</load_address>
         <run_address>0x3350</run_address>
         <size>0x196</size>
         <input_file_ref idref="fl-2"/>
      </object_component>
      <object_component id="oc-260">
         <name>.debug_info</name>
         <load_address>0x34e6</load_address>
         <run_address>0x34e6</run_address>
         <size>0x194</size>
         <input_file_ref idref="fl-2"/>
      </object_component>
      <object_component id="oc-266">
         <name>.debug_info</name>
         <load_address>0x367a</load_address>
         <run_address>0x367a</run_address>
         <size>0x190</size>
         <input_file_ref idref="fl-2"/>
      </object_component>
      <object_component id="oc-26c">
         <name>.debug_info</name>
         <load_address>0x380a</load_address>
         <run_address>0x380a</run_address>
         <size>0x190</size>
         <input_file_ref idref="fl-2"/>
      </object_component>
      <object_component id="oc-157">
         <name>.debug_info</name>
         <load_address>0x399a</load_address>
         <run_address>0x399a</run_address>
         <size>0x23e</size>
         <input_file_ref idref="fl-2"/>
      </object_component>
      <object_component id="oc-21d">
         <name>.debug_info</name>
         <load_address>0x3bd8</load_address>
         <run_address>0x3bd8</run_address>
         <size>0x238</size>
         <input_file_ref idref="fl-2"/>
      </object_component>
      <object_component id="oc-151">
         <name>.debug_info</name>
         <load_address>0x3e10</load_address>
         <run_address>0x3e10</run_address>
         <size>0xe43</size>
         <input_file_ref idref="fl-2"/>
      </object_component>
      <object_component id="oc-145">
         <name>.debug_info</name>
         <load_address>0x4c53</load_address>
         <run_address>0x4c53</run_address>
         <size>0x143</size>
         <input_file_ref idref="fl-2"/>
      </object_component>
      <object_component id="oc-13f">
         <name>.debug_info</name>
         <load_address>0x4d96</load_address>
         <run_address>0x4d96</run_address>
         <size>0x16d</size>
         <input_file_ref idref="fl-2"/>
      </object_component>
      <object_component id="oc-139">
         <name>.debug_info</name>
         <load_address>0x4f03</load_address>
         <run_address>0x4f03</run_address>
         <size>0x171</size>
         <input_file_ref idref="fl-2"/>
      </object_component>
      <object_component id="oc-12d">
         <name>.debug_info</name>
         <load_address>0x5074</load_address>
         <run_address>0x5074</run_address>
         <size>0x129</size>
         <input_file_ref idref="fl-2"/>
      </object_component>
      <object_component id="oc-133">
         <name>.debug_info</name>
         <load_address>0x519d</load_address>
         <run_address>0x519d</run_address>
         <size>0x155</size>
         <input_file_ref idref="fl-2"/>
      </object_component>
      <object_component id="oc-a7">
         <name>.debug_info</name>
         <load_address>0x52f2</load_address>
         <run_address>0x52f2</run_address>
         <size>0x1f3</size>
         <input_file_ref idref="fl-2"/>
      </object_component>
      <object_component id="oc-b4">
         <name>.debug_info</name>
         <load_address>0x54e5</load_address>
         <run_address>0x54e5</run_address>
         <size>0x15b</size>
         <input_file_ref idref="fl-3"/>
      </object_component>
      <object_component id="oc-91">
         <name>.debug_info</name>
         <load_address>0x5640</load_address>
         <run_address>0x5640</run_address>
         <size>0x144</size>
         <input_file_ref idref="fl-4"/>
      </object_component>
      <object_component id="oc-46">
         <name>.debug_info</name>
         <load_address>0x5784</load_address>
         <run_address>0x5784</run_address>
         <size>0x207</size>
         <input_file_ref idref="fl-4"/>
      </object_component>
      <object_component id="oc-2f">
         <name>.debug_info</name>
         <load_address>0x598b</load_address>
         <run_address>0x598b</run_address>
         <size>0x10d</size>
         <input_file_ref idref="fl-4"/>
      </object_component>
      <object_component id="oc-35">
         <name>.debug_info</name>
         <load_address>0x5a98</load_address>
         <run_address>0x5a98</run_address>
         <size>0x10d</size>
         <input_file_ref idref="fl-4"/>
      </object_component>
      <object_component id="oc-3b">
         <name>.debug_info</name>
         <load_address>0x5ba5</load_address>
         <run_address>0x5ba5</run_address>
         <size>0x10d</size>
         <input_file_ref idref="fl-4"/>
      </object_component>
      <object_component id="oc-41">
         <name>.debug_info</name>
         <load_address>0x5cb2</load_address>
         <run_address>0x5cb2</run_address>
         <size>0x125</size>
         <input_file_ref idref="fl-4"/>
      </object_component>
      <object_component id="oc-4d">
         <name>.debug_info</name>
         <load_address>0x5dd7</load_address>
         <run_address>0x5dd7</run_address>
         <size>0x125</size>
         <input_file_ref idref="fl-4"/>
      </object_component>
      <object_component id="oc-f9">
         <name>.debug_info</name>
         <load_address>0x5efc</load_address>
         <run_address>0x5efc</run_address>
         <size>0x14f</size>
         <input_file_ref idref="fl-a"/>
      </object_component>
      <object_component id="oc-9b">
         <name>.debug_info</name>
         <load_address>0x604b</load_address>
         <run_address>0x604b</run_address>
         <size>0x136</size>
         <input_file_ref idref="fl-a"/>
      </object_component>
      <object_component id="oc-105">
         <name>.debug_info</name>
         <load_address>0x6181</load_address>
         <run_address>0x6181</run_address>
         <size>0x14d</size>
         <input_file_ref idref="fl-a"/>
      </object_component>
      <object_component id="oc-95">
         <name>.debug_info</name>
         <load_address>0x62ce</load_address>
         <run_address>0x62ce</run_address>
         <size>0x25e</size>
         <input_file_ref idref="fl-a"/>
      </object_component>
      <object_component id="oc-22">
         <name>.debug_info</name>
         <load_address>0x652c</load_address>
         <run_address>0x652c</run_address>
         <size>0x126</size>
         <input_file_ref idref="fl-b"/>
      </object_component>
      <object_component id="oc-81">
         <name>.debug_info</name>
         <load_address>0x6652</load_address>
         <run_address>0x6652</run_address>
         <size>0x127</size>
         <input_file_ref idref="fl-b"/>
      </object_component>
      <object_component id="oc-349">
         <name>.debug_info</name>
         <load_address>0x6779</load_address>
         <run_address>0x6779</run_address>
         <size>0x234</size>
         <input_file_ref idref="fl-20"/>
      </object_component>
      <object_component id="oc-40b">
         <name>.debug_info</name>
         <load_address>0x69ad</load_address>
         <run_address>0x69ad</run_address>
         <size>0x1d7</size>
         <input_file_ref idref="fl-21"/>
      </object_component>
      <object_component id="oc-351">
         <name>.debug_info</name>
         <load_address>0x6b84</load_address>
         <run_address>0x6b84</run_address>
         <size>0x2bd</size>
         <input_file_ref idref="fl-21"/>
      </object_component>
      <object_component id="oc-357">
         <name>.debug_info</name>
         <load_address>0x6e41</load_address>
         <run_address>0x6e41</run_address>
         <size>0x2bb</size>
         <input_file_ref idref="fl-21"/>
      </object_component>
      <object_component id="oc-365">
         <name>.debug_info</name>
         <load_address>0x70fc</load_address>
         <run_address>0x70fc</run_address>
         <size>0x25f</size>
         <input_file_ref idref="fl-21"/>
      </object_component>
      <object_component id="oc-35e">
         <name>.debug_info</name>
         <load_address>0x735b</load_address>
         <run_address>0x735b</run_address>
         <size>0x2b6</size>
         <input_file_ref idref="fl-21"/>
      </object_component>
      <object_component id="oc-417">
         <name>.debug_info</name>
         <load_address>0x7611</load_address>
         <run_address>0x7611</run_address>
         <size>0x1e3</size>
         <input_file_ref idref="fl-22"/>
      </object_component>
      <object_component id="oc-36d">
         <name>.debug_info</name>
         <load_address>0x77f4</load_address>
         <run_address>0x77f4</run_address>
         <size>0x22f</size>
         <input_file_ref idref="fl-22"/>
      </object_component>
      <object_component id="oc-379">
         <name>.debug_info</name>
         <load_address>0x7a23</load_address>
         <run_address>0x7a23</run_address>
         <size>0x1d5</size>
         <input_file_ref idref="fl-24"/>
      </object_component>
      <object_component id="oc-217">
         <name>.debug_info</name>
         <load_address>0x7bf8</load_address>
         <run_address>0x7bf8</run_address>
         <size>0x21b</size>
         <input_file_ref idref="fl-24"/>
      </object_component>
      <object_component id="oc-174">
         <name>.debug_info</name>
         <load_address>0x7e13</load_address>
         <run_address>0x7e13</run_address>
         <size>0x1fd</size>
         <input_file_ref idref="fl-25"/>
      </object_component>
      <object_component id="oc-16d">
         <name>.debug_info</name>
         <load_address>0x8010</load_address>
         <run_address>0x8010</run_address>
         <size>0x1cf</size>
         <input_file_ref idref="fl-25"/>
      </object_component>
      <object_component id="oc-111">
         <name>.debug_info</name>
         <load_address>0x81df</load_address>
         <run_address>0x81df</run_address>
         <size>0x247</size>
         <input_file_ref idref="fl-25"/>
      </object_component>
      <object_component id="oc-af">
         <name>.debug_info</name>
         <load_address>0x8426</load_address>
         <run_address>0x8426</run_address>
         <size>0x248</size>
         <input_file_ref idref="fl-25"/>
      </object_component>
      <object_component id="oc-10e">
         <name>.debug_info</name>
         <load_address>0x866e</load_address>
         <run_address>0x866e</run_address>
         <size>0x230</size>
         <input_file_ref idref="fl-25"/>
      </object_component>
      <object_component id="oc-1c1">
         <name>.debug_info</name>
         <load_address>0x889e</load_address>
         <run_address>0x889e</run_address>
         <size>0x278</size>
         <input_file_ref idref="fl-25"/>
      </object_component>
      <object_component id="oc-385">
         <name>.debug_info</name>
         <load_address>0x8b16</load_address>
         <run_address>0x8b16</run_address>
         <size>0x260</size>
         <input_file_ref idref="fl-25"/>
      </object_component>
      <object_component id="oc-119">
         <name>.debug_info</name>
         <load_address>0x8d76</load_address>
         <run_address>0x8d76</run_address>
         <size>0x22c</size>
         <input_file_ref idref="fl-25"/>
      </object_component>
      <object_component id="oc-1bc">
         <name>.debug_info</name>
         <load_address>0x8fa2</load_address>
         <run_address>0x8fa2</run_address>
         <size>0x219</size>
         <input_file_ref idref="fl-25"/>
      </object_component>
      <object_component id="oc-de">
         <name>.debug_info</name>
         <load_address>0x91bb</load_address>
         <run_address>0x91bb</run_address>
         <size>0x1c8</size>
         <input_file_ref idref="fl-26"/>
      </object_component>
      <object_component id="oc-d8">
         <name>.debug_info</name>
         <load_address>0x9383</load_address>
         <run_address>0x9383</run_address>
         <size>0x1ca</size>
         <input_file_ref idref="fl-26"/>
      </object_component>
      <object_component id="oc-a1">
         <name>.debug_info</name>
         <load_address>0x954d</load_address>
         <run_address>0x954d</run_address>
         <size>0x1d9</size>
         <input_file_ref idref="fl-26"/>
      </object_component>
      <object_component id="oc-56">
         <name>.debug_info</name>
         <load_address>0x9726</load_address>
         <run_address>0x9726</run_address>
         <size>0x1e6</size>
         <input_file_ref idref="fl-26"/>
      </object_component>
      <object_component id="oc-5c">
         <name>.debug_info</name>
         <load_address>0x990c</load_address>
         <run_address>0x990c</run_address>
         <size>0x1cc</size>
         <input_file_ref idref="fl-26"/>
      </object_component>
      <object_component id="oc-62">
         <name>.debug_info</name>
         <load_address>0x9ad8</load_address>
         <run_address>0x9ad8</run_address>
         <size>0x1b2</size>
         <input_file_ref idref="fl-26"/>
      </object_component>
      <object_component id="oc-51">
         <name>.debug_info</name>
         <load_address>0x9c8a</load_address>
         <run_address>0x9c8a</run_address>
         <size>0x1d6</size>
         <input_file_ref idref="fl-26"/>
      </object_component>
      <object_component id="oc-85">
         <name>.debug_info</name>
         <load_address>0x9e60</load_address>
         <run_address>0x9e60</run_address>
         <size>0x27d</size>
         <input_file_ref idref="fl-26"/>
      </object_component>
      <object_component id="oc-398">
         <name>.debug_info</name>
         <load_address>0xa0dd</load_address>
         <run_address>0xa0dd</run_address>
         <size>0x1d9</size>
         <input_file_ref idref="fl-27"/>
      </object_component>
      <object_component id="oc-28b">
         <name>.debug_info</name>
         <load_address>0xa2b6</load_address>
         <run_address>0xa2b6</run_address>
         <size>0x220</size>
         <input_file_ref idref="fl-27"/>
      </object_component>
      <object_component id="oc-280">
         <name>.debug_info</name>
         <load_address>0xa4d6</load_address>
         <run_address>0xa4d6</run_address>
         <size>0x2ad</size>
         <input_file_ref idref="fl-27"/>
      </object_component>
      <object_component id="oc-287">
         <name>.debug_info</name>
         <load_address>0xa783</load_address>
         <run_address>0xa783</run_address>
         <size>0x33e</size>
         <input_file_ref idref="fl-27"/>
      </object_component>
      <object_component id="oc-3a4">
         <name>.debug_info</name>
         <load_address>0xaac1</load_address>
         <run_address>0xaac1</run_address>
         <size>0x1cf</size>
         <input_file_ref idref="fl-28"/>
      </object_component>
      <object_component id="oc-3b8">
         <name>.debug_info</name>
         <load_address>0xac90</load_address>
         <run_address>0xac90</run_address>
         <size>0x1ef</size>
         <input_file_ref idref="fl-28"/>
      </object_component>
      <object_component id="oc-3b3">
         <name>.debug_info</name>
         <load_address>0xae7f</load_address>
         <run_address>0xae7f</run_address>
         <size>0x1f1</size>
         <input_file_ref idref="fl-28"/>
      </object_component>
      <object_component id="oc-3ab">
         <name>.debug_info</name>
         <load_address>0xb070</load_address>
         <run_address>0xb070</run_address>
         <size>0x1ff</size>
         <input_file_ref idref="fl-28"/>
      </object_component>
      <object_component id="oc-299">
         <name>.debug_info</name>
         <load_address>0xb26f</load_address>
         <run_address>0xb26f</run_address>
         <size>0x27f</size>
         <input_file_ref idref="fl-28"/>
      </object_component>
      <object_component id="oc-292">
         <name>.debug_info</name>
         <load_address>0xb4ee</load_address>
         <run_address>0xb4ee</run_address>
         <size>0x232</size>
         <input_file_ref idref="fl-28"/>
      </object_component>
      <object_component id="oc-2f4">
         <name>.debug_info</name>
         <load_address>0xb720</load_address>
         <run_address>0xb720</run_address>
         <size>0x215</size>
         <input_file_ref idref="fl-29"/>
      </object_component>
      <object_component id="oc-19d">
         <name>.debug_info</name>
         <load_address>0xb935</load_address>
         <run_address>0xb935</run_address>
         <size>0x1d8</size>
         <input_file_ref idref="fl-29"/>
      </object_component>
      <object_component id="oc-3ee">
         <name>.debug_info</name>
         <load_address>0xbb0d</load_address>
         <run_address>0xbb0d</run_address>
         <size>0x1ae</size>
         <input_file_ref idref="fl-29"/>
      </object_component>
      <object_component id="oc-3f7">
         <name>.debug_info</name>
         <load_address>0xbcbb</load_address>
         <run_address>0xbcbb</run_address>
         <size>0x1d2</size>
         <input_file_ref idref="fl-29"/>
      </object_component>
      <object_component id="oc-33c">
         <name>.debug_info</name>
         <load_address>0xbe8d</load_address>
         <run_address>0xbe8d</run_address>
         <size>0x1f0</size>
         <input_file_ref idref="fl-29"/>
      </object_component>
      <object_component id="oc-306">
         <name>.debug_info</name>
         <load_address>0xc07d</load_address>
         <run_address>0xc07d</run_address>
         <size>0x1f2</size>
         <input_file_ref idref="fl-29"/>
      </object_component>
      <object_component id="oc-330">
         <name>.debug_info</name>
         <load_address>0xc26f</load_address>
         <run_address>0xc26f</run_address>
         <size>0x1fc</size>
         <input_file_ref idref="fl-29"/>
      </object_component>
      <object_component id="oc-336">
         <name>.debug_info</name>
         <load_address>0xc46b</load_address>
         <run_address>0xc46b</run_address>
         <size>0x1fa</size>
         <input_file_ref idref="fl-29"/>
      </object_component>
      <object_component id="oc-30c">
         <name>.debug_info</name>
         <load_address>0xc665</load_address>
         <run_address>0xc665</run_address>
         <size>0x1fe</size>
         <input_file_ref idref="fl-29"/>
      </object_component>
      <object_component id="oc-312">
         <name>.debug_info</name>
         <load_address>0xc863</load_address>
         <run_address>0xc863</run_address>
         <size>0x1fc</size>
         <input_file_ref idref="fl-29"/>
      </object_component>
      <object_component id="oc-32a">
         <name>.debug_info</name>
         <load_address>0xca5f</load_address>
         <run_address>0xca5f</run_address>
         <size>0x223</size>
         <input_file_ref idref="fl-29"/>
      </object_component>
      <object_component id="oc-2fa">
         <name>.debug_info</name>
         <load_address>0xcc82</load_address>
         <run_address>0xcc82</run_address>
         <size>0x1f6</size>
         <input_file_ref idref="fl-29"/>
      </object_component>
      <object_component id="oc-300">
         <name>.debug_info</name>
         <load_address>0xce78</load_address>
         <run_address>0xce78</run_address>
         <size>0x1f4</size>
         <input_file_ref idref="fl-29"/>
      </object_component>
      <object_component id="oc-31e">
         <name>.debug_info</name>
         <load_address>0xd06c</load_address>
         <run_address>0xd06c</run_address>
         <size>0x227</size>
         <input_file_ref idref="fl-29"/>
      </object_component>
      <object_component id="oc-318">
         <name>.debug_info</name>
         <load_address>0xd293</load_address>
         <run_address>0xd293</run_address>
         <size>0x227</size>
         <input_file_ref idref="fl-29"/>
      </object_component>
      <object_component id="oc-324">
         <name>.debug_info</name>
         <load_address>0xd4ba</load_address>
         <run_address>0xd4ba</run_address>
         <size>0x296</size>
         <input_file_ref idref="fl-29"/>
      </object_component>
      <object_component id="oc-3e8">
         <name>.debug_info</name>
         <load_address>0xd750</load_address>
         <run_address>0xd750</run_address>
         <size>0x212</size>
         <input_file_ref idref="fl-29"/>
      </object_component>
      <object_component id="oc-f3">
         <name>.debug_info</name>
         <load_address>0xd962</load_address>
         <run_address>0xd962</run_address>
         <size>0x241</size>
         <input_file_ref idref="fl-29"/>
      </object_component>
      <object_component id="oc-ed">
         <name>.debug_info</name>
         <load_address>0xdba3</load_address>
         <run_address>0xdba3</run_address>
         <size>0x31b</size>
[...]
         <origin>0x12000</origin>
         <length>0x1ff8</length>
         <used_space>0x0</used_space>
         <unused_space>0x1ff8</unused_space>
         <attributes>RWIX</attributes>
         <usage_details>
         </usage_details>
      </memory_area>
   </placement_map>
   <cptbl_list>
      <cptbl>
         <name>__TI_cinit_table</name>
         <cprec>
            <name>.data</name>
            <load_address>0xfa</load_address>
            <load_size>0x9</load_size>
            <run_address>0xab40</run_address>
            <run_size>0xc</run_size>
            <compression>lzss</compression>
         </cprec>
      </cptbl>
   </cptbl_list>
   <handler_table>
      <handler_table_name>__TI_handler_table</handler_table_name>
      <handler>
         <index>0x0</index>
         <name>__TI_decompress_lzss</name>
      </handler>
      <handler>
         <index>0x1</index>
         <name>__TI_decompress_none</name>
      </handler>
   </handler_table>
   <symbol_table>
      <symbol id="sm-1">
         <name>__TI_CINIT_Base</name>
         <value>0x108</value>
      </symbol>
      <symbol id="sm-2">
         <name>__TI_CINIT_Limit</name>
         <value>0x10c</value>
      </symbol>
      <symbol id="sm-3">
         <name>__TI_CINIT_Warm</name>
         <value>0x10c</value>
      </symbol>
      <symbol id="sm-4">
         <name>__TI_Handler_Table_Base</name>
         <value>0x104</value>
      </symbol>
      <symbol id="sm-5">
         <name>__TI_Handler_Table_Limit</name>
         <value>0x108</value>
      </symbol>
      <symbol id="sm-6">
         <name>__TI_STACK_SIZE</name>
         <value>0x3f8</value>
      </symbol>
      <symbol id="sm-7">
         <name>__TI_STACK_END</name>
         <value>0x7f8</value>
      </symbol>
      <symbol id="sm-8">
         <name>__TI_pprof_out_hndl</name>
         <value>0xffffffff</value>
      </symbol>
      <symbol id="sm-9">
         <name>__TI_prof_data_start</name>
         <value>0xffffffff</value>
      </symbol>
      <symbol id="sm-a">
         <name>__TI_prof_data_size</name>
         <value>0xffffffff</value>
      </symbol>
      <symbol id="sm-15a">
         <name>PMBUS_init</name>
         <value>0x92e4</value>
         <object_component_ref idref="oc-15c"/>
      </symbol>
      <symbol id="sm-15b">
         <name>PRIM_ZCD1_init</name>
         <value>0x9b70</value>
         <object_component_ref idref="oc-253"/>
      </symbol>
      <symbol id="sm-15c">
         <name>PRIM_ZCD2_init</name>
         <value>0x9b84</value>
         <object_component_ref idref="oc-259"/>
      </symbol>
      <symbol id="sm-15d">
         <name>FAULT_OUTPUT_init</name>
         <value>0x9b48</value>
         <object_component_ref idref="oc-22f"/>
      </symbol>
      <symbol id="sm-15e">
         <name>INTERRUPT_init</name>
         <value>0x9777</value>
         <object_component_ref idref="oc-26"/>
      </symbol>
      <symbol id="sm-15f">
         <name>M_CMPSS4_init</name>
         <value>0x8c6f</value>
         <object_component_ref idref="oc-1ee"/>
      </symbol>
      <symbol id="sm-160">
         <name>M_CMPSS1_init</name>
         <value>0x8b6d</value>
         <object_component_ref idref="oc-1dc"/>
      </symbol>
      <symbol id="sm-161">
         <name>M_CMPSS3_init</name>
         <value>0x8bee</value>
         <object_component_ref idref="oc-1e8"/>
      </symbol>
      <symbol id="sm-162">
         <name>M_CMPSS2_init</name>
         <value>0x8775</value>
         <object_component_ref idref="oc-1e2"/>
      </symbol>
      <symbol id="sm-163">
         <name>PinMux_init</name>
         <value>0x85fc</value>
         <object_component_ref idref="oc-120"/>
      </symbol>
      <symbol id="sm-164">
         <name>STATUS1_init</name>
         <value>0x99a5</value>
         <object_component_ref idref="oc-247"/>
      </symbol>
      <symbol id="sm-165">
         <name>STATUS2_init</name>
         <value>0x9976</value>
         <object_component_ref idref="oc-24d"/>
      </symbol>
      <symbol id="sm-166">
         <name>myDAC0_init</name>
         <value>0x983e</value>
         <object_component_ref idref="oc-208"/>
      </symbol>
      <symbol id="sm-167">
         <name>myDAC1_init</name>
         <value>0x985d</value>
         <object_component_ref idref="oc-20e"/>
      </symbol>
      <symbol id="sm-168">
         <name>FAN1_init</name>
         <value>0x9af8</value>
         <object_component_ref idref="oc-265"/>
      </symbol>
      <symbol id="sm-169">
         <name>ECAP_init</name>
         <value>0x939c</value>
         <object_component_ref idref="oc-14a"/>
      </symbol>
      <symbol id="sm-16a">
         <name>FAN2_init</name>
         <value>0x9b0c</value>
         <object_component_ref idref="oc-26b"/>
      </symbol>
      <symbol id="sm-16b">
         <name>SCI_init</name>
         <value>0x8cf0</value>
         <object_component_ref idref="oc-162"/>
      </symbol>
      <symbol id="sm-16c">
         <name>Board_init</name>
         <value>0x98d6</value>
         <object_component_ref idref="oc-a6"/>
      </symbol>
      <symbol id="sm-16d">
         <name>GPIO_init</name>
         <value>0x981f</value>
         <object_component_ref idref="oc-156"/>
      </symbol>
      <symbol id="sm-16e">
         <name>M_ADC_A_init</name>
         <value>0x9052</value>
         <object_component_ref idref="oc-1c9"/>
      </symbol>
      <symbol id="sm-16f">
         <name>M_ADC_C_init</name>
         <value>0x90eb</value>
         <object_component_ref idref="oc-1d5"/>
      </symbol>
      <symbol id="sm-170">
         <name>M_ADC_B_init</name>
         <value>0x909f</value>
         <object_component_ref idref="oc-1cf"/>
      </symbol>
      <symbol id="sm-171">
         <name>myPMBUS0_init</name>
         <value>0x92e4</value>
         <object_component_ref idref="oc-15c"/>
      </symbol>
      <symbol id="sm-172">
         <name>DAC_init</name>
         <value>0x9cca</value>
         <object_component_ref idref="oc-144"/>
      </symbol>
      <symbol id="sm-173">
         <name>DEBUG1_init</name>
         <value>0x9ad0</value>
         <object_component_ref idref="oc-235"/>
      </symbol>
      <symbol id="sm-174">
         <name>ADC_init</name>
         <value>0x9cb5</value>
         <object_component_ref idref="oc-132"/>
      </symbol>
      <symbol id="sm-175">
         <name>DEBUG2_init</name>
         <value>0x9ae4</value>
         <object_component_ref idref="oc-25f"/>
      </symbol>
      <symbol id="sm-176">
         <name>SEC_ZCD1_init</name>
         <value>0x9b98</value>
         <object_component_ref idref="oc-271"/>
      </symbol>
      <symbol id="sm-177">
         <name>SEC_ZCD2_init</name>
         <value>0x9bac</value>
         <object_component_ref idref="oc-277"/>
      </symbol>
      <symbol id="sm-178">
         <name>SYNC_init</name>
         <value>0x9583</value>
         <object_component_ref idref="oc-126"/>
      </symbol>
      <symbol id="sm-179">
         <name>CMPSS_init</name>
         <value>0x87f7</value>
         <object_component_ref idref="oc-138"/>
      </symbol>
      <symbol id="sm-17a">
         <name>ACTIVE1_init</name>
         <value>0x9a80</value>
         <object_component_ref idref="oc-23b"/>
      </symbol>
      <symbol id="sm-17b">
         <name>ACTIVE2_init</name>
         <value>0x9a94</value>
         <object_component_ref idref="oc-241"/>
      </symbol>
      <symbol id="sm-17c">
         <name>EPWM_init</name>
         <value>0x8000</value>
         <object_component_ref idref="oc-150"/>
      </symbol>
      <symbol id="sm-17d">
         <name>mySCI0_init</name>
         <value>0x8cf0</value>
         <object_component_ref idref="oc-162"/>
      </symbol>
      <symbol id="sm-17e">
         <name>myECAP0_init</name>
         <value>0x939c</value>
         <object_component_ref idref="oc-14a"/>
      </symbol>
      <symbol id="sm-17f">
         <name>CPUTIMER_init</name>
         <value>0x9cbc</value>
         <object_component_ref idref="oc-13e"/>
      </symbol>
      <symbol id="sm-180">
         <name>ASYSCTL_init</name>
         <value>0x9c38</value>
         <object_component_ref idref="oc-12c"/>
      </symbol>
      <symbol id="sm-181">
         <name>myCPUTIMER1_init</name>
         <value>0x972d</value>
         <object_component_ref idref="oc-1fb"/>
      </symbol>
      <symbol id="sm-182">
         <name>myCPUTIMER0_init</name>
         <value>0x9706</value>
         <object_component_ref idref="oc-1f5"/>
      </symbol>
      <symbol id="sm-183">
         <name>myCPUTIMER2_init</name>
         <value>0x94e8</value>
         <object_component_ref idref="oc-201"/>
      </symbol>
      <symbol id="sm-184">
         <name>FAULT_INPUT2_init</name>
         <value>0x9b34</value>
         <object_component_ref idref="oc-229"/>
      </symbol>
      <symbol id="sm-185">
         <name>FAULT_INPUT1_init</name>
         <value>0x9b20</value>
         <object_component_ref idref="oc-223"/>
      </symbol>
      <symbol id="sm-192">
         <name>C2000Ware_libraries_init</name>
         <value>0x9cd4</value>
         <object_component_ref idref="oc-b2"/>
      </symbol>
      <symbol id="sm-1c8">
         <name>fault_input2_flag</name>
         <value>0xab4b</value>
         <object_component_ref idref="oc-90"/>
      </symbol>
      <symbol id="sm-1c9">
         <name>fault_input1_flag</name>
         <value>0xab4a</value>
         <object_component_ref idref="oc-90"/>
      </symbol>
      <symbol id="sm-1ca">
         <name>FAULT_INPUT1_ISR</name>
         <value>0x97d9</value>
         <object_component_ref idref="oc-49"/>
      </symbol>
      <symbol id="sm-1cb">
         <name>ISR3</name>
         <value>0x9c52</value>
         <object_component_ref idref="oc-25"/>
      </symbol>
      <symbol id="sm-1cc">
         <name>ISR2</name>
         <value>0x9c45</value>
         <object_component_ref idref="oc-31"/>
      </symbol>
      <symbol id="sm-1cd">
         <name>ISR1</name>
         <value>0x9c19</value>
         <object_component_ref idref="oc-37"/>
      </symbol>
      <symbol id="sm-1ce">
         <name>main</name>
         <value>0x8f0f</value>
         <object_component_ref idref="oc-43"/>
      </symbol>
      <symbol id="sm-1cf">
         <name>FAULT_INPUT2_ISR</name>
         <value>0x9800</value>
         <object_component_ref idref="oc-3d"/>
      </symbol>
      <symbol id="sm-1f8">
         <name>Device_enableAllPeripherals</name>
         <value>0x8919</value>
         <object_component_ref idref="oc-104"/>
      </symbol>
      <symbol id="sm-1f9">
         <name>Device_initGPIO</name>
         <value>0x9c09</value>
         <object_component_ref idref="oc-9a"/>
      </symbol>
      <symbol id="sm-1fa">
         <name>Device_init</name>
         <value>0x8dd8</value>
         <object_component_ref idref="oc-94"/>
      </symbol>
      <symbol id="sm-1fb">
         <name>__error__</name>
         <value>0x9ccf</value>
         <object_component_ref idref="oc-f8"/>
      </symbol>
      <symbol id="sm-20a">
         <name>code_start</name>
         <value>0x0</value>
         <object_component_ref idref="oc-20"/>
      </symbol>
      <symbol id="sm-219">
         <name>ADC_setOffsetTrimAll</name>
         <value>0x9690</value>
         <object_component_ref idref="oc-347"/>
      </symbol>
      <symbol id="sm-25c">
         <name>CMPSS_configFilterHigh</name>
         <value>0x9137</value>
         <object_component_ref idref="oc-350"/>
      </symbol>
      <symbol id="sm-25d">
         <name>CMPSS_configFilterLow</name>
         <value>0x9180</value>
         <object_component_ref idref="oc-356"/>
      </symbol>
      <symbol id="sm-25e">
         <name>CMPSS_configLatchOnPWMSYNC</name>
         <value>0x9611</value>
         <object_component_ref idref="oc-362"/>
      </symbol>
      <symbol id="sm-25f">
         <name>CMPSS_configRamp</name>
         <value>0x9212</value>
         <object_component_ref idref="oc-35c"/>
      </symbol>
      <symbol id="sm-279">
         <name>CPUTimer_setEmulationMode</name>
         <value>0x9bc0</value>
         <object_component_ref idref="oc-36c"/>
      </symbol>
      <symbol id="sm-294">
         <name>ECAP_setEmulationMode</name>
         <value>0x989a</value>
         <object_component_ref idref="oc-215"/>
      </symbol>
      <symbol id="sm-2fe">
         <name>GPIO_setQualificationMode</name>
         <value>0x9444</value>
         <object_component_ref idref="oc-1c0"/>
      </symbol>
      <symbol id="sm-2ff">
         <name>GPIO_setPadConfig</name>
         <value>0x9000</value>
         <object_component_ref idref="oc-10a"/>
      </symbol>
      <symbol id="sm-300">
         <name>GPIO_setInterruptPin</name>
         <value>0x951e</value>
         <object_component_ref idref="oc-ac"/>
      </symbol>
      <symbol id="sm-301">
         <name>GPIO_setAnalogMode</name>
         <value>0x9362</value>
         <object_component_ref idref="oc-116"/>
      </symbol>
      <symbol id="sm-302">
         <name>GPIO_setDirectionMode</name>
         <value>0x9552</value>
         <object_component_ref idref="oc-110"/>
      </symbol>
      <symbol id="sm-303">
         <name>GPIO_setPinConfig</name>
         <value>0x940d</value>
         <object_component_ref idref="oc-1ba"/>
      </symbol>
      <symbol id="sm-304">
         <name>GPIO_setControllerCore</name>
         <value>0x93d6</value>
         <object_component_ref idref="oc-382"/>
      </symbol>
      <symbol id="sm-353">
         <name>Interrupt_defaultHandler</name>
         <value>0x9a16</value>
         <object_component_ref idref="oc-4f"/>
      </symbol>
      <symbol id="sm-354">
         <name>Interrupt_initModule</name>
         <value>0x9325</value>
         <object_component_ref idref="oc-a0"/>
      </symbol>
      <symbol id="sm-355">
         <name>Interrupt_nmiHandler</name>
         <value>0x9c9a</value>
         <object_component_ref idref="oc-61"/>
      </symbol>
      <symbol id="sm-356">
         <name>Interrupt_enable</name>
         <value>0x947b</value>
         <object_component_ref idref="oc-84"/>
      </symbol>
      <symbol id="sm-357">
         <name>Interrupt_initVectorTable</name>
         <value>0x98b8</value>
         <object_component_ref idref="oc-50"/>
      </symbol>
      <symbol id="sm-358">
         <name>Interrupt_illegalOperationHandler</name>
         <value>0x9c90</value>
         <object_component_ref idref="oc-5b"/>
      </symbol>
      <symbol id="sm-38f">
         <name>PMBus_configBusClock</name>
         <value>0x8800</value>
         <object_component_ref idref="oc-284"/>
      </symbol>
      <symbol id="sm-390">
         <name>PMBus_configModuleClock</name>
         <value>0x8e4b</value>
         <object_component_ref idref="oc-27e"/>
      </symbol>
      <symbol id="sm-391">
         <name>PMBus_initControllerMode</name>
         <value>0x95e4</value>
         <object_component_ref idref="oc-28a"/>
      </symbol>
      <symbol id="sm-3d5">
         <name>SCI_clearInterruptStatus</name>
         <value>0x925a</value>
         <object_component_ref idref="oc-291"/>
      </symbol>
      <symbol id="sm-3d6">
         <name>SCI_setConfig</name>
         <value>0x8fc2</value>
         <object_component_ref idref="oc-297"/>
      </symbol>
      <symbol id="sm-4ea">
         <name>SysCtl_isPLLValid</name>
         <value>0x8ab0</value>
         <object_component_ref idref="oc-1a8"/>
      </symbol>
      <symbol id="sm-4eb">
         <name>SysCtl_delay</name>
         <value>0xf6</value>
         <object_component_ref idref="oc-b8"/>
      </symbol>
      <symbol id="sm-4ec">
         <name>SysCtl_selectXTALSingleEnded</name>
         <value>0x9799</value>
         <object_component_ref idref="oc-2ec"/>
      </symbol>
      <symbol id="sm-4ed">
         <name>SysCtl_selectXTAL</name>
         <value>0x94b2</value>
         <object_component_ref idref="oc-2e6"/>
      </symbol>
      <symbol id="sm-4ee">
         <name>SysCtl_selectOscSource</name>
         <value>0x91c9</value>
         <object_component_ref idref="oc-1a2"/>
      </symbol>
      <symbol id="sm-4ef">
         <name>SysCtl_getLowSpeedClock</name>
         <value>0x992c</value>
         <object_component_ref idref="oc-fe"/>
      </symbol>
      <symbol id="sm-4f0">
         <name>SysCtl_setClock</name>
         <value>0x89f0</value>
         <object_component_ref idref="oc-ec"/>
      </symbol>
      <symbol id="sm-4f1">
         <name>SysCtl_getClock</name>
         <value>0x8eb1</value>
         <object_component_ref idref="oc-f2"/>
      </symbol>
      <symbol id="sm-4fc">
         <name>_c_int00</name>
         <value>0x99d3</value>
         <object_component_ref idref="oc-d1"/>
      </symbol>
      <symbol id="sm-4fd">
         <name>__stack</name>
         <value>0x400</value>
         <object_component_ref idref="oc-67"/>
      </symbol>
      <symbol id="sm-50b">
         <name>_system_pre_init</name>
         <value>0x9cd2</value>
         <object_component_ref idref="oc-185"/>
      </symbol>
      <symbol id="sm-51a">
         <name>__TI_auto_init_nobinit_nopinit</name>
         <value>0x963c</value>
         <object_component_ref idref="oc-2ab"/>
      </symbol>
      <symbol id="sm-528">
         <name>__TI_decompress_none</name>
         <value>0x97f8</value>
         <object_component_ref idref="oc-19"/>
      </symbol>
      <symbol id="sm-53c">
         <name>__TI_decompress_lzss</name>
         <value>0x95b4</value>
         <object_component_ref idref="oc-13"/>
      </symbol>
      <symbol id="sm-552">
         <name>C$$EXIT</name>
         <value>0x9667</value>
         <object_component_ref idref="oc-192"/>
      </symbol>
      <symbol id="sm-553">
         <name>abort</name>
         <value>0x9667</value>
         <object_component_ref idref="oc-192"/>
      </symbol>
      <symbol id="sm-554">
         <name>exit</name>
         <value>0x9669</value>
         <object_component_ref idref="oc-192"/>
      </symbol>
      <symbol id="sm-555">
         <name>__TI_dtors_ptr</name>
         <value>0xab44</value>
         <object_component_ref idref="oc-2dd"/>
      </symbol>
      <symbol id="sm-556">
         <name>__TI_cleanup_ptr</name>
         <value>0xab42</value>
         <object_component_ref idref="oc-2dd"/>
      </symbol>
      <symbol id="sm-557">
         <name>__TI_enable_exit_profile_output</name>
         <value>0xab40</value>
         <object_component_ref idref="oc-2dd"/>
      </symbol>
      <symbol id="sm-56e">
         <name>_nop</name>
         <value>0x9cac</value>
         <object_component_ref idref="oc-3db"/>
      </symbol>
      <symbol id="sm-56f">
         <name>_lock</name>
         <value>0xab46</value>
         <object_component_ref idref="oc-2e0"/>
      </symbol>
      <symbol id="sm-570">
         <name>_unlock</name>
         <value>0xab48</value>
         <object_component_ref idref="oc-436"/>
      </symbol>
      <symbol id="sm-571">
         <name>_register_lock</name>
         <value>0x9ca8</value>
         <object_component_ref idref="oc-3db"/>
      </symbol>
      <symbol id="sm-572">
         <name>_register_unlock</name>
         <value>0x9ca4</value>
         <object_component_ref idref="oc-3db"/>
      </symbol>
      <symbol id="sm-581">
         <name>_args_main</name>
         <value>0x9c79</value>
         <object_component_ref idref="oc-18c"/>
      </symbol>
      <symbol id="sm-595">
         <name>memcpy</name>
         <value>0x98f3</value>
         <object_component_ref idref="oc-6a"/>
      </symbol>
      <symbol id="sm-5a2">
         <name>_system_post_cinit</name>
         <value>0x9cd5</value>
         <object_component_ref idref="oc-3c1"/>
      </symbol>
      <symbol id="sm-5a4">
         <name>__c_args__</name>
         <value>0x0</value>
      </symbol>
   </symbol_table>
   <title>Link successful</title>
</link_info>
