******************************************************************************
             TMS320C2000 Linker PC v22.6.1                     
******************************************************************************
>> Linked Tue Jul 16 09:43:34 2024

OUTPUT FILE NAME:   <Multiphase-Interleaved-CLLC.out>
ENTRY POINT SYMBOL: "code_start"  address: 00000000


MEMORY CONFIGURATION

         name            origin    length      used     unused   attr    fill
----------------------  --------  ---------  --------  --------  ----  --------
PAGE 0:
  BEGIN                 00000000   00000002  00000002  00000000  RWIX
  RAMM0                 000000f6   0000030a  00000016  000002f4  RWIX
  RAMLS0                00008000   00000800  00000800  00000000  RWIX
  RAMLS1                00008800   00000800  00000800  00000000  RWIX
  RAMLS2                00009000   00000800  00000800  00000000  RWIX
  RAMLS3                00009800   00000800  000004d6  0000032a  RWIX
  RAMLS4                0000a000   00000800  00000000  00000800  RWIX
  FLASH_BANK0_SEC0      00080000   00001000  00000000  00001000  RWIX
  FLASH_BANK0_SEC1      00081000   00001000  00000000  00001000  RWIX
  FLASH_BANK0_SEC2      00082000   00001000  00000000  00001000  RWIX
  FLASH_BANK0_SEC3      00083000   00001000  00000000  00001000  RWIX
  FLASH_BANK0_SEC4      00084000   00001000  00000000  00001000  RWIX
  FLASH_BANK0_SEC5      00085000   00001000  00000000  00001000  RWIX
  FLASH_BANK0_SEC6      00086000   00001000  00000000  00001000  RWIX
  FLASH_BANK0_SEC7      00087000   00001000  00000000  00001000  RWIX
  FLASH_BANK0_SEC8      00088000   00001000  00000000  00001000  RWIX
  FLASH_BANK0_SEC9      00089000   00001000  00000000  00001000  RWIX
  FLASH_BANK0_SEC10     0008a000   00001000  00000000  00001000  RWIX
  FLASH_BANK0_SEC11     0008b000   00001000  00000000  00001000  RWIX
  FLASH_BANK0_SEC12     0008c000   00001000  00000000  00001000  RWIX
  FLASH_BANK0_SEC13     0008d000   00001000  00000000  00001000  RWIX
  FLASH_BANK0_SEC14     0008e000   00001000  00000000  00001000  RWIX
  FLASH_BANK0_SEC15     0008f000   00001000  00000000  00001000  RWIX
  FLASH_BANK1_SEC0      00090000   00001000  00000000  00001000  RWIX
  FLASH_BANK1_SEC1      00091000   00001000  00000000  00001000  RWIX
  FLASH_BANK1_SEC2      00092000   00001000  00000000  00001000  RWIX
  FLASH_BANK1_SEC3      00093000   00001000  00000000  00001000  RWIX
  FLASH_BANK1_SEC4      00094000   00001000  00000000  00001000  RWIX
  FLASH_BANK1_SEC5      00095000   00001000  00000000  00001000  RWIX
  FLASH_BANK1_SEC6      00096000   00001000  00000000  00001000  RWIX
  FLASH_BANK1_SEC7      00097000   00001000  00000000  00001000  RWIX
  FLASH_BANK1_SEC8      00098000   00001000  00000000  00001000  RWIX
  FLASH_BANK1_SEC9      00099000   00001000  00000000  00001000  RWIX
  FLASH_BANK1_SEC10     0009a000   00001000  00000000  00001000  RWIX
  FLASH_BANK1_SEC11     0009b000   00001000  00000000  00001000  RWIX
  FLASH_BANK1_SEC12     0009c000   00001000  00000000  00001000  RWIX
  FLASH_BANK1_SEC13     0009d000   00001000  00000000  00001000  RWIX
  FLASH_BANK1_SEC14     0009e000   00001000  00000000  00001000  RWIX
  FLASH_BANK1_SEC15     0009f000   00001000  00000000  00001000  RWIX
  RESET                 003fffc0   00000002  00000000  00000002  RWIX

PAGE 1:
  BOOT_RSVD             00000002   000000f1  00000000  000000f1  RWIX
  RAMM1                 00000400   000003f8  000003f8  00000000  RWIX
  RAMLS5                0000a800   00000800  0000034c  000004b4  RWIX
  RAMLS6                0000b000   00000800  00000000  00000800  RWIX
  RAMLS7                0000b800   00000800  00000000  00000800  RWIX
  RAMGS0                0000c000   00002000  00000000  00002000  RWIX
  RAMGS1                0000e000   00002000  00000000  00002000  RWIX
  RAMGS2                00010000   00002000  00000000  00002000  RWIX
  RAMGS3                00012000   00001ff8  00000000  00001ff8  RWIX


SECTION ALLOCATION MAP

 output                                  attributes/
section   page    origin      length       input sections
--------  ----  ----------  ----------   ----------------
codestart 
*          0    00000000    00000002     
                  00000000    00000002     f28004x_codestartbranch.obj (codestart)

.TI.ramfunc 
*          0    000000f6    00000004     
                  000000f6    00000004     driverlib_eabi.lib : sysctl.obj (.TI.ramfunc)

.cinit     0    000000fa    00000012     
                  000000fa    00000009     (.cinit..data.load) [load image, compression = lzss]
                  00000103    00000001     --HOLE-- [fill = 0]
                  00000104    00000004     (__TI_handler_table)
                  00000108    00000004     (__TI_cinit_table)

.reset     0    003fffc0    00000000     DSECT

.stack     1    00000400    000003f8     UNINITIALIZED
                  00000400    000003f8     --HOLE--

.init_array 
*          0    000000f6    00000000     UNINITIALIZED

.const     1    0000a800    00000340     
                  0000a800    0000009a     driverlib_eabi.lib : sysctl.obj (.const:.string)
                  0000a89a    00000098                        : gpio.obj (.const:.string)
                  0000a932    00000097                        : sci.obj (.const:.string)
                  0000a9c9    00000001     --HOLE-- [fill = 0]
                  0000a9ca    00000050                        : cputimer.obj (.const:.string)
                  0000aa1a    0000004d                        : cmpss.obj (.const:.string)
                  0000aa67    00000001     --HOLE-- [fill = 0]
                  0000aa68    0000004d                        : pmbus.obj (.const:.string)
                  0000aab5    00000001     --HOLE-- [fill = 0]
                  0000aab6    0000004c                        : ecap.obj (.const:.string)
                  0000ab02    0000003e     board.obj (.const:.string)

.data      1    0000ab40    0000000c     UNINITIALIZED
                  0000ab40    00000006     rts2800_fpu32_eabi.lib : exit.c.obj (.data)
                  0000ab46    00000002                            : _lock.c.obj (.data:_lock)
                  0000ab48    00000002                            : _lock.c.obj (.data:_unlock)
                  0000ab4a    00000002     main.obj (.data)

.text.1    0    00008000    00000800     
                  00008000    000005fc     board.obj (.text:EPWM_init)
                  000085fc    00000179     board.obj (.text:PinMux_init)
                  00008775    00000082     board.obj (.text:M_CMPSS2_init)
                  000087f7    00000009     board.obj (.text:CMPSS_init)

.text.2    0    00008800    00000800     
                  00008800    00000119     driverlib_eabi.lib : pmbus.obj (.text:PMBus_configBusClock)
                  00008919    000000d7     device.obj (.text:Device_enableAllPeripherals)
                  000089f0    000000c0     driverlib_eabi.lib : sysctl.obj (.text:SysCtl_setClock)
                  00008ab0    000000bd                        : sysctl.obj (.text:SysCtl_isPLLValid)
                  00008b6d    00000081     board.obj (.text:M_CMPSS1_init)
                  00008bee    00000081     board.obj (.text:M_CMPSS3_init)
                  00008c6f    00000081     board.obj (.text:M_CMPSS4_init)
                  00008cf0    00000075     board.obj (.text:mySCI0_init)
                  00008d65    00000073     driverlib_eabi.lib : sysctl.obj (.text:DCC_setCounterSeeds)
                  00008dd8    00000073     device.obj (.text:Device_init)
                  00008e4b    00000066     driverlib_eabi.lib : pmbus.obj (.text:PMBus_configModuleClock)
                  00008eb1    0000005e                        : sysctl.obj (.text:SysCtl_getClock)
                  00008f0f    0000005b     main.obj (.text:main)
                  00008f6a    00000058     board.obj (.text:EPWM_setActionQualifierAction)
                  00008fc2    0000003e     driverlib_eabi.lib : sci.obj (.text:SCI_setConfig)

.text.3    0    00009000    00000800     
                  00009000    00000052     driverlib_eabi.lib : gpio.obj (.text:GPIO_setPadConfig)
                  00009052    0000004d     board.obj (.text:M_ADC_A_init)
                  0000909f    0000004c     board.obj (.text:M_ADC_B_init)
                  000090eb    0000004c     board.obj (.text:M_ADC_C_init)
                  00009137    00000049     driverlib_eabi.lib : cmpss.obj (.text:CMPSS_configFilterHigh)
                  00009180    00000049                        : cmpss.obj (.text:CMPSS_configFilterLow)
                  000091c9    00000049                        : sysctl.obj (.text:SysCtl_selectOscSource)
                  00009212    00000048                        : cmpss.obj (.text:CMPSS_configRamp)
                  0000925a    00000045                        : sci.obj (.text:SCI_clearInterruptStatus)
                  0000929f    00000045                        : sysctl.obj (.text:SysCtl_pollX1Counter)
                  000092e4    00000041     board.obj (.text:myPMBUS0_init)
                  00009325    0000003d     driverlib_eabi.lib : interrupt.obj (.text:Interrupt_initModule)
                  00009362    0000003a                        : gpio.obj (.text:GPIO_setAnalogMode)
                  0000939c    0000003a     board.obj (.text:myECAP0_init)
                  000093d6    00000037     driverlib_eabi.lib : gpio.obj (.text:GPIO_setControllerCore)
                  0000940d    00000037                        : gpio.obj (.text:GPIO_setPinConfig)
                  00009444    00000037                        : gpio.obj (.text:GPIO_setQualificationMode)
                  0000947b    00000037                        : interrupt.obj (.text:Interrupt_enable)
                  000094b2    00000036                        : sysctl.obj (.text:SysCtl_selectXTAL)
                  000094e8    00000036     board.obj (.text:myCPUTIMER2_init)
                  0000951e    00000034     driverlib_eabi.lib : gpio.obj (.text:GPIO_setInterruptPin)
                  00009552    00000031                        : gpio.obj (.text:GPIO_setDirectionMode)
                  00009583    00000031     board.obj (.text:SYNC_init)
                  000095b4    00000030     rts2800_fpu32_eabi.lib : copy_decompress_lzss.c.obj (.text:decompress:lzss)
                  000095e4    0000002d     driverlib_eabi.lib : pmbus.obj (.text:PMBus_initControllerMode)
                  00009611    0000002b                        : cmpss.obj (.text:CMPSS_configLatchOnPWMSYNC)
                  0000963c    0000002b     rts2800_fpu32_eabi.lib : autoinit.c.obj (.text:__TI_auto_init_nobinit_nopinit)
                  00009667    00000029                            : exit.c.obj (.text)
                  00009690    00000028     driverlib_eabi.lib : adc.obj (.text:ADC_setOffsetTrimAll)
                  000096b8    00000027                        : cmpss.obj (.text:CMPSS_isBaseValid)
                  000096df    00000027                        : ecap.obj (.text:ECAP_isBaseValid)
                  00009706    00000027     board.obj (.text:myCPUTIMER0_init)
                  0000972d    00000026     board.obj (.text:myCPUTIMER1_init)
                  00009753    00000024     driverlib_eabi.lib : sysctl.obj (.text:DCC_enableSingleShotMode)
                  00009777    00000022     board.obj (.text:INTERRUPT_init)
                  00009799    00000020     driverlib_eabi.lib : sysctl.obj (.text:SysCtl_selectXTALSingleEnded)
                  000097b9    00000020                        : gpio.obj (.text:XBAR_setInputPin)
                  000097d9    0000001f     main.obj (.text:FAULT_INPUT1_ISR)
                  000097f8    00000008     rts2800_fpu32_eabi.lib : copy_decompress_none.c.obj (.text:decompress:none)

.text.4    0    00009800    000004d6     
                  00009800    0000001f     main.obj (.text:FAULT_INPUT2_ISR)
                  0000981f    0000001f     board.obj (.text:GPIO_init)
                  0000983e    0000001f     board.obj (.text:myDAC0_init)
                  0000985d    0000001f     board.obj (.text:myDAC1_init)
                  0000987c    0000001e     driverlib_eabi.lib : sysctl.obj (.text:DCC_setCounter1ClkSource)
                  0000989a    0000001e                        : ecap.obj (.text:ECAP_setEmulationMode)
                  000098b8    0000001e                        : interrupt.obj (.text:Interrupt_initVectorTable)
                  000098d6    0000001d     board.obj (.text:Board_init)
                  000098f3    0000001d     rts2800_fpu32_eabi.lib : memcpy.c.obj (.text)
                  00009910    0000001c     driverlib_eabi.lib : sysctl.obj (.text:DCC_setCounter0ClkSource)
                  0000992c    0000001a                        : sysctl.obj (.text:SysCtl_getLowSpeedClock)
                  00009946    00000018                        : sci.obj (.text:SCI_disableModule)
                  0000995e    00000018                        : sci.obj (.text:SCI_performSoftwareReset)
                  00009976    00000018     board.obj (.text:STATUS2_init)
                  0000998e    00000017     driverlib_eabi.lib : cputimer.obj (.text:CPUTimer_isBaseValid)
                  000099a5    00000017     board.obj (.text:STATUS1_init)
                  000099bc    00000017     driverlib_eabi.lib : sysctl.obj (.text:SysCtl_enablePeripheral)
                  000099d3    00000017     rts2800_fpu32_eabi.lib : boot28.asm.obj (.text)
                  000099ea    00000016     driverlib_eabi.lib : sysctl.obj (.text:DCC_disableDoneSignal)
                  00009a00    00000016                        : sysctl.obj (.text:DCC_enableDoneSignal)
                  00009a16    00000016                        : interrupt.obj (.text:Interrupt_defaultHandler)
                  00009a2c    00000015                        : sysctl.obj (.text:DCC_clearDoneFlag)
                  00009a41    00000015                        : sysctl.obj (.text:DCC_clearErrorFlag)
                  00009a56    00000015                        : sysctl.obj (.text:DCC_disableErrorSignal)
                  00009a6b    00000015                        : sysctl.obj (.text:DCC_enableErrorSignal)
                  00009a80    00000014     board.obj (.text:ACTIVE1_init)
                  00009a94    00000014     board.obj (.text:ACTIVE2_init)
                  00009aa8    00000014     driverlib_eabi.lib : sysctl.obj (.text:DCC_disableModule)
                  00009abc    00000014                        : sysctl.obj (.text:DCC_enableModule)
                  00009ad0    00000014     board.obj (.text:DEBUG1_init)
                  00009ae4    00000014     board.obj (.text:DEBUG2_init)
                  00009af8    00000014     board.obj (.text:FAN1_init)
                  00009b0c    00000014     board.obj (.text:FAN2_init)
                  00009b20    00000014     board.obj (.text:FAULT_INPUT1_init)
                  00009b34    00000014     board.obj (.text:FAULT_INPUT2_init)
                  00009b48    00000014     board.obj (.text:FAULT_OUTPUT_init)
                  00009b5c    00000014     driverlib_eabi.lib : gpio.obj (.text:GPIO_isPinValid)
                  00009b70    00000014     board.obj (.text:PRIM_ZCD1_init)
                  00009b84    00000014     board.obj (.text:PRIM_ZCD2_init)
                  00009b98    00000014     board.obj (.text:SEC_ZCD1_init)
                  00009bac    00000014     board.obj (.text:SEC_ZCD2_init)
                  00009bc0    00000013     driverlib_eabi.lib : cputimer.obj (.text:CPUTimer_setEmulationMode)
                  00009bd3    00000013                        : sci.obj (.text:SCI_enableModule)
                  00009be6    00000013                        : sci.obj (.text:SCI_isBaseValid)
                  00009bf9    00000010                        : sysctl.obj (.text:DCC_isBaseValid)
                  00009c09    00000010     device.obj (.text:Device_initGPIO)
                  00009c19    00000010     main.obj (.text:ISR1)
                  00009c29    0000000f     driverlib_eabi.lib : pmbus.obj (.text:PMBus_isBaseValid)
                  00009c38    0000000d     board.obj (.text:ASYSCTL_init)
                  00009c45    0000000d     main.obj (.text:ISR2)
                  00009c52    0000000d     main.obj (.text:ISR3)
                  00009c5f    0000000d     driverlib_eabi.lib : interrupt.obj (.text:Interrupt_disableGlobal)
                  00009c6c    0000000d                        : interrupt.obj (.text:Interrupt_enableGlobal)
                  00009c79    0000000c     rts2800_fpu32_eabi.lib : args_main.c.obj (.text)
                  00009c85    0000000b     driverlib_eabi.lib : sysctl.obj (.text:SysCtl_isMCDClockFailureDetected)
                  00009c90    0000000a                        : interrupt.obj (.text:Interrupt_illegalOperationHandler)
                  00009c9a    0000000a                        : interrupt.obj (.text:Interrupt_nmiHandler)
                  00009ca4    00000009     rts2800_fpu32_eabi.lib : _lock.c.obj (.text)
                  00009cad    00000008     f28004x_codestartbranch.obj (.text)
                  00009cb5    00000007     board.obj (.text:ADC_init)
                  00009cbc    00000007     board.obj (.text:CPUTIMER_init)
                  00009cc3    00000007     driverlib_eabi.lib : sysctl.obj (.text:SysCtl_resetMCD)
                  00009cca    00000005     board.obj (.text:DAC_init)
                  00009ccf    00000003     device.obj (.text:__error__)
                  00009cd2    00000002     rts2800_fpu32_eabi.lib : pre_init.c.obj (.text)
                  00009cd4    00000001     c2000ware_libraries.obj (.text:C2000Ware_libraries_init)
                  00009cd5    00000001     rts2800_fpu32_eabi.lib : startup.c.obj (.text)

MODULE SUMMARY

       Module                        code   ro data   rw data
       ------                        ----   -------   -------
    .\
       main.obj                      195    0         2      
    +--+-----------------------------+------+---------+---------+
       Total:                        195    0         2      
                                                             
    .\device\
       device.obj                    349    0         0      
       f28004x_codestartbranch.obj   10     0         0      
    +--+-----------------------------+------+---------+---------+
       Total:                        359    0         0      
                                                             
    .\syscfg\
       board.obj                     3667   62        0      
       c2000ware_libraries.obj       1      0         0      
    +--+-----------------------------+------+---------+---------+
       Total:                        3668   62        0      
                                                             
    C:\ti\C2000Ware_5_01_00_00\driverlib\f28004x\driverlib\ccs\Debug\driverlib_eabi.lib
       sysctl.obj                    1167   154       0      
       gpio.obj                      458    152       0      
       pmbus.obj                     443    77        0      
       cmpss.obj                     300    77        0      
       sci.obj                       217    151       0      
       interrupt.obj                 214    0         0      
       ecap.obj                      69     76        0      
       cputimer.obj                  42     80        0      
       adc.obj                       40     0         0      
    +--+-----------------------------+------+---------+---------+
       Total:                        2950   767       0      
                                                             
    C:\ti\ccstheia140\ccs\tools\compiler\ti-cgt-c2000_22.6.1A23259\lib\rts2800_fpu32_eabi.lib
       copy_decompress_lzss.c.obj    48     0         0      
       exit.c.obj                    41     0         6      
       autoinit.c.obj                43     0         0      
       memcpy.c.obj                  29     0         0      
       boot28.asm.obj                23     0         0      
       _lock.c.obj                   9      0         4      
       args_main.c.obj               12     0         0      
       copy_decompress_none.c.obj    8      0         0      
       pre_init.c.obj                2      0         0      
       startup.c.obj                 1      0         0      
    +--+-----------------------------+------+---------+---------+
       Total:                        216    0         10     
                                                             
       Stack:                        0      0         1016   
       Linker Generated:             0      17        0      
    +--+-----------------------------+------+---------+---------+
       Grand Total:                  7388   846       1028   


LINKER GENERATED COPY TABLES

__TI_cinit_table @ 00000108 records: 1, size/record: 4, table size: 4
	.data: load addr=000000fa, load size=00000009 bytes, run addr=0000ab40, run size=0000000c bytes, compression=lzss


LINKER GENERATED HANDLER TABLE

__TI_handler_table @ 00000104 records: 2, size/record: 2, table size: 4
	index: 0, handler: __TI_decompress_lzss
	index: 1, handler: __TI_decompress_none


GLOBAL DATA SYMBOLS: SORTED BY DATA PAGE

address     data page           name
--------    ----------------    ----
00000400      10 (00000400)     __stack

0000ab40     2ad (0000ab40)     __TI_enable_exit_profile_output
0000ab42     2ad (0000ab40)     __TI_cleanup_ptr
0000ab44     2ad (0000ab40)     __TI_dtors_ptr
0000ab46     2ad (0000ab40)     _lock
0000ab48     2ad (0000ab40)     _unlock
0000ab4a     2ad (0000ab40)     fault_input1_flag
0000ab4b     2ad (0000ab40)     fault_input2_flag


GLOBAL SYMBOLS: SORTED ALPHABETICALLY BY Name 

page  address   name                             
----  -------   ----                             
0     00009a80  ACTIVE1_init                     
0     00009a94  ACTIVE2_init                     
0     00009cb5  ADC_init                         
0     00009690  ADC_setOffsetTrimAll             
0     00009c38  ASYSCTL_init                     
0     000098d6  Board_init                       
0     00009667  C$$EXIT                          
0     00009cd4  C2000Ware_libraries_init         
0     00009137  CMPSS_configFilterHigh           
0     00009180  CMPSS_configFilterLow            
0     00009611  CMPSS_configLatchOnPWMSYNC       
0     00009212  CMPSS_configRamp                 
0     000087f7  CMPSS_init                       
0     00009cbc  CPUTIMER_init                    
0     00009bc0  CPUTimer_setEmulationMode        
0     00009cca  DAC_init                         
0     00009ad0  DEBUG1_init                      
0     00009ae4  DEBUG2_init                      
0     00008919  Device_enableAllPeripherals      
0     00008dd8  Device_init                      
0     00009c09  Device_initGPIO                  
0     0000939c  ECAP_init                        
0     0000989a  ECAP_setEmulationMode            
0     00008000  EPWM_init                        
0     00009af8  FAN1_init                        
0     00009b0c  FAN2_init                        
0     000097d9  FAULT_INPUT1_ISR                 
0     00009b20  FAULT_INPUT1_init                
0     00009800  FAULT_INPUT2_ISR                 
0     00009b34  FAULT_INPUT2_init                
0     00009b48  FAULT_OUTPUT_init                
0     0000981f  GPIO_init                        
0     00009362  GPIO_setAnalogMode               
0     000093d6  GPIO_setControllerCore           
0     00009552  GPIO_setDirectionMode            
0     0000951e  GPIO_setInterruptPin             
0     00009000  GPIO_setPadConfig                
0     0000940d  GPIO_setPinConfig                
0     00009444  GPIO_setQualificationMode        
0     00009777  INTERRUPT_init                   
0     00009c19  ISR1                             
0     00009c45  ISR2                             
0     00009c52  ISR3                             
0     00009a16  Interrupt_defaultHandler         
0     0000947b  Interrupt_enable                 
0     00009c90  Interrupt_illegalOperationHandler
0     00009325  Interrupt_initModule             
0     000098b8  Interrupt_initVectorTable        
0     00009c9a  Interrupt_nmiHandler             
0     00009052  M_ADC_A_init                     
0     0000909f  M_ADC_B_init                     
0     000090eb  M_ADC_C_init                     
0     00008b6d  M_CMPSS1_init                    
0     00008775  M_CMPSS2_init                    
0     00008bee  M_CMPSS3_init                    
0     00008c6f  M_CMPSS4_init                    
0     000092e4  PMBUS_init                       
0     00008800  PMBus_configBusClock             
0     00008e4b  PMBus_configModuleClock          
0     000095e4  PMBus_initControllerMode         
0     00009b70  PRIM_ZCD1_init                   
0     00009b84  PRIM_ZCD2_init                   
0     000085fc  PinMux_init                      
0     0000925a  SCI_clearInterruptStatus         
0     00008cf0  SCI_init                         
0     00008fc2  SCI_setConfig                    
0     00009b98  SEC_ZCD1_init                    
0     00009bac  SEC_ZCD2_init                    
0     000099a5  STATUS1_init                     
0     00009976  STATUS2_init                     
0     00009583  SYNC_init                        
0     000000f6  SysCtl_delay                     
0     00008eb1  SysCtl_getClock                  
0     0000992c  SysCtl_getLowSpeedClock          
0     00008ab0  SysCtl_isPLLValid                
0     000091c9  SysCtl_selectOscSource           
0     000094b2  SysCtl_selectXTAL                
0     00009799  SysCtl_selectXTALSingleEnded     
0     000089f0  SysCtl_setClock                  
0     00000108  __TI_CINIT_Base                  
0     0000010c  __TI_CINIT_Limit                 
0     0000010c  __TI_CINIT_Warm                  
0     00000104  __TI_Handler_Table_Base          
0     00000108  __TI_Handler_Table_Limit         
1     000007f8  __TI_STACK_END                   
abs   000003f8  __TI_STACK_SIZE                  
0     0000963c  __TI_auto_init_nobinit_nopinit   
1     0000ab42  __TI_cleanup_ptr                 
0     000095b4  __TI_decompress_lzss             
0     000097f8  __TI_decompress_none             
1     0000ab44  __TI_dtors_ptr                   
1     0000ab40  __TI_enable_exit_profile_output  
abs   ffffffff  __TI_pprof_out_hndl              
abs   ffffffff  __TI_prof_data_size              
abs   ffffffff  __TI_prof_data_start             
n/a   UNDEFED   __c_args__                       
0     00009ccf  __error__                        
1     00000400  __stack                          
0     00009c79  _args_main                       
0     000099d3  _c_int00                         
1     0000ab46  _lock                            
0     00009cac  _nop                             
0     00009ca8  _register_lock                   
0     00009ca4  _register_unlock                 
0     00009cd5  _system_post_cinit               
0     00009cd2  _system_pre_init                 
1     0000ab48  _unlock                          
0     00009667  abort                            
0     00000000  code_start                       
0     00009669  exit                             
1     0000ab4a  fault_input1_flag                
1     0000ab4b  fault_input2_flag                
0     00008f0f  main                             
0     000098f3  memcpy                           
0     00009706  myCPUTIMER0_init                 
0     0000972d  myCPUTIMER1_init                 
0     000094e8  myCPUTIMER2_init                 
0     0000983e  myDAC0_init                      
0     0000985d  myDAC1_init                      
0     0000939c  myECAP0_init                     
0     000092e4  myPMBUS0_init                    
0     00008cf0  mySCI0_init                      


GLOBAL SYMBOLS: SORTED BY Symbol Address 

page  address   name                             
----  -------   ----                             
0     00000000  code_start                       
0     000000f6  SysCtl_delay                     
0     00000104  __TI_Handler_Table_Base          
0     00000108  __TI_CINIT_Base                  
0     00000108  __TI_Handler_Table_Limit         
0     0000010c  __TI_CINIT_Limit                 
0     0000010c  __TI_CINIT_Warm                  
0     00008000  EPWM_init                        
0     000085fc  PinMux_init                      
0     00008775  M_CMPSS2_init                    
0     000087f7  CMPSS_init                       
0     00008800  PMBus_configBusClock             
0     00008919  Device_enableAllPeripherals      
0     000089f0  SysCtl_setClock                  
0     00008ab0  SysCtl_isPLLValid                
0     00008b6d  M_CMPSS1_init                    
0     00008bee  M_CMPSS3_init                    
0     00008c6f  M_CMPSS4_init                    
0     00008cf0  SCI_init                         
0     00008cf0  mySCI0_init                      
0     00008dd8  Device_init                      
0     00008e4b  PMBus_configModuleClock          
0     00008eb1  SysCtl_getClock                  
0     00008f0f  main                             
0     00008fc2  SCI_setConfig                    
0     00009000  GPIO_setPadConfig                
0     00009052  M_ADC_A_init                     
0     0000909f  M_ADC_B_init                     
0     000090eb  M_ADC_C_init                     
0     00009137  CMPSS_configFilterHigh           
0     00009180  CMPSS_configFilterLow            
0     000091c9  SysCtl_selectOscSource           
0     00009212  CMPSS_configRamp                 
0     0000925a  SCI_clearInterruptStatus         
0     000092e4  PMBUS_init                       
0     000092e4  myPMBUS0_init                    
0     00009325  Interrupt_initModule             
0     00009362  GPIO_setAnalogMode               
0     0000939c  ECAP_init                        
0     0000939c  myECAP0_init                     
0     000093d6  GPIO_setControllerCore           
0     0000940d  GPIO_setPinConfig                
0     00009444  GPIO_setQualificationMode        
0     0000947b  Interrupt_enable                 
0     000094b2  SysCtl_selectXTAL                
0     000094e8  myCPUTIMER2_init                 
0     0000951e  GPIO_setInterruptPin             
0     00009552  GPIO_setDirectionMode            
0     00009583  SYNC_init                        
0     000095b4  __TI_decompress_lzss             
0     000095e4  PMBus_initControllerMode         
0     00009611  CMPSS_configLatchOnPWMSYNC       
0     0000963c  __TI_auto_init_nobinit_nopinit   
0     00009667  C$$EXIT                          
0     00009667  abort                            
0     00009669  exit                             
0     00009690  ADC_setOffsetTrimAll             
0     00009706  myCPUTIMER0_init                 
0     0000972d  myCPUTIMER1_init                 
0     00009777  INTERRUPT_init                   
0     00009799  SysCtl_selectXTALSingleEnded     
0     000097d9  FAULT_INPUT1_ISR                 
0     000097f8  __TI_decompress_none             
0     00009800  FAULT_INPUT2_ISR                 
0     0000981f  GPIO_init                        
0     0000983e  myDAC0_init                      
0     0000985d  myDAC1_init                      
0     0000989a  ECAP_setEmulationMode            
0     000098b8  Interrupt_initVectorTable        
0     000098d6  Board_init                       
0     000098f3  memcpy                           
0     0000992c  SysCtl_getLowSpeedClock          
0     00009976  STATUS2_init                     
0     000099a5  STATUS1_init                     
0     000099d3  _c_int00                         
0     00009a16  Interrupt_defaultHandler         
0     00009a80  ACTIVE1_init                     
0     00009a94  ACTIVE2_init                     
0     00009ad0  DEBUG1_init                      
0     00009ae4  DEBUG2_init                      
0     00009af8  FAN1_init                        
0     00009b0c  FAN2_init                        
0     00009b20  FAULT_INPUT1_init                
0     00009b34  FAULT_INPUT2_init                
0     00009b48  FAULT_OUTPUT_init                
0     00009b70  PRIM_ZCD1_init                   
0     00009b84  PRIM_ZCD2_init                   
0     00009b98  SEC_ZCD1_init                    
0     00009bac  SEC_ZCD2_init                    
0     00009bc0  CPUTimer_setEmulationMode        
0     00009c09  Device_initGPIO                  
0     00009c19  ISR1                             
0     00009c38  ASYSCTL_init                     
0     00009c45  ISR2                             
0     00009c52  ISR3                             
0     00009c79  _args_main                       
0     00009c90  Interrupt_illegalOperationHandler
0     00009c9a  Interrupt_nmiHandler             
0     00009ca4  _register_unlock                 
0     00009ca8  _register_lock                   
0     00009cac  _nop                             
0     00009cb5  ADC_init                         
0     00009cbc  CPUTIMER_init                    
0     00009cca  DAC_init                         
0     00009ccf  __error__                        
0     00009cd2  _system_pre_init                 
0     00009cd4  C2000Ware_libraries_init         
0     00009cd5  _system_post_cinit               
1     00000400  __stack                          
1     000007f8  __TI_STACK_END                   
1     0000ab40  __TI_enable_exit_profile_output  
1     0000ab42  __TI_cleanup_ptr                 
1     0000ab44  __TI_dtors_ptr                   
1     0000ab46  _lock                            
1     0000ab48  _unlock                          
1     0000ab4a  fault_input1_flag                
1     0000ab4b  fault_input2_flag                
abs   000003f8  __TI_STACK_SIZE                  
abs   ffffffff  __TI_pprof_out_hndl              
abs   ffffffff  __TI_prof_data_size              
abs   ffffffff  __TI_prof_data_start             
n/a   UNDEFED   __c_args__                       

[122 symbols]
