******************************************************************************
             TMS320C2000 Linker PC v22.6.0                     
******************************************************************************
>> Linked Mon Sep  2 16:12:34 2024

OUTPUT FILE NAME:   <Multiphase-Interleaved-CLLC.out>
ENTRY POINT SYMBOL: "code_start"  address: 00080000


MEMORY CONFIGURATION

         name            origin    length      used     unused   attr    fill
----------------------  --------  ---------  --------  --------  ----  --------
PAGE 0:
  RAMM0                 000000f6   0000030a  00000000  0000030a  RWIX
  RAMLS0                00008000   00000800  00000129  000006d7  RWIX
  RAMLS1                00008800   00000800  00000000  00000800  RWIX
  RAMLS2                00009000   00000800  00000000  00000800  RWIX
  RAMLS3                00009800   00000800  00000000  00000800  RWIX
  RAMLS4                0000a000   00000800  00000000  00000800  RWIX
  BEGIN                 00080000   00000002  00000002  00000000  RWIX
  FLASH_BANK0_SEC0      00080002   00000ffe  00000000  00000ffe  RWIX
  FLASH_BANK0_SEC1      00081000   00001000  0000013d  00000ec3  RWIX
  FLASH_BANK0_SEC2      00082000   00001000  00001000  00000000  RWIX
  FLASH_BANK0_SEC3      00083000   00001000  00000178  00000e88  RWIX
  FLASH_BANK0_SEC4      00084000   00001000  000002bd  00000d43  RWIX
  FLASH_BANK0_SEC5      00085000   00001000  00000000  00001000  RWIX
  FLASH_BANK0_SEC6      00086000   00001000  00000000  00001000  RWIX
  FLASH_BANK0_SEC7      00087000   00001000  00000000  00001000  RWIX
  FLASH_BANK0_SEC8      00088000   00001000  00000000  00001000  RWIX
  FLASH_BANK0_SEC9      00089000   00001000  00000000  00001000  RWIX
  FLASH_BANK0_SEC10     0008a000   00001000  00000000  00001000  RWIX
  FLASH_BANK0_SEC11     0008b000   00001000  00000000  00001000  RWIX
  FLASH_BANK0_SEC12     0008c000   00001000  00000000  00001000  RWIX
  FLASH_BANK0_SEC13     0008d000   00001000  00000000  00001000  RWIX
  FLASH_BANK0_SEC14     0008e000   00001000  00000000  00001000  RWIX
  FLASH_BANK0_SEC15     0008f000   00001000  00000000  00001000  RWIX
  FLASH_BANK1_SEC0      00090000   00001000  00000000  00001000  RWIX
  FLASH_BANK1_SEC1      00091000   00001000  00000000  00001000  RWIX
  FLASH_BANK1_SEC2      00092000   00001000  00000000  00001000  RWIX
  FLASH_BANK1_SEC3      00093000   00001000  00000000  00001000  RWIX
  FLASH_BANK1_SEC4      00094000   00001000  00000000  00001000  RWIX
  FLASH_BANK1_SEC5      00095000   00001000  00000000  00001000  RWIX
  FLASH_BANK1_SEC6      00096000   00001000  00000000  00001000  RWIX
  FLASH_BANK1_SEC7      00097000   00001000  00000000  00001000  RWIX
  FLASH_BANK1_SEC8      00098000   00001000  00000000  00001000  RWIX
  FLASH_BANK1_SEC9      00099000   00001000  00000000  00001000  RWIX
  FLASH_BANK1_SEC10     0009a000   00001000  00000000  00001000  RWIX
  FLASH_BANK1_SEC11     0009b000   00001000  00000000  00001000  RWIX
  FLASH_BANK1_SEC12     0009c000   00001000  00000000  00001000  RWIX
  FLASH_BANK1_SEC13     0009d000   00001000  00000000  00001000  RWIX
  FLASH_BANK1_SEC14     0009e000   00001000  00000000  00001000  RWIX
  FLASH_BANK1_SEC15     0009f000   00000ff0  00000000  00000ff0  RWIX
  RESET                 003fffc0   00000002  00000000  00000002  RWIX

PAGE 1:
  BOOT_RSVD             00000002   000000f1  00000000  000000f1  RWIX
  RAMM1                 00000400   000003f8  000003f8  00000000  RWIX
  RAMLS5                0000a800   00000800  0000000e  000007f2  RWIX
  RAMLS6                0000b000   00000800  00000000  00000800  RWIX
  RAMLS7                0000b800   00000800  00000000  00000800  RWIX
  RAMGS0                0000c000   00002000  00000000  00002000  RWIX
  RAMGS1                0000e000   00002000  00000000  00002000  RWIX
  RAMGS2                00010000   00002000  00000000  00002000  RWIX
  RAMGS3                00012000   00001ff8  00000000  00001ff8  RWIX


SECTION ALLOCATION MAP

 output                                  attributes/
section   page    origin      length       input sections
--------  ----  ----------  ----------   ----------------
codestart 
*          0    00080000    00000002     
                  00080000    00000002     f28004x_codestartbranch.obj (codestart)

.cinit     0    0008112c    00000014     
                  0008112c    00000009     (.cinit..data.load) [load image, compression = lzss]
                  00081135    00000001     --HOLE-- [fill = 0]
                  00081136    00000004     (__TI_handler_table)
                  0008113a    00000002     --HOLE-- [fill = 0]
                  0008113c    00000004     (__TI_cinit_table)

.reset     0    003fffc0    00000000     DSECT

.stack     1    00000400    000003f8     UNINITIALIZED
                  00000400    000003f8     --HOLE--

.init_array 
*          0    00081000    00000000     UNINITIALIZED

.data      1    0000a800    0000000e     UNINITIALIZED
                  0000a800    00000006     rts2800_fpu32_eabi.lib : exit.c.obj (.data)
                  0000a806    00000004     main.obj (.data)
                  0000a80a    00000002     rts2800_fpu32_eabi.lib : _lock.c.obj (.data:_lock)
                  0000a80c    00000002                            : _lock.c.obj (.data:_unlock)

.const     0    00084000    000002bd     
                  00084000    0000009b     driverlib_eabi.lib : flash.obj (.const:.string)
                  0008409b    00000001     --HOLE-- [fill = 0]
                  0008409c    0000009a                        : sysctl.obj (.const:.string)
                  00084136    00000098                        : gpio.obj (.const:.string)
                  000841ce    00000051                        : interrupt.obj (.const:.string)
                  0008421f    00000001     --HOLE-- [fill = 0]
                  00084220    00000050                        : cputimer.obj (.const:.string)
                  00084270    0000004d                        : cmpss.obj (.const:.string)

.TI.ramfunc 
*          0    00081000    00000129     RUN ADDR = 00008000
                  00081000    00000044     driverlib_eabi.lib : flash.obj (.TI.ramfunc:Flash_initModule)
                  00081044    0000002c                        : flash.obj (.TI.ramfunc:Flash_setBankPowerMode)
                  00081070    00000024                        : flash.obj (.TI.ramfunc:Flash_setWaitstates)
                  00081094    0000001d                        : flash.obj (.TI.ramfunc:Flash_setPumpPowerMode)
                  000810b1    00000018                        : flash.obj (.TI.ramfunc:Flash_disableCache)
                  000810c9    00000018                        : flash.obj (.TI.ramfunc:Flash_disablePrefetch)
                  000810e1    00000017                        : flash.obj (.TI.ramfunc:Flash_enableCache)
                  000810f8    00000017                        : flash.obj (.TI.ramfunc:Flash_enablePrefetch)
                  0008110f    00000016                        : flash.obj (.TI.ramfunc:Flash_enableECC)
                  00081125    00000004                        : sysctl.obj (.TI.ramfunc)

.text.1    0    00082000    00001000     
                  00082000    0000017a     board.obj (.text:PinMux_init)
                  0008217a    000000d7     device.obj (.text:Device_enableAllPeripherals)
                  00082251    000000c0     driverlib_eabi.lib : sysctl.obj (.text:SysCtl_setClock)
                  00082311    000000bd                        : sysctl.obj (.text:SysCtl_isPLLValid)
                  000823ce    00000082     board.obj (.text:M_CMPSS2_init)
                  00082450    00000081     board.obj (.text:M_CMPSS1_init)
                  000824d1    00000081     board.obj (.text:M_CMPSS3_init)
                  00082552    00000081     board.obj (.text:M_CMPSS4_init)
                  000825d3    0000007f     driverlib_eabi.lib : interrupt.obj (.text:Interrupt_clearIFR)
                  00082652    00000073                        : sysctl.obj (.text:DCC_setCounterSeeds)
                  000826c5    00000073     device.obj (.text:Device_init)
                  00082738    0000005e     driverlib_eabi.lib : sysctl.obj (.text:SysCtl_getClock)
                  00082796    00000057     board.obj (.text:M_ADC_B_init)
                  000827ed    00000052     driverlib_eabi.lib : gpio.obj (.text:GPIO_setPadConfig)
                  0008283f    0000004e                        : interrupt.obj (.text:Interrupt_disable)
                  0008288d    0000004e     board.obj (.text:M_ADC_A_init)
                  000828db    0000004d     board.obj (.text:M_ADC_C_init)
                  00082928    00000049     driverlib_eabi.lib : cmpss.obj (.text:CMPSS_configFilterHigh)
                  00082971    00000049                        : cmpss.obj (.text:CMPSS_configFilterLow)
                  000829ba    00000049                        : sysctl.obj (.text:SysCtl_selectOscSource)
                  00082a03    00000048                        : cmpss.obj (.text:CMPSS_configRamp)
                  00082a4b    00000045                        : sysctl.obj (.text:SysCtl_pollX1Counter)
                  00082a90    0000003d                        : interrupt.obj (.text:Interrupt_initModule)
                  00082acd    0000003a                        : gpio.obj (.text:GPIO_setAnalogMode)
                  00082b07    00000037                        : gpio.obj (.text:GPIO_setPinConfig)
                  00082b3e    00000037                        : gpio.obj (.text:GPIO_setQualificationMode)
                  00082b75    00000036                        : sysctl.obj (.text:SysCtl_selectXTAL)
                  00082bab    00000034                        : gpio.obj (.text:GPIO_setInterruptPin)
                  00082bdf    00000034     board.obj (.text:myCPUTIMER2_init)
                  00082c13    00000031     driverlib_eabi.lib : gpio.obj (.text:GPIO_setDirectionMode)
                  00082c44    0000002e     rts2800_fpu32_eabi.lib : copy_decompress_lzss.c.obj (.text:decompress:lzss)
                  00082c72    0000002d     Mult_CLLC_HAL.obj (.text:MUlt_CLLC_HAL_setupBoardProtection)
                  00082c9f    0000002b     driverlib_eabi.lib : cmpss.obj (.text:CMPSS_configLatchOnPWMSYNC)
                  00082cca    0000002b     rts2800_fpu32_eabi.lib : autoinit.c.obj (.text:__TI_auto_init_nobinit_nopinit)
                  00082cf5    00000029                            : exit.c.obj (.text)
                  00082d1e    00000028     driverlib_eabi.lib : adc.obj (.text:ADC_setOffsetTrimAll)
                  00082d46    00000027                        : cmpss.obj (.text:CMPSS_isBaseValid)
                  00082d6d    00000026     board.obj (.text:myCPUTIMER0_init)
                  00082d93    00000025     main.obj (.text:main)
                  00082db8    00000024     driverlib_eabi.lib : sysctl.obj (.text:DCC_enableSingleShotMode)
                  00082ddc    00000024     board.obj (.text:myCPUTIMER1_init)
                  00082e00    00000020     driverlib_eabi.lib : sysctl.obj (.text:SysCtl_selectXTALSingleEnded)
                  00082e20    00000020                        : gpio.obj (.text:XBAR_setInputPin)
                  00082e40    0000001e                        : sysctl.obj (.text:DCC_setCounter1ClkSource)
                  00082e5e    0000001e                        : interrupt.obj (.text:Interrupt_initVectorTable)
                  00082e7c    0000001d     rts2800_fpu32_eabi.lib : memcpy.c.obj (.text)
                  00082e99    0000001c     driverlib_eabi.lib : sysctl.obj (.text:DCC_setCounter0ClkSource)
                  00082eb5    0000001a                        : sysctl.obj (.text:SysCtl_getLowSpeedClock)
                  00082ecf    00000018     Mult_CLLC_HAL.obj (.text:Mult_CLLC_HAL_setupDevice)
                  00082ee7    00000017     driverlib_eabi.lib : cputimer.obj (.text:CPUTimer_isBaseValid)
                  00082efe    00000017     board.obj (.text:INTERRUPT_init)
                  00082f15    00000017     driverlib_eabi.lib : sysctl.obj (.text:SysCtl_enablePeripheral)
                  00082f2c    00000017     rts2800_fpu32_eabi.lib : boot28.asm.obj (.text)
                  00082f43    00000016     driverlib_eabi.lib : sysctl.obj (.text:DCC_disableDoneSignal)
                  00082f59    00000016                        : sysctl.obj (.text:DCC_enableDoneSignal)
                  00082f6f    00000016                        : interrupt.obj (.text:Interrupt_defaultHandler)
                  00082f85    00000015                        : sysctl.obj (.text:DCC_clearDoneFlag)
                  00082f9a    00000015                        : sysctl.obj (.text:DCC_clearErrorFlag)
                  00082faf    00000015                        : sysctl.obj (.text:DCC_disableErrorSignal)
                  00082fc4    00000015                        : sysctl.obj (.text:DCC_enableErrorSignal)
                  00082fd9    00000014                        : sysctl.obj (.text:DCC_disableModule)
                  00082fed    00000013                        : cputimer.obj (.text:CPUTimer_setEmulationMode)

.text.2    0    00083000    00000178     
                  00083000    00000014     driverlib_eabi.lib : sysctl.obj (.text:DCC_enableModule)
                  00083014    00000014                        : gpio.obj (.text:GPIO_isPinValid)
                  00083028    00000010                        : sysctl.obj (.text:DCC_isBaseValid)
                  00083038    00000010     device.obj (.text:Device_initGPIO)
                  00083048    00000010     driverlib_eabi.lib : flash.obj (.text:Flash_isCtrlBaseValid)
                  00083058    00000010                        : flash.obj (.text:Flash_isECCBaseValid)
                  00083068    00000010     main.obj (.text:ISR1)
                  00083078    00000010     main.obj (.text:PZCD1_ISR)
                  00083088    0000000f     board.obj (.text:PRIM_ZCD1_XINT_init)
                  00083097    0000000d     board.obj (.text:ASYSCTL_init)
                  000830a4    0000000d     main.obj (.text:INT_M_EPWM3_TZ_ISR)
                  000830b1    0000000d     driverlib_eabi.lib : interrupt.obj (.text:Interrupt_disableGlobal)
                  000830be    0000000d                        : interrupt.obj (.text:Interrupt_enableGlobal)
                  000830cb    0000000c     rts2800_fpu32_eabi.lib : args_main.c.obj (.text)
                  000830d7    0000000b     board.obj (.text:INPUTXBAR_init)
                  000830e2    0000000b     driverlib_eabi.lib : sysctl.obj (.text:SysCtl_isMCDClockFailureDetected)
                  000830ed    0000000a                        : interrupt.obj (.text:Interrupt_illegalOperationHandler)
                  000830f7    0000000a                        : interrupt.obj (.text:Interrupt_nmiHandler)
                  00083101    00000009     board.obj (.text:CMPSS_init)
                  0008310a    00000009     Mult_CLLC_HAL.obj (.text:Mult_CLLC_HAL_disablePWMClkCounting)
                  00083113    00000009     rts2800_fpu32_eabi.lib : _lock.c.obj (.text)
                  0008311c    00000008     Mult_CLLC_HAL.obj (.text:Mult_CLLC_HAL_enablePWMClkCounting)
                  00083124    00000008     rts2800_fpu32_eabi.lib : copy_decompress_none.c.obj (.text:decompress:none)
                  0008312c    00000008     f28004x_codestartbranch.obj (.text)
                  00083134    00000007     board.obj (.text:ADC_init)
                  0008313b    00000007     board.obj (.text:CPUTIMER_init)
                  00083142    00000007     driverlib_eabi.lib : sysctl.obj (.text:SysCtl_resetMCD)
                  00083149    00000006     board.obj (.text:TZ1_init)
                  0008314f    00000006     board.obj (.text:TZ2_init)
                  00083155    00000006     board.obj (.text:myINPUTXBARINPUT0_init)
                  0008315b    00000006     board.obj (.text:myINPUTXBARINPUT1_init)
                  00083161    00000006     board.obj (.text:myINPUTXBARINPUT2_init)
                  00083167    00000005     Mult_CLLC_HAL.obj (.text:Mult_CLLC_HAL_setPins)
                  0008316c    00000005     Mult_CLLC_HAL.obj (.text:Mult_CLLC_HAL_setupADC)
                  00083171    00000003     device.obj (.text:__error__)
                  00083174    00000002     rts2800_fpu32_eabi.lib : pre_init.c.obj (.text)
                  00083176    00000001     Mult_CLLC_HAL.obj (.text:Mult_CLLC_HAL_setupLED)
                  00083177    00000001     rts2800_fpu32_eabi.lib : startup.c.obj (.text)

MODULE SUMMARY

       Module                        code   ro data   rw data
       ------                        ----   -------   -------
    .\
       main.obj                      82     0         4      
    +--+-----------------------------+------+---------+---------+
       Total:                        82     0         4      
                                                             
    .\BoardHAL\
       Mult_CLLC_HAL.obj             97     0         0      
    +--+-----------------------------+------+---------+---------+
       Total:                        97     0         0      
                                                             
    .\device\
       device.obj                    349    0         0      
       f28004x_codestartbranch.obj   10     0         0      
    +--+-----------------------------+------+---------+---------+
       Total:                        359    0         0      
                                                             
    .\syscfg\
       board.obj                     1378   0         0      
    +--+-----------------------------+------+---------+---------+
       Total:                        1378   0         0      
                                                             
    C:\ti\C2000Ware_5_01_00_00\driverlib\f28004x\driverlib\ccs\Debug\driverlib_eabi.lib
       sysctl.obj                    1171   154       0      
       flash.obj                     618    155       0      
       gpio.obj                      403    152       0      
       interrupt.obj                 364    81        0      
       cmpss.obj                     300    77        0      
       cputimer.obj                  42     80        0      
       adc.obj                       40     0         0      
    +--+-----------------------------+------+---------+---------+
       Total:                        2938   699       0      
                                                             
    C:\ti\ccs1240\ccs\tools\compiler\ti-cgt-c2000_22.6.0.LTS\lib\rts2800_fpu32_eabi.lib
       exit.c.obj                    41     0         6      
       copy_decompress_lzss.c.obj    46     0         0      
       autoinit.c.obj                43     0         0      
       memcpy.c.obj                  29     0         0      
       boot28.asm.obj                23     0         0      
       _lock.c.obj                   9      0         4      
       args_main.c.obj               12     0         0      
       copy_decompress_none.c.obj    8      0         0      
       pre_init.c.obj                2      0         0      
       startup.c.obj                 1      0         0      
    +--+-----------------------------+------+---------+---------+
       Total:                        214    0         10     
                                                             
       Stack:                        0      0         1016   
       Linker Generated:             0      17        0      
    +--+-----------------------------+------+---------+---------+
       Grand Total:                  5068   716       1030   


LINKER GENERATED COPY TABLES

__TI_cinit_table @ 0008113c records: 1, size/record: 4, table size: 4
	.data: load addr=0008112c, load size=00000009 bytes, run addr=0000a800, run size=0000000e bytes, compression=lzss


LINKER GENERATED HANDLER TABLE

__TI_handler_table @ 00081136 records: 2, size/record: 2, table size: 4
	index: 0, handler: __TI_decompress_lzss
	index: 1, handler: __TI_decompress_none


GLOBAL DATA SYMBOLS: SORTED BY DATA PAGE

address     data page           name
--------    ----------------    ----
00000400      10 (00000400)     __stack

0000a800     2a0 (0000a800)     __TI_enable_exit_profile_output
0000a802     2a0 (0000a800)     __TI_cleanup_ptr
0000a804     2a0 (0000a800)     __TI_dtors_ptr
0000a806     2a0 (0000a800)     fault_input1_flag
0000a807     2a0 (0000a800)     fault_input2_flag
0000a808     2a0 (0000a800)     test
0000a809     2a0 (0000a800)     mm
0000a80a     2a0 (0000a800)     _lock
0000a80c     2a0 (0000a800)     _unlock


GLOBAL SYMBOLS: SORTED ALPHABETICALLY BY Name 

page  address   name                               
----  -------   ----                               
0     00083134  ADC_init                           
0     00082d1e  ADC_setOffsetTrimAll               
0     00083097  ASYSCTL_init                       
0     00082cf5  C$$EXIT                            
0     00082928  CMPSS_configFilterHigh             
0     00082971  CMPSS_configFilterLow              
0     00082c9f  CMPSS_configLatchOnPWMSYNC         
0     00082a03  CMPSS_configRamp                   
0     00083101  CMPSS_init                         
0     0008313b  CPUTIMER_init                      
0     00082fed  CPUTimer_setEmulationMode          
0     0008217a  Device_enableAllPeripherals        
0     000826c5  Device_init                        
0     00083038  Device_initGPIO                    
0     00008000  Flash_initModule                   
0     00082acd  GPIO_setAnalogMode                 
0     00082c13  GPIO_setDirectionMode              
0     00082bab  GPIO_setInterruptPin               
0     000827ed  GPIO_setPadConfig                  
0     00082b07  GPIO_setPinConfig                  
0     00082b3e  GPIO_setQualificationMode          
0     000830d7  INPUTXBAR_init                     
0     00082efe  INTERRUPT_init                     
0     000830a4  INT_M_EPWM3_TZ_ISR                 
0     00083068  ISR1                               
0     00082f6f  Interrupt_defaultHandler           
0     0008283f  Interrupt_disable                  
0     000830ed  Interrupt_illegalOperationHandler  
0     00082a90  Interrupt_initModule               
0     00082e5e  Interrupt_initVectorTable          
0     000830f7  Interrupt_nmiHandler               
0     00082c72  MUlt_CLLC_HAL_setupBoardProtection 
0     0008288d  M_ADC_A_init                       
0     00082796  M_ADC_B_init                       
0     000828db  M_ADC_C_init                       
0     00082450  M_CMPSS1_init                      
0     000823ce  M_CMPSS2_init                      
0     000824d1  M_CMPSS3_init                      
0     00082552  M_CMPSS4_init                      
0     0008310a  Mult_CLLC_HAL_disablePWMClkCounting
0     0008311c  Mult_CLLC_HAL_enablePWMClkCounting 
0     00083167  Mult_CLLC_HAL_setPins              
0     0008316c  Mult_CLLC_HAL_setupADC             
0     00082ecf  Mult_CLLC_HAL_setupDevice          
0     00083176  Mult_CLLC_HAL_setupLED             
0     00083088  PRIM_ZCD1_XINT_init                
0     00083078  PZCD1_ISR                          
0     00082000  PinMux_init                        
0     00081129  RamfuncsLoadEnd                    
abs   00000129  RamfuncsLoadSize                   
0     00081000  RamfuncsLoadStart                  
0     00008129  RamfuncsRunEnd                     
abs   00000129  RamfuncsRunSize                    
0     00008000  RamfuncsRunStart                   
0     00008125  SysCtl_delay                       
0     00082738  SysCtl_getClock                    
0     00082eb5  SysCtl_getLowSpeedClock            
0     00082311  SysCtl_isPLLValid                  
0     000829ba  SysCtl_selectOscSource             
0     00082b75  SysCtl_selectXTAL                  
0     00082e00  SysCtl_selectXTALSingleEnded       
0     00082251  SysCtl_setClock                    
0     00083149  TZ1_init                           
0     0008314f  TZ2_init                           
0     00083088  XINT_init                          
0     0008113c  __TI_CINIT_Base                    
0     00081140  __TI_CINIT_Limit                   
0     00081140  __TI_CINIT_Warm                    
0     00081136  __TI_Handler_Table_Base            
0     0008113a  __TI_Handler_Table_Limit           
1     000007f8  __TI_STACK_END                     
abs   000003f8  __TI_STACK_SIZE                    
0     00082cca  __TI_auto_init_nobinit_nopinit     
1     0000a802  __TI_cleanup_ptr                   
0     00082c44  __TI_decompress_lzss               
0     00083124  __TI_decompress_none               
1     0000a804  __TI_dtors_ptr                     
1     0000a800  __TI_enable_exit_profile_output    
abs   ffffffff  __TI_pprof_out_hndl                
abs   ffffffff  __TI_prof_data_size                
abs   ffffffff  __TI_prof_data_start               
n/a   UNDEFED   __c_args__                         
0     00083171  __error__                          
1     00000400  __stack                            
0     000830cb  _args_main                         
0     00082f2c  _c_int00                           
1     0000a80a  _lock                              
0     0008311b  _nop                               
0     00083117  _register_lock                     
0     00083113  _register_unlock                   
0     00083177  _system_post_cinit                 
0     00083174  _system_pre_init                   
1     0000a80c  _unlock                            
0     00082cf5  abort                              
0     00080000  code_start                         
0     00082cf7  exit                               
1     0000a806  fault_input1_flag                  
1     0000a807  fault_input2_flag                  
0     00082d93  main                               
0     00082e7c  memcpy                             
1     0000a809  mm                                 
0     00082d6d  myCPUTIMER0_init                   
0     00082ddc  myCPUTIMER1_init                   
0     00082bdf  myCPUTIMER2_init                   
0     00083155  myINPUTXBARINPUT0_init             
0     0008315b  myINPUTXBARINPUT1_init             
0     00083161  myINPUTXBARINPUT2_init             
1     0000a808  test                               


GLOBAL SYMBOLS: SORTED BY Symbol Address 

page  address   name                               
----  -------   ----                               
0     00008000  Flash_initModule                   
0     00008000  RamfuncsRunStart                   
0     00008125  SysCtl_delay                       
0     00008129  RamfuncsRunEnd                     
0     00080000  code_start                         
0     00081000  RamfuncsLoadStart                  
0     00081129  RamfuncsLoadEnd                    
0     00081136  __TI_Handler_Table_Base            
0     0008113a  __TI_Handler_Table_Limit           
0     0008113c  __TI_CINIT_Base                    
0     00081140  __TI_CINIT_Limit                   
0     00081140  __TI_CINIT_Warm                    
0     00082000  PinMux_init                        
0     0008217a  Device_enableAllPeripherals        
0     00082251  SysCtl_setClock                    
0     00082311  SysCtl_isPLLValid                  
0     000823ce  M_CMPSS2_init                      
0     00082450  M_CMPSS1_init                      
0     000824d1  M_CMPSS3_init                      
0     00082552  M_CMPSS4_init                      
0     000826c5  Device_init                        
0     00082738  SysCtl_getClock                    
0     00082796  M_ADC_B_init                       
0     000827ed  GPIO_setPadConfig                  
0     0008283f  Interrupt_disable                  
0     0008288d  M_ADC_A_init                       
0     000828db  M_ADC_C_init                       
0     00082928  CMPSS_configFilterHigh             
0     00082971  CMPSS_configFilterLow              
0     000829ba  SysCtl_selectOscSource             
0     00082a03  CMPSS_configRamp                   
0     00082a90  Interrupt_initModule               
0     00082acd  GPIO_setAnalogMode                 
0     00082b07  GPIO_setPinConfig                  
0     00082b3e  GPIO_setQualificationMode          
0     00082b75  SysCtl_selectXTAL                  
0     00082bab  GPIO_setInterruptPin               
0     00082bdf  myCPUTIMER2_init                   
0     00082c13  GPIO_setDirectionMode              
0     00082c44  __TI_decompress_lzss               
0     00082c72  MUlt_CLLC_HAL_setupBoardProtection 
0     00082c9f  CMPSS_configLatchOnPWMSYNC         
0     00082cca  __TI_auto_init_nobinit_nopinit     
0     00082cf5  C$$EXIT                            
0     00082cf5  abort                              
0     00082cf7  exit                               
0     00082d1e  ADC_setOffsetTrimAll               
0     00082d6d  myCPUTIMER0_init                   
0     00082d93  main                               
0     00082ddc  myCPUTIMER1_init                   
0     00082e00  SysCtl_selectXTALSingleEnded       
0     00082e5e  Interrupt_initVectorTable          
0     00082e7c  memcpy                             
0     00082eb5  SysCtl_getLowSpeedClock            
0     00082ecf  Mult_CLLC_HAL_setupDevice          
0     00082efe  INTERRUPT_init                     
0     00082f2c  _c_int00                           
0     00082f6f  Interrupt_defaultHandler           
0     00082fed  CPUTimer_setEmulationMode          
0     00083038  Device_initGPIO                    
0     00083068  ISR1                               
0     00083078  PZCD1_ISR                          
0     00083088  PRIM_ZCD1_XINT_init                
0     00083088  XINT_init                          
0     00083097  ASYSCTL_init                       
0     000830a4  INT_M_EPWM3_TZ_ISR                 
0     000830cb  _args_main                         
0     000830d7  INPUTXBAR_init                     
0     000830ed  Interrupt_illegalOperationHandler  
0     000830f7  Interrupt_nmiHandler               
0     00083101  CMPSS_init                         
0     0008310a  Mult_CLLC_HAL_disablePWMClkCounting
0     00083113  _register_unlock                   
0     00083117  _register_lock                     
0     0008311b  _nop                               
0     0008311c  Mult_CLLC_HAL_enablePWMClkCounting 
0     00083124  __TI_decompress_none               
0     00083134  ADC_init                           
0     0008313b  CPUTIMER_init                      
0     00083149  TZ1_init                           
0     0008314f  TZ2_init                           
0     00083155  myINPUTXBARINPUT0_init             
0     0008315b  myINPUTXBARINPUT1_init             
0     00083161  myINPUTXBARINPUT2_init             
0     00083167  Mult_CLLC_HAL_setPins              
0     0008316c  Mult_CLLC_HAL_setupADC             
0     00083171  __error__                          
0     00083174  _system_pre_init                   
0     00083176  Mult_CLLC_HAL_setupLED             
0     00083177  _system_post_cinit                 
1     00000400  __stack                            
1     000007f8  __TI_STACK_END                     
1     0000a800  __TI_enable_exit_profile_output    
1     0000a802  __TI_cleanup_ptr                   
1     0000a804  __TI_dtors_ptr                     
1     0000a806  fault_input1_flag                  
1     0000a807  fault_input2_flag                  
1     0000a808  test                               
1     0000a809  mm                                 
1     0000a80a  _lock                              
1     0000a80c  _unlock                            
abs   00000129  RamfuncsLoadSize                   
abs   00000129  RamfuncsRunSize                    
abs   000003f8  __TI_STACK_SIZE                    
abs   ffffffff  __TI_pprof_out_hndl                
abs   ffffffff  __TI_prof_data_size                
abs   ffffffff  __TI_prof_data_start               
n/a   UNDEFED   __c_args__                         

[108 symbols]
