******************************************************************************
             TMS320C2000 Linker PC v22.6.1                     
******************************************************************************
>> Linked Mon Sep  9 17:55:13 2024

OUTPUT FILE NAME:   <Multiphase-Interleaved-CLLC.out>
ENTRY POINT SYMBOL: "code_start"  address: 00080000


MEMORY CONFIGURATION

         name            origin    length      used     unused   attr    fill
----------------------  --------  ---------  --------  --------  ----  --------
PAGE 0:
  RAMM0                 000000f6   0000030a  00000000  0000030a  RWIX
  RAMLS0                00008000   00000800  00000129  000006d7  RWIX
  RAMLS1                00008800   00000800  00000000  00000800  RWIX
  RAMLS2                00009000   00000800  00000000  00000800  RWIX
  RAMLS3                00009800   00000800  00000000  00000800  RWIX
  RAMLS4                0000a000   00000800  00000000  00000800  RWIX
  BEGIN                 00080000   00000002  00000002  00000000  RWIX
  FLASH_BANK0_SEC0      00080002   00000ffe  00000000  00000ffe  RWIX
  FLASH_BANK0_SEC1      00081000   00001000  00000147  00000eb9  RWIX
  FLASH_BANK0_SEC2      00082000   00001000  00001000  00000000  RWIX
  FLASH_BANK0_SEC3      00083000   00001000  00001000  00000000  RWIX
  FLASH_BANK0_SEC4      00084000   00001000  000003e2  00000c1e  RWIX
  FLASH_BANK0_SEC5      00085000   00001000  000000bb  00000f45  RWIX
  FLASH_BANK0_SEC6      00086000   00001000  00000000  00001000  RWIX
  FLASH_BANK0_SEC7      00087000   00001000  00000000  00001000  RWIX
  FLASH_BANK0_SEC8      00088000   00001000  00000000  00001000  RWIX
  FLASH_BANK0_SEC9      00089000   00001000  00000000  00001000  RWIX
  FLASH_BANK0_SEC10     0008a000   00001000  00000000  00001000  RWIX
  FLASH_BANK0_SEC11     0008b000   00001000  00000000  00001000  RWIX
  FLASH_BANK0_SEC12     0008c000   00001000  00000000  00001000  RWIX
  FLASH_BANK0_SEC13     0008d000   00001000  00000000  00001000  RWIX
  FLASH_BANK0_SEC14     0008e000   00001000  00000000  00001000  RWIX
  FLASH_BANK0_SEC15     0008f000   00001000  00000000  00001000  RWIX
  FLASH_BANK1_SEC0      00090000   00001000  00000000  00001000  RWIX
  FLASH_BANK1_SEC1      00091000   00001000  00000000  00001000  RWIX
  FLASH_BANK1_SEC2      00092000   00001000  00000000  00001000  RWIX
  FLASH_BANK1_SEC3      00093000   00001000  00000000  00001000  RWIX
  FLASH_BANK1_SEC4      00094000   00001000  00000000  00001000  RWIX
  FLASH_BANK1_SEC5      00095000   00001000  00000000  00001000  RWIX
  FLASH_BANK1_SEC6      00096000   00001000  00000000  00001000  RWIX
  FLASH_BANK1_SEC7      00097000   00001000  00000000  00001000  RWIX
  FLASH_BANK1_SEC8      00098000   00001000  00000000  00001000  RWIX
  FLASH_BANK1_SEC9      00099000   00001000  00000000  00001000  RWIX
  FLASH_BANK1_SEC10     0009a000   00001000  00000000  00001000  RWIX
  FLASH_BANK1_SEC11     0009b000   00001000  00000000  00001000  RWIX
  FLASH_BANK1_SEC12     0009c000   00001000  00000000  00001000  RWIX
  FLASH_BANK1_SEC13     0009d000   00001000  00000000  00001000  RWIX
  FLASH_BANK1_SEC14     0009e000   00001000  00000000  00001000  RWIX
  FLASH_BANK1_SEC15     0009f000   00000ff0  00000000  00000ff0  RWIX
  RESET                 003fffc0   00000002  00000000  00000002  RWIX

PAGE 1:
  BOOT_RSVD             00000002   000000f1  00000000  000000f1  RWIX
  RAMM1                 00000400   000003f8  000003f8  00000000  RWIX
  RAMLS5                0000a800   00000800  000000b8  00000748  RWIX
  RAMLS6                0000b000   00000800  00000000  00000800  RWIX
  RAMLS7                0000b800   00000800  00000000  00000800  RWIX
  RAMGS0                0000c000   00002000  00000000  00002000  RWIX
  RAMGS1                0000e000   00002000  00000000  00002000  RWIX
  RAMGS2                00010000   00002000  00000000  00002000  RWIX
  RAMGS3                00012000   00001ff8  00000000  00001ff8  RWIX


SECTION ALLOCATION MAP

 output                                  attributes/
section   page    origin      length       input sections
--------  ----  ----------  ----------   ----------------
codestart 
*          0    00080000    00000002     
                  00080000    00000002     f28004x_codestartbranch.obj (codestart)

.cinit     0    0008112c    0000001e     
                  0008112c    0000000b     (.cinit..data.load) [load image, compression = lzss]
                  00081137    00000001     --HOLE-- [fill = 0]
                  00081138    00000006     (__TI_handler_table)
                  0008113e    00000004     (.cinit..bss.load) [load image, compression = zero_init]
                  00081142    00000008     (__TI_cinit_table)

.reset     0    003fffc0    00000000     DSECT

.stack     1    00000400    000003f8     UNINITIALIZED
                  00000400    000003f8     --HOLE--

.init_array 
*          0    00081000    00000000     UNINITIALIZED

.bss       1    0000a800    000000ac     UNINITIALIZED
                  0000a800    0000009e     Mult_CLLC.obj (.bss)
                  0000a89e    00000006     State_machine.obj (.bss)
                  0000a8a4    00000004     State_machine.obj (.bss:vTimer0)
                  0000a8a8    00000004     State_machine.obj (.bss:vTimer1)

.data      1    0000a8ac    0000000c     UNINITIALIZED
                  0000a8ac    00000006     rts2800_fpu32_eabi.lib : exit.c.obj (.data)
                  0000a8b2    00000002     Mult_CLLC.obj (.data)
                  0000a8b4    00000002     rts2800_fpu32_eabi.lib : _lock.c.obj (.data:_lock)
                  0000a8b6    00000002                            : _lock.c.obj (.data:_unlock)

.const     0    00084000    000003e2     
                  00084000    0000009b     driverlib_eabi.lib : flash.obj (.const:.string)
                  0008409b    00000001     --HOLE-- [fill = 0]
                  0008409c    0000009a                        : sysctl.obj (.const:.string)
                  00084136    00000098                        : gpio.obj (.const:.string)
                  000841ce    00000097                        : sci.obj (.const:.string)
                  00084265    00000001     --HOLE-- [fill = 0]
                  00084266    00000051                        : interrupt.obj (.const:.string)
                  000842b7    00000001     --HOLE-- [fill = 0]
                  000842b8    00000050                        : cputimer.obj (.const:.string)
                  00084308    0000004d                        : cmpss.obj (.const:.string)
                  00084355    00000001     --HOLE-- [fill = 0]
                  00084356    0000004d                        : pmbus.obj (.const:.string)
                  000843a3    00000001     --HOLE-- [fill = 0]
                  000843a4    0000003e     board.obj (.const:.string)

.TI.ramfunc 
*          0    00081000    00000129     RUN ADDR = 00008000
                  00081000    00000044     driverlib_eabi.lib : flash.obj (.TI.ramfunc:Flash_initModule)
                  00081044    0000002c                        : flash.obj (.TI.ramfunc:Flash_setBankPowerMode)
                  00081070    00000024                        : flash.obj (.TI.ramfunc:Flash_setWaitstates)
                  00081094    0000001d                        : flash.obj (.TI.ramfunc:Flash_setPumpPowerMode)
                  000810b1    00000018                        : flash.obj (.TI.ramfunc:Flash_disableCache)
                  000810c9    00000018                        : flash.obj (.TI.ramfunc:Flash_disablePrefetch)
                  000810e1    00000017                        : flash.obj (.TI.ramfunc:Flash_enableCache)
                  000810f8    00000017                        : flash.obj (.TI.ramfunc:Flash_enablePrefetch)
                  0008110f    00000016                        : flash.obj (.TI.ramfunc:Flash_enableECC)
                  00081125    00000004                        : sysctl.obj (.TI.ramfunc)

.text.1    0    00082000    00001000     
                  00082000    000006a4     board.obj (.text:EPWM_init)
                  000826a4    0000017a     board.obj (.text:PinMux_init)
                  0008281e    00000119     driverlib_eabi.lib : pmbus.obj (.text:PMBus_configBusClock)
                  00082937    000000d7     device.obj (.text:Device_enableAllPeripherals)
                  00082a0e    000000d3     board.obj (.text:GPIO_init)
                  00082ae1    000000cd     Mult_CLLC_HAL.obj (.text:MULT_CLLC_HAL_DEBUG_Transnit)
                  00082bae    000000c0     driverlib_eabi.lib : sysctl.obj (.text:SysCtl_setClock)
                  00082c6e    000000bd                        : sysctl.obj (.text:SysCtl_isPLLValid)
                  00082d2b    000000a1     Mult_CLLC.obj (.text:ISR2_TIMER0)
                  00082dcc    00000082     board.obj (.text:M_CMPSS2_init)
                  00082e4e    00000081     board.obj (.text:M_CMPSS1_init)
                  00082ecf    00000081     board.obj (.text:M_CMPSS3_init)
                  00082f50    00000081     board.obj (.text:M_CMPSS4_init)
                  00082fd1    0000002d     driverlib_eabi.lib : pmbus.obj (.text:PMBus_initControllerMode)
                  00082ffe    00000002     rts2800_fpu32_eabi.lib : pre_init.c.obj (.text)

.text.2    0    00083000    00001000     
                  00083000    0000007f     driverlib_eabi.lib : interrupt.obj (.text:Interrupt_clearIFR)
                  0008307f    0000007d     Mult_CLLC_HAL.obj (.text:MUlt_CLLC_HAL_setupBoardProtection)
                  000830fc    00000073     driverlib_eabi.lib : sysctl.obj (.text:DCC_setCounterSeeds)
                  0008316f    00000073     device.obj (.text:Device_init)
                  000831e2    00000069     board.obj (.text:DEBUG_init)
                  0008324b    00000066     driverlib_eabi.lib : pmbus.obj (.text:PMBus_configModuleClock)
                  000832b1    00000061     Mult_CLLC.obj (.text:MULT_CLLC_initGlobalVariables)
                  00083312    0000005e     driverlib_eabi.lib : sysctl.obj (.text:SysCtl_getClock)
                  00083370    00000058     board.obj (.text:M_ADC_B_init)
                  000833c8    00000052     driverlib_eabi.lib : gpio.obj (.text:GPIO_setPadConfig)
                  0008341a    0000004e                        : interrupt.obj (.text:Interrupt_disable)
                  00083468    0000004e     board.obj (.text:M_ADC_A_init)
                  000834b6    0000004e     Mult_CLLC_HAL.obj (.text:formatData)
                  00083504    0000004d     board.obj (.text:M_ADC_C_init)
                  00083551    00000049     driverlib_eabi.lib : cmpss.obj (.text:CMPSS_configFilterHigh)
                  0008359a    00000049                        : cmpss.obj (.text:CMPSS_configFilterLow)
                  000835e3    00000049                        : sysctl.obj (.text:SysCtl_selectOscSource)
                  0008362c    00000048                        : cmpss.obj (.text:CMPSS_configRamp)
                  00083674    00000045                        : sci.obj (.text:SCI_clearInterruptStatus)
                  000836b9    00000045                        : sysctl.obj (.text:SysCtl_pollX1Counter)
                  000836fe    00000044     Mult_CLLC_HAL.obj (.text:intToStr)
                  00083742    00000043     board.obj (.text:EPWM_setActionQualifierAction)
                  00083785    00000041     board.obj (.text:myPMBUS0_init)
                  000837c6    0000003e     Mult_CLLC_HAL.obj (.text:Mult_CLLC_HAL_setupDevice)
                  00083804    0000003e     driverlib_eabi.lib : sci.obj (.text:SCI_setConfig)
                  00083842    0000003d                        : interrupt.obj (.text:Interrupt_initModule)
                  0008387f    0000003c     main.obj (.text:main)
                  000838bb    0000003a     driverlib_eabi.lib : gpio.obj (.text:GPIO_setAnalogMode)
                  000838f5    00000037                        : gpio.obj (.text:GPIO_setControllerCore)
                  0008392c    00000037                        : gpio.obj (.text:GPIO_setPinConfig)
                  00083963    00000037                        : gpio.obj (.text:GPIO_setQualificationMode)
                  0008399a    00000037                        : interrupt.obj (.text:Interrupt_enable)
                  000839d1    00000036                        : sysctl.obj (.text:SysCtl_selectXTAL)
                  00083a07    00000034                        : gpio.obj (.text:GPIO_setInterruptPin)
                  00083a3b    00000034     Mult_CLLC.obj (.text:ISR1_PZCD)
                  00083a6f    00000034     board.obj (.text:myCPUTIMER2_init)
                  00083aa3    00000033     Mult_CLLC.obj (.text:ISR1_SZCD)
                  00083ad6    00000031     driverlib_eabi.lib : gpio.obj (.text:GPIO_setDirectionMode)
                  00083b07    00000031     board.obj (.text:SYNC_init)
                  00083b38    00000030     rts2800_fpu32_eabi.lib : copy_decompress_lzss.c.obj (.text:decompress:lzss)
                  00083b68    0000002b     driverlib_eabi.lib : cmpss.obj (.text:CMPSS_configLatchOnPWMSYNC)
                  00083b93    0000002b     rts2800_fpu32_eabi.lib : autoinit.c.obj (.text:__TI_auto_init_nobinit_nopinit)
                  00083bbe    00000029                            : exit.c.obj (.text)
                  00083be7    00000028     driverlib_eabi.lib : adc.obj (.text:ADC_setOffsetTrimAll)
                  00083c0f    00000027                        : cmpss.obj (.text:CMPSS_isBaseValid)
                  00083c36    00000026     board.obj (.text:myCPUTIMER0_init)
                  00083c5c    00000024     driverlib_eabi.lib : sysctl.obj (.text:DCC_enableSingleShotMode)
                  00083c80    00000024     board.obj (.text:myCPUTIMER1_init)
                  00083ca4    00000020     driverlib_eabi.lib : sysctl.obj (.text:SysCtl_selectXTALSingleEnded)
                  00083cc4    00000020                        : gpio.obj (.text:XBAR_setInputPin)
                  00083ce4    0000001e                        : sysctl.obj (.text:DCC_setCounter1ClkSource)
                  00083d02    0000001e                        : interrupt.obj (.text:Interrupt_initVectorTable)
                  00083d20    0000001d     rts2800_fpu32_eabi.lib : memcpy.c.obj (.text)
                  00083d3d    0000001c     driverlib_eabi.lib : sysctl.obj (.text:DCC_setCounter0ClkSource)
                  00083d59    0000001a                        : sysctl.obj (.text:SysCtl_getLowSpeedClock)
                  00083d73    00000018     State_machine.obj (.text:A0)
                  00083d8b    00000018     State_machine.obj (.text:B0)
                  00083da3    00000018     driverlib_eabi.lib : sci.obj (.text:SCI_disableModule)
                  00083dbb    00000018                        : sci.obj (.text:SCI_performSoftwareReset)
                  00083dd3    00000018     board.obj (.text:STATUS2_init)
                  00083deb    00000017     driverlib_eabi.lib : cputimer.obj (.text:CPUTimer_isBaseValid)
                  00083e02    00000017     board.obj (.text:INTERRUPT_init)
                  00083e19    00000017     board.obj (.text:STATUS1_init)
                  00083e30    00000017     driverlib_eabi.lib : sysctl.obj (.text:SysCtl_enablePeripheral)
                  00083e47    00000017     rts2800_fpu32_eabi.lib : boot28.asm.obj (.text)
                  00083e5e    00000016     driverlib_eabi.lib : sysctl.obj (.text:DCC_disableDoneSignal)
                  00083e74    00000016                        : sysctl.obj (.text:DCC_enableDoneSignal)
                  00083e8a    00000016                        : interrupt.obj (.text:Interrupt_defaultHandler)
                  00083ea0    00000015                        : sysctl.obj (.text:DCC_clearDoneFlag)
                  00083eb5    00000015                        : sysctl.obj (.text:DCC_clearErrorFlag)
                  00083eca    00000015                        : sysctl.obj (.text:DCC_disableErrorSignal)
                  00083edf    00000015                        : sysctl.obj (.text:DCC_enableErrorSignal)
                  00083ef4    00000014                        : sysctl.obj (.text:DCC_disableModule)
                  00083f08    00000014                        : sysctl.obj (.text:DCC_enableModule)
                  00083f1c    00000014                        : gpio.obj (.text:GPIO_isPinValid)
                  00083f30    00000013                        : cputimer.obj (.text:CPUTimer_setEmulationMode)
                  00083f43    00000013                        : sci.obj (.text:SCI_enableModule)
                  00083f56    00000013                        : sci.obj (.text:SCI_isBaseValid)
                  00083f69    00000010                        : sysctl.obj (.text:DCC_isBaseValid)
                  00083f79    00000010     device.obj (.text:Device_initGPIO)
                  00083f89    00000010     driverlib_eabi.lib : flash.obj (.text:Flash_isCtrlBaseValid)
                  00083f99    00000010                        : flash.obj (.text:Flash_isECCBaseValid)
                  00083fa9    0000000f                        : pmbus.obj (.text:PMBus_isBaseValid)
                  00083fb8    0000000f     board.obj (.text:PRIM_ZCD1_XINT_init)
                  00083fc7    0000000d     board.obj (.text:ASYSCTL_init)
                  00083fd4    0000000d     main.obj (.text:INT_M_EPWM3_TZ_ISR)
                  00083fe1    0000000d     driverlib_eabi.lib : interrupt.obj (.text:Interrupt_disableGlobal)
                  00083fee    0000000d                        : interrupt.obj (.text:Interrupt_enableGlobal)
                  00083ffb    00000005     Mult_CLLC_HAL.obj (.text:Mult_CLLC_HAL_setupCPI)

.text.3    0    00085000    000000bb     
                  00085000    0000000d     rts2800_fpu32_eabi.lib : copy_zero_init.c.obj (.text:decompress:ZI:__TI_zero_init_nomemset)
                  0008500d    0000000c                            : args_main.c.obj (.text)
                  00085019    0000000b     driverlib_eabi.lib : sysctl.obj (.text:SysCtl_isMCDClockFailureDetected)
                  00085024    0000000a                        : interrupt.obj (.text:Interrupt_illegalOperationHandler)
                  0008502e    0000000a                        : interrupt.obj (.text:Interrupt_nmiHandler)
                  00085038    00000009     board.obj (.text:CMPSS_init)
                  00085041    00000009     Mult_CLLC_HAL.obj (.text:Mult_CLLC_HAL_disablePWMClkCounting)
                  0008504a    00000009     Mult_CLLC_HAL.obj (.text:Mult_CLLC_HAL_setupADC)
                  00085053    00000009     rts2800_fpu32_eabi.lib : _lock.c.obj (.text)
                  0008505c    00000008     State_machine.obj (.text:A1)
                  00085064    00000008     Mult_CLLC_HAL.obj (.text:Mult_CLLC_HAL_enablePWMClkCounting)
                  0008506c    00000008     rts2800_fpu32_eabi.lib : copy_decompress_none.c.obj (.text:decompress:none)
                  00085074    00000008     f28004x_codestartbranch.obj (.text)
                  0008507c    00000007     board.obj (.text:ADC_init)
                  00085083    00000007     board.obj (.text:CPUTIMER_init)
                  0008508a    00000007     board.obj (.text:INPUTXBAR_init)
                  00085091    00000007     Mult_CLLC_HAL.obj (.text:Mult_CLLC_HAL_setPins)
                  00085098    00000007     driverlib_eabi.lib : sysctl.obj (.text:SysCtl_resetMCD)
                  0008509f    00000006     board.obj (.text:TZ1_init)
                  000850a5    00000006     board.obj (.text:TZ2_init)
                  000850ab    00000006     board.obj (.text:myINPUTXBARINPUT0_init)
                  000850b1    00000005     Mult_CLLC_HAL.obj (.text:Mult_CLLC_HAL_setupPWM)
                  000850b6    00000003     device.obj (.text:__error__)
                  000850b9    00000001     Mult_CLLC_HAL.obj (.text:Mult_CLLC_HAL_setupLED)
                  000850ba    00000001     rts2800_fpu32_eabi.lib : startup.c.obj (.text)

MODULE SUMMARY

       Module                        code   ro data   rw data
       ------                        ----   -------   -------
    .\
       main.obj                      73     0         0      
    +--+-----------------------------+------+---------+---------+
       Total:                        73     0         0      
                                                             
    .\APP\
       Mult_CLLC.obj                 361    0         160    
    +--+-----------------------------+------+---------+---------+
       Total:                        361    0         160    
                                                             
    .\BoardHAL\
       Mult_CLLC_HAL.obj             582    0         0      
       State_machine.obj             56     0         14     
    +--+-----------------------------+------+---------+---------+
       Total:                        638    0         14     
                                                             
    .\device\
       device.obj                    349    0         0      
       f28004x_codestartbranch.obj   10     0         0      
    +--+-----------------------------+------+---------+---------+
       Total:                        359    0         0      
                                                             
    .\syscfg\
       board.obj                     3607   62        0      
    +--+-----------------------------+------+---------+---------+
       Total:                        3607   62        0      
                                                             
    C:\ti\C2000Ware_5_01_00_00\driverlib\f28004x\driverlib\ccs\Debug\driverlib_eabi.lib
       sysctl.obj                    1171   154       0      
       flash.obj                     618    155       0      
       gpio.obj                      458    152       0      
       pmbus.obj                     443    77        0      
       interrupt.obj                 419    81        0      
       cmpss.obj                     300    77        0      
       sci.obj                       217    151       0      
       cputimer.obj                  42     80        0      
       adc.obj                       40     0         0      
    +--+-----------------------------+------+---------+---------+
       Total:                        3708   927       0      
                                                             
    C:\ti\ccstheia141\ccs\tools\compiler\ti-cgt-c2000_22.6.1A23259\lib\rts2800_fpu32_eabi.lib
       copy_decompress_lzss.c.obj    48     0         0      
       exit.c.obj                    41     0         6      
       autoinit.c.obj                43     0         0      
       memcpy.c.obj                  29     0         0      
       boot28.asm.obj                23     0         0      
       _lock.c.obj                   9      0         4      
       copy_zero_init.c.obj          13     0         0      
       args_main.c.obj               12     0         0      
       copy_decompress_none.c.obj    8      0         0      
       pre_init.c.obj                2      0         0      
       startup.c.obj                 1      0         0      
    +--+-----------------------------+------+---------+---------+
       Total:                        229    0         10     
                                                             
       Stack:                        0      0         1016   
       Linker Generated:             0      29        0      
    +--+-----------------------------+------+---------+---------+
       Grand Total:                  8975   1018      1200   


LINKER GENERATED COPY TABLES

__TI_cinit_table @ 00081142 records: 2, size/record: 4, table size: 8
	.data: load addr=0008112c, load size=0000000b bytes, run addr=0000a8ac, run size=0000000c bytes, compression=lzss
	.bss: load addr=0008113e, load size=00000004 bytes, run addr=0000a800, run size=000000ac bytes, compression=zero_init


LINKER GENERATED HANDLER TABLE

__TI_handler_table @ 00081138 records: 3, size/record: 2, table size: 6
	index: 0, handler: __TI_zero_init
	index: 1, handler: __TI_decompress_lzss
	index: 2, handler: __TI_decompress_none


GLOBAL DATA SYMBOLS: SORTED BY DATA PAGE

address     data page           name
--------    ----------------    ----
00000400      10 (00000400)     __stack

0000a800     2a0 (0000a800)     MULT_CLLC_systemState
0000a802     2a0 (0000a800)     MULT_CLLC_powerFlowStateActive
0000a804     2a0 (0000a800)     MULT_CLLC_powerFlowState
0000a806     2a0 (0000a800)     MULT_CLLC_commandSentTo_AC_DC
0000a808     2a0 (0000a800)     MULT_CLLC_commandSentFrom_DC_DC
0000a80a     2a0 (0000a800)     MULT_CLLC_iPrimMAINSensed_Amps
0000a80c     2a0 (0000a800)     MULT_CLLC_iPrimMAINSensed_pu
0000a80e     2a0 (0000a800)     MULT_CLLC_iPrimMAINSensedOffset_pu
0000a810     2a0 (0000a800)     MULT_CLLC_iPrimMAINSensedCalIntercept_pu
0000a812     2a0 (0000a800)     MULT_CLLC_iPrimMAINSensedCalXvariable_pu
0000a814     2a0 (0000a800)     MULT_CLLC_iPrimSECONDARYSensed_Amps
0000a816     2a0 (0000a800)     MULT_CLLC_iPrimSECONDARYSensed_pu
0000a818     2a0 (0000a800)     MULT_CLLC_iPrimSECONDARYSensedOffset_pu
0000a81a     2a0 (0000a800)     MULT_CLLC_iPrimSECONDARYSensedCalIntercept_pu
0000a81c     2a0 (0000a800)     MULT_CLLC_iPrimSECONDARYSensedCalXvariable_pu
0000a81e     2a0 (0000a800)     MULT_CLLC_iPrimMAINTankSensed_Amps
0000a820     2a0 (0000a800)     MULT_CLLC_iPrimMAINTankSensed_pu
0000a822     2a0 (0000a800)     MULT_CLLC_iPrimMAINTankSensedOffset_pu
0000a824     2a0 (0000a800)     MULT_CLLC_iPrimMAINTankSensedCalIntercept_pu
0000a826     2a0 (0000a800)     MULT_CLLC_iPrimMAINTankSensedCalXvariable_pu
0000a828     2a0 (0000a800)     MULT_CLLC_vPrimSensed_Volts
0000a82a     2a0 (0000a800)     MULT_CLLC_vPrimSensed_pu
0000a82c     2a0 (0000a800)     MULT_CLLC_vPrimSensedOffset_pu
0000a82e     2a0 (0000a800)     MULT_CLLC_vPrimRef_Volts
0000a830     2a0 (0000a800)     MULT_CLLC_vPrimRef_pu
0000a832     2a0 (0000a800)     MULT_CLLC_vPrimRefSlewed_pu
0000a834     2a0 (0000a800)     MULT_CLLC_pwmDutyPrimRef_pu
0000a836     2a0 (0000a800)     MULT_CLLC_pwmDutyPrim_pu
0000a838     2a0 (0000a800)     MULT_CLLC_pwmDutyAPrim_ticks
0000a83a     2a0 (0000a800)     MULT_CLLC_pwmDutyBPrim_ticks
0000a83c     2a0 (0000a800)     MULT_CLLC_iSecMAINSensed_Amps
0000a83e     2a0 (0000a800)     MULT_CLLC_iSecMAINSensed_pu

0000a840     2a1 (0000a840)     MULT_CLLC_iSecMAINSensedOffset_pu
0000a842     2a1 (0000a840)     MULT_CLLC_iSecMAINSensedCalIntercept_pu
0000a844     2a1 (0000a840)     MULT_CLLC_iSecMAINSensedCalXvariable_pu
0000a846     2a1 (0000a840)     MULT_CLLC_iSecSECONDARYSensed_Amps
0000a848     2a1 (0000a840)     MULT_CLLC_iSecSECONDARYSensed_pu
0000a84a     2a1 (0000a840)     MULT_CLLC_iSecSECONDARYSensedOffset_pu
0000a84c     2a1 (0000a840)     MULT_CLLC_iSecSECONDARYSensedCalIntercept_pu
0000a84e     2a1 (0000a840)     MULT_CLLC_iSecSECONDARYSensedCalXvariable_pu
0000a850     2a1 (0000a840)     MULT_CLLC_iSecMAINTankSensed_Amps
0000a852     2a1 (0000a840)     MULT_CLLC_iSecMAINTankSensed_pu
0000a854     2a1 (0000a840)     MULT_CLLC_iSecMAINTankSensedOffset_pu
0000a856     2a1 (0000a840)     MULT_CLLC_iSecMAINTankSensedCalIntercept_pu
0000a858     2a1 (0000a840)     MULT_CLLC_iSecMAINTankSensedCalXvariable_pu
0000a85a     2a1 (0000a840)     MULT_CLLC_vSecSensed_Volts
0000a85c     2a1 (0000a840)     MULT_CLLC_vSecSensed_pu
0000a85e     2a1 (0000a840)     MULT_CLLC_vSecSensedOffset_pu
0000a860     2a1 (0000a840)     MULT_CLLC_vSecRef_Volts
0000a862     2a1 (0000a840)     MULT_CLLC_vSecRef_pu
0000a864     2a1 (0000a840)     MULT_CLLC_vSecRefSlewed_pu
0000a866     2a1 (0000a840)     MULT_CLLC_pwmDutySecRef_pu
0000a868     2a1 (0000a840)     MULT_CLLC_pwmDutySec_pu
0000a86a     2a1 (0000a840)     MULT_CLLC_pwmDutyASec_ticks
0000a86c     2a1 (0000a840)     MULT_CLLC_pwmDutyBSec_ticks
0000a86e     2a1 (0000a840)     MULT_CLLC_iPrimMAINSensedAvg_pu
0000a872     2a1 (0000a840)     MULT_CLLC_iPrimSECONDARYSensedAvg_pu
0000a876     2a1 (0000a840)     MULT_CLLC_iPrimMAINTankSensedAvg_pu
0000a87a     2a1 (0000a840)     MULT_CLLC_vPrimSensedAvg_pu

0000a880     2a2 (0000a880)     MULT_CLLC_iSecMAINSensedAvg_pu
0000a884     2a2 (0000a880)     MULT_CLLC_iSecSECONDARYSensedAvg_pu
0000a888     2a2 (0000a880)     MULT_CLLC_iSecMAINTankSensedAvg_pu
0000a88c     2a2 (0000a880)     MULT_CLLC_vSecSensedAvg_pu
0000a890     2a2 (0000a880)     MULT_CLLC_tripFlag
0000a89e     2a2 (0000a880)     Alpha_State_Ptr
0000a8a0     2a2 (0000a880)     A_Task_Ptr
0000a8a2     2a2 (0000a880)     B_Task_Ptr
0000a8a4     2a2 (0000a880)     vTimer0
0000a8a8     2a2 (0000a880)     vTimer1
0000a8ac     2a2 (0000a880)     __TI_enable_exit_profile_output
0000a8ae     2a2 (0000a880)     __TI_cleanup_ptr
0000a8b0     2a2 (0000a880)     __TI_dtors_ptr
0000a8b2     2a2 (0000a880)     CLLC_PRIM_COMPA
0000a8b3     2a2 (0000a880)     CLLC_SEC_COMPA
0000a8b4     2a2 (0000a880)     _lock
0000a8b6     2a2 (0000a880)     _unlock


GLOBAL SYMBOLS: SORTED ALPHABETICALLY BY Name 

page  address   name                                         
----  -------   ----                                         
0     00083d73  A0                                           
0     0008505c  A1                                           
0     0008507c  ADC_init                                     
0     00083be7  ADC_setOffsetTrimAll                         
0     00083fc7  ASYSCTL_init                                 
1     0000a8a0  A_Task_Ptr                                   
1     0000a89e  Alpha_State_Ptr                              
0     00083d8b  B0                                           
1     0000a8a2  B_Task_Ptr                                   
0     00083bbe  C$$EXIT                                      
1     0000a8b2  CLLC_PRIM_COMPA                              
1     0000a8b3  CLLC_SEC_COMPA                               
0     00083551  CMPSS_configFilterHigh                       
0     0008359a  CMPSS_configFilterLow                        
0     00083b68  CMPSS_configLatchOnPWMSYNC                   
0     0008362c  CMPSS_configRamp                             
0     00085038  CMPSS_init                                   
0     00085083  CPUTIMER_init                                
0     00083f30  CPUTimer_setEmulationMode                    
0     000831e2  DEBUG_init                                   
0     00082937  Device_enableAllPeripherals                  
0     0008316f  Device_init                                  
0     00083f79  Device_initGPIO                              
0     00082000  EPWM_init                                    
0     00008000  Flash_initModule                             
0     00082a0e  GPIO_init                                    
0     000838bb  GPIO_setAnalogMode                           
0     000838f5  GPIO_setControllerCore                       
0     00083ad6  GPIO_setDirectionMode                        
0     00083a07  GPIO_setInterruptPin                         
0     000833c8  GPIO_setPadConfig                            
0     0008392c  GPIO_setPinConfig                            
0     00083963  GPIO_setQualificationMode                    
0     0008508a  INPUTXBAR_init                               
0     00083e02  INTERRUPT_init                               
0     00083fd4  INT_M_EPWM3_TZ_ISR                           
0     00083a3b  ISR1_PZCD                                    
0     00083aa3  ISR1_SZCD                                    
0     00082d2b  ISR2_TIMER0                                  
0     00083e8a  Interrupt_defaultHandler                     
0     0008341a  Interrupt_disable                            
0     0008399a  Interrupt_enable                             
0     00085024  Interrupt_illegalOperationHandler            
0     00083842  Interrupt_initModule                         
0     00083d02  Interrupt_initVectorTable                    
0     0008502e  Interrupt_nmiHandler                         
0     00082ae1  MULT_CLLC_HAL_DEBUG_Transnit                 
1     0000a808  MULT_CLLC_commandSentFrom_DC_DC              
1     0000a806  MULT_CLLC_commandSentTo_AC_DC                
1     0000a86e  MULT_CLLC_iPrimMAINSensedAvg_pu              
1     0000a810  MULT_CLLC_iPrimMAINSensedCalIntercept_pu     
1     0000a812  MULT_CLLC_iPrimMAINSensedCalXvariable_pu     
1     0000a80e  MULT_CLLC_iPrimMAINSensedOffset_pu           
1     0000a80a  MULT_CLLC_iPrimMAINSensed_Amps               
1     0000a80c  MULT_CLLC_iPrimMAINSensed_pu                 
1     0000a876  MULT_CLLC_iPrimMAINTankSensedAvg_pu          
1     0000a824  MULT_CLLC_iPrimMAINTankSensedCalIntercept_pu 
1     0000a826  MULT_CLLC_iPrimMAINTankSensedCalXvariable_pu 
1     0000a822  MULT_CLLC_iPrimMAINTankSensedOffset_pu       
1     0000a81e  MULT_CLLC_iPrimMAINTankSensed_Amps           
1     0000a820  MULT_CLLC_iPrimMAINTankSensed_pu             
1     0000a872  MULT_CLLC_iPrimSECONDARYSensedAvg_pu         
1     0000a81a  MULT_CLLC_iPrimSECONDARYSensedCalIntercept_pu
1     0000a81c  MULT_CLLC_iPrimSECONDARYSensedCalXvariable_pu
1     0000a818  MULT_CLLC_iPrimSECONDARYSensedOffset_pu      
1     0000a814  MULT_CLLC_iPrimSECONDARYSensed_Amps          
1     0000a816  MULT_CLLC_iPrimSECONDARYSensed_pu            
1     0000a880  MULT_CLLC_iSecMAINSensedAvg_pu               
1     0000a842  MULT_CLLC_iSecMAINSensedCalIntercept_pu      
1     0000a844  MULT_CLLC_iSecMAINSensedCalXvariable_pu      
1     0000a840  MULT_CLLC_iSecMAINSensedOffset_pu            
1     0000a83c  MULT_CLLC_iSecMAINSensed_Amps                
1     0000a83e  MULT_CLLC_iSecMAINSensed_pu                  
1     0000a888  MULT_CLLC_iSecMAINTankSensedAvg_pu           
1     0000a856  MULT_CLLC_iSecMAINTankSensedCalIntercept_pu  
1     0000a858  MULT_CLLC_iSecMAINTankSensedCalXvariable_pu  
1     0000a854  MULT_CLLC_iSecMAINTankSensedOffset_pu        
1     0000a850  MULT_CLLC_iSecMAINTankSensed_Amps            
1     0000a852  MULT_CLLC_iSecMAINTankSensed_pu              
1     0000a884  MULT_CLLC_iSecSECONDARYSensedAvg_pu          
1     0000a84c  MULT_CLLC_iSecSECONDARYSensedCalIntercept_pu 
1     0000a84e  MULT_CLLC_iSecSECONDARYSensedCalXvariable_pu 
1     0000a84a  MULT_CLLC_iSecSECONDARYSensedOffset_pu       
1     0000a846  MULT_CLLC_iSecSECONDARYSensed_Amps           
1     0000a848  MULT_CLLC_iSecSECONDARYSensed_pu             
0     000832b1  MULT_CLLC_initGlobalVariables                
1     0000a804  MULT_CLLC_powerFlowState                     
1     0000a802  MULT_CLLC_powerFlowStateActive               
1     0000a838  MULT_CLLC_pwmDutyAPrim_ticks                 
1     0000a86a  MULT_CLLC_pwmDutyASec_ticks                  
1     0000a83a  MULT_CLLC_pwmDutyBPrim_ticks                 
1     0000a86c  MULT_CLLC_pwmDutyBSec_ticks                  
1     0000a834  MULT_CLLC_pwmDutyPrimRef_pu                  
1     0000a836  MULT_CLLC_pwmDutyPrim_pu                     
1     0000a866  MULT_CLLC_pwmDutySecRef_pu                   
1     0000a868  MULT_CLLC_pwmDutySec_pu                      
1     0000a800  MULT_CLLC_systemState                        
1     0000a890  MULT_CLLC_tripFlag                           
1     0000a832  MULT_CLLC_vPrimRefSlewed_pu                  
1     0000a82e  MULT_CLLC_vPrimRef_Volts                     
1     0000a830  MULT_CLLC_vPrimRef_pu                        
1     0000a87a  MULT_CLLC_vPrimSensedAvg_pu                  
1     0000a82c  MULT_CLLC_vPrimSensedOffset_pu               
1     0000a828  MULT_CLLC_vPrimSensed_Volts                  
1     0000a82a  MULT_CLLC_vPrimSensed_pu                     
1     0000a864  MULT_CLLC_vSecRefSlewed_pu                   
1     0000a860  MULT_CLLC_vSecRef_Volts                      
1     0000a862  MULT_CLLC_vSecRef_pu                         
1     0000a88c  MULT_CLLC_vSecSensedAvg_pu                   
1     0000a85e  MULT_CLLC_vSecSensedOffset_pu                
1     0000a85a  MULT_CLLC_vSecSensed_Volts                   
1     0000a85c  MULT_CLLC_vSecSensed_pu                      
0     0008307f  MUlt_CLLC_HAL_setupBoardProtection           
0     00083468  M_ADC_A_init                                 
0     00083370  M_ADC_B_init                                 
0     00083504  M_ADC_C_init                                 
0     00082e4e  M_CMPSS1_init                                
0     00082dcc  M_CMPSS2_init                                
0     00082ecf  M_CMPSS3_init                                
0     00082f50  M_CMPSS4_init                                
0     00085041  Mult_CLLC_HAL_disablePWMClkCounting          
0     00085064  Mult_CLLC_HAL_enablePWMClkCounting           
0     00085091  Mult_CLLC_HAL_setPins                        
0     0008504a  Mult_CLLC_HAL_setupADC                       
0     00083ffb  Mult_CLLC_HAL_setupCPI                       
0     000837c6  Mult_CLLC_HAL_setupDevice                    
0     000850b9  Mult_CLLC_HAL_setupLED                       
0     000850b1  Mult_CLLC_HAL_setupPWM                       
0     00083785  PMBUS_init                                   
0     0008281e  PMBus_configBusClock                         
0     0008324b  PMBus_configModuleClock                      
0     00082fd1  PMBus_initControllerMode                     
0     00083fb8  PRIM_ZCD1_XINT_init                          
0     000826a4  PinMux_init                                  
0     00081129  RamfuncsLoadEnd                              
abs   00000129  RamfuncsLoadSize                             
0     00081000  RamfuncsLoadStart                            
0     00008129  RamfuncsRunEnd                               
abs   00000129  RamfuncsRunSize                              
0     00008000  RamfuncsRunStart                             
0     00083674  SCI_clearInterruptStatus                     
0     000831e2  SCI_init                                     
0     00083804  SCI_setConfig                                
0     00083e19  STATUS1_init                                 
0     00083dd3  STATUS2_init                                 
0     00083b07  SYNC_init                                    
0     00008125  SysCtl_delay                                 
0     00083312  SysCtl_getClock                              
0     00083d59  SysCtl_getLowSpeedClock                      
0     00082c6e  SysCtl_isPLLValid                            
0     000835e3  SysCtl_selectOscSource                       
0     000839d1  SysCtl_selectXTAL                            
0     00083ca4  SysCtl_selectXTALSingleEnded                 
0     00082bae  SysCtl_setClock                              
0     0008509f  TZ1_init                                     
0     000850a5  TZ2_init                                     
0     00083fb8  XINT_init                                    
0     00081142  __TI_CINIT_Base                              
0     0008114a  __TI_CINIT_Limit                             
0     0008114a  __TI_CINIT_Warm                              
0     00081138  __TI_Handler_Table_Base                      
0     0008113e  __TI_Handler_Table_Limit                     
1     000007f8  __TI_STACK_END                               
abs   000003f8  __TI_STACK_SIZE                              
0     00083b93  __TI_auto_init_nobinit_nopinit               
1     0000a8ae  __TI_cleanup_ptr                             
0     00083b38  __TI_decompress_lzss                         
0     0008506c  __TI_decompress_none                         
1     0000a8b0  __TI_dtors_ptr                               
1     0000a8ac  __TI_enable_exit_profile_output              
abs   ffffffff  __TI_pprof_out_hndl                          
abs   ffffffff  __TI_prof_data_size                          
abs   ffffffff  __TI_prof_data_start                         
0     00085000  __TI_zero_init_nomemset                      
n/a   UNDEFED   __c_args__                                   
0     000850b6  __error__                                    
1     00000400  __stack                                      
0     0008500d  _args_main                                   
0     00083e47  _c_int00                                     
1     0000a8b4  _lock                                        
0     0008505b  _nop                                         
0     00085057  _register_lock                               
0     00085053  _register_unlock                             
0     000850ba  _system_post_cinit                           
0     00082ffe  _system_pre_init                             
1     0000a8b6  _unlock                                      
0     00083bbe  abort                                        
0     00080000  code_start                                   
0     00083bc0  exit                                         
0     0008387f  main                                         
0     00083d20  memcpy                                       
0     00083c36  myCPUTIMER0_init                             
0     00083c80  myCPUTIMER1_init                             
0     00083a6f  myCPUTIMER2_init                             
0     000850ab  myINPUTXBARINPUT0_init                       
0     00083785  myPMBUS0_init                                
1     0000a8a4  vTimer0                                      
1     0000a8a8  vTimer1                                      


GLOBAL SYMBOLS: SORTED BY Symbol Address 

page  address   name                                         
----  -------   ----                                         
0     00008000  Flash_initModule                             
0     00008000  RamfuncsRunStart                             
0     00008125  SysCtl_delay                                 
0     00008129  RamfuncsRunEnd                               
0     00080000  code_start                                   
0     00081000  RamfuncsLoadStart                            
0     00081129  RamfuncsLoadEnd                              
0     00081138  __TI_Handler_Table_Base                      
0     0008113e  __TI_Handler_Table_Limit                     
0     00081142  __TI_CINIT_Base                              
0     0008114a  __TI_CINIT_Limit                             
0     0008114a  __TI_CINIT_Warm                              
0     00082000  EPWM_init                                    
0     000826a4  PinMux_init                                  
0     0008281e  PMBus_configBusClock                         
0     00082937  Device_enableAllPeripherals                  
0     00082a0e  GPIO_init                                    
0     00082ae1  MULT_CLLC_HAL_DEBUG_Transnit                 
0     00082bae  SysCtl_setClock                              
0     00082c6e  SysCtl_isPLLValid                            
0     00082d2b  ISR2_TIMER0                                  
0     00082dcc  M_CMPSS2_init                                
0     00082e4e  M_CMPSS1_init                                
0     00082ecf  M_CMPSS3_init                                
0     00082f50  M_CMPSS4_init                                
0     00082fd1  PMBus_initControllerMode                     
0     00082ffe  _system_pre_init                             
0     0008307f  MUlt_CLLC_HAL_setupBoardProtection           
0     0008316f  Device_init                                  
0     000831e2  DEBUG_init                                   
0     000831e2  SCI_init                                     
0     0008324b  PMBus_configModuleClock                      
0     000832b1  MULT_CLLC_initGlobalVariables                
0     00083312  SysCtl_getClock                              
0     00083370  M_ADC_B_init                                 
0     000833c8  GPIO_setPadConfig                            
0     0008341a  Interrupt_disable                            
0     00083468  M_ADC_A_init                                 
0     00083504  M_ADC_C_init                                 
0     00083551  CMPSS_configFilterHigh                       
0     0008359a  CMPSS_configFilterLow                        
0     000835e3  SysCtl_selectOscSource                       
0     0008362c  CMPSS_configRamp                             
0     00083674  SCI_clearInterruptStatus                     
0     00083785  PMBUS_init                                   
0     00083785  myPMBUS0_init                                
0     000837c6  Mult_CLLC_HAL_setupDevice                    
0     00083804  SCI_setConfig                                
0     00083842  Interrupt_initModule                         
0     0008387f  main                                         
0     000838bb  GPIO_setAnalogMode                           
0     000838f5  GPIO_setControllerCore                       
0     0008392c  GPIO_setPinConfig                            
0     00083963  GPIO_setQualificationMode                    
0     0008399a  Interrupt_enable                             
0     000839d1  SysCtl_selectXTAL                            
0     00083a07  GPIO_setInterruptPin                         
0     00083a3b  ISR1_PZCD                                    
0     00083a6f  myCPUTIMER2_init                             
0     00083aa3  ISR1_SZCD                                    
0     00083ad6  GPIO_setDirectionMode                        
0     00083b07  SYNC_init                                    
0     00083b38  __TI_decompress_lzss                         
0     00083b68  CMPSS_configLatchOnPWMSYNC                   
0     00083b93  __TI_auto_init_nobinit_nopinit               
0     00083bbe  C$$EXIT                                      
0     00083bbe  abort                                        
0     00083bc0  exit                                         
0     00083be7  ADC_setOffsetTrimAll                         
0     00083c36  myCPUTIMER0_init                             
0     00083c80  myCPUTIMER1_init                             
0     00083ca4  SysCtl_selectXTALSingleEnded                 
0     00083d02  Interrupt_initVectorTable                    
0     00083d20  memcpy                                       
0     00083d59  SysCtl_getLowSpeedClock                      
0     00083d73  A0                                           
0     00083d8b  B0                                           
0     00083dd3  STATUS2_init                                 
0     00083e02  INTERRUPT_init                               
0     00083e19  STATUS1_init                                 
0     00083e47  _c_int00                                     
0     00083e8a  Interrupt_defaultHandler                     
0     00083f30  CPUTimer_setEmulationMode                    
0     00083f79  Device_initGPIO                              
0     00083fb8  PRIM_ZCD1_XINT_init                          
0     00083fb8  XINT_init                                    
0     00083fc7  ASYSCTL_init                                 
0     00083fd4  INT_M_EPWM3_TZ_ISR                           
0     00083ffb  Mult_CLLC_HAL_setupCPI                       
0     00085000  __TI_zero_init_nomemset                      
0     0008500d  _args_main                                   
0     00085024  Interrupt_illegalOperationHandler            
0     0008502e  Interrupt_nmiHandler                         
0     00085038  CMPSS_init                                   
0     00085041  Mult_CLLC_HAL_disablePWMClkCounting          
0     0008504a  Mult_CLLC_HAL_setupADC                       
0     00085053  _register_unlock                             
0     00085057  _register_lock                               
0     0008505b  _nop                                         
0     0008505c  A1                                           
0     00085064  Mult_CLLC_HAL_enablePWMClkCounting           
0     0008506c  __TI_decompress_none                         
0     0008507c  ADC_init                                     
0     00085083  CPUTIMER_init                                
0     0008508a  INPUTXBAR_init                               
0     00085091  Mult_CLLC_HAL_setPins                        
0     0008509f  TZ1_init                                     
0     000850a5  TZ2_init                                     
0     000850ab  myINPUTXBARINPUT0_init                       
0     000850b1  Mult_CLLC_HAL_setupPWM                       
0     000850b6  __error__                                    
0     000850b9  Mult_CLLC_HAL_setupLED                       
0     000850ba  _system_post_cinit                           
1     00000400  __stack                                      
1     000007f8  __TI_STACK_END                               
1     0000a800  MULT_CLLC_systemState                        
1     0000a802  MULT_CLLC_powerFlowStateActive               
1     0000a804  MULT_CLLC_powerFlowState                     
1     0000a806  MULT_CLLC_commandSentTo_AC_DC                
1     0000a808  MULT_CLLC_commandSentFrom_DC_DC              
1     0000a80a  MULT_CLLC_iPrimMAINSensed_Amps               
1     0000a80c  MULT_CLLC_iPrimMAINSensed_pu                 
1     0000a80e  MULT_CLLC_iPrimMAINSensedOffset_pu           
1     0000a810  MULT_CLLC_iPrimMAINSensedCalIntercept_pu     
1     0000a812  MULT_CLLC_iPrimMAINSensedCalXvariable_pu     
1     0000a814  MULT_CLLC_iPrimSECONDARYSensed_Amps          
1     0000a816  MULT_CLLC_iPrimSECONDARYSensed_pu            
1     0000a818  MULT_CLLC_iPrimSECONDARYSensedOffset_pu      
1     0000a81a  MULT_CLLC_iPrimSECONDARYSensedCalIntercept_pu
1     0000a81c  MULT_CLLC_iPrimSECONDARYSensedCalXvariable_pu
1     0000a81e  MULT_CLLC_iPrimMAINTankSensed_Amps           
1     0000a820  MULT_CLLC_iPrimMAINTankSensed_pu             
1     0000a822  MULT_CLLC_iPrimMAINTankSensedOffset_pu       
1     0000a824  MULT_CLLC_iPrimMAINTankSensedCalIntercept_pu 
1     0000a826  MULT_CLLC_iPrimMAINTankSensedCalXvariable_pu 
1     0000a828  MULT_CLLC_vPrimSensed_Volts                  
1     0000a82a  MULT_CLLC_vPrimSensed_pu                     
1     0000a82c  MULT_CLLC_vPrimSensedOffset_pu               
1     0000a82e  MULT_CLLC_vPrimRef_Volts                     
1     0000a830  MULT_CLLC_vPrimRef_pu                        
1     0000a832  MULT_CLLC_vPrimRefSlewed_pu                  
1     0000a834  MULT_CLLC_pwmDutyPrimRef_pu                  
1     0000a836  MULT_CLLC_pwmDutyPrim_pu                     
1     0000a838  MULT_CLLC_pwmDutyAPrim_ticks                 
1     0000a83a  MULT_CLLC_pwmDutyBPrim_ticks                 
1     0000a83c  MULT_CLLC_iSecMAINSensed_Amps                
1     0000a83e  MULT_CLLC_iSecMAINSensed_pu                  
1     0000a840  MULT_CLLC_iSecMAINSensedOffset_pu            
1     0000a842  MULT_CLLC_iSecMAINSensedCalIntercept_pu      
1     0000a844  MULT_CLLC_iSecMAINSensedCalXvariable_pu      
1     0000a846  MULT_CLLC_iSecSECONDARYSensed_Amps           
1     0000a848  MULT_CLLC_iSecSECONDARYSensed_pu             
1     0000a84a  MULT_CLLC_iSecSECONDARYSensedOffset_pu       
1     0000a84c  MULT_CLLC_iSecSECONDARYSensedCalIntercept_pu 
1     0000a84e  MULT_CLLC_iSecSECONDARYSensedCalXvariable_pu 
1     0000a850  MULT_CLLC_iSecMAINTankSensed_Amps            
1     0000a852  MULT_CLLC_iSecMAINTankSensed_pu              
1     0000a854  MULT_CLLC_iSecMAINTankSensedOffset_pu        
1     0000a856  MULT_CLLC_iSecMAINTankSensedCalIntercept_pu  
1     0000a858  MULT_CLLC_iSecMAINTankSensedCalXvariable_pu  
1     0000a85a  MULT_CLLC_vSecSensed_Volts                   
1     0000a85c  MULT_CLLC_vSecSensed_pu                      
1     0000a85e  MULT_CLLC_vSecSensedOffset_pu                
1     0000a860  MULT_CLLC_vSecRef_Volts                      
1     0000a862  MULT_CLLC_vSecRef_pu                         
1     0000a864  MULT_CLLC_vSecRefSlewed_pu                   
1     0000a866  MULT_CLLC_pwmDutySecRef_pu                   
1     0000a868  MULT_CLLC_pwmDutySec_pu                      
1     0000a86a  MULT_CLLC_pwmDutyASec_ticks                  
1     0000a86c  MULT_CLLC_pwmDutyBSec_ticks                  
1     0000a86e  MULT_CLLC_iPrimMAINSensedAvg_pu              
1     0000a872  MULT_CLLC_iPrimSECONDARYSensedAvg_pu         
1     0000a876  MULT_CLLC_iPrimMAINTankSensedAvg_pu          
1     0000a87a  MULT_CLLC_vPrimSensedAvg_pu                  
1     0000a880  MULT_CLLC_iSecMAINSensedAvg_pu               
1     0000a884  MULT_CLLC_iSecSECONDARYSensedAvg_pu          
1     0000a888  MULT_CLLC_iSecMAINTankSensedAvg_pu           
1     0000a88c  MULT_CLLC_vSecSensedAvg_pu                   
1     0000a890  MULT_CLLC_tripFlag                           
1     0000a89e  Alpha_State_Ptr                              
1     0000a8a0  A_Task_Ptr                                   
1     0000a8a2  B_Task_Ptr                                   
1     0000a8a4  vTimer0                                      
1     0000a8a8  vTimer1                                      
1     0000a8ac  __TI_enable_exit_profile_output              
1     0000a8ae  __TI_cleanup_ptr                             
1     0000a8b0  __TI_dtors_ptr                               
1     0000a8b2  CLLC_PRIM_COMPA                              
1     0000a8b3  CLLC_SEC_COMPA                               
1     0000a8b4  _lock                                        
1     0000a8b6  _unlock                                      
abs   00000129  RamfuncsLoadSize                             
abs   00000129  RamfuncsRunSize                              
abs   000003f8  __TI_STACK_SIZE                              
abs   ffffffff  __TI_pprof_out_hndl                          
abs   ffffffff  __TI_prof_data_size                          
abs   ffffffff  __TI_prof_data_start                         
n/a   UNDEFED   __c_args__                                   

[198 symbols]
