******************************************************************************
             TMS320C2000 Linker PC v22.6.1                     
******************************************************************************
>> Linked Fri Sep  6 13:47:05 2024

OUTPUT FILE NAME:   <Multiphase-Interleaved-CLLC.out>
ENTRY POINT SYMBOL: "code_start"  address: 00080000


MEMORY CONFIGURATION

         name            origin    length      used     unused   attr    fill
----------------------  --------  ---------  --------  --------  ----  --------
PAGE 0:
  RAMM0                 000000f6   0000030a  00000000  0000030a  RWIX
  RAMLS0                00008000   00000800  00000129  000006d7  RWIX
  RAMLS1                00008800   00000800  00000000  00000800  RWIX
  RAMLS2                00009000   00000800  00000000  00000800  RWIX
  RAMLS3                00009800   00000800  00000000  00000800  RWIX
  RAMLS4                0000a000   00000800  00000000  00000800  RWIX
  BEGIN                 00080000   00000002  00000002  00000000  RWIX
  FLASH_BANK0_SEC0      00080002   00000ffe  00000000  00000ffe  RWIX
  FLASH_BANK0_SEC1      00081000   00001000  00000147  00000eb9  RWIX
  FLASH_BANK0_SEC2      00082000   00001000  00001000  00000000  RWIX
  FLASH_BANK0_SEC3      00083000   00001000  00001000  00000000  RWIX
  FLASH_BANK0_SEC4      00084000   00001000  0000055c  00000aa4  RWIX
  FLASH_BANK0_SEC5      00085000   00001000  00001000  00000000  RWIX
  FLASH_BANK0_SEC6      00086000   00001000  000001b4  00000e4c  RWIX
  FLASH_BANK0_SEC7      00087000   00001000  00000000  00001000  RWIX
  FLASH_BANK0_SEC8      00088000   00001000  00000000  00001000  RWIX
  FLASH_BANK0_SEC9      00089000   00001000  00000000  00001000  RWIX
  FLASH_BANK0_SEC10     0008a000   00001000  00000000  00001000  RWIX
  FLASH_BANK0_SEC11     0008b000   00001000  00000000  00001000  RWIX
  FLASH_BANK0_SEC12     0008c000   00001000  00000000  00001000  RWIX
  FLASH_BANK0_SEC13     0008d000   00001000  00000000  00001000  RWIX
  FLASH_BANK0_SEC14     0008e000   00001000  00000000  00001000  RWIX
  FLASH_BANK0_SEC15     0008f000   00001000  00000000  00001000  RWIX
  FLASH_BANK1_SEC0      00090000   00001000  00000000  00001000  RWIX
  FLASH_BANK1_SEC1      00091000   00001000  00000000  00001000  RWIX
  FLASH_BANK1_SEC2      00092000   00001000  00000000  00001000  RWIX
  FLASH_BANK1_SEC3      00093000   00001000  00000000  00001000  RWIX
  FLASH_BANK1_SEC4      00094000   00001000  00000000  00001000  RWIX
  FLASH_BANK1_SEC5      00095000   00001000  00000000  00001000  RWIX
  FLASH_BANK1_SEC6      00096000   00001000  00000000  00001000  RWIX
  FLASH_BANK1_SEC7      00097000   00001000  00000000  00001000  RWIX
  FLASH_BANK1_SEC8      00098000   00001000  00000000  00001000  RWIX
  FLASH_BANK1_SEC9      00099000   00001000  00000000  00001000  RWIX
  FLASH_BANK1_SEC10     0009a000   00001000  00000000  00001000  RWIX
  FLASH_BANK1_SEC11     0009b000   00001000  00000000  00001000  RWIX
  FLASH_BANK1_SEC12     0009c000   00001000  00000000  00001000  RWIX
  FLASH_BANK1_SEC13     0009d000   00001000  00000000  00001000  RWIX
  FLASH_BANK1_SEC14     0009e000   00001000  00000000  00001000  RWIX
  FLASH_BANK1_SEC15     0009f000   00000ff0  00000000  00000ff0  RWIX
  RESET                 003fffc0   00000002  00000000  00000002  RWIX

PAGE 1:
  BOOT_RSVD             00000002   000000f1  00000000  000000f1  RWIX
  RAMM1                 00000400   000003f8  000003f8  00000000  RWIX
  RAMLS5                0000a800   00000800  000000ab  00000755  RWIX
  RAMLS6                0000b000   00000800  00000000  00000800  RWIX
  RAMLS7                0000b800   00000800  00000000  00000800  RWIX
  RAMGS0                0000c000   00002000  00000000  00002000  RWIX
  RAMGS1                0000e000   00002000  00000000  00002000  RWIX
  RAMGS2                00010000   00002000  00000000  00002000  RWIX
  RAMGS3                00012000   00001ff8  00000000  00001ff8  RWIX


SECTION ALLOCATION MAP

 output                                  attributes/
section   page    origin      length       input sections
--------  ----  ----------  ----------   ----------------
codestart 
*          0    00080000    00000002     
                  00080000    00000002     f28004x_codestartbranch.obj (codestart)

.cinit     0    0008112c    0000001e     
                  0008112c    0000000c     (.cinit..data.load) [load image, compression = lzss]
                  00081138    00000006     (__TI_handler_table)
                  0008113e    00000004     (.cinit..bss.load) [load image, compression = zero_init]
                  00081142    00000008     (__TI_cinit_table)

.reset     0    003fffc0    00000000     DSECT

.stack     1    00000400    000003f8     UNINITIALIZED
                  00000400    000003f8     --HOLE--

.init_array 
*          0    00081000    00000000     UNINITIALIZED

.bss       1    0000a800    0000009e     UNINITIALIZED
                  0000a800    0000009e     Mult_CLLC.obj (.bss)

.data      1    0000a89e    0000000d     UNINITIALIZED
                  0000a89e    00000006     rts2800_fpu32_eabi.lib : exit.c.obj (.data)
                  0000a8a4    00000002     Mult_CLLC.obj (.data)
                  0000a8a6    00000002     rts2800_fpu32_eabi.lib : _lock.c.obj (.data:_lock)
                  0000a8a8    00000002                            : _lock.c.obj (.data:_unlock)
                  0000a8aa    00000001                            : errno.c.obj (.data)

.const     0    00084000    0000055c     
                  00084000    00000101     rts2800_fpu32_eabi.lib : ctype.c.obj (.const:.string:_ctypes_)
                  00084101    00000001     --HOLE-- [fill = 0]
                  00084102    0000009b     driverlib_eabi.lib : flash.obj (.const:.string)
                  0008419d    00000001     --HOLE-- [fill = 0]
                  0008419e    0000009a                        : sysctl.obj (.const:.string)
                  00084238    00000098                        : gpio.obj (.const:.string)
                  000842d0    00000097                        : sci.obj (.const:.string)
                  00084367    00000001     --HOLE-- [fill = 0]
                  00084368    00000051                        : interrupt.obj (.const:.string)
                  000843b9    00000001     --HOLE-- [fill = 0]
                  000843ba    00000050                        : cputimer.obj (.const:.string)
                  0008440a    0000004d                        : cmpss.obj (.const:.string)
                  00084457    00000001     --HOLE-- [fill = 0]
                  00084458    0000004d                        : pmbus.obj (.const:.string)
                  000844a5    00000001     --HOLE-- [fill = 0]
                  000844a6    0000003e     board.obj (.const:.string)
                  000844e4    00000026     rts2800_fpu32_eabi.lib : _printfi.c.obj (.const:.string)
                  0008450a    0000001c                            : _printfi.c.obj (.const)
                  00084526    0000000d     Mult_CLLC_HAL.obj (.const:.string)
                  00084533    00000001     --HOLE-- [fill = 0]
                  00084534    00000008     rts2800_fpu32_eabi.lib : s_frexp.c.obj (.const)
                  0008453c    00000004     --HOLE-- [fill = 0]
                  00084540    0000001c                            : s_scalbn.c.obj (.const)

.TI.ramfunc 
*          0    00081000    00000129     RUN ADDR = 00008000
                  00081000    00000044     driverlib_eabi.lib : flash.obj (.TI.ramfunc:Flash_initModule)
                  00081044    0000002c                        : flash.obj (.TI.ramfunc:Flash_setBankPowerMode)
                  00081070    00000024                        : flash.obj (.TI.ramfunc:Flash_setWaitstates)
                  00081094    0000001d                        : flash.obj (.TI.ramfunc:Flash_setPumpPowerMode)
                  000810b1    00000018                        : flash.obj (.TI.ramfunc:Flash_disableCache)
                  000810c9    00000018                        : flash.obj (.TI.ramfunc:Flash_disablePrefetch)
                  000810e1    00000017                        : flash.obj (.TI.ramfunc:Flash_enableCache)
                  000810f8    00000017                        : flash.obj (.TI.ramfunc:Flash_enablePrefetch)
                  0008110f    00000016                        : flash.obj (.TI.ramfunc:Flash_enableECC)
                  00081125    00000004                        : sysctl.obj (.TI.ramfunc)

.text.1    0    00082000    00001000     
                  00082000    000006c2     rts2800_fpu32_eabi.lib : _printfi.c.obj (.text)
                  000826c2    000006a4     board.obj (.text:EPWM_init)
                  00082d66    0000017a     board.obj (.text:PinMux_init)
                  00082ee0    00000119     driverlib_eabi.lib : pmbus.obj (.text:PMBus_configBusClock)
                  00082ff9    00000007     board.obj (.text:ADC_init)

.text.2    0    00083000    00001000     
                  00083000    00000614     rts2800_fpu32_eabi.lib : _printfi.c.obj (.text:__TI_printfi)
                  00083614    00000107                            : ll_div28.asm.obj (.text)
                  0008371b    000000d7     device.obj (.text:Device_enableAllPeripherals)
                  000837f2    000000d3     board.obj (.text:GPIO_init)
                  000838c5    000000c0     driverlib_eabi.lib : sysctl.obj (.text:SysCtl_setClock)
                  00083985    000000bd                        : sysctl.obj (.text:SysCtl_isPLLValid)
                  00083a42    000000a9     rts2800_fpu32_eabi.lib : s_scalbn.c.obj (.text)
                  00083aeb    0000009c                            : fd_add28.asm.obj (.text)
                  00083b87    00000097     Mult_CLLC.obj (.text:ISR2_TIMER0)
                  00083c1e    0000008b     rts2800_fpu32_eabi.lib : fd_div28.asm.obj (.text)
                  00083ca9    00000083                            : fd_mpy28.asm.obj (.text)
                  00083d2c    00000082     board.obj (.text:M_CMPSS2_init)
                  00083dae    00000081     board.obj (.text:M_CMPSS1_init)
                  00083e2f    00000081     board.obj (.text:M_CMPSS3_init)
                  00083eb0    00000081     board.obj (.text:M_CMPSS4_init)
                  00083f31    0000007f     driverlib_eabi.lib : interrupt.obj (.text:Interrupt_clearIFR)
                  00083fb0    0000004e                        : interrupt.obj (.text:Interrupt_disable)
                  00083ffe    00000002     rts2800_fpu32_eabi.lib : pre_init.c.obj (.text)

.text.3    0    00085000    00001000     
                  00085000    0000007d     Mult_CLLC_HAL.obj (.text:MUlt_CLLC_HAL_setupBoardProtection)
                  0008507d    00000073     driverlib_eabi.lib : sysctl.obj (.text:DCC_setCounterSeeds)
                  000850f0    00000073     device.obj (.text:Device_init)
                  00085163    00000069     board.obj (.text:DEBUG_init)
                  000851cc    00000066     driverlib_eabi.lib : pmbus.obj (.text:PMBus_configModuleClock)
                  00085232    0000005e                        : sysctl.obj (.text:SysCtl_getClock)
                  00085290    0000005a     rts2800_fpu32_eabi.lib : s_frexp.c.obj (.text)
                  000852ea    00000058     board.obj (.text:M_ADC_B_init)
                  00085342    00000052     driverlib_eabi.lib : gpio.obj (.text:GPIO_setPadConfig)
                  00085394    0000004e     board.obj (.text:M_ADC_A_init)
                  000853e2    0000004d     board.obj (.text:M_ADC_C_init)
                  0008542f    00000049     driverlib_eabi.lib : cmpss.obj (.text:CMPSS_configFilterHigh)
                  00085478    00000049                        : cmpss.obj (.text:CMPSS_configFilterLow)
                  000854c1    00000049                        : sysctl.obj (.text:SysCtl_selectOscSource)
                  0008550a    00000048                        : cmpss.obj (.text:CMPSS_configRamp)
                  00085552    00000045                        : sci.obj (.text:SCI_clearInterruptStatus)
                  00085597    00000045                        : sysctl.obj (.text:SysCtl_pollX1Counter)
                  000855dc    00000043     board.obj (.text:EPWM_setActionQualifierAction)
                  0008561f    00000041     board.obj (.text:myPMBUS0_init)
                  00085660    0000003e     driverlib_eabi.lib : sci.obj (.text:SCI_setConfig)
                  0008569e    0000003d                        : interrupt.obj (.text:Interrupt_initModule)
                  000856db    0000003a                        : gpio.obj (.text:GPIO_setAnalogMode)
                  00085715    0000003a     Mult_CLLC.obj (.text:MULT_CLLC_initGlobalVariables)
                  0008574f    00000038     Mult_CLLC_HAL.obj (.text:MULT_CLLC_HAL_DEBUG_Transnit)
                  00085787    00000038     main.obj (.text:main)
                  000857bf    00000037     driverlib_eabi.lib : gpio.obj (.text:GPIO_setControllerCore)
                  000857f6    00000037                        : gpio.obj (.text:GPIO_setPinConfig)
                  0008582d    00000037                        : gpio.obj (.text:GPIO_setQualificationMode)
                  00085864    00000037                        : interrupt.obj (.text:Interrupt_enable)
                  0008589b    00000036                        : sysctl.obj (.text:SysCtl_selectXTAL)
                  000858d1    00000034                        : gpio.obj (.text:GPIO_setInterruptPin)
                  00085905    00000034     Mult_CLLC.obj (.text:ISR1_PZCD)
                  00085939    00000034     board.obj (.text:myCPUTIMER2_init)
                  0008596d    00000033     Mult_CLLC.obj (.text:ISR1_SZCD)
                  000859a0    00000032     rts2800_fpu32_eabi.lib : sprintf.c.obj (.text)
                  000859d2    00000031     driverlib_eabi.lib : gpio.obj (.text:GPIO_setDirectionMode)
                  00085a03    00000031     board.obj (.text:SYNC_init)
                  00085a34    00000031     rts2800_fpu32_eabi.lib : atoi.c.obj (.text)
                  00085a65    00000030                            : copy_decompress_lzss.c.obj (.text:decompress:lzss)
                  00085a95    00000030                            : _ltoa.c.obj (.text)
                  00085ac5    0000002d     driverlib_eabi.lib : pmbus.obj (.text:PMBus_initControllerMode)
                  00085af2    0000002b                        : cmpss.obj (.text:CMPSS_configLatchOnPWMSYNC)
                  00085b1d    0000002b     rts2800_fpu32_eabi.lib : autoinit.c.obj (.text:__TI_auto_init_nobinit_nopinit)
                  00085b48    0000002a                            : fd_cmp28.asm.obj (.text)
                  00085b72    0000002a                            : l_div28.asm.obj (.text)
                  00085b9c    00000029                            : exit.c.obj (.text)
                  00085bc5    00000028     driverlib_eabi.lib : adc.obj (.text:ADC_setOffsetTrimAll)
                  00085bed    00000027                        : cmpss.obj (.text:CMPSS_isBaseValid)
                  00085c14    00000026     board.obj (.text:myCPUTIMER0_init)
                  00085c3a    00000024     driverlib_eabi.lib : sysctl.obj (.text:DCC_enableSingleShotMode)
                  00085c5e    00000024     board.obj (.text:myCPUTIMER1_init)
                  00085c82    00000024     rts2800_fpu32_eabi.lib : s_copysign.c.obj (.text)
                  00085ca6    00000021                            : fd_toi28.asm.obj (.text)
                  00085cc7    00000020     driverlib_eabi.lib : sysctl.obj (.text:SysCtl_selectXTALSingleEnded)
                  00085ce7    00000020                        : gpio.obj (.text:XBAR_setInputPin)
                  00085d07    0000001f     rts2800_fpu32_eabi.lib : fd_tol28.asm.obj (.text)
                  00085d26    0000001e     driverlib_eabi.lib : sysctl.obj (.text:DCC_setCounter1ClkSource)
                  00085d44    0000001e                        : interrupt.obj (.text:Interrupt_initVectorTable)
                  00085d62    0000001e     rts2800_fpu32_eabi.lib : ll_cmp28.asm.obj (.text)
                  00085d80    0000001d                            : i_tofd28.asm.obj (.text)
                  00085d9d    0000001d                            : memcpy.c.obj (.text)
                  00085dba    0000001c     driverlib_eabi.lib : sysctl.obj (.text:DCC_setCounter0ClkSource)
                  00085dd6    0000001c     rts2800_fpu32_eabi.lib : l_tofd28.asm.obj (.text)
                  00085df2    0000001a     driverlib_eabi.lib : sysctl.obj (.text:SysCtl_getLowSpeedClock)
                  00085e0c    00000018                        : sci.obj (.text:SCI_disableModule)
                  00085e24    00000018                        : sci.obj (.text:SCI_performSoftwareReset)
                  00085e3c    00000018     board.obj (.text:STATUS2_init)
                  00085e54    00000018     rts2800_fpu32_eabi.lib : ll_aox28.asm.obj (.text)
                  00085e6c    00000017     driverlib_eabi.lib : cputimer.obj (.text:CPUTimer_isBaseValid)
                  00085e83    00000017     board.obj (.text:INTERRUPT_init)
                  00085e9a    00000017     Mult_CLLC_HAL.obj (.text:Mult_CLLC_HAL_setupDevice)
                  00085eb1    00000017     board.obj (.text:STATUS1_init)
                  00085ec8    00000017     driverlib_eabi.lib : sysctl.obj (.text:SysCtl_enablePeripheral)
                  00085edf    00000017     rts2800_fpu32_eabi.lib : boot28.asm.obj (.text)
                  00085ef6    00000016     driverlib_eabi.lib : sysctl.obj (.text:DCC_disableDoneSignal)
                  00085f0c    00000016                        : sysctl.obj (.text:DCC_enableDoneSignal)
                  00085f22    00000016                        : interrupt.obj (.text:Interrupt_defaultHandler)
                  00085f38    00000015                        : sysctl.obj (.text:DCC_clearDoneFlag)
                  00085f4d    00000015                        : sysctl.obj (.text:DCC_clearErrorFlag)
                  00085f62    00000015                        : sysctl.obj (.text:DCC_disableErrorSignal)
                  00085f77    00000015                        : sysctl.obj (.text:DCC_enableErrorSignal)
                  00085f8c    00000014                        : sysctl.obj (.text:DCC_disableModule)
                  00085fa0    00000014                        : sysctl.obj (.text:DCC_enableModule)
                  00085fb4    00000014                        : gpio.obj (.text:GPIO_isPinValid)
                  00085fc8    00000013                        : cputimer.obj (.text:CPUTimer_setEmulationMode)
                  00085fdb    00000013                        : sci.obj (.text:SCI_enableModule)
                  00085fee    00000010                        : sysctl.obj (.text:DCC_isBaseValid)
                  00085ffe    00000001     Mult_CLLC_HAL.obj (.text:Mult_CLLC_HAL_setupLED)
                  00085fff    00000001     rts2800_fpu32_eabi.lib : startup.c.obj (.text)

.text.4    0    00086000    000001b4     
                  00086000    00000013     driverlib_eabi.lib : sci.obj (.text:SCI_isBaseValid)
                  00086013    00000010     device.obj (.text:Device_initGPIO)
                  00086023    00000010     driverlib_eabi.lib : flash.obj (.text:Flash_isCtrlBaseValid)
                  00086033    00000010                        : flash.obj (.text:Flash_isECCBaseValid)
                  00086043    00000010     rts2800_fpu32_eabi.lib : memccpy.c.obj (.text)
                  00086053    0000000f     driverlib_eabi.lib : pmbus.obj (.text:PMBus_isBaseValid)
                  00086062    0000000f     board.obj (.text:PRIM_ZCD1_XINT_init)
                  00086071    0000000e     Mult_CLLC_HAL.obj (.text:UARTprintf)
                  0008607f    0000000e     rts2800_fpu32_eabi.lib : fd_sub28.asm.obj (.text)
                  0008608d    0000000d     board.obj (.text:ASYSCTL_init)
                  0008609a    0000000d     main.obj (.text:INT_M_EPWM3_TZ_ISR)
                  000860a7    0000000d     driverlib_eabi.lib : interrupt.obj (.text:Interrupt_disableGlobal)
                  000860b4    0000000d                        : interrupt.obj (.text:Interrupt_enableGlobal)
                  000860c1    0000000d     rts2800_fpu32_eabi.lib : copy_zero_init.c.obj (.text:decompress:ZI:__TI_zero_init_nomemset)
                  000860ce    0000000c                            : args_main.c.obj (.text)
                  000860da    0000000c                            : strchr.c.obj (.text)
                  000860e6    0000000b     board.obj (.text:INPUTXBAR_init)
                  000860f1    0000000b     driverlib_eabi.lib : sysctl.obj (.text:SysCtl_isMCDClockFailureDetected)
                  000860fc    0000000b     rts2800_fpu32_eabi.lib : wcslen.c.obj (.text)
                  00086107    0000000a     driverlib_eabi.lib : interrupt.obj (.text:Interrupt_illegalOperationHandler)
                  00086111    0000000a                        : interrupt.obj (.text:Interrupt_nmiHandler)
                  0008611b    00000009     board.obj (.text:CMPSS_init)
                  00086124    00000009     Mult_CLLC_HAL.obj (.text:Mult_CLLC_HAL_disablePWMClkCounting)
                  0008612d    00000009     Mult_CLLC_HAL.obj (.text:Mult_CLLC_HAL_setupADC)
                  00086136    00000009     rts2800_fpu32_eabi.lib : _lock.c.obj (.text)
                  0008613f    00000009                            : fd_neg28.asm.obj (.text)
                  00086148    00000008     Mult_CLLC_HAL.obj (.text:Mult_CLLC_HAL_enablePWMClkCounting)
                  00086150    00000008     rts2800_fpu32_eabi.lib : copy_decompress_none.c.obj (.text:decompress:none)
                  00086158    00000008     f28004x_codestartbranch.obj (.text)
                  00086160    00000008     rts2800_fpu32_eabi.lib : strlen.c.obj (.text)
                  00086168    00000007     board.obj (.text:CPUTIMER_init)
                  0008616f    00000007     Mult_CLLC_HAL.obj (.text:Mult_CLLC_HAL_setPins)
                  00086176    00000007     driverlib_eabi.lib : sysctl.obj (.text:SysCtl_resetMCD)
                  0008617d    00000007     rts2800_fpu32_eabi.lib : memset.c.obj (.text)
                  00086184    00000006     board.obj (.text:TZ1_init)
                  0008618a    00000006     board.obj (.text:TZ2_init)
                  00086190    00000006     board.obj (.text:myINPUTXBARINPUT0_init)
                  00086196    00000006     board.obj (.text:myINPUTXBARINPUT1_init)
                  0008619c    00000006     board.obj (.text:myINPUTXBARINPUT2_init)
                  000861a2    00000005     Mult_CLLC_HAL.obj (.text:Mult_CLLC_HAL_setupCPI)
                  000861a7    00000005     Mult_CLLC_HAL.obj (.text:Mult_CLLC_HAL_setupPWM)
                  000861ac    00000005     rts2800_fpu32_eabi.lib : strcpy.c.obj (.text)
                  000861b1    00000003     device.obj (.text:__error__)

MODULE SUMMARY

       Module                        code    ro data   rw data
       ------                        ----    -------   -------
    .\
       main.obj                      69      0         0      
    +--+-----------------------------+-------+---------+---------+
       Total:                        69      0         0      
                                                              
    .\APP\
       Mult_CLLC.obj                 312     0         160    
    +--+-----------------------------+-------+---------+---------+
       Total:                        312     0         160    
                                                              
    .\BoardHAL\
       Mult_CLLC_HAL.obj             262     13        0      
    +--+-----------------------------+-------+---------+---------+
       Total:                        262     13        0      
                                                              
    .\device\
       device.obj                    349     0         0      
       f28004x_codestartbranch.obj   10      0         0      
    +--+-----------------------------+-------+---------+---------+
       Total:                        359     0         0      
                                                              
    .\syscfg\
       board.obj                     3623    62        0      
    +--+-----------------------------+-------+---------+---------+
       Total:                        3623    62        0      
                                                              
    C:\ti\C2000Ware_5_01_00_00\driverlib\f28004x\driverlib\ccs\Debug\driverlib_eabi.lib
       sysctl.obj                    1171    154       0      
       flash.obj                     618     155       0      
       gpio.obj                      458     152       0      
       pmbus.obj                     443     77        0      
       interrupt.obj                 419     81        0      
       cmpss.obj                     300     77        0      
       sci.obj                       217     151       0      
       cputimer.obj                  42      80        0      
       adc.obj                       40      0         0      
    +--+-----------------------------+-------+---------+---------+
       Total:                        3708    927       0      
                                                              
    C:\ti\ccstheia141\ccs\tools\compiler\ti-cgt-c2000_22.6.1A23259\lib\rts2800_fpu32_eabi.lib
       _printfi.c.obj                3286    66        0      
       ll_div28.asm.obj              263     0         0      
       ctype.c.obj                   0       257       0      
       s_scalbn.c.obj                169     28        0      
       fd_add28.asm.obj              156     0         0      
       fd_div28.asm.obj              139     0         0      
       fd_mpy28.asm.obj              131     0         0      
       s_frexp.c.obj                 90      8         0      
       sprintf.c.obj                 50      0         0      
       atoi.c.obj                    49      0         0      
       _ltoa.c.obj                   48      0         0      
       copy_decompress_lzss.c.obj    48      0         0      
       exit.c.obj                    41      0         6      
       autoinit.c.obj                43      0         0      
       fd_cmp28.asm.obj              42      0         0      
       l_div28.asm.obj               42      0         0      
       s_copysign.c.obj              36      0         0      
       fd_toi28.asm.obj              33      0         0      
       fd_tol28.asm.obj              31      0         0      
       ll_cmp28.asm.obj              30      0         0      
       i_tofd28.asm.obj              29      0         0      
       memcpy.c.obj                  29      0         0      
       l_tofd28.asm.obj              28      0         0      
       ll_aox28.asm.obj              24      0         0      
       boot28.asm.obj                23      0         0      
       memccpy.c.obj                 16      0         0      
       fd_sub28.asm.obj              14      0         0      
       _lock.c.obj                   9       0         4      
       copy_zero_init.c.obj          13      0         0      
       args_main.c.obj               12      0         0      
       strchr.c.obj                  12      0         0      
       wcslen.c.obj                  11      0         0      
       fd_neg28.asm.obj              9       0         0      
       copy_decompress_none.c.obj    8       0         0      
       strlen.c.obj                  8       0         0      
       memset.c.obj                  7       0         0      
       strcpy.c.obj                  5       0         0      
       pre_init.c.obj                2       0         0      
       errno.c.obj                   0       0         1      
       startup.c.obj                 1       0         0      
    +--+-----------------------------+-------+---------+---------+
       Total:                        4987    359       11     
                                                              
       Stack:                        0       0         1016   
       Linker Generated:             0       30        0      
    +--+-----------------------------+-------+---------+---------+
       Grand Total:                  13320   1391      1187   


LINKER GENERATED COPY TABLES

__TI_cinit_table @ 00081142 records: 2, size/record: 4, table size: 8
	.data: load addr=0008112c, load size=0000000c bytes, run addr=0000a89e, run size=0000000d bytes, compression=lzss
	.bss: load addr=0008113e, load size=00000004 bytes, run addr=0000a800, run size=0000009e bytes, compression=zero_init


LINKER GENERATED HANDLER TABLE

__TI_handler_table @ 00081138 records: 3, size/record: 2, table size: 6
	index: 0, handler: __TI_zero_init
	index: 1, handler: __TI_decompress_lzss
	index: 2, handler: __TI_decompress_none


GLOBAL DATA SYMBOLS: SORTED BY DATA PAGE

address     data page           name
--------    ----------------    ----
00000400      10 (00000400)     __stack

0000a800     2a0 (0000a800)     MULT_CLLC_systemState
0000a802     2a0 (0000a800)     MULT_CLLC_powerFlowStateActive
0000a804     2a0 (0000a800)     MULT_CLLC_powerFlowState
0000a806     2a0 (0000a800)     MULT_CLLC_commandSentTo_AC_DC
0000a808     2a0 (0000a800)     MULT_CLLC_commandSentFrom_DC_DC
0000a80a     2a0 (0000a800)     MULT_CLLC_iPrimMAINSensed_Amps
0000a80c     2a0 (0000a800)     MULT_CLLC_iPrimMAINSensed_pu
0000a80e     2a0 (0000a800)     MULT_CLLC_iPrimMAINSensedOffset_pu
0000a810     2a0 (0000a800)     MULT_CLLC_iPrimMAINSensedCalIntercept_pu
0000a812     2a0 (0000a800)     MULT_CLLC_iPrimMAINSensedCalXvariable_pu
0000a814     2a0 (0000a800)     MULT_CLLC_iPrimSECONDARYSensed_Amps
0000a816     2a0 (0000a800)     MULT_CLLC_iPrimSECONDARYSensed_pu
0000a818     2a0 (0000a800)     MULT_CLLC_iPrimSECONDARYSensedOffset_pu
0000a81a     2a0 (0000a800)     MULT_CLLC_iPrimSECONDARYSensedCalIntercept_pu
0000a81c     2a0 (0000a800)     MULT_CLLC_iPrimSECONDARYSensedCalXvariable_pu
0000a81e     2a0 (0000a800)     MULT_CLLC_iPrimMAINTankSensed_Amps
0000a820     2a0 (0000a800)     MULT_CLLC_iPrimMAINTankSensed_pu
0000a822     2a0 (0000a800)     MULT_CLLC_iPrimMAINTankSensedOffset_pu
0000a824     2a0 (0000a800)     MULT_CLLC_iPrimMAINTankSensedCalIntercept_pu
0000a826     2a0 (0000a800)     MULT_CLLC_iPrimMAINTankSensedCalXvariable_pu
0000a828     2a0 (0000a800)     MULT_CLLC_vPrimSensed_Volts
0000a82a     2a0 (0000a800)     MULT_CLLC_vPrimSensed_pu
0000a82c     2a0 (0000a800)     MULT_CLLC_vPrimSensedOffset_pu
0000a82e     2a0 (0000a800)     MULT_CLLC_vPrimRef_Volts
0000a830     2a0 (0000a800)     MULT_CLLC_vPrimRef_pu
0000a832     2a0 (0000a800)     MULT_CLLC_vPrimRefSlewed_pu
0000a834     2a0 (0000a800)     MULT_CLLC_pwmDutyPrimRef_pu
0000a836     2a0 (0000a800)     MULT_CLLC_pwmDutyPrim_pu
0000a838     2a0 (0000a800)     MULT_CLLC_pwmDutyAPrim_ticks
0000a83a     2a0 (0000a800)     MULT_CLLC_pwmDutyBPrim_ticks
0000a83c     2a0 (0000a800)     MULT_CLLC_iSecMAINSensed_Amps
0000a83e     2a0 (0000a800)     MULT_CLLC_iSecMAINSensed_pu

0000a840     2a1 (0000a840)     MULT_CLLC_iSecMAINSensedOffset_pu
0000a842     2a1 (0000a840)     MULT_CLLC_iSecMAINSensedCalIntercept_pu
0000a844     2a1 (0000a840)     MULT_CLLC_iSecMAINSensedCalXvariable_pu
0000a846     2a1 (0000a840)     MULT_CLLC_iSecSECONDARYSensed_Amps
0000a848     2a1 (0000a840)     MULT_CLLC_iSecSECONDARYSensed_pu
0000a84a     2a1 (0000a840)     MULT_CLLC_iSecSECONDARYSensedOffset_pu
0000a84c     2a1 (0000a840)     MULT_CLLC_iSecSECONDARYSensedCalIntercept_pu
0000a84e     2a1 (0000a840)     MULT_CLLC_iSecSECONDARYSensedCalXvariable_pu
0000a850     2a1 (0000a840)     MULT_CLLC_iSecMAINTankSensed_Amps
0000a852     2a1 (0000a840)     MULT_CLLC_iSecMAINTankSensed_pu
0000a854     2a1 (0000a840)     MULT_CLLC_iSecMAINTankSensedOffset_pu
0000a856     2a1 (0000a840)     MULT_CLLC_iSecMAINTankSensedCalIntercept_pu
0000a858     2a1 (0000a840)     MULT_CLLC_iSecMAINTankSensedCalXvariable_pu
0000a85a     2a1 (0000a840)     MULT_CLLC_vSecSensed_Volts
0000a85c     2a1 (0000a840)     MULT_CLLC_vSecSensed_pu
0000a85e     2a1 (0000a840)     MULT_CLLC_vSecSensedOffset_pu
0000a860     2a1 (0000a840)     MULT_CLLC_vSecRef_Volts
0000a862     2a1 (0000a840)     MULT_CLLC_vSecRef_pu
0000a864     2a1 (0000a840)     MULT_CLLC_vSecRefSlewed_pu
0000a866     2a1 (0000a840)     MULT_CLLC_pwmDutySecRef_pu
0000a868     2a1 (0000a840)     MULT_CLLC_pwmDutySec_pu
0000a86a     2a1 (0000a840)     MULT_CLLC_pwmDutyASec_ticks
0000a86c     2a1 (0000a840)     MULT_CLLC_pwmDutyBSec_ticks
0000a86e     2a1 (0000a840)     MULT_CLLC_iPrimMAINSensedAvg_pu
0000a872     2a1 (0000a840)     MULT_CLLC_iPrimSECONDARYSensedAvg_pu
0000a876     2a1 (0000a840)     MULT_CLLC_iPrimMAINTankSensedAvg_pu
0000a87a     2a1 (0000a840)     MULT_CLLC_vPrimSensedAvg_pu

0000a880     2a2 (0000a880)     MULT_CLLC_iSecMAINSensedAvg_pu
0000a884     2a2 (0000a880)     MULT_CLLC_iSecSECONDARYSensedAvg_pu
0000a888     2a2 (0000a880)     MULT_CLLC_iSecMAINTankSensedAvg_pu
0000a88c     2a2 (0000a880)     MULT_CLLC_vSecSensedAvg_pu
0000a890     2a2 (0000a880)     MULT_CLLC_tripFlag
0000a89e     2a2 (0000a880)     __TI_enable_exit_profile_output
0000a8a0     2a2 (0000a880)     __TI_cleanup_ptr
0000a8a2     2a2 (0000a880)     __TI_dtors_ptr
0000a8a4     2a2 (0000a880)     CLLC_PRIM_COMPA
0000a8a5     2a2 (0000a880)     CLLC_SEC_COMPA
0000a8a6     2a2 (0000a880)     _lock
0000a8a8     2a2 (0000a880)     _unlock
0000a8aa     2a2 (0000a880)     errno

00084000    2100 (00084000)     _ctypes_


GLOBAL SYMBOLS: SORTED ALPHABETICALLY BY Name 

page  address   name                                         
----  -------   ----                                         
0     00082ff9  ADC_init                                     
0     00085bc5  ADC_setOffsetTrimAll                         
0     0008608d  ASYSCTL_init                                 
0     00085b9c  C$$EXIT                                      
1     0000a8a4  CLLC_PRIM_COMPA                              
1     0000a8a5  CLLC_SEC_COMPA                               
0     0008542f  CMPSS_configFilterHigh                       
0     00085478  CMPSS_configFilterLow                        
0     00085af2  CMPSS_configLatchOnPWMSYNC                   
0     0008550a  CMPSS_configRamp                             
0     0008611b  CMPSS_init                                   
0     00086168  CPUTIMER_init                                
0     00085fc8  CPUTimer_setEmulationMode                    
0     00085163  DEBUG_init                                   
0     0008371b  Device_enableAllPeripherals                  
0     000850f0  Device_init                                  
0     00086013  Device_initGPIO                              
0     000826c2  EPWM_init                                    
0     00008000  Flash_initModule                             
0     000837f2  GPIO_init                                    
0     000856db  GPIO_setAnalogMode                           
0     000857bf  GPIO_setControllerCore                       
0     000859d2  GPIO_setDirectionMode                        
0     000858d1  GPIO_setInterruptPin                         
0     00085342  GPIO_setPadConfig                            
0     000857f6  GPIO_setPinConfig                            
0     0008582d  GPIO_setQualificationMode                    
0     000860e6  INPUTXBAR_init                               
0     00085e83  INTERRUPT_init                               
0     0008609a  INT_M_EPWM3_TZ_ISR                           
0     00085905  ISR1_PZCD                                    
0     0008596d  ISR1_SZCD                                    
0     00083b87  ISR2_TIMER0                                  
0     00085f22  Interrupt_defaultHandler                     
0     00083fb0  Interrupt_disable                            
0     00085864  Interrupt_enable                             
0     00086107  Interrupt_illegalOperationHandler            
0     0008569e  Interrupt_initModule                         
0     00085d44  Interrupt_initVectorTable                    
0     00086111  Interrupt_nmiHandler                         
0     0008574f  MULT_CLLC_HAL_DEBUG_Transnit                 
1     0000a808  MULT_CLLC_commandSentFrom_DC_DC              
1     0000a806  MULT_CLLC_commandSentTo_AC_DC                
1     0000a86e  MULT_CLLC_iPrimMAINSensedAvg_pu              
1     0000a810  MULT_CLLC_iPrimMAINSensedCalIntercept_pu     
1     0000a812  MULT_CLLC_iPrimMAINSensedCalXvariable_pu     
1     0000a80e  MULT_CLLC_iPrimMAINSensedOffset_pu           
1     0000a80a  MULT_CLLC_iPrimMAINSensed_Amps               
1     0000a80c  MULT_CLLC_iPrimMAINSensed_pu                 
1     0000a876  MULT_CLLC_iPrimMAINTankSensedAvg_pu          
1     0000a824  MULT_CLLC_iPrimMAINTankSensedCalIntercept_pu 
1     0000a826  MULT_CLLC_iPrimMAINTankSensedCalXvariable_pu 
1     0000a822  MULT_CLLC_iPrimMAINTankSensedOffset_pu       
1     0000a81e  MULT_CLLC_iPrimMAINTankSensed_Amps           
1     0000a820  MULT_CLLC_iPrimMAINTankSensed_pu             
1     0000a872  MULT_CLLC_iPrimSECONDARYSensedAvg_pu         
1     0000a81a  MULT_CLLC_iPrimSECONDARYSensedCalIntercept_pu
1     0000a81c  MULT_CLLC_iPrimSECONDARYSensedCalXvariable_pu
1     0000a818  MULT_CLLC_iPrimSECONDARYSensedOffset_pu      
1     0000a814  MULT_CLLC_iPrimSECONDARYSensed_Amps          
1     0000a816  MULT_CLLC_iPrimSECONDARYSensed_pu            
1     0000a880  MULT_CLLC_iSecMAINSensedAvg_pu               
1     0000a842  MULT_CLLC_iSecMAINSensedCalIntercept_pu      
1     0000a844  MULT_CLLC_iSecMAINSensedCalXvariable_pu      
1     0000a840  MULT_CLLC_iSecMAINSensedOffset_pu            
1     0000a83c  MULT_CLLC_iSecMAINSensed_Amps                
1     0000a83e  MULT_CLLC_iSecMAINSensed_pu                  
1     0000a888  MULT_CLLC_iSecMAINTankSensedAvg_pu           
1     0000a856  MULT_CLLC_iSecMAINTankSensedCalIntercept_pu  
1     0000a858  MULT_CLLC_iSecMAINTankSensedCalXvariable_pu  
1     0000a854  MULT_CLLC_iSecMAINTankSensedOffset_pu        
1     0000a850  MULT_CLLC_iSecMAINTankSensed_Amps            
1     0000a852  MULT_CLLC_iSecMAINTankSensed_pu              
1     0000a884  MULT_CLLC_iSecSECONDARYSensedAvg_pu          
1     0000a84c  MULT_CLLC_iSecSECONDARYSensedCalIntercept_pu 
1     0000a84e  MULT_CLLC_iSecSECONDARYSensedCalXvariable_pu 
1     0000a84a  MULT_CLLC_iSecSECONDARYSensedOffset_pu       
1     0000a846  MULT_CLLC_iSecSECONDARYSensed_Amps           
1     0000a848  MULT_CLLC_iSecSECONDARYSensed_pu             
0     00085715  MULT_CLLC_initGlobalVariables                
1     0000a804  MULT_CLLC_powerFlowState                     
1     0000a802  MULT_CLLC_powerFlowStateActive               
1     0000a838  MULT_CLLC_pwmDutyAPrim_ticks                 
1     0000a86a  MULT_CLLC_pwmDutyASec_ticks                  
1     0000a83a  MULT_CLLC_pwmDutyBPrim_ticks                 
1     0000a86c  MULT_CLLC_pwmDutyBSec_ticks                  
1     0000a834  MULT_CLLC_pwmDutyPrimRef_pu                  
1     0000a836  MULT_CLLC_pwmDutyPrim_pu                     
1     0000a866  MULT_CLLC_pwmDutySecRef_pu                   
1     0000a868  MULT_CLLC_pwmDutySec_pu                      
1     0000a800  MULT_CLLC_systemState                        
1     0000a890  MULT_CLLC_tripFlag                           
1     0000a832  MULT_CLLC_vPrimRefSlewed_pu                  
1     0000a82e  MULT_CLLC_vPrimRef_Volts                     
1     0000a830  MULT_CLLC_vPrimRef_pu                        
1     0000a87a  MULT_CLLC_vPrimSensedAvg_pu                  
1     0000a82c  MULT_CLLC_vPrimSensedOffset_pu               
1     0000a828  MULT_CLLC_vPrimSensed_Volts                  
1     0000a82a  MULT_CLLC_vPrimSensed_pu                     
1     0000a864  MULT_CLLC_vSecRefSlewed_pu                   
1     0000a860  MULT_CLLC_vSecRef_Volts                      
1     0000a862  MULT_CLLC_vSecRef_pu                         
1     0000a88c  MULT_CLLC_vSecSensedAvg_pu                   
1     0000a85e  MULT_CLLC_vSecSensedOffset_pu                
1     0000a85a  MULT_CLLC_vSecSensed_Volts                   
1     0000a85c  MULT_CLLC_vSecSensed_pu                      
0     00085000  MUlt_CLLC_HAL_setupBoardProtection           
0     00085394  M_ADC_A_init                                 
0     000852ea  M_ADC_B_init                                 
0     000853e2  M_ADC_C_init                                 
0     00083dae  M_CMPSS1_init                                
0     00083d2c  M_CMPSS2_init                                
0     00083e2f  M_CMPSS3_init                                
0     00083eb0  M_CMPSS4_init                                
0     00086124  Mult_CLLC_HAL_disablePWMClkCounting          
0     00086148  Mult_CLLC_HAL_enablePWMClkCounting           
0     0008616f  Mult_CLLC_HAL_setPins                        
0     0008612d  Mult_CLLC_HAL_setupADC                       
0     000861a2  Mult_CLLC_HAL_setupCPI                       
0     00085e9a  Mult_CLLC_HAL_setupDevice                    
0     00085ffe  Mult_CLLC_HAL_setupLED                       
0     000861a7  Mult_CLLC_HAL_setupPWM                       
0     0008561f  PMBUS_init                                   
0     00082ee0  PMBus_configBusClock                         
0     000851cc  PMBus_configModuleClock                      
0     00085ac5  PMBus_initControllerMode                     
0     00086062  PRIM_ZCD1_XINT_init                          
0     00082d66  PinMux_init                                  
0     00081129  RamfuncsLoadEnd                              
abs   00000129  RamfuncsLoadSize                             
0     00081000  RamfuncsLoadStart                            
0     00008129  RamfuncsRunEnd                               
abs   00000129  RamfuncsRunSize                              
0     00008000  RamfuncsRunStart                             
0     00085552  SCI_clearInterruptStatus                     
0     00085163  SCI_init                                     
0     00085660  SCI_setConfig                                
0     00085eb1  STATUS1_init                                 
0     00085e3c  STATUS2_init                                 
0     00085a03  SYNC_init                                    
0     00008125  SysCtl_delay                                 
0     00085232  SysCtl_getClock                              
0     00085df2  SysCtl_getLowSpeedClock                      
0     00083985  SysCtl_isPLLValid                            
0     000854c1  SysCtl_selectOscSource                       
0     0008589b  SysCtl_selectXTAL                            
0     00085cc7  SysCtl_selectXTALSingleEnded                 
0     000838c5  SysCtl_setClock                              
0     00086184  TZ1_init                                     
0     0008618a  TZ2_init                                     
0     00086071  UARTprintf                                   
0     00086062  XINT_init                                    
0     00081142  __TI_CINIT_Base                              
0     0008114a  __TI_CINIT_Limit                             
0     0008114a  __TI_CINIT_Warm                              
0     00081138  __TI_Handler_Table_Base                      
0     0008113e  __TI_Handler_Table_Limit                     
1     000007f8  __TI_STACK_END                               
abs   000003f8  __TI_STACK_SIZE                              
0     00085b1d  __TI_auto_init_nobinit_nopinit               
1     0000a8a0  __TI_cleanup_ptr                             
0     00085a65  __TI_decompress_lzss                         
0     00086150  __TI_decompress_none                         
1     0000a8a2  __TI_dtors_ptr                               
1     0000a89e  __TI_enable_exit_profile_output              
0     00085a95  __TI_ltoa                                    
abs   ffffffff  __TI_pprof_out_hndl                          
0     0008348f  __TI_printfi                                 
abs   ffffffff  __TI_prof_data_size                          
abs   ffffffff  __TI_prof_data_start                         
0     000860c1  __TI_zero_init_nomemset                      
0     00083aeb  __c28xabi_addd                               
0     00085e54  __c28xabi_andll                              
0     00085b48  __c28xabi_cmpd                               
0     00085d62  __c28xabi_cmpll                              
0     00085d74  __c28xabi_cmpull                             
0     00083c1e  __c28xabi_divd                               
0     00085b72  __c28xabi_divl                               
0     00083614  __c28xabi_divll                              
0     00085b8f  __c28xabi_divul                              
0     0008368a  __c28xabi_divull                             
0     00085ca6  __c28xabi_dtoi                               
0     00085d07  __c28xabi_dtol                               
0     00085d80  __c28xabi_itod                               
0     00085dd6  __c28xabi_ltod                               
0     00085b81  __c28xabi_modl                               
0     00083650  __c28xabi_modll                              
0     00085b96  __c28xabi_modul                              
0     000836b9  __c28xabi_modull                             
0     00083ca9  __c28xabi_mpyd                               
0     0008613f  __c28xabi_negd                               
0     00085e5c  __c28xabi_orll                               
0     0008607f  __c28xabi_subd                               
0     00085e64  __c28xabi_xorll                              
n/a   UNDEFED   __c_args__                                   
0     000861b1  __error__                                    
1     00000400  __stack                                      
0     000860ce  _args_main                                   
0     00085edf  _c_int00                                     
0     00084000  _ctypes_                                     
1     0000a8a6  _lock                                        
0     0008613e  _nop                                         
0     0008613a  _register_lock                               
0     00086136  _register_unlock                             
0     00085fff  _system_post_cinit                           
0     00083ffe  _system_pre_init                             
1     0000a8a8  _unlock                                      
0     00085b9c  abort                                        
0     00085a34  atoi                                         
0     00080000  code_start                                   
0     00085c82  copysign                                     
0     00085c82  copysignl                                    
1     0000a8aa  errno                                        
0     00085b9e  exit                                         
0     00085290  frexp                                        
0     00085290  frexpl                                       
0     00083a42  ldexp                                        
0     00083a42  ldexpl                                       
0     00085787  main                                         
0     00086043  memccpy                                      
0     00085d9d  memcpy                                       
0     0008617d  memset                                       
0     00085c14  myCPUTIMER0_init                             
0     00085c5e  myCPUTIMER1_init                             
0     00085939  myCPUTIMER2_init                             
0     00086190  myINPUTXBARINPUT0_init                       
0     00086196  myINPUTXBARINPUT1_init                       
0     0008619c  myINPUTXBARINPUT2_init                       
0     0008561f  myPMBUS0_init                                
0     00083a42  scalbn                                       
0     00083a42  scalbnl                                      
0     000859a0  sprintf                                      
0     000860da  strchr                                       
0     000861ac  strcpy                                       
0     00086160  strlen                                       
0     000860fc  wcslen                                       


GLOBAL SYMBOLS: SORTED BY Symbol Address 

page  address   name                                         
----  -------   ----                                         
0     00008000  Flash_initModule                             
0     00008000  RamfuncsRunStart                             
0     00008125  SysCtl_delay                                 
0     00008129  RamfuncsRunEnd                               
0     00080000  code_start                                   
0     00081000  RamfuncsLoadStart                            
0     00081129  RamfuncsLoadEnd                              
0     00081138  __TI_Handler_Table_Base                      
0     0008113e  __TI_Handler_Table_Limit                     
0     00081142  __TI_CINIT_Base                              
0     0008114a  __TI_CINIT_Limit                             
0     0008114a  __TI_CINIT_Warm                              
0     000826c2  EPWM_init                                    
0     00082d66  PinMux_init                                  
0     00082ee0  PMBus_configBusClock                         
0     00082ff9  ADC_init                                     
0     0008348f  __TI_printfi                                 
0     00083614  __c28xabi_divll                              
0     00083650  __c28xabi_modll                              
0     0008368a  __c28xabi_divull                             
0     000836b9  __c28xabi_modull                             
0     0008371b  Device_enableAllPeripherals                  
0     000837f2  GPIO_init                                    
0     000838c5  SysCtl_setClock                              
0     00083985  SysCtl_isPLLValid                            
0     00083a42  ldexp                                        
0     00083a42  ldexpl                                       
0     00083a42  scalbn                                       
0     00083a42  scalbnl                                      
0     00083aeb  __c28xabi_addd                               
0     00083b87  ISR2_TIMER0                                  
0     00083c1e  __c28xabi_divd                               
0     00083ca9  __c28xabi_mpyd                               
0     00083d2c  M_CMPSS2_init                                
0     00083dae  M_CMPSS1_init                                
0     00083e2f  M_CMPSS3_init                                
0     00083eb0  M_CMPSS4_init                                
0     00083fb0  Interrupt_disable                            
0     00083ffe  _system_pre_init                             
0     00084000  _ctypes_                                     
0     00085000  MUlt_CLLC_HAL_setupBoardProtection           
0     000850f0  Device_init                                  
0     00085163  DEBUG_init                                   
0     00085163  SCI_init                                     
0     000851cc  PMBus_configModuleClock                      
0     00085232  SysCtl_getClock                              
0     00085290  frexp                                        
0     00085290  frexpl                                       
0     000852ea  M_ADC_B_init                                 
0     00085342  GPIO_setPadConfig                            
0     00085394  M_ADC_A_init                                 
0     000853e2  M_ADC_C_init                                 
0     0008542f  CMPSS_configFilterHigh                       
0     00085478  CMPSS_configFilterLow                        
0     000854c1  SysCtl_selectOscSource                       
0     0008550a  CMPSS_configRamp                             
0     00085552  SCI_clearInterruptStatus                     
0     0008561f  PMBUS_init                                   
0     0008561f  myPMBUS0_init                                
0     00085660  SCI_setConfig                                
0     0008569e  Interrupt_initModule                         
0     000856db  GPIO_setAnalogMode                           
0     00085715  MULT_CLLC_initGlobalVariables                
0     0008574f  MULT_CLLC_HAL_DEBUG_Transnit                 
0     00085787  main                                         
0     000857bf  GPIO_setControllerCore                       
0     000857f6  GPIO_setPinConfig                            
0     0008582d  GPIO_setQualificationMode                    
0     00085864  Interrupt_enable                             
0     0008589b  SysCtl_selectXTAL                            
0     000858d1  GPIO_setInterruptPin                         
0     00085905  ISR1_PZCD                                    
0     00085939  myCPUTIMER2_init                             
0     0008596d  ISR1_SZCD                                    
0     000859a0  sprintf                                      
0     000859d2  GPIO_setDirectionMode                        
0     00085a03  SYNC_init                                    
0     00085a34  atoi                                         
0     00085a65  __TI_decompress_lzss                         
0     00085a95  __TI_ltoa                                    
0     00085ac5  PMBus_initControllerMode                     
0     00085af2  CMPSS_configLatchOnPWMSYNC                   
0     00085b1d  __TI_auto_init_nobinit_nopinit               
0     00085b48  __c28xabi_cmpd                               
0     00085b72  __c28xabi_divl                               
0     00085b81  __c28xabi_modl                               
0     00085b8f  __c28xabi_divul                              
0     00085b96  __c28xabi_modul                              
0     00085b9c  C$$EXIT                                      
0     00085b9c  abort                                        
0     00085b9e  exit                                         
0     00085bc5  ADC_setOffsetTrimAll                         
0     00085c14  myCPUTIMER0_init                             
0     00085c5e  myCPUTIMER1_init                             
0     00085c82  copysign                                     
0     00085c82  copysignl                                    
0     00085ca6  __c28xabi_dtoi                               
0     00085cc7  SysCtl_selectXTALSingleEnded                 
0     00085d07  __c28xabi_dtol                               
0     00085d44  Interrupt_initVectorTable                    
0     00085d62  __c28xabi_cmpll                              
0     00085d74  __c28xabi_cmpull                             
0     00085d80  __c28xabi_itod                               
0     00085d9d  memcpy                                       
0     00085dd6  __c28xabi_ltod                               
0     00085df2  SysCtl_getLowSpeedClock                      
0     00085e3c  STATUS2_init                                 
0     00085e54  __c28xabi_andll                              
0     00085e5c  __c28xabi_orll                               
0     00085e64  __c28xabi_xorll                              
0     00085e83  INTERRUPT_init                               
0     00085e9a  Mult_CLLC_HAL_setupDevice                    
0     00085eb1  STATUS1_init                                 
0     00085edf  _c_int00                                     
0     00085f22  Interrupt_defaultHandler                     
0     00085fc8  CPUTimer_setEmulationMode                    
0     00085ffe  Mult_CLLC_HAL_setupLED                       
0     00085fff  _system_post_cinit                           
0     00086013  Device_initGPIO                              
0     00086043  memccpy                                      
0     00086062  PRIM_ZCD1_XINT_init                          
0     00086062  XINT_init                                    
0     00086071  UARTprintf                                   
0     0008607f  __c28xabi_subd                               
0     0008608d  ASYSCTL_init                                 
0     0008609a  INT_M_EPWM3_TZ_ISR                           
0     000860c1  __TI_zero_init_nomemset                      
0     000860ce  _args_main                                   
0     000860da  strchr                                       
0     000860e6  INPUTXBAR_init                               
0     000860fc  wcslen                                       
0     00086107  Interrupt_illegalOperationHandler            
0     00086111  Interrupt_nmiHandler                         
0     0008611b  CMPSS_init                                   
0     00086124  Mult_CLLC_HAL_disablePWMClkCounting          
0     0008612d  Mult_CLLC_HAL_setupADC                       
0     00086136  _register_unlock                             
0     0008613a  _register_lock                               
0     0008613e  _nop                                         
0     0008613f  __c28xabi_negd                               
0     00086148  Mult_CLLC_HAL_enablePWMClkCounting           
0     00086150  __TI_decompress_none                         
0     00086160  strlen                                       
0     00086168  CPUTIMER_init                                
0     0008616f  Mult_CLLC_HAL_setPins                        
0     0008617d  memset                                       
0     00086184  TZ1_init                                     
0     0008618a  TZ2_init                                     
0     00086190  myINPUTXBARINPUT0_init                       
0     00086196  myINPUTXBARINPUT1_init                       
0     0008619c  myINPUTXBARINPUT2_init                       
0     000861a2  Mult_CLLC_HAL_setupCPI                       
0     000861a7  Mult_CLLC_HAL_setupPWM                       
0     000861ac  strcpy                                       
0     000861b1  __error__                                    
1     00000400  __stack                                      
1     000007f8  __TI_STACK_END                               
1     0000a800  MULT_CLLC_systemState                        
1     0000a802  MULT_CLLC_powerFlowStateActive               
1     0000a804  MULT_CLLC_powerFlowState                     
1     0000a806  MULT_CLLC_commandSentTo_AC_DC                
1     0000a808  MULT_CLLC_commandSentFrom_DC_DC              
1     0000a80a  MULT_CLLC_iPrimMAINSensed_Amps               
1     0000a80c  MULT_CLLC_iPrimMAINSensed_pu                 
1     0000a80e  MULT_CLLC_iPrimMAINSensedOffset_pu           
1     0000a810  MULT_CLLC_iPrimMAINSensedCalIntercept_pu     
1     0000a812  MULT_CLLC_iPrimMAINSensedCalXvariable_pu     
1     0000a814  MULT_CLLC_iPrimSECONDARYSensed_Amps          
1     0000a816  MULT_CLLC_iPrimSECONDARYSensed_pu            
1     0000a818  MULT_CLLC_iPrimSECONDARYSensedOffset_pu      
1     0000a81a  MULT_CLLC_iPrimSECONDARYSensedCalIntercept_pu
1     0000a81c  MULT_CLLC_iPrimSECONDARYSensedCalXvariable_pu
1     0000a81e  MULT_CLLC_iPrimMAINTankSensed_Amps           
1     0000a820  MULT_CLLC_iPrimMAINTankSensed_pu             
1     0000a822  MULT_CLLC_iPrimMAINTankSensedOffset_pu       
1     0000a824  MULT_CLLC_iPrimMAINTankSensedCalIntercept_pu 
1     0000a826  MULT_CLLC_iPrimMAINTankSensedCalXvariable_pu 
1     0000a828  MULT_CLLC_vPrimSensed_Volts                  
1     0000a82a  MULT_CLLC_vPrimSensed_pu                     
1     0000a82c  MULT_CLLC_vPrimSensedOffset_pu               
1     0000a82e  MULT_CLLC_vPrimRef_Volts                     
1     0000a830  MULT_CLLC_vPrimRef_pu                        
1     0000a832  MULT_CLLC_vPrimRefSlewed_pu                  
1     0000a834  MULT_CLLC_pwmDutyPrimRef_pu                  
1     0000a836  MULT_CLLC_pwmDutyPrim_pu                     
1     0000a838  MULT_CLLC_pwmDutyAPrim_ticks                 
1     0000a83a  MULT_CLLC_pwmDutyBPrim_ticks                 
1     0000a83c  MULT_CLLC_iSecMAINSensed_Amps                
1     0000a83e  MULT_CLLC_iSecMAINSensed_pu                  
1     0000a840  MULT_CLLC_iSecMAINSensedOffset_pu            
1     0000a842  MULT_CLLC_iSecMAINSensedCalIntercept_pu      
1     0000a844  MULT_CLLC_iSecMAINSensedCalXvariable_pu      
1     0000a846  MULT_CLLC_iSecSECONDARYSensed_Amps           
1     0000a848  MULT_CLLC_iSecSECONDARYSensed_pu             
1     0000a84a  MULT_CLLC_iSecSECONDARYSensedOffset_pu       
1     0000a84c  MULT_CLLC_iSecSECONDARYSensedCalIntercept_pu 
1     0000a84e  MULT_CLLC_iSecSECONDARYSensedCalXvariable_pu 
1     0000a850  MULT_CLLC_iSecMAINTankSensed_Amps            
1     0000a852  MULT_CLLC_iSecMAINTankSensed_pu              
1     0000a854  MULT_CLLC_iSecMAINTankSensedOffset_pu        
1     0000a856  MULT_CLLC_iSecMAINTankSensedCalIntercept_pu  
1     0000a858  MULT_CLLC_iSecMAINTankSensedCalXvariable_pu  
1     0000a85a  MULT_CLLC_vSecSensed_Volts                   
1     0000a85c  MULT_CLLC_vSecSensed_pu                      
1     0000a85e  MULT_CLLC_vSecSensedOffset_pu                
1     0000a860  MULT_CLLC_vSecRef_Volts                      
1     0000a862  MULT_CLLC_vSecRef_pu                         
1     0000a864  MULT_CLLC_vSecRefSlewed_pu                   
1     0000a866  MULT_CLLC_pwmDutySecRef_pu                   
1     0000a868  MULT_CLLC_pwmDutySec_pu                      
1     0000a86a  MULT_CLLC_pwmDutyASec_ticks                  
1     0000a86c  MULT_CLLC_pwmDutyBSec_ticks                  
1     0000a86e  MULT_CLLC_iPrimMAINSensedAvg_pu              
1     0000a872  MULT_CLLC_iPrimSECONDARYSensedAvg_pu         
1     0000a876  MULT_CLLC_iPrimMAINTankSensedAvg_pu          
1     0000a87a  MULT_CLLC_vPrimSensedAvg_pu                  
1     0000a880  MULT_CLLC_iSecMAINSensedAvg_pu               
1     0000a884  MULT_CLLC_iSecSECONDARYSensedAvg_pu          
1     0000a888  MULT_CLLC_iSecMAINTankSensedAvg_pu           
1     0000a88c  MULT_CLLC_vSecSensedAvg_pu                   
1     0000a890  MULT_CLLC_tripFlag                           
1     0000a89e  __TI_enable_exit_profile_output              
1     0000a8a0  __TI_cleanup_ptr                             
1     0000a8a2  __TI_dtors_ptr                               
1     0000a8a4  CLLC_PRIM_COMPA                              
1     0000a8a5  CLLC_SEC_COMPA                               
1     0000a8a6  _lock                                        
1     0000a8a8  _unlock                                      
1     0000a8aa  errno                                        
abs   00000129  RamfuncsLoadSize                             
abs   00000129  RamfuncsRunSize                              
abs   000003f8  __TI_STACK_SIZE                              
abs   ffffffff  __TI_pprof_out_hndl                          
abs   ffffffff  __TI_prof_data_size                          
abs   ffffffff  __TI_prof_data_start                         
n/a   UNDEFED   __c_args__                                   

[236 symbols]
