******************************************************************************
             TMS320C2000 Linker PC v22.6.1                     
******************************************************************************
>> Linked Fri Aug 16 15:50:33 2024

OUTPUT FILE NAME:   <Multiphase-Interleaved-CLLC.out>
ENTRY POINT SYMBOL: "code_start"  address: 00080000


MEMORY CONFIGURATION

         name            origin    length      used     unused   attr    fill
----------------------  --------  ---------  --------  --------  ----  --------
PAGE 0:
  RAMM0                 000000f6   0000030a  00000000  0000030a  RWIX
  RAMLS0                00008000   00000800  00000129  000006d7  RWIX
  RAMLS1                00008800   00000800  00000000  00000800  RWIX
  RAMLS2                00009000   00000800  00000000  00000800  RWIX
  RAMLS3                00009800   00000800  00000000  00000800  RWIX
  RAMLS4                0000a000   00000800  00000000  00000800  RWIX
  BEGIN                 00080000   00000002  00000002  00000000  RWIX
  FLASH_BANK0_SEC0      00080002   00000ffe  00000000  00000ffe  RWIX
  FLASH_BANK0_SEC1      00081000   00001000  00000147  00000eb9  RWIX
  FLASH_BANK0_SEC2      00082000   00001000  000009e9  00000617  RWIX
  FLASH_BANK0_SEC3      00083000   00001000  00000000  00001000  RWIX
  FLASH_BANK0_SEC4      00084000   00001000  0000020b  00000df5  RWIX
  FLASH_BANK0_SEC5      00085000   00001000  00000000  00001000  RWIX
  FLASH_BANK0_SEC6      00086000   00001000  00000000  00001000  RWIX
  FLASH_BANK0_SEC7      00087000   00001000  00000000  00001000  RWIX
  FLASH_BANK0_SEC8      00088000   00001000  00000000  00001000  RWIX
  FLASH_BANK0_SEC9      00089000   00001000  00000000  00001000  RWIX
  FLASH_BANK0_SEC10     0008a000   00001000  00000000  00001000  RWIX
  FLASH_BANK0_SEC11     0008b000   00001000  00000000  00001000  RWIX
  FLASH_BANK0_SEC12     0008c000   00001000  00000000  00001000  RWIX
  FLASH_BANK0_SEC13     0008d000   00001000  00000000  00001000  RWIX
  FLASH_BANK0_SEC14     0008e000   00001000  00000000  00001000  RWIX
  FLASH_BANK0_SEC15     0008f000   00001000  00000000  00001000  RWIX
  FLASH_BANK1_SEC0      00090000   00001000  00000000  00001000  RWIX
  FLASH_BANK1_SEC1      00091000   00001000  00000000  00001000  RWIX
  FLASH_BANK1_SEC2      00092000   00001000  00000000  00001000  RWIX
  FLASH_BANK1_SEC3      00093000   00001000  00000000  00001000  RWIX
  FLASH_BANK1_SEC4      00094000   00001000  00000000  00001000  RWIX
  FLASH_BANK1_SEC5      00095000   00001000  00000000  00001000  RWIX
  FLASH_BANK1_SEC6      00096000   00001000  00000000  00001000  RWIX
  FLASH_BANK1_SEC7      00097000   00001000  00000000  00001000  RWIX
  FLASH_BANK1_SEC8      00098000   00001000  00000000  00001000  RWIX
  FLASH_BANK1_SEC9      00099000   00001000  00000000  00001000  RWIX
  FLASH_BANK1_SEC10     0009a000   00001000  00000000  00001000  RWIX
  FLASH_BANK1_SEC11     0009b000   00001000  00000000  00001000  RWIX
  FLASH_BANK1_SEC12     0009c000   00001000  00000000  00001000  RWIX
  FLASH_BANK1_SEC13     0009d000   00001000  00000000  00001000  RWIX
  FLASH_BANK1_SEC14     0009e000   00001000  00000000  00001000  RWIX
  FLASH_BANK1_SEC15     0009f000   00000ff0  00000000  00000ff0  RWIX
  RESET                 003fffc0   00000002  00000000  00000002  RWIX

PAGE 1:
  BOOT_RSVD             00000002   000000f1  00000000  000000f1  RWIX
  RAMM1                 00000400   000003f8  000003f8  00000000  RWIX
  RAMLS5                0000a800   00000800  000003f8  00000408  RWIX
  RAMLS6                0000b000   00000800  00000000  00000800  RWIX
  RAMLS7                0000b800   00000800  00000000  00000800  RWIX
  RAMGS0                0000c000   00002000  00000000  00002000  RWIX
  RAMGS1                0000e000   00002000  00000000  00002000  RWIX
  RAMGS2                00010000   00002000  00000000  00002000  RWIX
  RAMGS3                00012000   00001ff8  00000000  00001ff8  RWIX


SECTION ALLOCATION MAP

 output                                  attributes/
section   page    origin      length       input sections
--------  ----  ----------  ----------   ----------------
codestart 
*          0    00080000    00000002     
                  00080000    00000002     f28004x_codestartbranch.obj (codestart)

.cinit     0    0008112c    0000001e     
                  0008112c    0000000b     (.cinit..data.load) [load image, compression = lzss]
                  00081137    00000001     --HOLE-- [fill = 0]
                  00081138    00000006     (__TI_handler_table)
                  0008113e    00000004     (.cinit..bss.load) [load image, compression = zero_init]
                  00081142    00000008     (__TI_cinit_table)

.reset     0    003fffc0    00000000     DSECT

.stack     1    00000400    000003f8     UNINITIALIZED
                  00000400    000003f8     --HOLE--

.init_array 
*          0    00081000    00000000     UNINITIALIZED

.bss       1    0000a800    000003e8     UNINITIALIZED
                  0000a800    000003e8     main.obj (.bss:ADCC_result)

.data      1    0000abe8    00000010     UNINITIALIZED
                  0000abe8    00000006     main.obj (.data)
                  0000abee    00000006     rts2800_fpu32_eabi.lib : exit.c.obj (.data)
                  0000abf4    00000002                            : _lock.c.obj (.data:_lock)
                  0000abf6    00000002                            : _lock.c.obj (.data:_unlock)

.const     0    00084000    0000020b     
                  00084000    0000009b     driverlib_eabi.lib : flash.obj (.const:.string)
                  0008409b    00000001     --HOLE-- [fill = 0]
                  0008409c    0000009a                        : sysctl.obj (.const:.string)
                  00084136    00000098                        : gpio.obj (.const:.string)
                  000841ce    0000003d     main.obj (.const:.string)

.TI.ramfunc 
*          0    00081000    00000129     RUN ADDR = 00008000
                  00081000    00000044     driverlib_eabi.lib : flash.obj (.TI.ramfunc:Flash_initModule)
                  00081044    0000002c                        : flash.obj (.TI.ramfunc:Flash_setBankPowerMode)
                  00081070    00000024                        : flash.obj (.TI.ramfunc:Flash_setWaitstates)
                  00081094    0000001d                        : flash.obj (.TI.ramfunc:Flash_setPumpPowerMode)
                  000810b1    00000018                        : flash.obj (.TI.ramfunc:Flash_disableCache)
                  000810c9    00000018                        : flash.obj (.TI.ramfunc:Flash_disablePrefetch)
                  000810e1    00000017                        : flash.obj (.TI.ramfunc:Flash_enableCache)
                  000810f8    00000017                        : flash.obj (.TI.ramfunc:Flash_enablePrefetch)
                  0008110f    00000016                        : flash.obj (.TI.ramfunc:Flash_enableECC)
                  00081125    00000004                        : sysctl.obj (.TI.ramfunc)

.text      0    00082000    000009e9     
                  00082000    000000d7     device.obj (.text:Device_enableAllPeripherals)
                  000820d7    000000c0     driverlib_eabi.lib : sysctl.obj (.text:SysCtl_setClock)
                  00082197    000000bd                        : sysctl.obj (.text:SysCtl_isPLLValid)
                  00082254    00000073                        : sysctl.obj (.text:DCC_setCounterSeeds)
                  000822c7    00000073     device.obj (.text:Device_init)
                  0008233a    0000005e     driverlib_eabi.lib : sysctl.obj (.text:SysCtl_getClock)
                  00082398    00000052                        : gpio.obj (.text:GPIO_setPadConfig)
                  000823ea    0000004b     main.obj (.text:main)
                  00082435    0000004a     main.obj (.text:ISR2)
                  0008247f    00000049     driverlib_eabi.lib : sysctl.obj (.text:SysCtl_selectOscSource)
                  000824c8    00000045                        : sysctl.obj (.text:SysCtl_pollX1Counter)
                  0008250d    00000043     board.obj (.text:INTERRUPT_init)
                  00082550    0000003d     driverlib_eabi.lib : interrupt.obj (.text:Interrupt_initModule)
                  0008258d    0000003a                        : gpio.obj (.text:GPIO_setAnalogMode)
                  000825c7    00000037                        : interrupt.obj (.text:Interrupt_enable)
                  000825fe    00000036                        : sysctl.obj (.text:SysCtl_selectXTAL)
                  00082634    00000031                        : gpio.obj (.text:GPIO_setDirectionMode)
                  00082665    00000030     rts2800_fpu32_eabi.lib : copy_decompress_lzss.c.obj (.text:decompress:lzss)
                  00082695    0000002b                            : autoinit.c.obj (.text:__TI_auto_init_nobinit_nopinit)
                  000826c0    00000029                            : exit.c.obj (.text)
                  000826e9    00000024     driverlib_eabi.lib : sysctl.obj (.text:DCC_enableSingleShotMode)
                  0008270d    00000020     main.obj (.text:FAULT_INPUT1_ISR)
                  0008272d    00000020     main.obj (.text:FAULT_INPUT2_ISR)
                  0008274d    00000020     driverlib_eabi.lib : sysctl.obj (.text:SysCtl_selectXTALSingleEnded)
                  0008276d    0000001e                        : sysctl.obj (.text:DCC_setCounter1ClkSource)
                  0008278b    0000001e                        : interrupt.obj (.text:Interrupt_initVectorTable)
                  000827a9    0000001d     rts2800_fpu32_eabi.lib : memcpy.c.obj (.text)
                  000827c6    0000001c     driverlib_eabi.lib : sysctl.obj (.text:DCC_setCounter0ClkSource)
                  000827e2    0000001a                        : sysctl.obj (.text:SysCtl_getLowSpeedClock)
                  000827fc    00000017     main.obj (.text:PZCD1_ISR)
                  00082813    00000017     driverlib_eabi.lib : sysctl.obj (.text:SysCtl_enablePeripheral)
                  0008282a    00000017     rts2800_fpu32_eabi.lib : boot28.asm.obj (.text)
                  00082841    00000016     driverlib_eabi.lib : sysctl.obj (.text:DCC_disableDoneSignal)
                  00082857    00000016                        : sysctl.obj (.text:DCC_enableDoneSignal)
                  0008286d    00000016                        : interrupt.obj (.text:Interrupt_defaultHandler)
                  00082883    00000015                        : sysctl.obj (.text:DCC_clearDoneFlag)
                  00082898    00000015                        : sysctl.obj (.text:DCC_clearErrorFlag)
                  000828ad    00000015                        : sysctl.obj (.text:DCC_disableErrorSignal)
                  000828c2    00000015                        : sysctl.obj (.text:DCC_enableErrorSignal)
                  000828d7    00000014                        : sysctl.obj (.text:DCC_disableModule)
                  000828eb    00000014                        : sysctl.obj (.text:DCC_enableModule)
                  000828ff    00000014                        : gpio.obj (.text:GPIO_isPinValid)
                  00082913    00000010                        : sysctl.obj (.text:DCC_isBaseValid)
                  00082923    00000010     device.obj (.text:Device_initGPIO)
                  00082933    00000010     driverlib_eabi.lib : flash.obj (.text:Flash_isCtrlBaseValid)
                  00082943    00000010                        : flash.obj (.text:Flash_isECCBaseValid)
                  00082953    00000010     main.obj (.text:ISR1)
                  00082963    0000000d     main.obj (.text:ISR3)
                  00082970    0000000d     driverlib_eabi.lib : interrupt.obj (.text:Interrupt_disableGlobal)
                  0008297d    0000000d                        : interrupt.obj (.text:Interrupt_enableGlobal)
                  0008298a    0000000c     rts2800_fpu32_eabi.lib : args_main.c.obj (.text)
                  00082996    0000000b     driverlib_eabi.lib : sysctl.obj (.text:SysCtl_isMCDClockFailureDetected)
                  000829a1    0000000a                        : interrupt.obj (.text:Interrupt_illegalOperationHandler)
                  000829ab    0000000a                        : interrupt.obj (.text:Interrupt_nmiHandler)
                  000829b5    00000009     rts2800_fpu32_eabi.lib : _lock.c.obj (.text)
                  000829be    00000008                            : copy_decompress_none.c.obj (.text:decompress:none)
                  000829c6    00000008     f28004x_codestartbranch.obj (.text)
                  000829ce    00000007     driverlib_eabi.lib : sysctl.obj (.text:SysCtl_resetMCD)
                  000829d5    00000007     rts2800_fpu32_eabi.lib : memset.c.obj (.text)
                  000829dc    00000006                            : copy_zero_init.c.obj (.text:decompress:ZI)
                  000829e2    00000003     device.obj (.text:__error__)
                  000829e5    00000002     rts2800_fpu32_eabi.lib : pre_init.c.obj (.text)
                  000829e7    00000001     c2000ware_libraries.obj (.text:C2000Ware_libraries_init)
                  000829e8    00000001     rts2800_fpu32_eabi.lib : startup.c.obj (.text)

MODULE SUMMARY

       Module                        code   ro data   rw data
       ------                        ----   -------   -------
    .\
       main.obj                      265    61        1006   
    +--+-----------------------------+------+---------+---------+
       Total:                        265    61        1006   
                                                             
    .\device\
       device.obj                    349    0         0      
       f28004x_codestartbranch.obj   10     0         0      
    +--+-----------------------------+------+---------+---------+
       Total:                        359    0         0      
                                                             
    .\syscfg\
       board.obj                     67     0         0      
       c2000ware_libraries.obj       1      0         0      
    +--+-----------------------------+------+---------+---------+
       Total:                        68     0         0      
                                                             
    C:\ti\C2000Ware_5_01_00_00\driverlib\f28004x\driverlib\ccs\Debug\driverlib_eabi.lib
       sysctl.obj                    1171   154       0      
       flash.obj                     618    155       0      
       gpio.obj                      209    152       0      
       interrupt.obj                 214    0         0      
    +--+-----------------------------+------+---------+---------+
       Total:                        2212   461       0      
                                                             
    C:\ti\ccstheia140\ccs\tools\compiler\ti-cgt-c2000_22.6.1A23259\lib\rts2800_fpu32_eabi.lib
       copy_decompress_lzss.c.obj    48     0         0      
       exit.c.obj                    41     0         6      
       autoinit.c.obj                43     0         0      
       memcpy.c.obj                  29     0         0      
       boot28.asm.obj                23     0         0      
       _lock.c.obj                   9      0         4      
       args_main.c.obj               12     0         0      
       copy_decompress_none.c.obj    8      0         0      
       memset.c.obj                  7      0         0      
       copy_zero_init.c.obj          6      0         0      
       pre_init.c.obj                2      0         0      
       startup.c.obj                 1      0         0      
    +--+-----------------------------+------+---------+---------+
       Total:                        229    0         10     
                                                             
       Stack:                        0      0         1016   
       Linker Generated:             0      29        0      
    +--+-----------------------------+------+---------+---------+
       Grand Total:                  3133   551       2032   


LINKER GENERATED COPY TABLES

__TI_cinit_table @ 00081142 records: 2, size/record: 4, table size: 8
	.data: load addr=0008112c, load size=0000000b bytes, run addr=0000abe8, run size=00000010 bytes, compression=lzss
	.bss: load addr=0008113e, load size=00000004 bytes, run addr=0000a800, run size=000003e8 bytes, compression=zero_init


LINKER GENERATED HANDLER TABLE

__TI_handler_table @ 00081138 records: 3, size/record: 2, table size: 6
	index: 0, handler: __TI_zero_init
	index: 1, handler: __TI_decompress_lzss
	index: 2, handler: __TI_decompress_none


GLOBAL DATA SYMBOLS: SORTED BY DATA PAGE

address     data page           name
--------    ----------------    ----
00000400      10 (00000400)     __stack

0000a800     2a0 (0000a800)     ADCC_result

0000abe8     2af (0000abc0)     fault_input1_flag
0000abe9     2af (0000abc0)     fault_input2_flag
0000abea     2af (0000abc0)     strat_flag
0000abeb     2af (0000abc0)     DAC_PWM_Generator
0000abec     2af (0000abc0)     count
0000abed     2af (0000abc0)     tbprd
0000abee     2af (0000abc0)     __TI_enable_exit_profile_output
0000abf0     2af (0000abc0)     __TI_cleanup_ptr
0000abf2     2af (0000abc0)     __TI_dtors_ptr
0000abf4     2af (0000abc0)     _lock
0000abf6     2af (0000abc0)     _unlock


GLOBAL SYMBOLS: SORTED ALPHABETICALLY BY Name 

page  address   name                             
----  -------   ----                             
1     0000a800  ADCC_result                      
0     000826c0  C$$EXIT                          
0     000829e7  C2000Ware_libraries_init         
1     0000abeb  DAC_PWM_Generator                
0     00082000  Device_enableAllPeripherals      
0     000822c7  Device_init                      
0     00082923  Device_initGPIO                  
0     0008270d  FAULT_INPUT1_ISR                 
0     0008272d  FAULT_INPUT2_ISR                 
0     00008000  Flash_initModule                 
0     0008258d  GPIO_setAnalogMode               
0     00082634  GPIO_setDirectionMode            
0     00082398  GPIO_setPadConfig                
0     0008250d  INTERRUPT_init                   
0     00082953  ISR1                             
0     00082435  ISR2                             
0     00082963  ISR3                             
0     0008286d  Interrupt_defaultHandler         
0     000825c7  Interrupt_enable                 
0     000829a1  Interrupt_illegalOperationHandler
0     00082550  Interrupt_initModule             
0     0008278b  Interrupt_initVectorTable        
0     000829ab  Interrupt_nmiHandler             
0     000827fc  PZCD1_ISR                        
0     00081129  RamfuncsLoadEnd                  
abs   00000129  RamfuncsLoadSize                 
0     00081000  RamfuncsLoadStart                
0     00008129  RamfuncsRunEnd                   
abs   00000129  RamfuncsRunSize                  
0     00008000  RamfuncsRunStart                 
0     00008125  SysCtl_delay                     
0     0008233a  SysCtl_getClock                  
0     000827e2  SysCtl_getLowSpeedClock          
0     00082197  SysCtl_isPLLValid                
0     0008247f  SysCtl_selectOscSource           
0     000825fe  SysCtl_selectXTAL                
0     0008274d  SysCtl_selectXTALSingleEnded     
0     000820d7  SysCtl_setClock                  
0     00081142  __TI_CINIT_Base                  
0     0008114a  __TI_CINIT_Limit                 
0     0008114a  __TI_CINIT_Warm                  
0     00081138  __TI_Handler_Table_Base          
0     0008113e  __TI_Handler_Table_Limit         
1     000007f8  __TI_STACK_END                   
abs   000003f8  __TI_STACK_SIZE                  
0     00082695  __TI_auto_init_nobinit_nopinit   
1     0000abf0  __TI_cleanup_ptr                 
0     00082665  __TI_decompress_lzss             
0     000829be  __TI_decompress_none             
1     0000abf2  __TI_dtors_ptr                   
1     0000abee  __TI_enable_exit_profile_output  
abs   ffffffff  __TI_pprof_out_hndl              
abs   ffffffff  __TI_prof_data_size              
abs   ffffffff  __TI_prof_data_start             
0     000829dc  __TI_zero_init                   
n/a   UNDEFED   __c_args__                       
0     000829e2  __error__                        
1     00000400  __stack                          
0     0008298a  _args_main                       
0     0008282a  _c_int00                         
1     0000abf4  _lock                            
0     000829bd  _nop                             
0     000829b9  _register_lock                   
0     000829b5  _register_unlock                 
0     000829e8  _system_post_cinit               
0     000829e5  _system_pre_init                 
1     0000abf6  _unlock                          
0     000826c0  abort                            
0     00080000  code_start                       
1     0000abec  count                            
0     000826c2  exit                             
1     0000abe8  fault_input1_flag                
1     0000abe9  fault_input2_flag                
0     000823ea  main                             
0     000827a9  memcpy                           
0     000829d5  memset                           
1     0000abea  strat_flag                       
1     0000abed  tbprd                            


GLOBAL SYMBOLS: SORTED BY Symbol Address 

page  address   name                             
----  -------   ----                             
0     00008000  Flash_initModule                 
0     00008000  RamfuncsRunStart                 
0     00008125  SysCtl_delay                     
0     00008129  RamfuncsRunEnd                   
0     00080000  code_start                       
0     00081000  RamfuncsLoadStart                
0     00081129  RamfuncsLoadEnd                  
0     00081138  __TI_Handler_Table_Base          
0     0008113e  __TI_Handler_Table_Limit         
0     00081142  __TI_CINIT_Base                  
0     0008114a  __TI_CINIT_Limit                 
0     0008114a  __TI_CINIT_Warm                  
0     00082000  Device_enableAllPeripherals      
0     000820d7  SysCtl_setClock                  
0     00082197  SysCtl_isPLLValid                
0     000822c7  Device_init                      
0     0008233a  SysCtl_getClock                  
0     00082398  GPIO_setPadConfig                
0     000823ea  main                             
0     00082435  ISR2                             
0     0008247f  SysCtl_selectOscSource           
0     0008250d  INTERRUPT_init                   
0     00082550  Interrupt_initModule             
0     0008258d  GPIO_setAnalogMode               
0     000825c7  Interrupt_enable                 
0     000825fe  SysCtl_selectXTAL                
0     00082634  GPIO_setDirectionMode            
0     00082665  __TI_decompress_lzss             
0     00082695  __TI_auto_init_nobinit_nopinit   
0     000826c0  C$$EXIT                          
0     000826c0  abort                            
0     000826c2  exit                             
0     0008270d  FAULT_INPUT1_ISR                 
0     0008272d  FAULT_INPUT2_ISR                 
0     0008274d  SysCtl_selectXTALSingleEnded     
0     0008278b  Interrupt_initVectorTable        
0     000827a9  memcpy                           
0     000827e2  SysCtl_getLowSpeedClock          
0     000827fc  PZCD1_ISR                        
0     0008282a  _c_int00                         
0     0008286d  Interrupt_defaultHandler         
0     00082923  Device_initGPIO                  
0     00082953  ISR1                             
0     00082963  ISR3                             
0     0008298a  _args_main                       
0     000829a1  Interrupt_illegalOperationHandler
0     000829ab  Interrupt_nmiHandler             
0     000829b5  _register_unlock                 
0     000829b9  _register_lock                   
0     000829bd  _nop                             
0     000829be  __TI_decompress_none             
0     000829d5  memset                           
0     000829dc  __TI_zero_init                   
0     000829e2  __error__                        
0     000829e5  _system_pre_init                 
0     000829e7  C2000Ware_libraries_init         
0     000829e8  _system_post_cinit               
1     00000400  __stack                          
1     000007f8  __TI_STACK_END                   
1     0000a800  ADCC_result                      
1     0000abe8  fault_input1_flag                
1     0000abe9  fault_input2_flag                
1     0000abea  strat_flag                       
1     0000abeb  DAC_PWM_Generator                
1     0000abec  count                            
1     0000abed  tbprd                            
1     0000abee  __TI_enable_exit_profile_output  
1     0000abf0  __TI_cleanup_ptr                 
1     0000abf2  __TI_dtors_ptr                   
1     0000abf4  _lock                            
1     0000abf6  _unlock                          
abs   00000129  RamfuncsLoadSize                 
abs   00000129  RamfuncsRunSize                  
abs   000003f8  __TI_STACK_SIZE                  
abs   ffffffff  __TI_pprof_out_hndl              
abs   ffffffff  __TI_prof_data_size              
abs   ffffffff  __TI_prof_data_start             
n/a   UNDEFED   __c_args__                       

[78 symbols]
