******************************************************************************
             TMS320C2000 Linker PC v22.6.1                     
******************************************************************************
>> Linked Wed Aug 28 18:41:27 2024

OUTPUT FILE NAME:   <Multiphase-Interleaved-CLLC.out>
ENTRY POINT SYMBOL: "code_start"  address: 00080000


MEMORY CONFIGURATION

         name            origin    length      used     unused   attr    fill
----------------------  --------  ---------  --------  --------  ----  --------
PAGE 0:
  RAMM0                 000000f6   0000030a  00000000  0000030a  RWIX
  RAMLS0                00008000   00000800  00000129  000006d7  RWIX
  RAMLS1                00008800   00000800  00000000  00000800  RWIX
  RAMLS2                00009000   00000800  00000000  00000800  RWIX
  RAMLS3                00009800   00000800  00000000  00000800  RWIX
  RAMLS4                0000a000   00000800  00000000  00000800  RWIX
  BEGIN                 00080000   00000002  00000002  00000000  RWIX
  FLASH_BANK0_SEC0      00080002   00000ffe  00000000  00000ffe  RWIX
  FLASH_BANK0_SEC1      00081000   00001000  00000145  00000ebb  RWIX
  FLASH_BANK0_SEC2      00082000   00001000  00000aac  00000554  RWIX
  FLASH_BANK0_SEC3      00083000   00001000  00000000  00001000  RWIX
  FLASH_BANK0_SEC4      00084000   00001000  00000270  00000d90  RWIX
  FLASH_BANK0_SEC5      00085000   00001000  00000000  00001000  RWIX
  FLASH_BANK0_SEC6      00086000   00001000  00000000  00001000  RWIX
  FLASH_BANK0_SEC7      00087000   00001000  00000000  00001000  RWIX
  FLASH_BANK0_SEC8      00088000   00001000  00000000  00001000  RWIX
  FLASH_BANK0_SEC9      00089000   00001000  00000000  00001000  RWIX
  FLASH_BANK0_SEC10     0008a000   00001000  00000000  00001000  RWIX
  FLASH_BANK0_SEC11     0008b000   00001000  00000000  00001000  RWIX
  FLASH_BANK0_SEC12     0008c000   00001000  00000000  00001000  RWIX
  FLASH_BANK0_SEC13     0008d000   00001000  00000000  00001000  RWIX
  FLASH_BANK0_SEC14     0008e000   00001000  00000000  00001000  RWIX
  FLASH_BANK0_SEC15     0008f000   00001000  00000000  00001000  RWIX
  FLASH_BANK1_SEC0      00090000   00001000  00000000  00001000  RWIX
  FLASH_BANK1_SEC1      00091000   00001000  00000000  00001000  RWIX
  FLASH_BANK1_SEC2      00092000   00001000  00000000  00001000  RWIX
  FLASH_BANK1_SEC3      00093000   00001000  00000000  00001000  RWIX
  FLASH_BANK1_SEC4      00094000   00001000  00000000  00001000  RWIX
  FLASH_BANK1_SEC5      00095000   00001000  00000000  00001000  RWIX
  FLASH_BANK1_SEC6      00096000   00001000  00000000  00001000  RWIX
  FLASH_BANK1_SEC7      00097000   00001000  00000000  00001000  RWIX
  FLASH_BANK1_SEC8      00098000   00001000  00000000  00001000  RWIX
  FLASH_BANK1_SEC9      00099000   00001000  00000000  00001000  RWIX
  FLASH_BANK1_SEC10     0009a000   00001000  00000000  00001000  RWIX
  FLASH_BANK1_SEC11     0009b000   00001000  00000000  00001000  RWIX
  FLASH_BANK1_SEC12     0009c000   00001000  00000000  00001000  RWIX
  FLASH_BANK1_SEC13     0009d000   00001000  00000000  00001000  RWIX
  FLASH_BANK1_SEC14     0009e000   00001000  00000000  00001000  RWIX
  FLASH_BANK1_SEC15     0009f000   00000ff0  00000000  00000ff0  RWIX
  RESET                 003fffc0   00000002  00000000  00000002  RWIX

PAGE 1:
  BOOT_RSVD             00000002   000000f1  00000000  000000f1  RWIX
  RAMM1                 00000400   000003f8  000003f8  00000000  RWIX
  RAMLS5                0000a800   00000800  00000012  000007ee  RWIX
  RAMLS6                0000b000   00000800  00000000  00000800  RWIX
  RAMLS7                0000b800   00000800  00000000  00000800  RWIX
  RAMGS0                0000c000   00002000  00000000  00002000  RWIX
  RAMGS1                0000e000   00002000  00000000  00002000  RWIX
  RAMGS2                00010000   00002000  00000000  00002000  RWIX
  RAMGS3                00012000   00001ff8  00000000  00001ff8  RWIX


SECTION ALLOCATION MAP

 output                                  attributes/
section   page    origin      length       input sections
--------  ----  ----------  ----------   ----------------
codestart 
*          0    00080000    00000002     
                  00080000    00000002     f28004x_codestartbranch.obj (codestart)

.cinit     0    0008112c    0000001c     
                  0008112c    0000000a     (.cinit..data.load) [load image, compression = lzss]
                  00081136    00000006     (__TI_handler_table)
                  0008113c    00000004     (.cinit..bss.load) [load image, compression = zero_init]
                  00081140    00000008     (__TI_cinit_table)

.reset     0    003fffc0    00000000     DSECT

.stack     1    00000400    000003f8     UNINITIALIZED
                  00000400    000003f8     --HOLE--

.init_array 
*          0    00081000    00000000     UNINITIALIZED

.bss       1    0000a80c    00000006     UNINITIALIZED
                  0000a80c    00000006     State_machine.obj (.bss)

.data      1    0000a800    0000000c     UNINITIALIZED
                  0000a800    00000006     rts2800_fpu32_eabi.lib : exit.c.obj (.data)
                  0000a806    00000002                            : _lock.c.obj (.data:_lock)
                  0000a808    00000002                            : _lock.c.obj (.data:_unlock)
                  0000a80a    00000002     main.obj (.data)

.const     0    00084000    00000270     
                  00084000    0000009b     driverlib_eabi.lib : flash.obj (.const:.string)
                  0008409b    00000001     --HOLE-- [fill = 0]
                  0008409c    0000009a                        : sysctl.obj (.const:.string)
                  00084136    00000098                        : gpio.obj (.const:.string)
                  000841ce    00000051                        : interrupt.obj (.const:.string)
                  0008421f    00000001     --HOLE-- [fill = 0]
                  00084220    00000050                        : cputimer.obj (.const:.string)

.TI.ramfunc 
*          0    00081000    00000129     RUN ADDR = 00008000
                  00081000    00000044     driverlib_eabi.lib : flash.obj (.TI.ramfunc:Flash_initModule)
                  00081044    0000002c                        : flash.obj (.TI.ramfunc:Flash_setBankPowerMode)
                  00081070    00000024                        : flash.obj (.TI.ramfunc:Flash_setWaitstates)
                  00081094    0000001d                        : flash.obj (.TI.ramfunc:Flash_setPumpPowerMode)
                  000810b1    00000018                        : flash.obj (.TI.ramfunc:Flash_disableCache)
                  000810c9    00000018                        : flash.obj (.TI.ramfunc:Flash_disablePrefetch)
                  000810e1    00000017                        : flash.obj (.TI.ramfunc:Flash_enableCache)
                  000810f8    00000017                        : flash.obj (.TI.ramfunc:Flash_enablePrefetch)
                  0008110f    00000016                        : flash.obj (.TI.ramfunc:Flash_enableECC)
                  00081125    00000004                        : sysctl.obj (.TI.ramfunc)

.text      0    00082000    00000aac     
                  00082000    000000d7     device.obj (.text:Device_enableAllPeripherals)
                  000820d7    000000c0     driverlib_eabi.lib : sysctl.obj (.text:SysCtl_setClock)
                  00082197    000000bd                        : sysctl.obj (.text:SysCtl_isPLLValid)
                  00082254    0000007f                        : interrupt.obj (.text:Interrupt_clearIFR)
                  000822d3    00000073                        : sysctl.obj (.text:DCC_setCounterSeeds)
                  00082346    00000073     device.obj (.text:Device_init)
                  000823b9    0000005e     driverlib_eabi.lib : sysctl.obj (.text:SysCtl_getClock)
                  00082417    00000052                        : gpio.obj (.text:GPIO_setPadConfig)
                  00082469    0000004e                        : interrupt.obj (.text:Interrupt_disable)
                  000824b7    00000049                        : sysctl.obj (.text:SysCtl_selectOscSource)
                  00082500    00000045                        : sysctl.obj (.text:SysCtl_pollX1Counter)
                  00082545    0000003d                        : interrupt.obj (.text:Interrupt_initModule)
                  00082582    0000003a                        : gpio.obj (.text:GPIO_setAnalogMode)
                  000825bc    00000036                        : sysctl.obj (.text:SysCtl_selectXTAL)
                  000825f2    00000034     board.obj (.text:myCPUTIMER2_init)
                  00082626    00000031     driverlib_eabi.lib : gpio.obj (.text:GPIO_setDirectionMode)
                  00082657    00000030     rts2800_fpu32_eabi.lib : copy_decompress_lzss.c.obj (.text:decompress:lzss)
                  00082687    0000002d     board.obj (.text:INTERRUPT_init)
                  000826b4    0000002b     rts2800_fpu32_eabi.lib : autoinit.c.obj (.text:__TI_auto_init_nobinit_nopinit)
                  000826df    00000029                            : exit.c.obj (.text)
                  00082708    00000026     board.obj (.text:myCPUTIMER0_init)
                  0008272e    00000024     driverlib_eabi.lib : sysctl.obj (.text:DCC_enableSingleShotMode)
                  00082752    00000024     board.obj (.text:myCPUTIMER1_init)
                  00082776    00000020     main.obj (.text:FAULT_INPUT1_ISR1)
                  00082796    00000020     main.obj (.text:FAULT_INPUT2_ISR1)
                  000827b6    00000020     driverlib_eabi.lib : sysctl.obj (.text:SysCtl_selectXTALSingleEnded)
                  000827d6    0000001e                        : sysctl.obj (.text:DCC_setCounter1ClkSource)
                  000827f4    0000001e                        : interrupt.obj (.text:Interrupt_initVectorTable)
                  00082812    0000001d     rts2800_fpu32_eabi.lib : memcpy.c.obj (.text)
                  0008282f    0000001c     driverlib_eabi.lib : sysctl.obj (.text:DCC_setCounter0ClkSource)
                  0008284b    0000001a                        : sysctl.obj (.text:SysCtl_getLowSpeedClock)
                  00082865    00000018     Mult_CLLC_HAL.obj (.text:Mult_CLLC_HAL_setupDevice)
                  0008287d    00000017     driverlib_eabi.lib : cputimer.obj (.text:CPUTimer_isBaseValid)
                  00082894    00000017     main.obj (.text:PZCD1_ISR)
                  000828ab    00000017     driverlib_eabi.lib : sysctl.obj (.text:SysCtl_enablePeripheral)
                  000828c2    00000017     rts2800_fpu32_eabi.lib : boot28.asm.obj (.text)
                  000828d9    00000016     driverlib_eabi.lib : sysctl.obj (.text:DCC_disableDoneSignal)
                  000828ef    00000016                        : sysctl.obj (.text:DCC_enableDoneSignal)
                  00082905    00000016                        : interrupt.obj (.text:Interrupt_defaultHandler)
                  0008291b    00000015                        : sysctl.obj (.text:DCC_clearDoneFlag)
                  00082930    00000015                        : sysctl.obj (.text:DCC_clearErrorFlag)
                  00082945    00000015                        : sysctl.obj (.text:DCC_disableErrorSignal)
                  0008295a    00000015                        : sysctl.obj (.text:DCC_enableErrorSignal)
                  0008296f    00000014                        : sysctl.obj (.text:DCC_disableModule)
                  00082983    00000014                        : sysctl.obj (.text:DCC_enableModule)
                  00082997    00000014                        : gpio.obj (.text:GPIO_isPinValid)
                  000829ab    00000013                        : cputimer.obj (.text:CPUTimer_setEmulationMode)
                  000829be    00000010                        : sysctl.obj (.text:DCC_isBaseValid)
                  000829ce    00000010     device.obj (.text:Device_initGPIO)
                  000829de    00000010     driverlib_eabi.lib : flash.obj (.text:Flash_isCtrlBaseValid)
                  000829ee    00000010                        : flash.obj (.text:Flash_isECCBaseValid)
                  000829fe    00000010     main.obj (.text:ISR1)
                  00082a0e    0000000e     main.obj (.text:main)
                  00082a1c    0000000d     driverlib_eabi.lib : interrupt.obj (.text:Interrupt_disableGlobal)
                  00082a29    0000000d                        : interrupt.obj (.text:Interrupt_enableGlobal)
                  00082a36    0000000d     rts2800_fpu32_eabi.lib : copy_zero_init.c.obj (.text:decompress:ZI:__TI_zero_init_nomemset)
                  00082a43    0000000c                            : args_main.c.obj (.text)
                  00082a4f    0000000b     driverlib_eabi.lib : sysctl.obj (.text:SysCtl_isMCDClockFailureDetected)
                  00082a5a    0000000a                        : interrupt.obj (.text:Interrupt_illegalOperationHandler)
                  00082a64    0000000a                        : interrupt.obj (.text:Interrupt_nmiHandler)
                  00082a6e    00000009     Mult_CLLC_HAL.obj (.text:Mult_CLLC_HAL_disablePWMClkCounting)
                  00082a77    00000009     rts2800_fpu32_eabi.lib : _lock.c.obj (.text)
                  00082a80    00000008     Mult_CLLC_HAL.obj (.text:Mult_CLLC_HAL_enablePWMClkCounting)
                  00082a88    00000008     rts2800_fpu32_eabi.lib : copy_decompress_none.c.obj (.text:decompress:none)
                  00082a90    00000008     f28004x_codestartbranch.obj (.text)
                  00082a98    00000007     board.obj (.text:CPUTIMER_init)
                  00082a9f    00000007     driverlib_eabi.lib : sysctl.obj (.text:SysCtl_resetMCD)
                  00082aa6    00000003     device.obj (.text:__error__)
                  00082aa9    00000002     rts2800_fpu32_eabi.lib : pre_init.c.obj (.text)
                  00082aab    00000001                            : startup.c.obj (.text)

MODULE SUMMARY

       Module                        code   ro data   rw data
       ------                        ----   -------   -------
    .\
       main.obj                      117    0         2      
    +--+-----------------------------+------+---------+---------+
       Total:                        117    0         2      
                                                             
    .\BoardHAL\
       Mult_CLLC_HAL.obj             41     0         0      
       State_machine.obj             0      0         6      
    +--+-----------------------------+------+---------+---------+
       Total:                        41     0         6      
                                                             
    .\device\
       device.obj                    349    0         0      
       f28004x_codestartbranch.obj   10     0         0      
    +--+-----------------------------+------+---------+---------+
       Total:                        359    0         0      
                                                             
    .\syscfg\
       board.obj                     178    0         0      
    +--+-----------------------------+------+---------+---------+
       Total:                        178    0         0      
                                                             
    C:\ti\C2000Ware_5_01_00_00\driverlib\f28004x\driverlib\ccs\Debug\driverlib_eabi.lib
       sysctl.obj                    1171   154       0      
       flash.obj                     618    155       0      
       interrupt.obj                 364    81        0      
       gpio.obj                      209    152       0      
       cputimer.obj                  42     80        0      
    +--+-----------------------------+------+---------+---------+
       Total:                        2404   622       0      
                                                             
    C:\ti\ccstheia140\ccs\tools\compiler\ti-cgt-c2000_22.6.1A23259\lib\rts2800_fpu32_eabi.lib
       copy_decompress_lzss.c.obj    48     0         0      
       exit.c.obj                    41     0         6      
       autoinit.c.obj                43     0         0      
       memcpy.c.obj                  29     0         0      
       boot28.asm.obj                23     0         0      
       _lock.c.obj                   9      0         4      
       copy_zero_init.c.obj          13     0         0      
       args_main.c.obj               12     0         0      
       copy_decompress_none.c.obj    8      0         0      
       pre_init.c.obj                2      0         0      
       startup.c.obj                 1      0         0      
    +--+-----------------------------+------+---------+---------+
       Total:                        229    0         10     
                                                             
       Stack:                        0      0         1016   
       Linker Generated:             0      28        0      
    +--+-----------------------------+------+---------+---------+
       Grand Total:                  3328   650       1034   


LINKER GENERATED COPY TABLES

__TI_cinit_table @ 00081140 records: 2, size/record: 4, table size: 8
	.data: load addr=0008112c, load size=0000000a bytes, run addr=0000a800, run size=0000000c bytes, compression=lzss
	.bss: load addr=0008113c, load size=00000004 bytes, run addr=0000a80c, run size=00000006 bytes, compression=zero_init


LINKER GENERATED HANDLER TABLE

__TI_handler_table @ 00081136 records: 3, size/record: 2, table size: 6
	index: 0, handler: __TI_zero_init
	index: 1, handler: __TI_decompress_lzss
	index: 2, handler: __TI_decompress_none


GLOBAL DATA SYMBOLS: SORTED BY DATA PAGE

address     data page           name
--------    ----------------    ----
00000400      10 (00000400)     __stack

0000a800     2a0 (0000a800)     __TI_enable_exit_profile_output
0000a802     2a0 (0000a800)     __TI_cleanup_ptr
0000a804     2a0 (0000a800)     __TI_dtors_ptr
0000a806     2a0 (0000a800)     _lock
0000a808     2a0 (0000a800)     _unlock
0000a80a     2a0 (0000a800)     fault_input1_flag
0000a80b     2a0 (0000a800)     fault_input2_flag
0000a80c     2a0 (0000a800)     Alpha_State_Ptr
0000a80e     2a0 (0000a800)     A_Task_Ptr
0000a810     2a0 (0000a800)     B_Task_Ptr


GLOBAL SYMBOLS: SORTED ALPHABETICALLY BY Name 

page  address   name                               
----  -------   ----                               
1     0000a80e  A_Task_Ptr                         
1     0000a80c  Alpha_State_Ptr                    
1     0000a810  B_Task_Ptr                         
0     000826df  C$$EXIT                            
0     00082a98  CPUTIMER_init                      
0     000829ab  CPUTimer_setEmulationMode          
0     00082000  Device_enableAllPeripherals        
0     00082346  Device_init                        
0     000829ce  Device_initGPIO                    
0     00082776  FAULT_INPUT1_ISR1                  
0     00082796  FAULT_INPUT2_ISR1                  
0     00008000  Flash_initModule                   
0     00082582  GPIO_setAnalogMode                 
0     00082626  GPIO_setDirectionMode              
0     00082417  GPIO_setPadConfig                  
0     00082687  INTERRUPT_init                     
0     000829fe  ISR1                               
0     00082905  Interrupt_defaultHandler           
0     00082469  Interrupt_disable                  
0     00082a5a  Interrupt_illegalOperationHandler  
0     00082545  Interrupt_initModule               
0     000827f4  Interrupt_initVectorTable          
0     00082a64  Interrupt_nmiHandler               
0     00082a6e  Mult_CLLC_HAL_disablePWMClkCounting
0     00082a80  Mult_CLLC_HAL_enablePWMClkCounting 
0     00082865  Mult_CLLC_HAL_setupDevice          
0     00082894  PZCD1_ISR                          
0     00081129  RamfuncsLoadEnd                    
abs   00000129  RamfuncsLoadSize                   
0     00081000  RamfuncsLoadStart                  
0     00008129  RamfuncsRunEnd                     
abs   00000129  RamfuncsRunSize                    
0     00008000  RamfuncsRunStart                   
0     00008125  SysCtl_delay                       
0     000823b9  SysCtl_getClock                    
0     0008284b  SysCtl_getLowSpeedClock            
0     00082197  SysCtl_isPLLValid                  
0     000824b7  SysCtl_selectOscSource             
0     000825bc  SysCtl_selectXTAL                  
0     000827b6  SysCtl_selectXTALSingleEnded       
0     000820d7  SysCtl_setClock                    
0     00081140  __TI_CINIT_Base                    
0     00081148  __TI_CINIT_Limit                   
0     00081148  __TI_CINIT_Warm                    
0     00081136  __TI_Handler_Table_Base            
0     0008113c  __TI_Handler_Table_Limit           
1     000007f8  __TI_STACK_END                     
abs   000003f8  __TI_STACK_SIZE                    
0     000826b4  __TI_auto_init_nobinit_nopinit     
1     0000a802  __TI_cleanup_ptr                   
0     00082657  __TI_decompress_lzss               
0     00082a88  __TI_decompress_none               
1     0000a804  __TI_dtors_ptr                     
1     0000a800  __TI_enable_exit_profile_output    
abs   ffffffff  __TI_pprof_out_hndl                
abs   ffffffff  __TI_prof_data_size                
abs   ffffffff  __TI_prof_data_start               
0     00082a36  __TI_zero_init_nomemset            
n/a   UNDEFED   __c_args__                         
0     00082aa6  __error__                          
1     00000400  __stack                            
0     00082a43  _args_main                         
0     000828c2  _c_int00                           
1     0000a806  _lock                              
0     00082a7f  _nop                               
0     00082a7b  _register_lock                     
0     00082a77  _register_unlock                   
0     00082aab  _system_post_cinit                 
0     00082aa9  _system_pre_init                   
1     0000a808  _unlock                            
0     000826df  abort                              
0     00080000  code_start                         
0     000826e1  exit                               
1     0000a80a  fault_input1_flag                  
1     0000a80b  fault_input2_flag                  
0     00082a0e  main                               
0     00082812  memcpy                             
0     00082708  myCPUTIMER0_init                   
0     00082752  myCPUTIMER1_init                   
0     000825f2  myCPUTIMER2_init                   


GLOBAL SYMBOLS: SORTED BY Symbol Address 

page  address   name                               
----  -------   ----                               
0     00008000  Flash_initModule                   
0     00008000  RamfuncsRunStart                   
0     00008125  SysCtl_delay                       
0     00008129  RamfuncsRunEnd                     
0     00080000  code_start                         
0     00081000  RamfuncsLoadStart                  
0     00081129  RamfuncsLoadEnd                    
0     00081136  __TI_Handler_Table_Base            
0     0008113c  __TI_Handler_Table_Limit           
0     00081140  __TI_CINIT_Base                    
0     00081148  __TI_CINIT_Limit                   
0     00081148  __TI_CINIT_Warm                    
0     00082000  Device_enableAllPeripherals        
0     000820d7  SysCtl_setClock                    
0     00082197  SysCtl_isPLLValid                  
0     00082346  Device_init                        
0     000823b9  SysCtl_getClock                    
0     00082417  GPIO_setPadConfig                  
0     00082469  Interrupt_disable                  
0     000824b7  SysCtl_selectOscSource             
0     00082545  Interrupt_initModule               
0     00082582  GPIO_setAnalogMode                 
0     000825bc  SysCtl_selectXTAL                  
0     000825f2  myCPUTIMER2_init                   
0     00082626  GPIO_setDirectionMode              
0     00082657  __TI_decompress_lzss               
0     00082687  INTERRUPT_init                     
0     000826b4  __TI_auto_init_nobinit_nopinit     
0     000826df  C$$EXIT                            
0     000826df  abort                              
0     000826e1  exit                               
0     00082708  myCPUTIMER0_init                   
0     00082752  myCPUTIMER1_init                   
0     00082776  FAULT_INPUT1_ISR1                  
0     00082796  FAULT_INPUT2_ISR1                  
0     000827b6  SysCtl_selectXTALSingleEnded       
0     000827f4  Interrupt_initVectorTable          
0     00082812  memcpy                             
0     0008284b  SysCtl_getLowSpeedClock            
0     00082865  Mult_CLLC_HAL_setupDevice          
0     00082894  PZCD1_ISR                          
0     000828c2  _c_int00                           
0     00082905  Interrupt_defaultHandler           
0     000829ab  CPUTimer_setEmulationMode          
0     000829ce  Device_initGPIO                    
0     000829fe  ISR1                               
0     00082a0e  main                               
0     00082a36  __TI_zero_init_nomemset            
0     00082a43  _args_main                         
0     00082a5a  Interrupt_illegalOperationHandler  
0     00082a64  Interrupt_nmiHandler               
0     00082a6e  Mult_CLLC_HAL_disablePWMClkCounting
0     00082a77  _register_unlock                   
0     00082a7b  _register_lock                     
0     00082a7f  _nop                               
0     00082a80  Mult_CLLC_HAL_enablePWMClkCounting 
0     00082a88  __TI_decompress_none               
0     00082a98  CPUTIMER_init                      
0     00082aa6  __error__                          
0     00082aa9  _system_pre_init                   
0     00082aab  _system_post_cinit                 
1     00000400  __stack                            
1     000007f8  __TI_STACK_END                     
1     0000a800  __TI_enable_exit_profile_output    
1     0000a802  __TI_cleanup_ptr                   
1     0000a804  __TI_dtors_ptr                     
1     0000a806  _lock                              
1     0000a808  _unlock                            
1     0000a80a  fault_input1_flag                  
1     0000a80b  fault_input2_flag                  
1     0000a80c  Alpha_State_Ptr                    
1     0000a80e  A_Task_Ptr                         
1     0000a810  B_Task_Ptr                         
abs   00000129  RamfuncsLoadSize                   
abs   00000129  RamfuncsRunSize                    
abs   000003f8  __TI_STACK_SIZE                    
abs   ffffffff  __TI_pprof_out_hndl                
abs   ffffffff  __TI_prof_data_size                
abs   ffffffff  __TI_prof_data_start               
n/a   UNDEFED   __c_args__                         

[80 symbols]
