******************************************************************************
             TMS320C2000 Linker PC v22.6.1                     
******************************************************************************
>> Linked Wed Sep 11 11:33:13 2024

OUTPUT FILE NAME:   <Multiphase-Interleaved-CLLC.out>
ENTRY POINT SYMBOL: "code_start"  address: 00080000


MEMORY CONFIGURATION

         name            origin    length      used     unused   attr    fill
----------------------  --------  ---------  --------  --------  ----  --------
PAGE 0:
  RAMM0                 000000f6   0000030a  00000000  0000030a  RWIX
  RAMLS0                00008000   00000800  00000129  000006d7  RWIX
  RAMLS1                00008800   00000800  00000000  00000800  RWIX
  RAMLS2                00009000   00000800  00000000  00000800  RWIX
  RAMLS3                00009800   00000800  00000000  00000800  RWIX
  RAMLS4                0000a000   00000800  00000000  00000800  RWIX
  BEGIN                 00080000   00000002  00000002  00000000  RWIX
  FLASH_BANK0_SEC0      00080002   00000ffe  00000000  00000ffe  RWIX
  FLASH_BANK0_SEC1      00081000   00001000  00000147  00000eb9  RWIX
  FLASH_BANK0_SEC2      00082000   00001000  00001000  00000000  RWIX
  FLASH_BANK0_SEC3      00083000   00001000  00001000  00000000  RWIX
  FLASH_BANK0_SEC4      00084000   00001000  0000042e  00000bd2  RWIX
  FLASH_BANK0_SEC5      00085000   00001000  00000363  00000c9d  RWIX
  FLASH_BANK0_SEC6      00086000   00001000  00000000  00001000  RWIX
  FLASH_BANK0_SEC7      00087000   00001000  00000000  00001000  RWIX
  FLASH_BANK0_SEC8      00088000   00001000  00000000  00001000  RWIX
  FLASH_BANK0_SEC9      00089000   00001000  00000000  00001000  RWIX
  FLASH_BANK0_SEC10     0008a000   00001000  00000000  00001000  RWIX
  FLASH_BANK0_SEC11     0008b000   00001000  00000000  00001000  RWIX
  FLASH_BANK0_SEC12     0008c000   00001000  00000000  00001000  RWIX
  FLASH_BANK0_SEC13     0008d000   00001000  00000000  00001000  RWIX
  FLASH_BANK0_SEC14     0008e000   00001000  00000000  00001000  RWIX
  FLASH_BANK0_SEC15     0008f000   00001000  00000000  00001000  RWIX
  FLASH_BANK1_SEC0      00090000   00001000  00000000  00001000  RWIX
  FLASH_BANK1_SEC1      00091000   00001000  00000000  00001000  RWIX
  FLASH_BANK1_SEC2      00092000   00001000  00000000  00001000  RWIX
  FLASH_BANK1_SEC3      00093000   00001000  00000000  00001000  RWIX
  FLASH_BANK1_SEC4      00094000   00001000  00000000  00001000  RWIX
  FLASH_BANK1_SEC5      00095000   00001000  00000000  00001000  RWIX
  FLASH_BANK1_SEC6      00096000   00001000  00000000  00001000  RWIX
  FLASH_BANK1_SEC7      00097000   00001000  00000000  00001000  RWIX
  FLASH_BANK1_SEC8      00098000   00001000  00000000  00001000  RWIX
  FLASH_BANK1_SEC9      00099000   00001000  00000000  00001000  RWIX
  FLASH_BANK1_SEC10     0009a000   00001000  00000000  00001000  RWIX
  FLASH_BANK1_SEC11     0009b000   00001000  00000000  00001000  RWIX
  FLASH_BANK1_SEC12     0009c000   00001000  00000000  00001000  RWIX
  FLASH_BANK1_SEC13     0009d000   00001000  00000000  00001000  RWIX
  FLASH_BANK1_SEC14     0009e000   00001000  00000000  00001000  RWIX
  FLASH_BANK1_SEC15     0009f000   00000ff0  00000000  00000ff0  RWIX
  RESET                 003fffc0   00000002  00000000  00000002  RWIX

PAGE 1:
  BOOT_RSVD             00000002   000000f1  00000000  000000f1  RWIX
  RAMM1                 00000400   000003f8  000003f8  00000000  RWIX
  RAMLS5                0000a800   00000800  000000a8  00000758  RWIX
  RAMLS6                0000b000   00000800  00000000  00000800  RWIX
  RAMLS7                0000b800   00000800  00000000  00000800  RWIX
  RAMGS0                0000c000   00002000  00000000  00002000  RWIX
  RAMGS1                0000e000   00002000  00000000  00002000  RWIX
  RAMGS2                00010000   00002000  00000000  00002000  RWIX
  RAMGS3                00012000   00001ff8  00000000  00001ff8  RWIX


SECTION ALLOCATION MAP

 output                                  attributes/
section   page    origin      length       input sections
--------  ----  ----------  ----------   ----------------
codestart 
*          0    00080000    00000002     
                  00080000    00000002     f28004x_codestartbranch.obj (codestart)

.cinit     0    0008112c    0000001e     
                  0008112c    0000000b     (.cinit..data.load) [load image, compression = lzss]
                  00081137    00000001     --HOLE-- [fill = 0]
                  00081138    00000006     (__TI_handler_table)
                  0008113e    00000004     (.cinit..bss.load) [load image, compression = zero_init]
                  00081142    00000008     (__TI_cinit_table)

.reset     0    003fffc0    00000000     DSECT

.stack     1    00000400    000003f8     UNINITIALIZED
                  00000400    000003f8     --HOLE--

.init_array 
*          0    00081000    00000000     UNINITIALIZED

.bss       1    0000a800    0000009c     UNINITIALIZED
                  0000a800    0000008e     Mult_CLLC.obj (.bss)
                  0000a88e    00000006     State_machine.obj (.bss)
                  0000a894    00000004     State_machine.obj (.bss:vTimer0)
                  0000a898    00000004     State_machine.obj (.bss:vTimer1)

.data      1    0000a89c    0000000c     UNINITIALIZED
                  0000a89c    00000006     rts2800_fpu32_eabi.lib : exit.c.obj (.data)
                  0000a8a2    00000002     Mult_CLLC.obj (.data)
                  0000a8a4    00000002     rts2800_fpu32_eabi.lib : _lock.c.obj (.data:_lock)
                  0000a8a6    00000002                            : _lock.c.obj (.data:_unlock)

.const     0    00084000    0000042e     
                  00084000    0000009b     driverlib_eabi.lib : flash.obj (.const:.string)
                  0008409b    00000001     --HOLE-- [fill = 0]
                  0008409c    0000009a                        : sysctl.obj (.const:.string)
                  00084136    00000098                        : gpio.obj (.const:.string)
                  000841ce    00000097                        : sci.obj (.const:.string)
                  00084265    00000001     --HOLE-- [fill = 0]
                  00084266    00000051                        : interrupt.obj (.const:.string)
                  000842b7    00000001     --HOLE-- [fill = 0]
                  000842b8    00000050                        : cputimer.obj (.const:.string)
                  00084308    0000004d                        : cmpss.obj (.const:.string)
                  00084355    00000001     --HOLE-- [fill = 0]
                  00084356    0000004d                        : pmbus.obj (.const:.string)
                  000843a3    00000001     --HOLE-- [fill = 0]
                  000843a4    0000004c                        : ecap.obj (.const:.string)
                  000843f0    0000003e     board.obj (.const:.string)

.TI.ramfunc 
*          0    00081000    00000129     RUN ADDR = 00008000
                  00081000    00000044     driverlib_eabi.lib : flash.obj (.TI.ramfunc:Flash_initModule)
                  00081044    0000002c                        : flash.obj (.TI.ramfunc:Flash_setBankPowerMode)
                  00081070    00000024                        : flash.obj (.TI.ramfunc:Flash_setWaitstates)
                  00081094    0000001d                        : flash.obj (.TI.ramfunc:Flash_setPumpPowerMode)
                  000810b1    00000018                        : flash.obj (.TI.ramfunc:Flash_disableCache)
                  000810c9    00000018                        : flash.obj (.TI.ramfunc:Flash_disablePrefetch)
                  000810e1    00000017                        : flash.obj (.TI.ramfunc:Flash_enableCache)
                  000810f8    00000017                        : flash.obj (.TI.ramfunc:Flash_enablePrefetch)
                  0008110f    00000016                        : flash.obj (.TI.ramfunc:Flash_enableECC)
                  00081125    00000004                        : sysctl.obj (.TI.ramfunc)

.text.1    0    00082000    00001000     
                  00082000    000006f2     board.obj (.text:EPWM_init)
                  000826f2    0000021e     Mult_CLLC_HAL.obj (.text:MULT_CLLC_HAL_DEBUG_Transnit)
                  00082910    0000017f     board.obj (.text:PinMux_init)
                  00082a8f    00000119     driverlib_eabi.lib : pmbus.obj (.text:PMBus_configBusClock)
                  00082ba8    000000d7     device.obj (.text:Device_enableAllPeripherals)
                  00082c7f    000000d3     board.obj (.text:GPIO_init)
                  00082d52    000000c0     driverlib_eabi.lib : sysctl.obj (.text:SysCtl_setClock)
                  00082e12    000000bd                        : sysctl.obj (.text:SysCtl_isPLLValid)
                  00082ecf    000000a2     Mult_CLLC.obj (.text:ISR2_TIMER0)
                  00082f71    00000087     board.obj (.text:M_CMPSS1_init)
                  00082ff8    00000008     State_machine.obj (.text:A1)

.text.2    0    00083000    00001000     
                  00083000    00000082     board.obj (.text:M_CMPSS2_init)
                  00083082    00000081     board.obj (.text:M_CMPSS3_init)
                  00083103    00000081     board.obj (.text:M_CMPSS4_init)
                  00083184    0000007f     driverlib_eabi.lib : interrupt.obj (.text:Interrupt_clearIFR)
                  00083203    00000078     Mult_CLLC.obj (.text:MULT_CLLC_initGlobalVariables)
                  0008327b    00000073     driverlib_eabi.lib : sysctl.obj (.text:DCC_setCounterSeeds)
                  000832ee    00000073     device.obj (.text:Device_init)
                  00083361    00000069     board.obj (.text:DEBUG_init)
                  000833ca    00000066     driverlib_eabi.lib : pmbus.obj (.text:PMBus_configModuleClock)
                  00083430    00000061     board.obj (.text:EPWMXBAR_init)
                  00083491    0000005e     driverlib_eabi.lib : sysctl.obj (.text:SysCtl_getClock)
                  000834ef    00000058     board.obj (.text:M_ADC_B_init)
                  00083547    00000052     driverlib_eabi.lib : gpio.obj (.text:GPIO_setPadConfig)
                  00083599    0000004e                        : interrupt.obj (.text:Interrupt_disable)
                  000835e7    0000004e     board.obj (.text:M_ADC_A_init)
                  00083635    0000004d     board.obj (.text:M_ADC_C_init)
                  00083682    00000049     driverlib_eabi.lib : cmpss.obj (.text:CMPSS_configFilterHigh)
                  000836cb    00000049                        : cmpss.obj (.text:CMPSS_configFilterLow)
                  00083714    00000049                        : sysctl.obj (.text:SysCtl_selectOscSource)
                  0008375d    00000048                        : cmpss.obj (.text:CMPSS_configRamp)
                  000837a5    00000045                        : sci.obj (.text:SCI_clearInterruptStatus)
                  000837ea    00000045                        : sysctl.obj (.text:SysCtl_pollX1Counter)
                  0008382f    00000043     board.obj (.text:EPWM_setActionQualifierAction)
                  00083872    00000041     board.obj (.text:myPMBUS0_init)
                  000838b3    0000003e     Mult_CLLC_HAL.obj (.text:MUlt_CLLC_HAL_setupBoardProtection)
                  000838f1    0000003e     Mult_CLLC_HAL.obj (.text:Mult_CLLC_HAL_setupDevice)
                  0008392f    0000003e     driverlib_eabi.lib : sci.obj (.text:SCI_setConfig)
                  0008396d    0000003e     main.obj (.text:main)
                  000839ab    0000003d     driverlib_eabi.lib : interrupt.obj (.text:Interrupt_initModule)
                  000839e8    0000003c     board.obj (.text:myECAP0_init)
                  00083a24    0000003a     driverlib_eabi.lib : gpio.obj (.text:GPIO_setAnalogMode)
                  00083a5e    00000037                        : gpio.obj (.text:GPIO_setControllerCore)
                  00083a95    00000037                        : gpio.obj (.text:GPIO_setPinConfig)
                  00083acc    00000037                        : gpio.obj (.text:GPIO_setQualificationMode)
                  00083b03    00000037                        : interrupt.obj (.text:Interrupt_enable)
                  00083b3a    00000036                        : sysctl.obj (.text:SysCtl_selectXTAL)
                  00083b70    00000036                        : xbar.obj (.text:XBAR_clearInputFlag)
                  00083ba6    00000034                        : gpio.obj (.text:GPIO_setInterruptPin)
                  00083bda    00000034     Mult_CLLC.obj (.text:ISR1_PZCD)
                  00083c0e    00000034     board.obj (.text:myCPUTIMER2_init)
                  00083c42    00000033     Mult_CLLC.obj (.text:ISR1_SZCD)
                  00083c75    00000031     driverlib_eabi.lib : gpio.obj (.text:GPIO_setDirectionMode)
                  00083ca6    00000031     board.obj (.text:SYNC_init)
                  00083cd7    00000030     rts2800_fpu32_eabi.lib : copy_decompress_lzss.c.obj (.text:decompress:lzss)
                  00083d07    0000002f     driverlib_eabi.lib : xbar.obj (.text:XBAR_setEPWMMuxConfig)
                  00083d36    0000002e                        : xbar.obj (.text:XBAR_setOutputMuxConfig)
                  00083d64    0000002d                        : pmbus.obj (.text:PMBus_initControllerMode)
                  00083d91    0000002b                        : cmpss.obj (.text:CMPSS_configLatchOnPWMSYNC)
                  00083dbc    0000002b     rts2800_fpu32_eabi.lib : autoinit.c.obj (.text:__TI_auto_init_nobinit_nopinit)
                  00083de7    00000029                            : exit.c.obj (.text)
                  00083e10    00000028     driverlib_eabi.lib : adc.obj (.text:ADC_setOffsetTrimAll)
                  00083e38    00000027                        : cmpss.obj (.text:CMPSS_isBaseValid)
                  00083e5f    00000027                        : ecap.obj (.text:ECAP_isBaseValid)
                  00083e86    00000026     board.obj (.text:myCPUTIMER0_init)
                  00083eac    00000024     driverlib_eabi.lib : sysctl.obj (.text:DCC_enableSingleShotMode)
                  00083ed0    00000024     board.obj (.text:myCPUTIMER1_init)
                  00083ef4    00000020     driverlib_eabi.lib : sysctl.obj (.text:SysCtl_selectXTALSingleEnded)
                  00083f14    00000020                        : gpio.obj (.text:XBAR_setInputPin)
                  00083f34    0000001e                        : sysctl.obj (.text:DCC_setCounter1ClkSource)
                  00083f52    0000001e                        : ecap.obj (.text:ECAP_setEmulationMode)
                  00083f70    0000001e                        : interrupt.obj (.text:Interrupt_initVectorTable)
                  00083f8e    0000001d     rts2800_fpu32_eabi.lib : memcpy.c.obj (.text)
                  00083fab    0000001c     driverlib_eabi.lib : sysctl.obj (.text:DCC_setCounter0ClkSource)
                  00083fc7    0000001a     board.obj (.text:CMPSS1OUT0_init)
                  00083fe1    0000001a     board.obj (.text:FAN1_init)
                  00083ffb    00000005     Mult_CLLC_HAL.obj (.text:Mult_CLLC_HAL_setupCPI)

.text.3    0    00085000    00000363     
                  00085000    0000001a     driverlib_eabi.lib : sysctl.obj (.text:SysCtl_getLowSpeedClock)
                  0008501a    00000018     State_machine.obj (.text:A0)
                  00085032    00000018     State_machine.obj (.text:B0)
                  0008504a    00000018     driverlib_eabi.lib : sci.obj (.text:SCI_disableModule)
                  00085062    00000018                        : sci.obj (.text:SCI_performSoftwareReset)
                  0008507a    00000018     board.obj (.text:STATUS2_init)
                  00085092    00000017     driverlib_eabi.lib : cputimer.obj (.text:CPUTimer_isBaseValid)
                  000850a9    00000017     board.obj (.text:INTERRUPT_init)
                  000850c0    00000017     board.obj (.text:STATUS1_init)
                  000850d7    00000017     driverlib_eabi.lib : sysctl.obj (.text:SysCtl_enablePeripheral)
                  000850ee    00000017     rts2800_fpu32_eabi.lib : boot28.asm.obj (.text)
                  00085105    00000016     driverlib_eabi.lib : sysctl.obj (.text:DCC_disableDoneSignal)
                  0008511b    00000016                        : sysctl.obj (.text:DCC_enableDoneSignal)
                  00085131    00000016                        : interrupt.obj (.text:Interrupt_defaultHandler)
                  00085147    00000015                        : sysctl.obj (.text:DCC_clearDoneFlag)
                  0008515c    00000015                        : sysctl.obj (.text:DCC_clearErrorFlag)
                  00085171    00000015                        : sysctl.obj (.text:DCC_disableErrorSignal)
                  00085186    00000015                        : sysctl.obj (.text:DCC_enableErrorSignal)
                  0008519b    00000014                        : sysctl.obj (.text:DCC_disableModule)
                  000851af    00000014                        : sysctl.obj (.text:DCC_enableModule)
                  000851c3    00000014                        : gpio.obj (.text:GPIO_isPinValid)
                  000851d7    00000013                        : cputimer.obj (.text:CPUTimer_setEmulationMode)
                  000851ea    00000013                        : sci.obj (.text:SCI_enableModule)
                  000851fd    00000013                        : sci.obj (.text:SCI_isBaseValid)
                  00085210    00000010                        : sysctl.obj (.text:DCC_isBaseValid)
                  00085220    00000010     device.obj (.text:Device_initGPIO)
                  00085230    00000010     driverlib_eabi.lib : flash.obj (.text:Flash_isCtrlBaseValid)
                  00085240    00000010                        : flash.obj (.text:Flash_isECCBaseValid)
                  00085250    0000000f                        : pmbus.obj (.text:PMBus_isBaseValid)
                  0008525f    0000000f     board.obj (.text:PRIM_ZCD1_XINT_init)
                  0008526e    0000000d     board.obj (.text:ASYSCTL_init)
                  0008527b    0000000d     main.obj (.text:INT_M_EPWM3_TZ_ISR)
                  00085288    0000000d     driverlib_eabi.lib : interrupt.obj (.text:Interrupt_disableGlobal)
                  00085295    0000000d                        : interrupt.obj (.text:Interrupt_enableGlobal)
                  000852a2    0000000d     rts2800_fpu32_eabi.lib : copy_zero_init.c.obj (.text:decompress:ZI:__TI_zero_init_nomemset)
                  000852af    0000000c                            : args_main.c.obj (.text)
                  000852bb    0000000b     driverlib_eabi.lib : sysctl.obj (.text:SysCtl_isMCDClockFailureDetected)
                  000852c6    0000000a                        : interrupt.obj (.text:Interrupt_illegalOperationHandler)
                  000852d0    0000000a                        : interrupt.obj (.text:Interrupt_nmiHandler)
                  000852da    00000009     board.obj (.text:CMPSS_init)
                  000852e3    00000009     Mult_CLLC_HAL.obj (.text:Mult_CLLC_HAL_disablePWMClkCounting)
                  000852ec    00000009     Mult_CLLC_HAL.obj (.text:Mult_CLLC_HAL_setupADC)
                  000852f5    00000009     rts2800_fpu32_eabi.lib : _lock.c.obj (.text)
                  000852fe    00000008     Mult_CLLC_HAL.obj (.text:Mult_CLLC_HAL_enablePWMClkCounting)
                  00085306    00000008     rts2800_fpu32_eabi.lib : copy_decompress_none.c.obj (.text:decompress:none)
                  0008530e    00000008     f28004x_codestartbranch.obj (.text)
                  00085316    00000007     board.obj (.text:ADC_init)
                  0008531d    00000007     board.obj (.text:CPUTIMER_init)
                  00085324    00000007     board.obj (.text:INPUTXBAR_init)
                  0008532b    00000007     Mult_CLLC_HAL.obj (.text:Mult_CLLC_HAL_setPins)
                  00085332    00000007     Mult_CLLC_HAL.obj (.text:Mult_CLLC_HAL_setupPWM)
                  00085339    00000007     driverlib_eabi.lib : sysctl.obj (.text:SysCtl_resetMCD)
                  00085340    00000006     board.obj (.text:TZ1_init)
                  00085346    00000006     board.obj (.text:TZ2_init)
                  0008534c    00000006     board.obj (.text:myINPUTXBARINPUT0_init)
                  00085352    00000005     Mult_CLLC_HAL.obj (.text:Mult_CLLC_HAL_setupFAN)
                  00085357    00000005     board.obj (.text:OUTPUTXBAR_init)
                  0008535c    00000003     device.obj (.text:__error__)
                  0008535f    00000002     rts2800_fpu32_eabi.lib : pre_init.c.obj (.text)
                  00085361    00000001     Mult_CLLC_HAL.obj (.text:Mult_CLLC_HAL_setupLED)
                  00085362    00000001     rts2800_fpu32_eabi.lib : startup.c.obj (.text)

MODULE SUMMARY

       Module                        code   ro data   rw data
       ------                        ----   -------   -------
    .\
       main.obj                      75     0         0      
    +--+-----------------------------+------+---------+---------+
       Total:                        75     0         0      
                                                             
    .\APP\
       Mult_CLLC.obj                 385    0         144    
    +--+-----------------------------+------+---------+---------+
       Total:                        385    0         144    
                                                             
    .\BoardHAL\
       Mult_CLLC_HAL.obj             717    0         0      
       State_machine.obj             56     0         14     
    +--+-----------------------------+------+---------+---------+
       Total:                        773    0         14     
                                                             
    .\device\
       device.obj                    349    0         0      
       f28004x_codestartbranch.obj   10     0         0      
    +--+-----------------------------+------+---------+---------+
       Total:                        359    0         0      
                                                             
    .\syscfg\
       board.obj                     3910   62        0      
    +--+-----------------------------+------+---------+---------+
       Total:                        3910   62        0      
                                                             
    C:\ti\C2000Ware_5_01_00_00\driverlib\f28004x\driverlib\ccs\Debug\driverlib_eabi.lib
       sysctl.obj                    1171   154       0      
       flash.obj                     618    155       0      
       gpio.obj                      458    152       0      
       pmbus.obj                     443    77        0      
       interrupt.obj                 419    81        0      
       cmpss.obj                     300    77        0      
       sci.obj                       217    151       0      
       xbar.obj                      147    0         0      
       ecap.obj                      69     76        0      
       cputimer.obj                  42     80        0      
       adc.obj                       40     0         0      
    +--+-----------------------------+------+---------+---------+
       Total:                        3924   1003      0      
                                                             
    C:\ti\ccstheia141\ccs\tools\compiler\ti-cgt-c2000_22.6.1A23259\lib\rts2800_fpu32_eabi.lib
       copy_decompress_lzss.c.obj    48     0         0      
       exit.c.obj                    41     0         6      
       autoinit.c.obj                43     0         0      
       memcpy.c.obj                  29     0         0      
       boot28.asm.obj                23     0         0      
       _lock.c.obj                   9      0         4      
       copy_zero_init.c.obj          13     0         0      
       args_main.c.obj               12     0         0      
       copy_decompress_none.c.obj    8      0         0      
       pre_init.c.obj                2      0         0      
       startup.c.obj                 1      0         0      
    +--+-----------------------------+------+---------+---------+
       Total:                        229    0         10     
                                                             
       Stack:                        0      0         1016   
       Linker Generated:             0      29        0      
    +--+-----------------------------+------+---------+---------+
       Grand Total:                  9655   1094      1184   


LINKER GENERATED COPY TABLES

__TI_cinit_table @ 00081142 records: 2, size/record: 4, table size: 8
	.data: load addr=0008112c, load size=0000000b bytes, run addr=0000a89c, run size=0000000c bytes, compression=lzss
	.bss: load addr=0008113e, load size=00000004 bytes, run addr=0000a800, run size=0000009c bytes, compression=zero_init


LINKER GENERATED HANDLER TABLE

__TI_handler_table @ 00081138 records: 3, size/record: 2, table size: 6
	index: 0, handler: __TI_zero_init
	index: 1, handler: __TI_decompress_lzss
	index: 2, handler: __TI_decompress_none


GLOBAL DATA SYMBOLS: SORTED BY DATA PAGE

address     data page           name
--------    ----------------    ----
00000400      10 (00000400)     __stack

0000a800     2a0 (0000a800)     MULT_CLLC_systemState
0000a802     2a0 (0000a800)     MULT_CLLC_powerFlowStateActive
0000a804     2a0 (0000a800)     MULT_CLLC_powerFlowState
0000a806     2a0 (0000a800)     MULT_CLLC_commandSentTo_AC_DC
0000a808     2a0 (0000a800)     MULT_CLLC_commandSentFrom_DC_DC
0000a80a     2a0 (0000a800)     MULT_CLLC_iPrimMAINSensed_Amps
0000a80c     2a0 (0000a800)     MULT_CLLC_iPrimMAINSensed_pu
0000a80e     2a0 (0000a800)     MULT_CLLC_iPrimMAINSensedOffset_pu
0000a810     2a0 (0000a800)     MULT_CLLC_iPrimMAINSensedCalIntercept_pu
0000a812     2a0 (0000a800)     MULT_CLLC_iPrimMAINSensedCalXvariable_pu
0000a814     2a0 (0000a800)     MULT_CLLC_iPrimSECONDARYSensed_Amps
0000a816     2a0 (0000a800)     MULT_CLLC_iPrimSECONDARYSensed_pu
0000a818     2a0 (0000a800)     MULT_CLLC_iPrimSECONDARYSensedOffset_pu
0000a81a     2a0 (0000a800)     MULT_CLLC_iPrimSECONDARYSensedCalIntercept_pu
0000a81c     2a0 (0000a800)     MULT_CLLC_iPrimSECONDARYSensedCalXvariable_pu
0000a81e     2a0 (0000a800)     MULT_CLLC_iPrimMAINTankSensedOffset_pu
0000a820     2a0 (0000a800)     MULT_CLLC_iPrimSECONDARYTankSensedOffset_pu
0000a822     2a0 (0000a800)     MULT_CLLC_vPrimSensed_Volts
0000a824     2a0 (0000a800)     MULT_CLLC_vPrimSensed_pu
0000a826     2a0 (0000a800)     MULT_CLLC_vPrimSensedOffset_pu
0000a828     2a0 (0000a800)     MULT_CLLC_vPrimRef_Volts
0000a82a     2a0 (0000a800)     MULT_CLLC_vPrimRef_pu
0000a82c     2a0 (0000a800)     MULT_CLLC_vPrimRefSlewed_pu
0000a82e     2a0 (0000a800)     MULT_CLLC_pwmDutyPrimRef_pu
0000a830     2a0 (0000a800)     MULT_CLLC_pwmDutyPrim_pu
0000a832     2a0 (0000a800)     MULT_CLLC_pwmDutyAPrim_ticks
0000a834     2a0 (0000a800)     MULT_CLLC_pwmDutyBPrim_ticks
0000a836     2a0 (0000a800)     MULT_CLLC_iSecMAINSensed_Amps
0000a838     2a0 (0000a800)     MULT_CLLC_iSecMAINSensed_pu
0000a83a     2a0 (0000a800)     MULT_CLLC_iSecMAINSensedOffset_pu
0000a83c     2a0 (0000a800)     MULT_CLLC_iSecMAINSensedCalIntercept_pu
0000a83e     2a0 (0000a800)     MULT_CLLC_iSecMAINSensedCalXvariable_pu

0000a840     2a1 (0000a840)     MULT_CLLC_iSecSECONDARYSensed_Amps
0000a842     2a1 (0000a840)     MULT_CLLC_iSecSECONDARYSensed_pu
0000a844     2a1 (0000a840)     MULT_CLLC_iSecSECONDARYSensedOffset_pu
0000a846     2a1 (0000a840)     MULT_CLLC_iSecSECONDARYSensedCalIntercept_pu
0000a848     2a1 (0000a840)     MULT_CLLC_iSecSECONDARYSensedCalXvariable_pu
0000a84a     2a1 (0000a840)     MULT_CLLC_iSecMAINTankSensedOffset_pu
0000a84c     2a1 (0000a840)     MULT_CLLC_iSecSECONDARYTankSensedOffset_pu
0000a84e     2a1 (0000a840)     MULT_CLLC_vSecSensed_Volts
0000a850     2a1 (0000a840)     MULT_CLLC_vSecSensed_pu
0000a852     2a1 (0000a840)     MULT_CLLC_vSecSensedOffset_pu
0000a854     2a1 (0000a840)     MULT_CLLC_vSecRef_Volts
0000a856     2a1 (0000a840)     MULT_CLLC_vSecRef_pu
0000a858     2a1 (0000a840)     MULT_CLLC_vSecRefSlewed_pu
0000a85a     2a1 (0000a840)     MULT_CLLC_pwmDutySecRef_pu
0000a85c     2a1 (0000a840)     MULT_CLLC_pwmDutySec_pu
0000a85e     2a1 (0000a840)     MULT_CLLC_pwmDutyASec_ticks
0000a860     2a1 (0000a840)     MULT_CLLC_pwmDutyBSec_ticks
0000a862     2a1 (0000a840)     MULT_CLLC_iPrimMAINSensedAvg_pu
0000a866     2a1 (0000a840)     MULT_CLLC_iPrimSECONDARYSensedAvg_pu
0000a86a     2a1 (0000a840)     MULT_CLLC_vPrimSensedAvg_pu
0000a86e     2a1 (0000a840)     MULT_CLLC_iSecMAINSensedAvg_pu
0000a872     2a1 (0000a840)     MULT_CLLC_iSecSECONDARYSensedAvg_pu
0000a876     2a1 (0000a840)     MULT_CLLC_vSecSensedAvg_pu

0000a880     2a2 (0000a880)     MULT_CLLC_tripFlag
0000a88e     2a2 (0000a880)     Alpha_State_Ptr
0000a890     2a2 (0000a880)     A_Task_Ptr
0000a892     2a2 (0000a880)     B_Task_Ptr
0000a894     2a2 (0000a880)     vTimer0
0000a898     2a2 (0000a880)     vTimer1
0000a89c     2a2 (0000a880)     __TI_enable_exit_profile_output
0000a89e     2a2 (0000a880)     __TI_cleanup_ptr
0000a8a0     2a2 (0000a880)     __TI_dtors_ptr
0000a8a2     2a2 (0000a880)     CLLC_PRIM_COMPA
0000a8a3     2a2 (0000a880)     CLLC_SEC_COMPA
0000a8a4     2a2 (0000a880)     _lock
0000a8a6     2a2 (0000a880)     _unlock


GLOBAL SYMBOLS: SORTED ALPHABETICALLY BY Name 

page  address   name                                         
----  -------   ----                                         
0     0008501a  A0                                           
0     00082ff8  A1                                           
0     00085316  ADC_init                                     
0     00083e10  ADC_setOffsetTrimAll                         
0     0008526e  ASYSCTL_init                                 
1     0000a890  A_Task_Ptr                                   
1     0000a88e  Alpha_State_Ptr                              
0     00085032  B0                                           
1     0000a892  B_Task_Ptr                                   
0     00083de7  C$$EXIT                                      
1     0000a8a2  CLLC_PRIM_COMPA                              
1     0000a8a3  CLLC_SEC_COMPA                               
0     00083fc7  CMPSS1OUT0_init                              
0     00083682  CMPSS_configFilterHigh                       
0     000836cb  CMPSS_configFilterLow                        
0     00083d91  CMPSS_configLatchOnPWMSYNC                   
0     0008375d  CMPSS_configRamp                             
0     000852da  CMPSS_init                                   
0     0008531d  CPUTIMER_init                                
0     000851d7  CPUTimer_setEmulationMode                    
0     00083361  DEBUG_init                                   
0     00082ba8  Device_enableAllPeripherals                  
0     000832ee  Device_init                                  
0     00085220  Device_initGPIO                              
0     000839e8  ECAP_init                                    
0     00083f52  ECAP_setEmulationMode                        
0     00083430  EPWMXBAR_init                                
0     00082000  EPWM_init                                    
0     00083fe1  FAN1_init                                    
0     00008000  Flash_initModule                             
0     00082c7f  GPIO_init                                    
0     00083a24  GPIO_setAnalogMode                           
0     00083a5e  GPIO_setControllerCore                       
0     00083c75  GPIO_setDirectionMode                        
0     00083ba6  GPIO_setInterruptPin                         
0     00083547  GPIO_setPadConfig                            
0     00083a95  GPIO_setPinConfig                            
0     00083acc  GPIO_setQualificationMode                    
0     00085324  INPUTXBAR_init                               
0     000850a9  INTERRUPT_init                               
0     0008527b  INT_M_EPWM3_TZ_ISR                           
0     00083bda  ISR1_PZCD                                    
0     00083c42  ISR1_SZCD                                    
0     00082ecf  ISR2_TIMER0                                  
0     00085131  Interrupt_defaultHandler                     
0     00083599  Interrupt_disable                            
0     00083b03  Interrupt_enable                             
0     000852c6  Interrupt_illegalOperationHandler            
0     000839ab  Interrupt_initModule                         
0     00083f70  Interrupt_initVectorTable                    
0     000852d0  Interrupt_nmiHandler                         
0     000826f2  MULT_CLLC_HAL_DEBUG_Transnit                 
1     0000a808  MULT_CLLC_commandSentFrom_DC_DC              
1     0000a806  MULT_CLLC_commandSentTo_AC_DC                
1     0000a862  MULT_CLLC_iPrimMAINSensedAvg_pu              
1     0000a810  MULT_CLLC_iPrimMAINSensedCalIntercept_pu     
1     0000a812  MULT_CLLC_iPrimMAINSensedCalXvariable_pu     
1     0000a80e  MULT_CLLC_iPrimMAINSensedOffset_pu           
1     0000a80a  MULT_CLLC_iPrimMAINSensed_Amps               
1     0000a80c  MULT_CLLC_iPrimMAINSensed_pu                 
1     0000a81e  MULT_CLLC_iPrimMAINTankSensedOffset_pu       
1     0000a866  MULT_CLLC_iPrimSECONDARYSensedAvg_pu         
1     0000a81a  MULT_CLLC_iPrimSECONDARYSensedCalIntercept_pu
1     0000a81c  MULT_CLLC_iPrimSECONDARYSensedCalXvariable_pu
1     0000a818  MULT_CLLC_iPrimSECONDARYSensedOffset_pu      
1     0000a814  MULT_CLLC_iPrimSECONDARYSensed_Amps          
1     0000a816  MULT_CLLC_iPrimSECONDARYSensed_pu            
1     0000a820  MULT_CLLC_iPrimSECONDARYTankSensedOffset_pu  
1     0000a86e  MULT_CLLC_iSecMAINSensedAvg_pu               
1     0000a83c  MULT_CLLC_iSecMAINSensedCalIntercept_pu      
1     0000a83e  MULT_CLLC_iSecMAINSensedCalXvariable_pu      
1     0000a83a  MULT_CLLC_iSecMAINSensedOffset_pu            
1     0000a836  MULT_CLLC_iSecMAINSensed_Amps                
1     0000a838  MULT_CLLC_iSecMAINSensed_pu                  
1     0000a84a  MULT_CLLC_iSecMAINTankSensedOffset_pu        
1     0000a872  MULT_CLLC_iSecSECONDARYSensedAvg_pu          
1     0000a846  MULT_CLLC_iSecSECONDARYSensedCalIntercept_pu 
1     0000a848  MULT_CLLC_iSecSECONDARYSensedCalXvariable_pu 
1     0000a844  MULT_CLLC_iSecSECONDARYSensedOffset_pu       
1     0000a840  MULT_CLLC_iSecSECONDARYSensed_Amps           
1     0000a842  MULT_CLLC_iSecSECONDARYSensed_pu             
1     0000a84c  MULT_CLLC_iSecSECONDARYTankSensedOffset_pu   
0     00083203  MULT_CLLC_initGlobalVariables                
1     0000a804  MULT_CLLC_powerFlowState                     
1     0000a802  MULT_CLLC_powerFlowStateActive               
1     0000a832  MULT_CLLC_pwmDutyAPrim_ticks                 
1     0000a85e  MULT_CLLC_pwmDutyASec_ticks                  
1     0000a834  MULT_CLLC_pwmDutyBPrim_ticks                 
1     0000a860  MULT_CLLC_pwmDutyBSec_ticks                  
1     0000a82e  MULT_CLLC_pwmDutyPrimRef_pu                  
1     0000a830  MULT_CLLC_pwmDutyPrim_pu                     
1     0000a85a  MULT_CLLC_pwmDutySecRef_pu                   
1     0000a85c  MULT_CLLC_pwmDutySec_pu                      
1     0000a800  MULT_CLLC_systemState                        
1     0000a880  MULT_CLLC_tripFlag                           
1     0000a82c  MULT_CLLC_vPrimRefSlewed_pu                  
1     0000a828  MULT_CLLC_vPrimRef_Volts                     
1     0000a82a  MULT_CLLC_vPrimRef_pu                        
1     0000a86a  MULT_CLLC_vPrimSensedAvg_pu                  
1     0000a826  MULT_CLLC_vPrimSensedOffset_pu               
1     0000a822  MULT_CLLC_vPrimSensed_Volts                  
1     0000a824  MULT_CLLC_vPrimSensed_pu                     
1     0000a858  MULT_CLLC_vSecRefSlewed_pu                   
1     0000a854  MULT_CLLC_vSecRef_Volts                      
1     0000a856  MULT_CLLC_vSecRef_pu                         
1     0000a876  MULT_CLLC_vSecSensedAvg_pu                   
1     0000a852  MULT_CLLC_vSecSensedOffset_pu                
1     0000a84e  MULT_CLLC_vSecSensed_Volts                   
1     0000a850  MULT_CLLC_vSecSensed_pu                      
0     000838b3  MUlt_CLLC_HAL_setupBoardProtection           
0     000835e7  M_ADC_A_init                                 
0     000834ef  M_ADC_B_init                                 
0     00083635  M_ADC_C_init                                 
0     00082f71  M_CMPSS1_init                                
0     00083000  M_CMPSS2_init                                
0     00083082  M_CMPSS3_init                                
0     00083103  M_CMPSS4_init                                
0     000852e3  Mult_CLLC_HAL_disablePWMClkCounting          
0     000852fe  Mult_CLLC_HAL_enablePWMClkCounting           
0     0008532b  Mult_CLLC_HAL_setPins                        
0     000852ec  Mult_CLLC_HAL_setupADC                       
0     00083ffb  Mult_CLLC_HAL_setupCPI                       
0     000838f1  Mult_CLLC_HAL_setupDevice                    
0     00085352  Mult_CLLC_HAL_setupFAN                       
0     00085361  Mult_CLLC_HAL_setupLED                       
0     00085332  Mult_CLLC_HAL_setupPWM                       
0     00085357  OUTPUTXBAR_init                              
0     00083872  PMBUS_init                                   
0     00082a8f  PMBus_configBusClock                         
0     000833ca  PMBus_configModuleClock                      
0     00083d64  PMBus_initControllerMode                     
0     0008525f  PRIM_ZCD1_XINT_init                          
0     00082910  PinMux_init                                  
0     00081129  RamfuncsLoadEnd                              
abs   00000129  RamfuncsLoadSize                             
0     00081000  RamfuncsLoadStart                            
0     00008129  RamfuncsRunEnd                               
abs   00000129  RamfuncsRunSize                              
0     00008000  RamfuncsRunStart                             
0     000837a5  SCI_clearInterruptStatus                     
0     00083361  SCI_init                                     
0     0008392f  SCI_setConfig                                
0     000850c0  STATUS1_init                                 
0     0008507a  STATUS2_init                                 
0     00083ca6  SYNC_init                                    
0     00008125  SysCtl_delay                                 
0     00083491  SysCtl_getClock                              
0     00085000  SysCtl_getLowSpeedClock                      
0     00082e12  SysCtl_isPLLValid                            
0     00083714  SysCtl_selectOscSource                       
0     00083b3a  SysCtl_selectXTAL                            
0     00083ef4  SysCtl_selectXTALSingleEnded                 
0     00082d52  SysCtl_setClock                              
0     00085340  TZ1_init                                     
0     00085346  TZ2_init                                     
0     00083b70  XBAR_clearInputFlag                          
0     00083d07  XBAR_setEPWMMuxConfig                        
0     00083d36  XBAR_setOutputMuxConfig                      
0     0008525f  XINT_init                                    
0     00081142  __TI_CINIT_Base                              
0     0008114a  __TI_CINIT_Limit                             
0     0008114a  __TI_CINIT_Warm                              
0     00081138  __TI_Handler_Table_Base                      
0     0008113e  __TI_Handler_Table_Limit                     
1     000007f8  __TI_STACK_END                               
abs   000003f8  __TI_STACK_SIZE                              
0     00083dbc  __TI_auto_init_nobinit_nopinit               
1     0000a89e  __TI_cleanup_ptr                             
0     00083cd7  __TI_decompress_lzss                         
0     00085306  __TI_decompress_none                         
1     0000a8a0  __TI_dtors_ptr                               
1     0000a89c  __TI_enable_exit_profile_output              
abs   ffffffff  __TI_pprof_out_hndl                          
abs   ffffffff  __TI_prof_data_size                          
abs   ffffffff  __TI_prof_data_start                         
0     000852a2  __TI_zero_init_nomemset                      
n/a   UNDEFED   __c_args__                                   
0     0008535c  __error__                                    
1     00000400  __stack                                      
0     000852af  _args_main                                   
0     000850ee  _c_int00                                     
1     0000a8a4  _lock                                        
0     000852fd  _nop                                         
0     000852f9  _register_lock                               
0     000852f5  _register_unlock                             
0     00085362  _system_post_cinit                           
0     0008535f  _system_pre_init                             
1     0000a8a6  _unlock                                      
0     00083de7  abort                                        
0     00080000  code_start                                   
0     00083de9  exit                                         
0     0008396d  main                                         
0     00083f8e  memcpy                                       
0     00083e86  myCPUTIMER0_init                             
0     00083ed0  myCPUTIMER1_init                             
0     00083c0e  myCPUTIMER2_init                             
0     000839e8  myECAP0_init                                 
0     0008534c  myINPUTXBARINPUT0_init                       
0     00083872  myPMBUS0_init                                
1     0000a894  vTimer0                                      
1     0000a898  vTimer1                                      


GLOBAL SYMBOLS: SORTED BY Symbol Address 

page  address   name                                         
----  -------   ----                                         
0     00008000  Flash_initModule                             
0     00008000  RamfuncsRunStart                             
0     00008125  SysCtl_delay                                 
0     00008129  RamfuncsRunEnd                               
0     00080000  code_start                                   
0     00081000  RamfuncsLoadStart                            
0     00081129  RamfuncsLoadEnd                              
0     00081138  __TI_Handler_Table_Base                      
0     0008113e  __TI_Handler_Table_Limit                     
0     00081142  __TI_CINIT_Base                              
0     0008114a  __TI_CINIT_Limit                             
0     0008114a  __TI_CINIT_Warm                              
0     00082000  EPWM_init                                    
0     000826f2  MULT_CLLC_HAL_DEBUG_Transnit                 
0     00082910  PinMux_init                                  
0     00082a8f  PMBus_configBusClock                         
0     00082ba8  Device_enableAllPeripherals                  
0     00082c7f  GPIO_init                                    
0     00082d52  SysCtl_setClock                              
0     00082e12  SysCtl_isPLLValid                            
0     00082ecf  ISR2_TIMER0                                  
0     00082f71  M_CMPSS1_init                                
0     00082ff8  A1                                           
0     00083000  M_CMPSS2_init                                
0     00083082  M_CMPSS3_init                                
0     00083103  M_CMPSS4_init                                
0     00083203  MULT_CLLC_initGlobalVariables                
0     000832ee  Device_init                                  
0     00083361  DEBUG_init                                   
0     00083361  SCI_init                                     
0     000833ca  PMBus_configModuleClock                      
0     00083430  EPWMXBAR_init                                
0     00083491  SysCtl_getClock                              
0     000834ef  M_ADC_B_init                                 
0     00083547  GPIO_setPadConfig                            
0     00083599  Interrupt_disable                            
0     000835e7  M_ADC_A_init                                 
0     00083635  M_ADC_C_init                                 
0     00083682  CMPSS_configFilterHigh                       
0     000836cb  CMPSS_configFilterLow                        
0     00083714  SysCtl_selectOscSource                       
0     0008375d  CMPSS_configRamp                             
0     000837a5  SCI_clearInterruptStatus                     
0     00083872  PMBUS_init                                   
0     00083872  myPMBUS0_init                                
0     000838b3  MUlt_CLLC_HAL_setupBoardProtection           
0     000838f1  Mult_CLLC_HAL_setupDevice                    
0     0008392f  SCI_setConfig                                
0     0008396d  main                                         
0     000839ab  Interrupt_initModule                         
0     000839e8  ECAP_init                                    
0     000839e8  myECAP0_init                                 
0     00083a24  GPIO_setAnalogMode                           
0     00083a5e  GPIO_setControllerCore                       
0     00083a95  GPIO_setPinConfig                            
0     00083acc  GPIO_setQualificationMode                    
0     00083b03  Interrupt_enable                             
0     00083b3a  SysCtl_selectXTAL                            
0     00083b70  XBAR_clearInputFlag                          
0     00083ba6  GPIO_setInterruptPin                         
0     00083bda  ISR1_PZCD                                    
0     00083c0e  myCPUTIMER2_init                             
0     00083c42  ISR1_SZCD                                    
0     00083c75  GPIO_setDirectionMode                        
0     00083ca6  SYNC_init                                    
0     00083cd7  __TI_decompress_lzss                         
0     00083d07  XBAR_setEPWMMuxConfig                        
0     00083d36  XBAR_setOutputMuxConfig                      
0     00083d64  PMBus_initControllerMode                     
0     00083d91  CMPSS_configLatchOnPWMSYNC                   
0     00083dbc  __TI_auto_init_nobinit_nopinit               
0     00083de7  C$$EXIT                                      
0     00083de7  abort                                        
0     00083de9  exit                                         
0     00083e10  ADC_setOffsetTrimAll                         
0     00083e86  myCPUTIMER0_init                             
0     00083ed0  myCPUTIMER1_init                             
0     00083ef4  SysCtl_selectXTALSingleEnded                 
0     00083f52  ECAP_setEmulationMode                        
0     00083f70  Interrupt_initVectorTable                    
0     00083f8e  memcpy                                       
0     00083fc7  CMPSS1OUT0_init                              
0     00083fe1  FAN1_init                                    
0     00083ffb  Mult_CLLC_HAL_setupCPI                       
0     00085000  SysCtl_getLowSpeedClock                      
0     0008501a  A0                                           
0     00085032  B0                                           
0     0008507a  STATUS2_init                                 
0     000850a9  INTERRUPT_init                               
0     000850c0  STATUS1_init                                 
0     000850ee  _c_int00                                     
0     00085131  Interrupt_defaultHandler                     
0     000851d7  CPUTimer_setEmulationMode                    
0     00085220  Device_initGPIO                              
0     0008525f  PRIM_ZCD1_XINT_init                          
0     0008525f  XINT_init                                    
0     0008526e  ASYSCTL_init                                 
0     0008527b  INT_M_EPWM3_TZ_ISR                           
0     000852a2  __TI_zero_init_nomemset                      
0     000852af  _args_main                                   
0     000852c6  Interrupt_illegalOperationHandler            
0     000852d0  Interrupt_nmiHandler                         
0     000852da  CMPSS_init                                   
0     000852e3  Mult_CLLC_HAL_disablePWMClkCounting          
0     000852ec  Mult_CLLC_HAL_setupADC                       
0     000852f5  _register_unlock                             
0     000852f9  _register_lock                               
0     000852fd  _nop                                         
0     000852fe  Mult_CLLC_HAL_enablePWMClkCounting           
0     00085306  __TI_decompress_none                         
0     00085316  ADC_init                                     
0     0008531d  CPUTIMER_init                                
0     00085324  INPUTXBAR_init                               
0     0008532b  Mult_CLLC_HAL_setPins                        
0     00085332  Mult_CLLC_HAL_setupPWM                       
0     00085340  TZ1_init                                     
0     00085346  TZ2_init                                     
0     0008534c  myINPUTXBARINPUT0_init                       
0     00085352  Mult_CLLC_HAL_setupFAN                       
0     00085357  OUTPUTXBAR_init                              
0     0008535c  __error__                                    
0     0008535f  _system_pre_init                             
0     00085361  Mult_CLLC_HAL_setupLED                       
0     00085362  _system_post_cinit                           
1     00000400  __stack                                      
1     000007f8  __TI_STACK_END                               
1     0000a800  MULT_CLLC_systemState                        
1     0000a802  MULT_CLLC_powerFlowStateActive               
1     0000a804  MULT_CLLC_powerFlowState                     
1     0000a806  MULT_CLLC_commandSentTo_AC_DC                
1     0000a808  MULT_CLLC_commandSentFrom_DC_DC              
1     0000a80a  MULT_CLLC_iPrimMAINSensed_Amps               
1     0000a80c  MULT_CLLC_iPrimMAINSensed_pu                 
1     0000a80e  MULT_CLLC_iPrimMAINSensedOffset_pu           
1     0000a810  MULT_CLLC_iPrimMAINSensedCalIntercept_pu     
1     0000a812  MULT_CLLC_iPrimMAINSensedCalXvariable_pu     
1     0000a814  MULT_CLLC_iPrimSECONDARYSensed_Amps          
1     0000a816  MULT_CLLC_iPrimSECONDARYSensed_pu            
1     0000a818  MULT_CLLC_iPrimSECONDARYSensedOffset_pu      
1     0000a81a  MULT_CLLC_iPrimSECONDARYSensedCalIntercept_pu
1     0000a81c  MULT_CLLC_iPrimSECONDARYSensedCalXvariable_pu
1     0000a81e  MULT_CLLC_iPrimMAINTankSensedOffset_pu       
1     0000a820  MULT_CLLC_iPrimSECONDARYTankSensedOffset_pu  
1     0000a822  MULT_CLLC_vPrimSensed_Volts                  
1     0000a824  MULT_CLLC_vPrimSensed_pu                     
1     0000a826  MULT_CLLC_vPrimSensedOffset_pu               
1     0000a828  MULT_CLLC_vPrimRef_Volts                     
1     0000a82a  MULT_CLLC_vPrimRef_pu                        
1     0000a82c  MULT_CLLC_vPrimRefSlewed_pu                  
1     0000a82e  MULT_CLLC_pwmDutyPrimRef_pu                  
1     0000a830  MULT_CLLC_pwmDutyPrim_pu                     
1     0000a832  MULT_CLLC_pwmDutyAPrim_ticks                 
1     0000a834  MULT_CLLC_pwmDutyBPrim_ticks                 
1     0000a836  MULT_CLLC_iSecMAINSensed_Amps                
1     0000a838  MULT_CLLC_iSecMAINSensed_pu                  
1     0000a83a  MULT_CLLC_iSecMAINSensedOffset_pu            
1     0000a83c  MULT_CLLC_iSecMAINSensedCalIntercept_pu      
1     0000a83e  MULT_CLLC_iSecMAINSensedCalXvariable_pu      
1     0000a840  MULT_CLLC_iSecSECONDARYSensed_Amps           
1     0000a842  MULT_CLLC_iSecSECONDARYSensed_pu             
1     0000a844  MULT_CLLC_iSecSECONDARYSensedOffset_pu       
1     0000a846  MULT_CLLC_iSecSECONDARYSensedCalIntercept_pu 
1     0000a848  MULT_CLLC_iSecSECONDARYSensedCalXvariable_pu 
1     0000a84a  MULT_CLLC_iSecMAINTankSensedOffset_pu        
1     0000a84c  MULT_CLLC_iSecSECONDARYTankSensedOffset_pu   
1     0000a84e  MULT_CLLC_vSecSensed_Volts                   
1     0000a850  MULT_CLLC_vSecSensed_pu                      
1     0000a852  MULT_CLLC_vSecSensedOffset_pu                
1     0000a854  MULT_CLLC_vSecRef_Volts                      
1     0000a856  MULT_CLLC_vSecRef_pu                         
1     0000a858  MULT_CLLC_vSecRefSlewed_pu                   
1     0000a85a  MULT_CLLC_pwmDutySecRef_pu                   
1     0000a85c  MULT_CLLC_pwmDutySec_pu                      
1     0000a85e  MULT_CLLC_pwmDutyASec_ticks                  
1     0000a860  MULT_CLLC_pwmDutyBSec_ticks                  
1     0000a862  MULT_CLLC_iPrimMAINSensedAvg_pu              
1     0000a866  MULT_CLLC_iPrimSECONDARYSensedAvg_pu         
1     0000a86a  MULT_CLLC_vPrimSensedAvg_pu                  
1     0000a86e  MULT_CLLC_iSecMAINSensedAvg_pu               
1     0000a872  MULT_CLLC_iSecSECONDARYSensedAvg_pu          
1     0000a876  MULT_CLLC_vSecSensedAvg_pu                   
1     0000a880  MULT_CLLC_tripFlag                           
1     0000a88e  Alpha_State_Ptr                              
1     0000a890  A_Task_Ptr                                   
1     0000a892  B_Task_Ptr                                   
1     0000a894  vTimer0                                      
1     0000a898  vTimer1                                      
1     0000a89c  __TI_enable_exit_profile_output              
1     0000a89e  __TI_cleanup_ptr                             
1     0000a8a0  __TI_dtors_ptr                               
1     0000a8a2  CLLC_PRIM_COMPA                              
1     0000a8a3  CLLC_SEC_COMPA                               
1     0000a8a4  _lock                                        
1     0000a8a6  _unlock                                      
abs   00000129  RamfuncsLoadSize                             
abs   00000129  RamfuncsRunSize                              
abs   000003f8  __TI_STACK_SIZE                              
abs   ffffffff  __TI_pprof_out_hndl                          
abs   ffffffff  __TI_prof_data_size                          
abs   ffffffff  __TI_prof_data_start                         
n/a   UNDEFED   __c_args__                                   

[201 symbols]
