******************************************************************************
             TMS320C2000 Linker PC v22.6.1                     
******************************************************************************
>> Linked Tue Oct  1 21:41:56 2024

OUTPUT FILE NAME:   <Multiphase-Interleaved-CLLC.out>
ENTRY POINT SYMBOL: "code_start"  address: 00080000


MEMORY CONFIGURATION

         name            origin    length      used     unused   attr    fill
----------------------  --------  ---------  --------  --------  ----  --------
PAGE 0:
  RAMM0                 000000f6   0000030a  00000000  0000030a  RWIX
  RAMLS0                00008000   00000800  00000129  000006d7  RWIX
  RAMLS1                00008800   00000800  00000000  00000800  RWIX
  RAMLS2                00009000   00000800  00000000  00000800  RWIX
  RAMLS3                00009800   00000800  00000000  00000800  RWIX
  RAMLS4                0000a000   00000800  00000000  00000800  RWIX
  BEGIN                 00080000   00000002  00000002  00000000  RWIX
  FLASH_BANK0_SEC0      00080002   00000ffe  00000000  00000ffe  RWIX
  FLASH_BANK0_SEC1      00081000   00001000  00000149  00000eb7  RWIX
  FLASH_BANK0_SEC2      00082000   00001000  00001000  00000000  RWIX
  FLASH_BANK0_SEC3      00083000   00001000  00001000  00000000  RWIX
  FLASH_BANK0_SEC4      00084000   00001000  000004b8  00000b48  RWIX
  FLASH_BANK0_SEC5      00085000   00001000  00000823  000007dd  RWIX
  FLASH_BANK0_SEC6      00086000   00001000  00000000  00001000  RWIX
  FLASH_BANK0_SEC7      00087000   00001000  00000000  00001000  RWIX
  FLASH_BANK0_SEC8      00088000   00001000  00000000  00001000  RWIX
  FLASH_BANK0_SEC9      00089000   00001000  00000000  00001000  RWIX
  FLASH_BANK0_SEC10     0008a000   00001000  00000000  00001000  RWIX
  FLASH_BANK0_SEC11     0008b000   00001000  00000000  00001000  RWIX
  FLASH_BANK0_SEC12     0008c000   00001000  00000000  00001000  RWIX
  FLASH_BANK0_SEC13     0008d000   00001000  00000000  00001000  RWIX
  FLASH_BANK0_SEC14     0008e000   00001000  00000000  00001000  RWIX
  FLASH_BANK0_SEC15     0008f000   00001000  00000000  00001000  RWIX
  FLASH_BANK1_SEC0      00090000   00001000  00000000  00001000  RWIX
  FLASH_BANK1_SEC1      00091000   00001000  00000000  00001000  RWIX
  FLASH_BANK1_SEC2      00092000   00001000  00000000  00001000  RWIX
  FLASH_BANK1_SEC3      00093000   00001000  00000000  00001000  RWIX
  FLASH_BANK1_SEC4      00094000   00001000  00000000  00001000  RWIX
  FLASH_BANK1_SEC5      00095000   00001000  00000000  00001000  RWIX
  FLASH_BANK1_SEC6      00096000   00001000  00000000  00001000  RWIX
  FLASH_BANK1_SEC7      00097000   00001000  00000000  00001000  RWIX
  FLASH_BANK1_SEC8      00098000   00001000  00000000  00001000  RWIX
  FLASH_BANK1_SEC9      00099000   00001000  00000000  00001000  RWIX
  FLASH_BANK1_SEC10     0009a000   00001000  00000000  00001000  RWIX
  FLASH_BANK1_SEC11     0009b000   00001000  00000000  00001000  RWIX
  FLASH_BANK1_SEC12     0009c000   00001000  00000000  00001000  RWIX
  FLASH_BANK1_SEC13     0009d000   00001000  00000000  00001000  RWIX
  FLASH_BANK1_SEC14     0009e000   00001000  00000000  00001000  RWIX
  FLASH_BANK1_SEC15     0009f000   00000ff0  00000000  00000ff0  RWIX
  RESET                 003fffc0   00000002  00000000  00000002  RWIX

PAGE 1:
  BOOT_RSVD             00000002   000000f1  00000000  000000f1  RWIX
  RAMM1                 00000400   000003f8  000003f8  00000000  RWIX
  RAMLS5                0000a800   00000800  000000d6  0000072a  RWIX
  RAMLS6                0000b000   00000800  00000000  00000800  RWIX
  RAMLS7                0000b800   00000800  00000000  00000800  RWIX
  RAMGS0                0000c000   00002000  00000000  00002000  RWIX
  RAMGS1                0000e000   00002000  00000000  00002000  RWIX
  RAMGS2                00010000   00002000  00000000  00002000  RWIX
  RAMGS3                00012000   00001ff8  00000000  00001ff8  RWIX


SECTION ALLOCATION MAP

 output                                  attributes/
section   page    origin      length       input sections
--------  ----  ----------  ----------   ----------------
codestart 
*          0    00080000    00000002     
                  00080000    00000002     f28004x_codestartbranch.obj (codestart)

.cinit     0    0008112c    00000020     
                  0008112c    0000000d     (.cinit..data.load) [load image, compression = lzss]
                  00081139    00000001     --HOLE-- [fill = 0]
                  0008113a    00000006     (__TI_handler_table)
                  00081140    00000004     (.cinit..bss.load) [load image, compression = zero_init]
                  00081144    00000008     (__TI_cinit_table)

.reset     0    003fffc0    00000000     DSECT

.stack     1    00000400    000003f8     UNINITIALIZED
                  00000400    000003f8     --HOLE--

.init_array 
*          0    00081000    00000000     UNINITIALIZED

.bss       1    0000a800    000000c4     UNINITIALIZED
                  0000a800    000000ba     CLLC.obj (.bss)
                  0000a8ba    00000006     State_machine.obj (.bss)
                  0000a8c0    00000004     State_machine.obj (.bss:vTimer)

.data      1    0000a8c4    00000012     UNINITIALIZED
                  0000a8c4    00000006     rts2800_fpu32_eabi.lib : exit.c.obj (.data)
                  0000a8ca    00000004     CLLC.obj (.data)
                  0000a8ce    00000003     State_machine.obj (.data:lastStute$1)
                  0000a8d1    00000001     --HOLE--
                  0000a8d2    00000002     rts2800_fpu32_eabi.lib : _lock.c.obj (.data:_lock)
                  0000a8d4    00000002                            : _lock.c.obj (.data:_unlock)

.const     0    00084000    000004b8     
                  00084000    0000009b     driverlib_eabi.lib : flash.obj (.const:.string)
                  0008409b    00000001     --HOLE-- [fill = 0]
                  0008409c    0000009a                        : sysctl.obj (.const:.string)
                  00084136    00000098                        : gpio.obj (.const:.string)
                  000841ce    00000097                        : sci.obj (.const:.string)
                  00084265    00000001     --HOLE-- [fill = 0]
                  00084266    00000051                        : interrupt.obj (.const:.string)
                  000842b7    00000001     --HOLE-- [fill = 0]
                  000842b8    00000050                        : cputimer.obj (.const:.string)
                  00084308    0000004d                        : cmpss.obj (.const:.string)
                  00084355    00000001     --HOLE-- [fill = 0]
                  00084356    0000004d                        : pmbus.obj (.const:.string)
                  000843a3    00000001     --HOLE-- [fill = 0]
                  000843a4    0000004c                        : ecap.obj (.const:.string)
                  000843f0    0000004b                        : adc.obj (.const:.string)
                  0008443b    00000001     --HOLE-- [fill = 0]
                  0008443c    0000003c     CLLC.obj (.const:$P$T8$1)
                  00084478    00000030     CLLC_HAL.obj (.const:$P$T8$1)
                  000844a8    00000010     CLLC_HAL.obj (.const:$P$T9$2)

.TI.ramfunc 
*          0    00081000    00000129     RUN ADDR = 00008000
                  00081000    00000044     driverlib_eabi.lib : flash.obj (.TI.ramfunc:Flash_initModule)
                  00081044    0000002c                        : flash.obj (.TI.ramfunc:Flash_setBankPowerMode)
                  00081070    00000024                        : flash.obj (.TI.ramfunc:Flash_setWaitstates)
                  00081094    0000001d                        : flash.obj (.TI.ramfunc:Flash_setPumpPowerMode)
                  000810b1    00000018                        : flash.obj (.TI.ramfunc:Flash_disableCache)
                  000810c9    00000018                        : flash.obj (.TI.ramfunc:Flash_disablePrefetch)
                  000810e1    00000017                        : flash.obj (.TI.ramfunc:Flash_enableCache)
                  000810f8    00000017                        : flash.obj (.TI.ramfunc:Flash_enablePrefetch)
                  0008110f    00000016                        : flash.obj (.TI.ramfunc:Flash_enableECC)
                  00081125    00000004                        : sysctl.obj (.TI.ramfunc)

.text.1    0    00082000    00001000     
                  00082000    00000770     board.obj (.text:EPWM_init)
                  00082770    0000017f     board.obj (.text:PinMux_init)
                  000828ef    00000125     CLLC.obj (.text:CLLL_checkPowerFlow)
                  00082a14    0000011d     CLLC.obj (.text:ISR2_TIMER0)
                  00082b31    00000119     driverlib_eabi.lib : pmbus.obj (.text:PMBus_configBusClock)
                  00082c4a    00000102     CLLC.obj (.text:CLLC_softStart)
                  00082d4c    000000d7     device.obj (.text:Device_enableAllPeripherals)
                  00082e23    000000c8     driverlib_eabi.lib : sysctl.obj (.text:SysCtl_setClock)
                  00082eeb    000000bd                        : sysctl.obj (.text:SysCtl_isPLLValid)
                  00082fa8    00000058     device.obj (.text:Device_init)

.text.2    0    00083000    00001000     
                  00083000    000000aa     CLLC_HAL.obj (.text:CLLC_HAL_ClaADCOffset)
                  000830aa    000000a9     CLLC.obj (.text:CLLC_initGlobalVariables)
                  00083153    00000087     board.obj (.text:M_CMPSS1_init)
                  000831da    00000085     CLLC_HAL.obj (.text:CLLC_runEMAVG)
                  0008325f    00000083     board.obj (.text:EPWM1A_ECAP_init)
                  000832e2    00000082     board.obj (.text:EPWM3A_ECAP_init)
                  00083364    00000082     board.obj (.text:M_CMPSS2_init)
                  000833e6    00000081     board.obj (.text:M_CMPSS3_init)
                  00083467    00000081     board.obj (.text:M_CMPSS4_init)
                  000834e8    0000007f     driverlib_eabi.lib : interrupt.obj (.text:Interrupt_clearIFR)
                  00083567    00000073                        : sysctl.obj (.text:DCC_setCounterSeeds)
                  000835da    00000072     board.obj (.text:M_ADC_B_init)
                  0008364c    00000069     board.obj (.text:DEBUG_init)
                  000836b5    00000066     driverlib_eabi.lib : pmbus.obj (.text:PMBus_configModuleClock)
                  0008371b    00000062     board.obj (.text:M_ADC_A_init)
                  0008377d    00000061     board.obj (.text:M_ADC_C_init)
                  000837de    00000060     CLLC_HAL.obj (.text:CLLC_HAL_setupBoardProtection)
                  0008383e    00000052     driverlib_eabi.lib : gpio.obj (.text:GPIO_setPadConfig)
                  00083890    0000004e     State_machine.obj (.text:A2)
                  000838de    0000004e     driverlib_eabi.lib : interrupt.obj (.text:Interrupt_disable)
                  0008392c    0000004d                        : sysctl.obj (.text:SysCtl_selectOscSource)
                  00083979    0000004c                        : adc.obj (.text:ADC_setVREF)
                  000839c5    00000049                        : cmpss.obj (.text:CMPSS_configFilterHigh)
                  00083a0e    00000049                        : cmpss.obj (.text:CMPSS_configFilterLow)
                  00083a57    00000048                        : cmpss.obj (.text:CMPSS_configRamp)
                  00083a9f    00000047     board.obj (.text:myPMBUS0_init)
                  00083ae6    00000045     driverlib_eabi.lib : sci.obj (.text:SCI_clearInterruptStatus)
                  00083b2b    00000045                        : sysctl.obj (.text:SysCtl_pollX1Counter)
                  00083b70    00000040                        : sysctl.obj (.text:SysCtl_selectXTAL)
                  00083bb0    0000003e     CLLC_HAL.obj (.text:CLLC_HAL_setupDevice)
                  00083bee    0000003e     driverlib_eabi.lib : sci.obj (.text:SCI_setConfig)
                  00083c2c    0000003e     main.obj (.text:main)
                  00083c6a    0000003d     driverlib_eabi.lib : interrupt.obj (.text:Interrupt_initModule)
                  00083ca7    0000003c     board.obj (.text:FAN_PWM_init)
                  00083ce3    0000003a     driverlib_eabi.lib : gpio.obj (.text:GPIO_setAnalogMode)
                  00083d1d    00000037                        : gpio.obj (.text:GPIO_setControllerCore)
                  00083d54    00000037                        : gpio.obj (.text:GPIO_setPinConfig)
                  00083d8b    00000037                        : gpio.obj (.text:GPIO_setQualificationMode)
                  00083dc2    00000037                        : interrupt.obj (.text:Interrupt_enable)
                  00083df9    00000034                        : gpio.obj (.text:GPIO_setInterruptPin)
                  00083e2d    00000034     CLLC.obj (.text:ISR1_PZCD)
                  00083e61    00000033     CLLC.obj (.text:ISR1_SZCD)
                  00083e94    00000033     board.obj (.text:myCPUTIMER2_init)
                  00083ec7    00000031     driverlib_eabi.lib : gpio.obj (.text:GPIO_setDirectionMode)
                  00083ef8    00000031     board.obj (.text:SYNC_init)
                  00083f29    00000030     CLLC_HAL.obj (.text:CLLC_HAL_HysteresisLoop)
                  00083f59    00000030     rts2800_fpu32_eabi.lib : copy_decompress_lzss.c.obj (.text:decompress:lzss)
                  00083f89    0000002f     driverlib_eabi.lib : xbar.obj (.text:XBAR_setEPWMMuxConfig)
                  00083fb8    0000002e                        : xbar.obj (.text:XBAR_setOutputMuxConfig)
                  00083fe6    0000001a     board.obj (.text:CMPSS1OUT0_init)

.text.3    0    00085000    00000823     
                  00085000    0000002d     driverlib_eabi.lib : pmbus.obj (.text:PMBus_initControllerMode)
                  0008502d    0000002b                        : cmpss.obj (.text:CMPSS_configLatchOnPWMSYNC)
                  00085058    0000002b     rts2800_fpu32_eabi.lib : autoinit.c.obj (.text:__TI_auto_init_nobinit_nopinit)
                  00085083    00000029                            : exit.c.obj (.text)
                  000850ac    00000028     driverlib_eabi.lib : adc.obj (.text:ADC_setOffsetTrimAll)
                  000850d4    00000027                        : cmpss.obj (.text:CMPSS_isBaseValid)
                  000850fb    00000027                        : ecap.obj (.text:ECAP_isBaseValid)
                  00085122    00000026     board.obj (.text:myCPUTIMER0_init)
                  00085148    00000025     State_machine.obj (.text:A1)
                  0008516d    00000025     driverlib_eabi.lib : sysctl.obj (.text:SysCtl_selectXTALSingleEnded)
                  00085192    00000024                        : sysctl.obj (.text:DCC_enableSingleShotMode)
                  000851b6    00000024     board.obj (.text:myCPUTIMER1_init)
                  000851da    00000020     driverlib_eabi.lib : gpio.obj (.text:XBAR_setInputPin)
                  000851fa    0000001f     CLLC.obj (.text:CLLC_HAL_ManuallyTriggeredAllADC)
                  00085219    0000001e     driverlib_eabi.lib : sysctl.obj (.text:DCC_setCounter1ClkSource)
                  00085237    0000001e                        : ecap.obj (.text:ECAP_setEmulationMode)
                  00085255    0000001e                        : interrupt.obj (.text:Interrupt_initVectorTable)
                  00085273    0000001d     board.obj (.text:GPIO_init)
                  00085290    0000001d     rts2800_fpu32_eabi.lib : memcpy.c.obj (.text)
                  000852ad    0000001c     State_machine.obj (.text:B0)
                  000852c9    0000001c     driverlib_eabi.lib : sysctl.obj (.text:DCC_setCounter0ClkSource)
                  000852e5    0000001a     board.obj (.text:FAN1_init)
                  000852ff    00000019     board.obj (.text:EPWM_setActionQualifierAction)
                  00085318    00000019     rts2800_fpu32_fast_supplement_eabi.lib : div_f32.obj (.text)
                  00085331    00000018     driverlib_eabi.lib : sci.obj (.text:SCI_disableModule)
                  00085349    00000018                        : sci.obj (.text:SCI_performSoftwareReset)
                  00085361    00000018     board.obj (.text:STATUS2_init)
                  00085379    00000017     driverlib_eabi.lib : adc.obj (.text:ADC_isBaseValid)
                  00085390    00000017                        : cputimer.obj (.text:CPUTimer_isBaseValid)
                  000853a7    00000017     board.obj (.text:INTERRUPT_init)
                  000853be    00000017     board.obj (.text:STATUS1_init)
                  000853d5    00000017     driverlib_eabi.lib : sysctl.obj (.text:SysCtl_enablePeripheral)
                  000853ec    00000017     rts2800_fpu32_eabi.lib : boot28.asm.obj (.text)
                  00085403    00000016     driverlib_eabi.lib : sysctl.obj (.text:DCC_disableDoneSignal)
                  00085419    00000016                        : sysctl.obj (.text:DCC_enableDoneSignal)
                  0008542f    00000016                        : interrupt.obj (.text:Interrupt_defaultHandler)
                  00085445    00000015     State_machine.obj (.text:A0)
                  0008545a    00000015     driverlib_eabi.lib : sysctl.obj (.text:DCC_clearDoneFlag)
                  0008546f    00000015                        : sysctl.obj (.text:DCC_clearErrorFlag)
                  00085484    00000015                        : sysctl.obj (.text:DCC_disableErrorSignal)
                  00085499    00000015                        : sysctl.obj (.text:DCC_enableErrorSignal)
                  000854ae    00000014     board.obj (.text:ACTIVE1_init)
                  000854c2    00000014     board.obj (.text:ACTIVE2_init)
                  000854d6    00000014     driverlib_eabi.lib : sysctl.obj (.text:DCC_disableModule)
                  000854ea    00000014                        : sysctl.obj (.text:DCC_enableModule)
                  000854fe    00000014     board.obj (.text:DEBUG1_init)
                  00085512    00000014     board.obj (.text:DEBUG2_init)
                  00085526    00000014     board.obj (.text:FAN2_init)
                  0008553a    00000014     board.obj (.text:FAULT_INPUT1_init)
                  0008554e    00000014     board.obj (.text:FAULT_INPUT2_init)
                  00085562    00000014     board.obj (.text:FAULT_OUTPUT_init)
                  00085576    00000014     driverlib_eabi.lib : gpio.obj (.text:GPIO_isPinValid)
                  0008558a    00000014     board.obj (.text:PRIM_ZCD1_init)
                  0008559e    00000014     board.obj (.text:PRIM_ZCD2_init)
                  000855b2    00000014     board.obj (.text:SEC_ZCD1_init)
                  000855c6    00000014     board.obj (.text:SEC_ZCD2_init)
                  000855da    00000013     CLLC_HAL.obj (.text:CLLC_HAL_setupLED)
                  000855ed    00000013     driverlib_eabi.lib : cputimer.obj (.text:CPUTimer_setEmulationMode)
                  00085600    00000013                        : sci.obj (.text:SCI_enableModule)
                  00085613    00000013                        : sci.obj (.text:SCI_isBaseValid)
                  00085626    00000011     board.obj (.text:EPWMXBAR_init)
                  00085637    00000010     driverlib_eabi.lib : sysctl.obj (.text:DCC_isBaseValid)
                  00085647    00000010     device.obj (.text:Device_initGPIO)
                  00085657    00000010     driverlib_eabi.lib : flash.obj (.text:Flash_isCtrlBaseValid)
                  00085667    00000010                        : flash.obj (.text:Flash_isECCBaseValid)
                  00085677    0000000f     CLLC_HAL.obj (.text:CLLC_HAL_setupADC)
                  00085686    0000000f     driverlib_eabi.lib : pmbus.obj (.text:PMBus_isBaseValid)
                  00085695    0000000f     board.obj (.text:PRIM_ZCD1_XINT_init)
                  000856a4    0000000e     board.obj (.text:CMPSS7OUT_init)
                  000856b2    0000000d     board.obj (.text:ASYSCTL_init)
                  000856bf    0000000d     board.obj (.text:CLB1H_init)
                  000856cc    0000000d     board.obj (.text:CLB1L_init)
                  000856d9    0000000d     board.obj (.text:CLB2H_init)
                  000856e6    0000000d     board.obj (.text:CLB2L_init)
                  000856f3    0000000d     board.obj (.text:CMPSS2OUT_init)
                  00085700    0000000d     board.obj (.text:CMPSS3OUT_init)
                  0008570d    0000000d     main.obj (.text:INT_M_EPWM3_TZ_ISR)
                  0008571a    0000000d     driverlib_eabi.lib : interrupt.obj (.text:Interrupt_disableGlobal)
                  00085727    0000000d                        : interrupt.obj (.text:Interrupt_enableGlobal)
                  00085734    0000000d     rts2800_fpu32_eabi.lib : copy_zero_init.c.obj (.text:decompress:ZI:__TI_zero_init_nomemset)
                  00085741    0000000c     board.obj (.text:CMPSS1OUT_init)
                  0008574d    0000000c     rts2800_fpu32_eabi.lib : args_main.c.obj (.text)
                  00085759    0000000b     CLLC.obj (.text:CLLC_updateBoardStatus)
                  00085764    0000000b     board.obj (.text:INPUTXBAR_init)
                  0008576f    0000000b     driverlib_eabi.lib : sysctl.obj (.text:SysCtl_isMCDClockFailureDetected)
                  0008577a    0000000a                        : interrupt.obj (.text:Interrupt_illegalOperationHandler)
                  00085784    0000000a                        : interrupt.obj (.text:Interrupt_nmiHandler)
                  0008578e    00000009     CLLC_HAL.obj (.text:CLLC_HAL_disablePWMClkCounting)
                  00085797    00000009     CLLC_HAL.obj (.text:CLLC_HAL_setPins)
                  000857a0    00000009     board.obj (.text:CMPSS_init)
                  000857a9    00000009     rts2800_fpu32_eabi.lib : _lock.c.obj (.text)
                  000857b2    00000008     CLLC_HAL.obj (.text:CLLC_HAL_enablePWMClkCounting)
                  000857ba    00000008     rts2800_fpu32_eabi.lib : copy_decompress_none.c.obj (.text:decompress:none)
                  000857c2    00000008     f28004x_codestartbranch.obj (.text)
                  000857ca    00000007     board.obj (.text:ADC_init)
                  000857d1    00000007     CLLC_HAL.obj (.text:CLLC_HAL_setupPWM)
                  000857d8    00000007     board.obj (.text:CPUTIMER_init)
                  000857df    00000007     board.obj (.text:ECAP_init)
                  000857e6    00000007     driverlib_eabi.lib : sysctl.obj (.text:SysCtl_resetMCD)
                  000857ed    00000006     board.obj (.text:EPWM1_CAP_init)
                  000857f3    00000006     board.obj (.text:EPWM3_CAP_init)
                  000857f9    00000006     board.obj (.text:PZCD1_init)
                  000857ff    00000006     board.obj (.text:TZ1_init)
                  00085805    00000006     board.obj (.text:TZ2_init)
                  0008580b    00000005     CLLC_HAL.obj (.text:CLLC_HAL_setupCPI)
                  00085810    00000005     CLLC_HAL.obj (.text:CLLC_HAL_setupFAN)
                  00085815    00000005     board.obj (.text:OUTPUTXBAR_init)
                  0008581a    00000003     device.obj (.text:__error__)
                  0008581d    00000002     rts2800_fpu32_eabi.lib : pre_init.c.obj (.text)
                  0008581f    00000001     CLLC.obj (.text:CLLC_isBRUSTModeEnabled)
                  00085820    00000001     CLLC.obj (.text:CLLC_isSecondaryEnabled)
                  00085821    00000001     CLLC.obj (.text:CLLC_isSyncRectificationModeEnabled)
                  00085822    00000001     rts2800_fpu32_eabi.lib : startup.c.obj (.text)

MODULE SUMMARY

       Module                        code    ro data   rw data
       ------                        ----    -------   -------
    .\
       main.obj                      75      0         0      
    +--+-----------------------------+-------+---------+---------+
       Total:                        75      0         0      
                                                              
    .\APP\
       CLLC.obj                      1153    60        190    
    +--+-----------------------------+-------+---------+---------+
       Total:                        1153    60        190    
                                                              
    .\BoardHAL\
       CLLC_HAL.obj                  586     64        0      
       State_machine.obj             164     0         13     
    +--+-----------------------------+-------+---------+---------+
       Total:                        750     64        13     
                                                              
    .\device\
       device.obj                    322     0         0      
       f28004x_codestartbranch.obj   10      0         0      
    +--+-----------------------------+-------+---------+---------+
       Total:                        332     0         0      
                                                              
    .\syscfg\
       board.obj                     4431    0         0      
    +--+-----------------------------+-------+---------+---------+
       Total:                        4431    0         0      
                                                              
    ../LIB/FPUfastRTS/rts2800_fpu32_fast_supplement_eabi.lib
       div_f32.obj                   25      0         0      
    +--+-----------------------------+-------+---------+---------+
       Total:                        25      0         0      
                                                              
    C:\ti\C2000Ware_5_03_00_00\driverlib\f28004x\driverlib\ccs\Debug\driverlib_eabi.lib
       sysctl.obj                    1078    154       0      
       flash.obj                     618     155       0      
       gpio.obj                      458     152       0      
       pmbus.obj                     443     77        0      
       interrupt.obj                 419     81        0      
       cmpss.obj                     300     77        0      
       sci.obj                       217     151       0      
       adc.obj                       139     75        0      
       ecap.obj                      69      76        0      
       cputimer.obj                  42      80        0      
       xbar.obj                      93      0         0      
    +--+-----------------------------+-------+---------+---------+
       Total:                        3876    1078      0      
                                                              
    C:\ti\ccstheia150\ccs\tools\compiler\ti-cgt-c2000_22.6.1A23259\lib\rts2800_fpu32_eabi.lib
       copy_decompress_lzss.c.obj    48      0         0      
       exit.c.obj                    41      0         6      
       autoinit.c.obj                43      0         0      
       memcpy.c.obj                  29      0         0      
       boot28.asm.obj                23      0         0      
       _lock.c.obj                   9       0         4      
       copy_zero_init.c.obj          13      0         0      
       args_main.c.obj               12      0         0      
       copy_decompress_none.c.obj    8       0         0      
       pre_init.c.obj                2       0         0      
       startup.c.obj                 1       0         0      
    +--+-----------------------------+-------+---------+---------+
       Total:                        229     0         10     
                                                              
       Stack:                        0       0         1016   
       Linker Generated:             0       31        0      
    +--+-----------------------------+-------+---------+---------+
       Grand Total:                  10871   1233      1229   


LINKER GENERATED COPY TABLES

__TI_cinit_table @ 00081144 records: 2, size/record: 4, table size: 8
	.data: load addr=0008112c, load size=0000000d bytes, run addr=0000a8c4, run size=00000012 bytes, compression=lzss
	.bss: load addr=00081140, load size=00000004 bytes, run addr=0000a800, run size=000000c4 bytes, compression=zero_init


LINKER GENERATED HANDLER TABLE

__TI_handler_table @ 0008113a records: 3, size/record: 2, table size: 6
	index: 0, handler: __TI_zero_init
	index: 1, handler: __TI_decompress_lzss
	index: 2, handler: __TI_decompress_none


GLOBAL DATA SYMBOLS: SORTED BY DATA PAGE

address     data page           name
--------    ----------------    ----
00000400      10 (00000400)     __stack

0000a800     2a0 (0000a800)     CLLC_clooseGvLoop
0000a801     2a0 (0000a800)     CLLC_PRIM_TimeShift_ticks
0000a802     2a0 (0000a800)     CLLC_SEC_TimeShift_ticks
0000a803     2a0 (0000a800)     CLLC_PRIM_TimeShift_ticks_min
0000a804     2a0 (0000a800)     CLLC_PRIM_TimeShift_ticks_max
0000a805     2a0 (0000a800)     CLLC_SEC_TimeShift_ticks_min
0000a806     2a0 (0000a800)     CLLC_SEC_TimeShift_ticks_max
0000a808     2a0 (0000a800)     CLLC_powerFlowStateActive
0000a80a     2a0 (0000a800)     CLLC_powerFlowState
0000a80c     2a0 (0000a800)     CLLC_commandSentTo_AC_DC
0000a80e     2a0 (0000a800)     CLLC_commandSentFrom_DC_DC
0000a810     2a0 (0000a800)     CLLC_gvPrim2Sec_out
0000a812     2a0 (0000a800)     CLLC_gvSec2Prim_out
0000a814     2a0 (0000a800)     CLLC_iPrimMAINSensed_Amps
0000a816     2a0 (0000a800)     CLLC_iPrimSECONDARYSensed_Amps
0000a818     2a0 (0000a800)     CLLC_vPrimSensed_Volts
0000a81a     2a0 (0000a800)     CLLC_vPrimRef_Volts
0000a81c     2a0 (0000a800)     CLLC_iPrimMAINSensed_pu
0000a81e     2a0 (0000a800)     CLLC_iPrimSECONDARYSensed_pu
0000a820     2a0 (0000a800)     CLLC_vPrimSensed_pu
0000a822     2a0 (0000a800)     CLLC_vPrimRef_pu
0000a824     2a0 (0000a800)     CLLC_vPrimRefSlewed_pu
0000a826     2a0 (0000a800)     CLLC_iPrimMAINSensedOffset_pu
0000a828     2a0 (0000a800)     CLLC_iPrimSECONDARYSensedOffset_pu
0000a82a     2a0 (0000a800)     CLLC_vPrimSensedOffset_pu
0000a82c     2a0 (0000a800)     CLLC_iPrimMAINTankSensedOffset_pu
0000a82e     2a0 (0000a800)     CLLC_iPrimSECONDARYTankSensedOffset_pu
0000a830     2a0 (0000a800)     CLLC_iSecMAINSensed_Amps
0000a832     2a0 (0000a800)     CLLC_iSecSECONDARYSensed_Amps
0000a834     2a0 (0000a800)     CLLC_vSecSensed_Volts
0000a836     2a0 (0000a800)     CLLC_vSecRef_Volts
0000a838     2a0 (0000a800)     CLLC_iSecMAINSensed_pu
0000a83a     2a0 (0000a800)     CLLC_iSecSECONDARYSensed_pu
0000a83c     2a0 (0000a800)     CLLC_vSecSensed_pu
0000a83e     2a0 (0000a800)     CLLC_vSecRef_pu

0000a840     2a1 (0000a840)     CLLC_vSecRefSlewed_pu
0000a842     2a1 (0000a840)     CLLC_iSecMAINSensedOffset_pu
0000a844     2a1 (0000a840)     CLLC_iSecSECONDARYSensedOffset_pu
0000a846     2a1 (0000a840)     CLLC_vSecSensedOffset_pu
0000a848     2a1 (0000a840)     CLLC_iSecMAINTankSensedOffset_pu
0000a84a     2a1 (0000a840)     CLLC_iSecSECONDARYTankSensedOffset_pu
0000a84c     2a1 (0000a840)     CLLC_PRIMPWM
0000a850     2a1 (0000a840)     CLLC_SECPWM
0000a854     2a1 (0000a840)     CLLC_iPrimMAINSensedAvg_pu
0000a858     2a1 (0000a840)     CLLC_iPrimSECONDARYSensedAvg_pu
0000a85c     2a1 (0000a840)     CLLC_vPrimSensedAvg_pu
0000a860     2a1 (0000a840)     CLLC_iSecMAINSensedAvg_pu
0000a864     2a1 (0000a840)     CLLC_iSecSECONDARYSensedAvg_pu
0000a868     2a1 (0000a840)     CLLC_vSecSensedAvg_pu
0000a86c     2a1 (0000a840)     CLLC_systemState

0000a880     2a2 (0000a880)     CLLC_tripFlag
0000a88e     2a2 (0000a880)     CLLC_gvPrim2Sec
0000a8a4     2a2 (0000a880)     CLLC_gvSec2Prim
0000a8ba     2a2 (0000a880)     Alpha_State_Ptr
0000a8bc     2a2 (0000a880)     A_Task_Ptr
0000a8be     2a2 (0000a880)     B_Task_Ptr

0000a8c0     2a3 (0000a8c0)     vTimer
0000a8c4     2a3 (0000a8c0)     __TI_enable_exit_profile_output
0000a8c6     2a3 (0000a8c0)     __TI_cleanup_ptr
0000a8c8     2a3 (0000a8c0)     __TI_dtors_ptr
0000a8ca     2a3 (0000a8c0)     CLLC_PRIM_COMPA
0000a8cb     2a3 (0000a8c0)     CLLC_SEC_COMPA
0000a8d2     2a3 (0000a8c0)     _lock
0000a8d4     2a3 (0000a8c0)     _unlock


GLOBAL SYMBOLS: SORTED ALPHABETICALLY BY Name 

page  address   name                                  
----  -------   ----                                  
0     00085445  A0                                    
0     00085148  A1                                    
0     00083890  A2                                    
0     000854ae  ACTIVE1_init                          
0     000854c2  ACTIVE2_init                          
0     000857ca  ADC_init                              
0     000850ac  ADC_setOffsetTrimAll                  
0     00083979  ADC_setVREF                           
0     000856b2  ASYSCTL_init                          
1     0000a8bc  A_Task_Ptr                            
1     0000a8ba  Alpha_State_Ptr                       
0     000852ad  B0                                    
1     0000a8be  B_Task_Ptr                            
0     00085083  C$$EXIT                               
0     000856bf  CLB1H_init                            
0     000856cc  CLB1L_init                            
0     000856d9  CLB2H_init                            
0     000856e6  CLB2L_init                            
0     00083000  CLLC_HAL_ClaADCOffset                 
0     00083f29  CLLC_HAL_HysteresisLoop               
0     0008578e  CLLC_HAL_disablePWMClkCounting        
0     000857b2  CLLC_HAL_enablePWMClkCounting         
0     00085797  CLLC_HAL_setPins                      
0     00085677  CLLC_HAL_setupADC                     
0     000837de  CLLC_HAL_setupBoardProtection         
0     0008580b  CLLC_HAL_setupCPI                     
0     00083bb0  CLLC_HAL_setupDevice                  
0     00085810  CLLC_HAL_setupFAN                     
0     000855da  CLLC_HAL_setupLED                     
0     000857d1  CLLC_HAL_setupPWM                     
1     0000a84c  CLLC_PRIMPWM                          
1     0000a8ca  CLLC_PRIM_COMPA                       
1     0000a801  CLLC_PRIM_TimeShift_ticks             
1     0000a804  CLLC_PRIM_TimeShift_ticks_max         
1     0000a803  CLLC_PRIM_TimeShift_ticks_min         
1     0000a850  CLLC_SECPWM                           
1     0000a8cb  CLLC_SEC_COMPA                        
1     0000a802  CLLC_SEC_TimeShift_ticks              
1     0000a806  CLLC_SEC_TimeShift_ticks_max          
1     0000a805  CLLC_SEC_TimeShift_ticks_min          
1     0000a800  CLLC_clooseGvLoop                     
1     0000a80e  CLLC_commandSentFrom_DC_DC            
1     0000a80c  CLLC_commandSentTo_AC_DC              
1     0000a88e  CLLC_gvPrim2Sec                       
1     0000a810  CLLC_gvPrim2Sec_out                   
1     0000a8a4  CLLC_gvSec2Prim                       
1     0000a812  CLLC_gvSec2Prim_out                   
1     0000a854  CLLC_iPrimMAINSensedAvg_pu            
1     0000a826  CLLC_iPrimMAINSensedOffset_pu         
1     0000a814  CLLC_iPrimMAINSensed_Amps             
1     0000a81c  CLLC_iPrimMAINSensed_pu               
1     0000a82c  CLLC_iPrimMAINTankSensedOffset_pu     
1     0000a858  CLLC_iPrimSECONDARYSensedAvg_pu       
1     0000a828  CLLC_iPrimSECONDARYSensedOffset_pu    
1     0000a816  CLLC_iPrimSECONDARYSensed_Amps        
1     0000a81e  CLLC_iPrimSECONDARYSensed_pu          
1     0000a82e  CLLC_iPrimSECONDARYTankSensedOffset_pu
1     0000a860  CLLC_iSecMAINSensedAvg_pu             
1     0000a842  CLLC_iSecMAINSensedOffset_pu          
1     0000a830  CLLC_iSecMAINSensed_Amps              
1     0000a838  CLLC_iSecMAINSensed_pu                
1     0000a848  CLLC_iSecMAINTankSensedOffset_pu      
1     0000a864  CLLC_iSecSECONDARYSensedAvg_pu        
1     0000a844  CLLC_iSecSECONDARYSensedOffset_pu     
1     0000a832  CLLC_iSecSECONDARYSensed_Amps         
1     0000a83a  CLLC_iSecSECONDARYSensed_pu           
1     0000a84a  CLLC_iSecSECONDARYTankSensedOffset_pu 
0     000830aa  CLLC_initGlobalVariables              
0     0008581f  CLLC_isBRUSTModeEnabled               
0     00085820  CLLC_isSecondaryEnabled               
0     00085821  CLLC_isSyncRectificationModeEnabled   
1     0000a80a  CLLC_powerFlowState                   
1     0000a808  CLLC_powerFlowStateActive             
0     000831da  CLLC_runEMAVG                         
0     00082c4a  CLLC_softStart                        
1     0000a86c  CLLC_systemState                      
1     0000a880  CLLC_tripFlag                         
0     00085759  CLLC_updateBoardStatus                
1     0000a824  CLLC_vPrimRefSlewed_pu                
1     0000a81a  CLLC_vPrimRef_Volts                   
1     0000a822  CLLC_vPrimRef_pu                      
1     0000a85c  CLLC_vPrimSensedAvg_pu                
1     0000a82a  CLLC_vPrimSensedOffset_pu             
1     0000a818  CLLC_vPrimSensed_Volts                
1     0000a820  CLLC_vPrimSensed_pu                   
1     0000a840  CLLC_vSecRefSlewed_pu                 
1     0000a836  CLLC_vSecRef_Volts                    
1     0000a83e  CLLC_vSecRef_pu                       
1     0000a868  CLLC_vSecSensedAvg_pu                 
1     0000a846  CLLC_vSecSensedOffset_pu              
1     0000a834  CLLC_vSecSensed_Volts                 
1     0000a83c  CLLC_vSecSensed_pu                    
0     000828ef  CLLL_checkPowerFlow                   
0     00083fe6  CMPSS1OUT0_init                       
0     00085741  CMPSS1OUT_init                        
0     000856f3  CMPSS2OUT_init                        
0     00085700  CMPSS3OUT_init                        
0     000856a4  CMPSS7OUT_init                        
0     000839c5  CMPSS_configFilterHigh                
0     00083a0e  CMPSS_configFilterLow                 
0     0008502d  CMPSS_configLatchOnPWMSYNC            
0     00083a57  CMPSS_configRamp                      
0     000857a0  CMPSS_init                            
0     000857d8  CPUTIMER_init                         
0     000855ed  CPUTimer_setEmulationMode             
0     000854fe  DEBUG1_init                           
0     00085512  DEBUG2_init                           
0     0008364c  DEBUG_init                            
0     00082d4c  Device_enableAllPeripherals           
0     00082fa8  Device_init                           
0     00085647  Device_initGPIO                       
0     000857df  ECAP_init                             
0     00085237  ECAP_setEmulationMode                 
0     0008325f  EPWM1A_ECAP_init                      
0     000857ed  EPWM1_CAP_init                        
0     000832e2  EPWM3A_ECAP_init                      
0     000857f3  EPWM3_CAP_init                        
0     00085626  EPWMXBAR_init                         
0     00082000  EPWM_init                             
0     000852e5  FAN1_init                             
0     00085526  FAN2_init                             
0     00083ca7  FAN_PWM_init                          
0     0008553a  FAULT_INPUT1_init                     
0     0008554e  FAULT_INPUT2_init                     
0     00085562  FAULT_OUTPUT_init                     
0     00008000  Flash_initModule                      
0     00085273  GPIO_init                             
0     00083ce3  GPIO_setAnalogMode                    
0     00083d1d  GPIO_setControllerCore                
0     00083ec7  GPIO_setDirectionMode                 
0     00083df9  GPIO_setInterruptPin                  
0     0008383e  GPIO_setPadConfig                     
0     00083d54  GPIO_setPinConfig                     
0     00083d8b  GPIO_setQualificationMode             
0     00085764  INPUTXBAR_init                        
0     000853a7  INTERRUPT_init                        
0     0008570d  INT_M_EPWM3_TZ_ISR                    
0     00083e2d  ISR1_PZCD                             
0     00083e61  ISR1_SZCD                             
0     00082a14  ISR2_TIMER0                           
0     0008542f  Interrupt_defaultHandler              
0     000838de  Interrupt_disable                     
0     00083dc2  Interrupt_enable                      
0     0008577a  Interrupt_illegalOperationHandler     
0     00083c6a  Interrupt_initModule                  
0     00085255  Interrupt_initVectorTable             
0     00085784  Interrupt_nmiHandler                  
0     0008371b  M_ADC_A_init                          
0     000835da  M_ADC_B_init                          
0     0008377d  M_ADC_C_init                          
0     00083153  M_CMPSS1_init                         
0     00083364  M_CMPSS2_init                         
0     000833e6  M_CMPSS3_init                         
0     00083467  M_CMPSS4_init                         
0     00085815  OUTPUTXBAR_init                       
0     00083a9f  PMBUS_init                            
0     00082b31  PMBus_configBusClock                  
0     000836b5  PMBus_configModuleClock               
0     00085000  PMBus_initControllerMode              
0     00085695  PRIM_ZCD1_XINT_init                   
0     0008558a  PRIM_ZCD1_init                        
0     0008559e  PRIM_ZCD2_init                        
0     000857f9  PZCD1_init                            
0     00082770  PinMux_init                           
0     00081129  RamfuncsLoadEnd                       
abs   00000129  RamfuncsLoadSize                      
0     00081000  RamfuncsLoadStart                     
0     00008129  RamfuncsRunEnd                        
abs   00000129  RamfuncsRunSize                       
0     00008000  RamfuncsRunStart                      
0     00083ae6  SCI_clearInterruptStatus              
0     0008364c  SCI_init                              
0     00083bee  SCI_setConfig                         
0     000855b2  SEC_ZCD1_init                         
0     000855c6  SEC_ZCD2_init                         
0     000853be  STATUS1_init                          
0     00085361  STATUS2_init                          
0     00083ef8  SYNC_init                             
0     00008125  SysCtl_delay                          
0     00082eeb  SysCtl_isPLLValid                     
0     0008392c  SysCtl_selectOscSource                
0     00083b70  SysCtl_selectXTAL                     
0     0008516d  SysCtl_selectXTALSingleEnded          
0     00082e23  SysCtl_setClock                       
0     000857ff  TZ1_init                              
0     00085805  TZ2_init                              
0     00083f89  XBAR_setEPWMMuxConfig                 
0     00083fb8  XBAR_setOutputMuxConfig               
0     00085695  XINT_init                             
0     00081144  __TI_CINIT_Base                       
0     0008114c  __TI_CINIT_Limit                      
0     0008114c  __TI_CINIT_Warm                       
0     0008113a  __TI_Handler_Table_Base               
0     00081140  __TI_Handler_Table_Limit              
1     000007f8  __TI_STACK_END                        
abs   000003f8  __TI_STACK_SIZE                       
0     00085058  __TI_auto_init_nobinit_nopinit        
1     0000a8c6  __TI_cleanup_ptr                      
0     00083f59  __TI_decompress_lzss                  
0     000857ba  __TI_decompress_none                  
1     0000a8c8  __TI_dtors_ptr                        
1     0000a8c4  __TI_enable_exit_profile_output       
abs   ffffffff  __TI_pprof_out_hndl                   
abs   ffffffff  __TI_prof_data_size                   
abs   ffffffff  __TI_prof_data_start                  
0     00085734  __TI_zero_init_nomemset               
0     00085318  __c28xabi_divf                        
n/a   UNDEFED   __c_args__                            
0     0008581a  __error__                             
1     00000400  __stack                               
0     0008574d  _args_main                            
0     000853ec  _c_int00                              
1     0000a8d2  _lock                                 
0     000857b1  _nop                                  
0     000857ad  _register_lock                        
0     000857a9  _register_unlock                      
0     00085822  _system_post_cinit                    
0     0008581d  _system_pre_init                      
1     0000a8d4  _unlock                               
0     00085083  abort                                 
0     00080000  code_start                            
0     00085085  exit                                  
0     00083c2c  main                                  
0     00085290  memcpy                                
0     00085122  myCPUTIMER0_init                      
0     000851b6  myCPUTIMER1_init                      
0     00083e94  myCPUTIMER2_init                      
0     00083a9f  myPMBUS0_init                         
1     0000a8c0  vTimer                                


GLOBAL SYMBOLS: SORTED BY Symbol Address 

page  address   name                                  
----  -------   ----                                  
0     00008000  Flash_initModule                      
0     00008000  RamfuncsRunStart                      
0     00008125  SysCtl_delay                          
0     00008129  RamfuncsRunEnd                        
0     00080000  code_start                            
0     00081000  RamfuncsLoadStart                     
0     00081129  RamfuncsLoadEnd                       
0     0008113a  __TI_Handler_Table_Base               
0     00081140  __TI_Handler_Table_Limit              
0     00081144  __TI_CINIT_Base                       
0     0008114c  __TI_CINIT_Limit                      
0     0008114c  __TI_CINIT_Warm                       
0     00082000  EPWM_init                             
0     00082770  PinMux_init                           
0     000828ef  CLLL_checkPowerFlow                   
0     00082a14  ISR2_TIMER0                           
0     00082b31  PMBus_configBusClock                  
0     00082c4a  CLLC_softStart                        
0     00082d4c  Device_enableAllPeripherals           
0     00082e23  SysCtl_setClock                       
0     00082eeb  SysCtl_isPLLValid                     
0     00082fa8  Device_init                           
0     00083000  CLLC_HAL_ClaADCOffset                 
0     000830aa  CLLC_initGlobalVariables              
0     00083153  M_CMPSS1_init                         
0     000831da  CLLC_runEMAVG                         
0     0008325f  EPWM1A_ECAP_init                      
0     000832e2  EPWM3A_ECAP_init                      
0     00083364  M_CMPSS2_init                         
0     000833e6  M_CMPSS3_init                         
0     00083467  M_CMPSS4_init                         
0     000835da  M_ADC_B_init                          
0     0008364c  DEBUG_init                            
0     0008364c  SCI_init                              
0     000836b5  PMBus_configModuleClock               
0     0008371b  M_ADC_A_init                          
0     0008377d  M_ADC_C_init                          
0     000837de  CLLC_HAL_setupBoardProtection         
0     0008383e  GPIO_setPadConfig                     
0     00083890  A2                                    
0     000838de  Interrupt_disable                     
0     0008392c  SysCtl_selectOscSource                
0     00083979  ADC_setVREF                           
0     000839c5  CMPSS_configFilterHigh                
0     00083a0e  CMPSS_configFilterLow                 
0     00083a57  CMPSS_configRamp                      
0     00083a9f  PMBUS_init                            
0     00083a9f  myPMBUS0_init                         
0     00083ae6  SCI_clearInterruptStatus              
0     00083b70  SysCtl_selectXTAL                     
0     00083bb0  CLLC_HAL_setupDevice                  
0     00083bee  SCI_setConfig                         
0     00083c2c  main                                  
0     00083c6a  Interrupt_initModule                  
0     00083ca7  FAN_PWM_init                          
0     00083ce3  GPIO_setAnalogMode                    
0     00083d1d  GPIO_setControllerCore                
0     00083d54  GPIO_setPinConfig                     
0     00083d8b  GPIO_setQualificationMode             
0     00083dc2  Interrupt_enable                      
0     00083df9  GPIO_setInterruptPin                  
0     00083e2d  ISR1_PZCD                             
0     00083e61  ISR1_SZCD                             
0     00083e94  myCPUTIMER2_init                      
0     00083ec7  GPIO_setDirectionMode                 
0     00083ef8  SYNC_init                             
0     00083f29  CLLC_HAL_HysteresisLoop               
0     00083f59  __TI_decompress_lzss                  
0     00083f89  XBAR_setEPWMMuxConfig                 
0     00083fb8  XBAR_setOutputMuxConfig               
0     00083fe6  CMPSS1OUT0_init                       
0     00085000  PMBus_initControllerMode              
0     0008502d  CMPSS_configLatchOnPWMSYNC            
0     00085058  __TI_auto_init_nobinit_nopinit        
0     00085083  C$$EXIT                               
0     00085083  abort                                 
0     00085085  exit                                  
0     000850ac  ADC_setOffsetTrimAll                  
0     00085122  myCPUTIMER0_init                      
0     00085148  A1                                    
0     0008516d  SysCtl_selectXTALSingleEnded          
0     000851b6  myCPUTIMER1_init                      
0     00085237  ECAP_setEmulationMode                 
0     00085255  Interrupt_initVectorTable             
0     00085273  GPIO_init                             
0     00085290  memcpy                                
0     000852ad  B0                                    
0     000852e5  FAN1_init                             
0     00085318  __c28xabi_divf                        
0     00085361  STATUS2_init                          
0     000853a7  INTERRUPT_init                        
0     000853be  STATUS1_init                          
0     000853ec  _c_int00                              
0     0008542f  Interrupt_defaultHandler              
0     00085445  A0                                    
0     000854ae  ACTIVE1_init                          
0     000854c2  ACTIVE2_init                          
0     000854fe  DEBUG1_init                           
0     00085512  DEBUG2_init                           
0     00085526  FAN2_init                             
0     0008553a  FAULT_INPUT1_init                     
0     0008554e  FAULT_INPUT2_init                     
0     00085562  FAULT_OUTPUT_init                     
0     0008558a  PRIM_ZCD1_init                        
0     0008559e  PRIM_ZCD2_init                        
0     000855b2  SEC_ZCD1_init                         
0     000855c6  SEC_ZCD2_init                         
0     000855da  CLLC_HAL_setupLED                     
0     000855ed  CPUTimer_setEmulationMode             
0     00085626  EPWMXBAR_init                         
0     00085647  Device_initGPIO                       
0     00085677  CLLC_HAL_setupADC                     
0     00085695  PRIM_ZCD1_XINT_init                   
0     00085695  XINT_init                             
0     000856a4  CMPSS7OUT_init                        
0     000856b2  ASYSCTL_init                          
0     000856bf  CLB1H_init                            
0     000856cc  CLB1L_init                            
0     000856d9  CLB2H_init                            
0     000856e6  CLB2L_init                            
0     000856f3  CMPSS2OUT_init                        
0     00085700  CMPSS3OUT_init                        
0     0008570d  INT_M_EPWM3_TZ_ISR                    
0     00085734  __TI_zero_init_nomemset               
0     00085741  CMPSS1OUT_init                        
0     0008574d  _args_main                            
0     00085759  CLLC_updateBoardStatus                
0     00085764  INPUTXBAR_init                        
0     0008577a  Interrupt_illegalOperationHandler     
0     00085784  Interrupt_nmiHandler                  
0     0008578e  CLLC_HAL_disablePWMClkCounting        
0     00085797  CLLC_HAL_setPins                      
0     000857a0  CMPSS_init                            
0     000857a9  _register_unlock                      
0     000857ad  _register_lock                        
0     000857b1  _nop                                  
0     000857b2  CLLC_HAL_enablePWMClkCounting         
0     000857ba  __TI_decompress_none                  
0     000857ca  ADC_init                              
0     000857d1  CLLC_HAL_setupPWM                     
0     000857d8  CPUTIMER_init                         
0     000857df  ECAP_init                             
0     000857ed  EPWM1_CAP_init                        
0     000857f3  EPWM3_CAP_init                        
0     000857f9  PZCD1_init                            
0     000857ff  TZ1_init                              
0     00085805  TZ2_init                              
0     0008580b  CLLC_HAL_setupCPI                     
0     00085810  CLLC_HAL_setupFAN                     
0     00085815  OUTPUTXBAR_init                       
0     0008581a  __error__                             
0     0008581d  _system_pre_init                      
0     0008581f  CLLC_isBRUSTModeEnabled               
0     00085820  CLLC_isSecondaryEnabled               
0     00085821  CLLC_isSyncRectificationModeEnabled   
0     00085822  _system_post_cinit                    
1     00000400  __stack                               
1     000007f8  __TI_STACK_END                        
1     0000a800  CLLC_clooseGvLoop                     
1     0000a801  CLLC_PRIM_TimeShift_ticks             
1     0000a802  CLLC_SEC_TimeShift_ticks              
1     0000a803  CLLC_PRIM_TimeShift_ticks_min         
1     0000a804  CLLC_PRIM_TimeShift_ticks_max         
1     0000a805  CLLC_SEC_TimeShift_ticks_min          
1     0000a806  CLLC_SEC_TimeShift_ticks_max          
1     0000a808  CLLC_powerFlowStateActive             
1     0000a80a  CLLC_powerFlowState                   
1     0000a80c  CLLC_commandSentTo_AC_DC              
1     0000a80e  CLLC_commandSentFrom_DC_DC            
1     0000a810  CLLC_gvPrim2Sec_out                   
1     0000a812  CLLC_gvSec2Prim_out                   
1     0000a814  CLLC_iPrimMAINSensed_Amps             
1     0000a816  CLLC_iPrimSECONDARYSensed_Amps        
1     0000a818  CLLC_vPrimSensed_Volts                
1     0000a81a  CLLC_vPrimRef_Volts                   
1     0000a81c  CLLC_iPrimMAINSensed_pu               
1     0000a81e  CLLC_iPrimSECONDARYSensed_pu          
1     0000a820  CLLC_vPrimSensed_pu                   
1     0000a822  CLLC_vPrimRef_pu                      
1     0000a824  CLLC_vPrimRefSlewed_pu                
1     0000a826  CLLC_iPrimMAINSensedOffset_pu         
1     0000a828  CLLC_iPrimSECONDARYSensedOffset_pu    
1     0000a82a  CLLC_vPrimSensedOffset_pu             
1     0000a82c  CLLC_iPrimMAINTankSensedOffset_pu     
1     0000a82e  CLLC_iPrimSECONDARYTankSensedOffset_pu
1     0000a830  CLLC_iSecMAINSensed_Amps              
1     0000a832  CLLC_iSecSECONDARYSensed_Amps         
1     0000a834  CLLC_vSecSensed_Volts                 
1     0000a836  CLLC_vSecRef_Volts                    
1     0000a838  CLLC_iSecMAINSensed_pu                
1     0000a83a  CLLC_iSecSECONDARYSensed_pu           
1     0000a83c  CLLC_vSecSensed_pu                    
1     0000a83e  CLLC_vSecRef_pu                       
1     0000a840  CLLC_vSecRefSlewed_pu                 
1     0000a842  CLLC_iSecMAINSensedOffset_pu          
1     0000a844  CLLC_iSecSECONDARYSensedOffset_pu     
1     0000a846  CLLC_vSecSensedOffset_pu              
1     0000a848  CLLC_iSecMAINTankSensedOffset_pu      
1     0000a84a  CLLC_iSecSECONDARYTankSensedOffset_pu 
1     0000a84c  CLLC_PRIMPWM                          
1     0000a850  CLLC_SECPWM                           
1     0000a854  CLLC_iPrimMAINSensedAvg_pu            
1     0000a858  CLLC_iPrimSECONDARYSensedAvg_pu       
1     0000a85c  CLLC_vPrimSensedAvg_pu                
1     0000a860  CLLC_iSecMAINSensedAvg_pu             
1     0000a864  CLLC_iSecSECONDARYSensedAvg_pu        
1     0000a868  CLLC_vSecSensedAvg_pu                 
1     0000a86c  CLLC_systemState                      
1     0000a880  CLLC_tripFlag                         
1     0000a88e  CLLC_gvPrim2Sec                       
1     0000a8a4  CLLC_gvSec2Prim                       
1     0000a8ba  Alpha_State_Ptr                       
1     0000a8bc  A_Task_Ptr                            
1     0000a8be  B_Task_Ptr                            
1     0000a8c0  vTimer                                
1     0000a8c4  __TI_enable_exit_profile_output       
1     0000a8c6  __TI_cleanup_ptr                      
1     0000a8c8  __TI_dtors_ptr                        
1     0000a8ca  CLLC_PRIM_COMPA                       
1     0000a8cb  CLLC_SEC_COMPA                        
1     0000a8d2  _lock                                 
1     0000a8d4  _unlock                               
abs   00000129  RamfuncsLoadSize                      
abs   00000129  RamfuncsRunSize                       
abs   000003f8  __TI_STACK_SIZE                       
abs   ffffffff  __TI_pprof_out_hndl                   
abs   ffffffff  __TI_prof_data_size                   
abs   ffffffff  __TI_prof_data_start                  
n/a   UNDEFED   __c_args__                            

[229 symbols]
