******************************************************************************
             TMS320C2000 Linker PC v22.6.1                     
******************************************************************************
>> Linked Fri Sep 20 17:01:09 2024

OUTPUT FILE NAME:   <Multiphase-Interleaved-CLLC.out>
ENTRY POINT SYMBOL: "code_start"  address: 00080000


MEMORY CONFIGURATION

         name            origin    length      used     unused   attr    fill
----------------------  --------  ---------  --------  --------  ----  --------
PAGE 0:
  RAMM0                 000000f6   0000030a  00000000  0000030a  RWIX
  RAMLS0                00008000   00000800  00000129  000006d7  RWIX
  RAMLS1                00008800   00000800  00000000  00000800  RWIX
  RAMLS2                00009000   00000800  00000000  00000800  RWIX
  RAMLS3                00009800   00000800  00000000  00000800  RWIX
  RAMLS4                0000a000   00000800  00000000  00000800  RWIX
  BEGIN                 00080000   00000002  00000002  00000000  RWIX
  FLASH_BANK0_SEC0      00080002   00000ffe  00000000  00000ffe  RWIX
  FLASH_BANK0_SEC1      00081000   00001000  00000147  00000eb9  RWIX
  FLASH_BANK0_SEC2      00082000   00001000  00001000  00000000  RWIX
  FLASH_BANK0_SEC3      00083000   00001000  00001000  00000000  RWIX
  FLASH_BANK0_SEC4      00084000   00001000  000004d8  00000b28  RWIX
  FLASH_BANK0_SEC5      00085000   00001000  00000470  00000b90  RWIX
  FLASH_BANK0_SEC6      00086000   00001000  00000000  00001000  RWIX
  FLASH_BANK0_SEC7      00087000   00001000  00000000  00001000  RWIX
  FLASH_BANK0_SEC8      00088000   00001000  00000000  00001000  RWIX
  FLASH_BANK0_SEC9      00089000   00001000  00000000  00001000  RWIX
  FLASH_BANK0_SEC10     0008a000   00001000  00000000  00001000  RWIX
  FLASH_BANK0_SEC11     0008b000   00001000  00000000  00001000  RWIX
  FLASH_BANK0_SEC12     0008c000   00001000  00000000  00001000  RWIX
  FLASH_BANK0_SEC13     0008d000   00001000  00000000  00001000  RWIX
  FLASH_BANK0_SEC14     0008e000   00001000  00000000  00001000  RWIX
  FLASH_BANK0_SEC15     0008f000   00001000  00000000  00001000  RWIX
  FLASH_BANK1_SEC0      00090000   00001000  00000000  00001000  RWIX
  FLASH_BANK1_SEC1      00091000   00001000  00000000  00001000  RWIX
  FLASH_BANK1_SEC2      00092000   00001000  00000000  00001000  RWIX
  FLASH_BANK1_SEC3      00093000   00001000  00000000  00001000  RWIX
  FLASH_BANK1_SEC4      00094000   00001000  00000000  00001000  RWIX
  FLASH_BANK1_SEC5      00095000   00001000  00000000  00001000  RWIX
  FLASH_BANK1_SEC6      00096000   00001000  00000000  00001000  RWIX
  FLASH_BANK1_SEC7      00097000   00001000  00000000  00001000  RWIX
  FLASH_BANK1_SEC8      00098000   00001000  00000000  00001000  RWIX
  FLASH_BANK1_SEC9      00099000   00001000  00000000  00001000  RWIX
  FLASH_BANK1_SEC10     0009a000   00001000  00000000  00001000  RWIX
  FLASH_BANK1_SEC11     0009b000   00001000  00000000  00001000  RWIX
  FLASH_BANK1_SEC12     0009c000   00001000  00000000  00001000  RWIX
  FLASH_BANK1_SEC13     0009d000   00001000  00000000  00001000  RWIX
  FLASH_BANK1_SEC14     0009e000   00001000  00000000  00001000  RWIX
  FLASH_BANK1_SEC15     0009f000   00000ff0  00000000  00000ff0  RWIX
  RESET                 003fffc0   00000002  00000000  00000002  RWIX

PAGE 1:
  BOOT_RSVD             00000002   000000f1  00000000  000000f1  RWIX
  RAMM1                 00000400   000003f8  000003f8  00000000  RWIX
  RAMLS5                0000a800   00000800  000000d4  0000072c  RWIX
  RAMLS6                0000b000   00000800  00000000  00000800  RWIX
  RAMLS7                0000b800   00000800  00000000  00000800  RWIX
  RAMGS0                0000c000   00002000  00000000  00002000  RWIX
  RAMGS1                0000e000   00002000  00000000  00002000  RWIX
  RAMGS2                00010000   00002000  00000000  00002000  RWIX
  RAMGS3                00012000   00001ff8  00000000  00001ff8  RWIX


SECTION ALLOCATION MAP

 output                                  attributes/
section   page    origin      length       input sections
--------  ----  ----------  ----------   ----------------
codestart 
*          0    00080000    00000002     
                  00080000    00000002     f28004x_codestartbranch.obj (codestart)

.cinit     0    0008112c    0000001e     
                  0008112c    0000000b     (.cinit..data.load) [load image, compression = lzss]
                  00081137    00000001     --HOLE-- [fill = 0]
                  00081138    00000006     (__TI_handler_table)
                  0008113e    00000004     (.cinit..bss.load) [load image, compression = zero_init]
                  00081142    00000008     (__TI_cinit_table)

.reset     0    003fffc0    00000000     DSECT

.stack     1    00000400    000003f8     UNINITIALIZED
                  00000400    000003f8     --HOLE--

.init_array 
*          0    00081000    00000000     UNINITIALIZED

.bss       1    0000a800    000000c8     UNINITIALIZED
                  0000a800    000000ba     CLLC.obj (.bss)
                  0000a8ba    00000006     State_machine.obj (.bss)
                  0000a8c0    00000004     State_machine.obj (.bss:vTimer0)
                  0000a8c4    00000004     State_machine.obj (.bss:vTimer1)

.data      1    0000a8c8    0000000c     UNINITIALIZED
                  0000a8c8    00000006     rts2800_fpu32_eabi.lib : exit.c.obj (.data)
                  0000a8ce    00000002     CLLC.obj (.data)
                  0000a8d0    00000002     rts2800_fpu32_eabi.lib : _lock.c.obj (.data:_lock)
                  0000a8d2    00000002                            : _lock.c.obj (.data:_unlock)

.const     0    00084000    000004d8     
                  00084000    0000009b     driverlib_eabi.lib : flash.obj (.const:.string)
                  0008409b    00000001     --HOLE-- [fill = 0]
                  0008409c    0000009a                        : sysctl.obj (.const:.string)
                  00084136    00000098                        : gpio.obj (.const:.string)
                  000841ce    00000097                        : sci.obj (.const:.string)
                  00084265    00000001     --HOLE-- [fill = 0]
                  00084266    00000051                        : interrupt.obj (.const:.string)
                  000842b7    00000001     --HOLE-- [fill = 0]
                  000842b8    00000050                        : cputimer.obj (.const:.string)
                  00084308    0000004d                        : pmbus.obj (.const:.string)
                  00084355    00000001     --HOLE-- [fill = 0]
                  00084356    0000004c                        : ecap.obj (.const:.string)
                  000843a2    0000003e     board.obj (.const:.string)
                  000843e0    0000003d     CLLC.obj (.const:.string)
                  0008441d    00000001     --HOLE-- [fill = 0]
                  0008441e    0000003d     CLLC_HAL.obj (.const:.string)
                  0008445b    00000001     --HOLE-- [fill = 0]
                  0008445c    0000003c     CLLC.obj (.const:$P$T8$1)
                  00084498    00000030     CLLC_HAL.obj (.const:$P$T8$1)
                  000844c8    00000010     CLLC_HAL.obj (.const:$P$T9$2)

.TI.ramfunc 
*          0    00081000    00000129     RUN ADDR = 00008000
                  00081000    00000044     driverlib_eabi.lib : flash.obj (.TI.ramfunc:Flash_initModule)
                  00081044    0000002c                        : flash.obj (.TI.ramfunc:Flash_setBankPowerMode)
                  00081070    00000024                        : flash.obj (.TI.ramfunc:Flash_setWaitstates)
                  00081094    0000001d                        : flash.obj (.TI.ramfunc:Flash_setPumpPowerMode)
                  000810b1    00000018                        : flash.obj (.TI.ramfunc:Flash_disableCache)
                  000810c9    00000018                        : flash.obj (.TI.ramfunc:Flash_disablePrefetch)
                  000810e1    00000017                        : flash.obj (.TI.ramfunc:Flash_enableCache)
                  000810f8    00000017                        : flash.obj (.TI.ramfunc:Flash_enablePrefetch)
                  0008110f    00000016                        : flash.obj (.TI.ramfunc:Flash_enableECC)
                  00081125    00000004                        : sysctl.obj (.TI.ramfunc)

.text.1    0    00082000    00001000     
                  00082000    000006f2     board.obj (.text:EPWM_init)
                  000826f2    0000021e     MY_DEBUG.obj (.text:CLLC_HAL_DEBUG_Transnit)
                  00082910    0000017f     board.obj (.text:PinMux_init)
                  00082a8f    00000119     driverlib_eabi.lib : pmbus.obj (.text:PMBus_configBusClock)
                  00082ba8    00000117     CLLC.obj (.text:ISR2_TIMER0)
                  00082cbf    000000da     CLLC_HAL.obj (.text:CLLC_HAL_ClaADCOffset)
                  00082d99    000000d7     device.obj (.text:Device_enableAllPeripherals)
                  00082e70    000000cd     CLLC.obj (.text:MULT_CLLL_checkPowerFlow)
                  00082f3d    000000c0     driverlib_eabi.lib : sysctl.obj (.text:SysCtl_setClock)
                  00082ffd    00000003     device.obj (.text:__error__)

.text.2    0    00083000    00001000     
                  00083000    000000bd     driverlib_eabi.lib : sysctl.obj (.text:SysCtl_isPLLValid)
                  000830bd    000000a9     CLLC.obj (.text:CLLC_initGlobalVariables)
                  00083166    00000083     board.obj (.text:EPWM1A_ECAP_init)
                  000831e9    00000082     board.obj (.text:EPWM3A_ECAP_init)
                  0008326b    0000007f     driverlib_eabi.lib : interrupt.obj (.text:Interrupt_clearIFR)
                  000832ea    0000007b     CLLC_HAL.obj (.text:CLLC_HAL_setupBoardProtection)
                  00083365    00000073     driverlib_eabi.lib : sysctl.obj (.text:DCC_setCounterSeeds)
                  000833d8    00000073     device.obj (.text:Device_init)
                  0008344b    00000069     board.obj (.text:DEBUG_init)
                  000834b4    00000066     driverlib_eabi.lib : pmbus.obj (.text:PMBus_configModuleClock)
                  0008351a    0000005e                        : sysctl.obj (.text:SysCtl_getClock)
                  00083578    00000058     board.obj (.text:EPWM_setActionQualifierAction)
                  000835d0    00000058     board.obj (.text:M_ADC_B_init)
                  00083628    00000052     driverlib_eabi.lib : gpio.obj (.text:GPIO_setPadConfig)
                  0008367a    0000004e                        : interrupt.obj (.text:Interrupt_disable)
                  000836c8    0000004e     board.obj (.text:M_ADC_A_init)
                  00083716    0000004d     board.obj (.text:M_ADC_C_init)
                  00083763    00000049     driverlib_eabi.lib : sysctl.obj (.text:SysCtl_selectOscSource)
                  000837ac    00000045                        : sci.obj (.text:SCI_clearInterruptStatus)
                  000837f1    00000045                        : sysctl.obj (.text:SysCtl_pollX1Counter)
                  00083836    00000041     board.obj (.text:myPMBUS0_init)
                  00083877    0000003e     CLLC_HAL.obj (.text:CLLC_HAL_setupDevice)
                  000838b5    0000003e     driverlib_eabi.lib : sci.obj (.text:SCI_setConfig)
                  000838f3    0000003e     main.obj (.text:main)
                  00083931    0000003d     driverlib_eabi.lib : interrupt.obj (.text:Interrupt_initModule)
                  0008396e    0000003c     board.obj (.text:FAN_PWM_init)
                  000839aa    0000003a     CLLC.obj (.text:CLLC_HAL_ManuallyTriggeredAllADC)
                  000839e4    0000003a     driverlib_eabi.lib : gpio.obj (.text:GPIO_setAnalogMode)
                  00083a1e    00000037                        : gpio.obj (.text:GPIO_setControllerCore)
                  00083a55    00000037                        : gpio.obj (.text:GPIO_setPinConfig)
                  00083a8c    00000037                        : gpio.obj (.text:GPIO_setQualificationMode)
                  00083ac3    00000037                        : interrupt.obj (.text:Interrupt_enable)
                  00083afa    00000036                        : sysctl.obj (.text:SysCtl_selectXTAL)
                  00083b30    00000034                        : gpio.obj (.text:GPIO_setInterruptPin)
                  00083b64    00000034     CLLC.obj (.text:ISR1_PZCD)
                  00083b98    00000034     board.obj (.text:myCPUTIMER2_init)
                  00083bcc    00000033     CLLC.obj (.text:ISR1_SZCD)
                  00083bff    00000031     driverlib_eabi.lib : gpio.obj (.text:GPIO_setDirectionMode)
                  00083c30    00000031     board.obj (.text:SYNC_init)
                  00083c61    00000030     rts2800_fpu32_eabi.lib : copy_decompress_lzss.c.obj (.text:decompress:lzss)
                  00083c91    0000002f     driverlib_eabi.lib : xbar.obj (.text:XBAR_setEPWMMuxConfig)
                  00083cc0    0000002e                        : xbar.obj (.text:XBAR_setOutputMuxConfig)
                  00083cee    0000002d                        : pmbus.obj (.text:PMBus_initControllerMode)
                  00083d1b    0000002b     rts2800_fpu32_eabi.lib : autoinit.c.obj (.text:__TI_auto_init_nobinit_nopinit)
                  00083d46    00000029                            : exit.c.obj (.text)
                  00083d6f    00000028     driverlib_eabi.lib : adc.obj (.text:ADC_setOffsetTrimAll)
                  00083d97    00000027                        : ecap.obj (.text:ECAP_isBaseValid)
                  00083dbe    00000026     board.obj (.text:myCPUTIMER0_init)
                  00083de4    00000024     driverlib_eabi.lib : sysctl.obj (.text:DCC_enableSingleShotMode)
                  00083e08    00000024     board.obj (.text:myCPUTIMER1_init)
                  00083e2c    00000020     driverlib_eabi.lib : sysctl.obj (.text:SysCtl_selectXTALSingleEnded)
                  00083e4c    00000020                        : gpio.obj (.text:XBAR_setInputPin)
                  00083e6c    0000001e                        : sysctl.obj (.text:DCC_setCounter1ClkSource)
                  00083e8a    0000001e                        : ecap.obj (.text:ECAP_setEmulationMode)
                  00083ea8    0000001e                        : interrupt.obj (.text:Interrupt_initVectorTable)
                  00083ec6    0000001d     State_machine.obj (.text:A1)
                  00083ee3    0000001d     board.obj (.text:GPIO_init)
                  00083f00    0000001d     rts2800_fpu32_eabi.lib : memcpy.c.obj (.text)
                  00083f1d    0000001c     driverlib_eabi.lib : sysctl.obj (.text:DCC_setCounter0ClkSource)
                  00083f39    0000001a     board.obj (.text:CMPSS1OUT0_init)
                  00083f53    0000001a     board.obj (.text:FAN1_init)
                  00083f6d    0000001a     driverlib_eabi.lib : sysctl.obj (.text:SysCtl_getLowSpeedClock)
                  00083f87    00000019     rts2800_fpu32_fast_supplement_eabi.lib : div_f32.obj (.text)
                  00083fa0    00000018     State_machine.obj (.text:A0)
                  00083fb8    00000018     State_machine.obj (.text:B0)
                  00083fd0    00000018     driverlib_eabi.lib : sci.obj (.text:SCI_disableModule)
                  00083fe8    00000018                        : sci.obj (.text:SCI_performSoftwareReset)

.text.3    0    00085000    00000470     
                  00085000    00000018     board.obj (.text:STATUS2_init)
                  00085018    00000017     driverlib_eabi.lib : cputimer.obj (.text:CPUTimer_isBaseValid)
                  0008502f    00000017     board.obj (.text:INTERRUPT_init)
                  00085046    00000017     board.obj (.text:STATUS1_init)
                  0008505d    00000017     driverlib_eabi.lib : sysctl.obj (.text:SysCtl_enablePeripheral)
                  00085074    00000017     rts2800_fpu32_eabi.lib : boot28.asm.obj (.text)
                  0008508b    00000016     driverlib_eabi.lib : sysctl.obj (.text:DCC_disableDoneSignal)
                  000850a1    00000016                        : sysctl.obj (.text:DCC_enableDoneSignal)
                  000850b7    00000016                        : interrupt.obj (.text:Interrupt_defaultHandler)
                  000850cd    00000015                        : sysctl.obj (.text:DCC_clearDoneFlag)
                  000850e2    00000015                        : sysctl.obj (.text:DCC_clearErrorFlag)
                  000850f7    00000015                        : sysctl.obj (.text:DCC_disableErrorSignal)
                  0008510c    00000015                        : sysctl.obj (.text:DCC_enableErrorSignal)
                  00085121    00000014     board.obj (.text:ACTIVE1_init)
                  00085135    00000014     board.obj (.text:ACTIVE2_init)
                  00085149    00000014     driverlib_eabi.lib : sysctl.obj (.text:DCC_disableModule)
                  0008515d    00000014                        : sysctl.obj (.text:DCC_enableModule)
                  00085171    00000014     board.obj (.text:DEBUG1_init)
                  00085185    00000014     board.obj (.text:DEBUG2_init)
                  00085199    00000014     board.obj (.text:FAN2_init)
                  000851ad    00000014     board.obj (.text:FAULT_INPUT1_init)
                  000851c1    00000014     board.obj (.text:FAULT_INPUT2_init)
                  000851d5    00000014     board.obj (.text:FAULT_OUTPUT_init)
                  000851e9    00000014     driverlib_eabi.lib : gpio.obj (.text:GPIO_isPinValid)
                  000851fd    00000014     board.obj (.text:PRIM_ZCD1_init)
                  00085211    00000014     board.obj (.text:PRIM_ZCD2_init)
                  00085225    00000014     board.obj (.text:SEC_ZCD1_init)
                  00085239    00000014     board.obj (.text:SEC_ZCD2_init)
                  0008524d    00000013     driverlib_eabi.lib : cputimer.obj (.text:CPUTimer_setEmulationMode)
                  00085260    00000013                        : sci.obj (.text:SCI_enableModule)
                  00085273    00000013                        : sci.obj (.text:SCI_isBaseValid)
                  00085286    00000011     board.obj (.text:EPWMXBAR_init)
                  00085297    00000010     driverlib_eabi.lib : sysctl.obj (.text:DCC_isBaseValid)
                  000852a7    00000010     device.obj (.text:Device_initGPIO)
                  000852b7    00000010     driverlib_eabi.lib : flash.obj (.text:Flash_isCtrlBaseValid)
                  000852c7    00000010                        : flash.obj (.text:Flash_isECCBaseValid)
                  000852d7    0000000f     CLLC_HAL.obj (.text:CLLC_HAL_setupADC)
                  000852e6    0000000f     driverlib_eabi.lib : pmbus.obj (.text:PMBus_isBaseValid)
                  000852f5    0000000f     board.obj (.text:PRIM_ZCD1_XINT_init)
                  00085304    0000000e     board.obj (.text:CMPSS7OUT_init)
                  00085312    0000000d     board.obj (.text:ASYSCTL_init)
                  0008531f    0000000d     board.obj (.text:CLB1H_init)
                  0008532c    0000000d     board.obj (.text:CLB1L_init)
                  00085339    0000000d     board.obj (.text:CLB2H_init)
                  00085346    0000000d     board.obj (.text:CLB2L_init)
                  00085353    0000000d     board.obj (.text:CMPSS2OUT_init)
                  00085360    0000000d     board.obj (.text:CMPSS3OUT_init)
                  0008536d    0000000d     main.obj (.text:INT_M_EPWM3_TZ_ISR)
                  0008537a    0000000d     driverlib_eabi.lib : interrupt.obj (.text:Interrupt_disableGlobal)
                  00085387    0000000d                        : interrupt.obj (.text:Interrupt_enableGlobal)
                  00085394    0000000d     rts2800_fpu32_eabi.lib : copy_zero_init.c.obj (.text:decompress:ZI:__TI_zero_init_nomemset)
                  000853a1    0000000c     board.obj (.text:CMPSS1OUT_init)
                  000853ad    0000000c     rts2800_fpu32_eabi.lib : args_main.c.obj (.text)
                  000853b9    0000000b     board.obj (.text:INPUTXBAR_init)
                  000853c4    0000000b     driverlib_eabi.lib : sysctl.obj (.text:SysCtl_isMCDClockFailureDetected)
                  000853cf    0000000a                        : interrupt.obj (.text:Interrupt_illegalOperationHandler)
                  000853d9    0000000a                        : interrupt.obj (.text:Interrupt_nmiHandler)
                  000853e3    00000009     CLLC_HAL.obj (.text:CLLC_HAL_disablePWMClkCounting)
                  000853ec    00000009     rts2800_fpu32_eabi.lib : _lock.c.obj (.text)
                  000853f5    00000008     State_machine.obj (.text:A2)
                  000853fd    00000008     CLLC_HAL.obj (.text:CLLC_HAL_enablePWMClkCounting)
                  00085405    00000008     rts2800_fpu32_eabi.lib : copy_decompress_none.c.obj (.text:decompress:none)
                  0008540d    00000008     f28004x_codestartbranch.obj (.text)
                  00085415    00000007     board.obj (.text:ADC_init)
                  0008541c    00000007     CLLC_HAL.obj (.text:CLLC_HAL_setPins)
                  00085423    00000007     CLLC_HAL.obj (.text:CLLC_HAL_setupPWM)
                  0008542a    00000007     board.obj (.text:CPUTIMER_init)
                  00085431    00000007     board.obj (.text:ECAP_init)
                  00085438    00000007     driverlib_eabi.lib : sysctl.obj (.text:SysCtl_resetMCD)
                  0008543f    00000006     board.obj (.text:EPWM1_CAP_init)
                  00085445    00000006     board.obj (.text:EPWM3_CAP_init)
                  0008544b    00000006     board.obj (.text:PZCD1_init)
                  00085451    00000006     board.obj (.text:TZ1_init)
                  00085457    00000006     board.obj (.text:TZ2_init)
                  0008545d    00000005     CLLC_HAL.obj (.text:CLLC_HAL_setupCPI)
                  00085462    00000005     CLLC_HAL.obj (.text:CLLC_HAL_setupFAN)
                  00085467    00000005     board.obj (.text:OUTPUTXBAR_init)
                  0008546c    00000002     rts2800_fpu32_eabi.lib : pre_init.c.obj (.text)
                  0008546e    00000001     CLLC_HAL.obj (.text:CLLC_HAL_setupLED)
                  0008546f    00000001     rts2800_fpu32_eabi.lib : startup.c.obj (.text)

MODULE SUMMARY

       Module                        code   ro data   rw data
       ------                        ----   -------   -------
    .\
       main.obj                      75     0         0      
    +--+-----------------------------+------+---------+---------+
       Total:                        75     0         0      
                                                             
    .\APP\
       CLLC.obj                      814    121       188    
    +--+-----------------------------+------+---------+---------+
       Total:                        814    121       188    
                                                             
    .\BoardHAL\
       CLLC_HAL.obj                  460    125       0      
       MY_DEBUG.obj                  542    0         0      
       State_machine.obj             85     0         14     
    +--+-----------------------------+------+---------+---------+
       Total:                        1087   125       14     
                                                             
    .\device\
       device.obj                    349    0         0      
       f28004x_codestartbranch.obj   10     0         0      
    +--+-----------------------------+------+---------+---------+
       Total:                        359    0         0      
                                                             
    .\syscfg\
       board.obj                     3765   62        0      
    +--+-----------------------------+------+---------+---------+
       Total:                        3765   62        0      
                                                             
    ../LIB/FPUfastRTS/rts2800_fpu32_fast_supplement_eabi.lib
       div_f32.obj                   25     0         0      
    +--+-----------------------------+------+---------+---------+
       Total:                        25     0         0      
                                                             
    C:\ti\C2000Ware_5_01_00_00\driverlib\f28004x\driverlib\ccs\Debug\driverlib_eabi.lib
       sysctl.obj                    1171   154       0      
       flash.obj                     618    155       0      
       gpio.obj                      458    152       0      
       pmbus.obj                     443    77        0      
       interrupt.obj                 419    81        0      
       sci.obj                       217    151       0      
       ecap.obj                      69     76        0      
       cputimer.obj                  42     80        0      
       xbar.obj                      93     0         0      
       adc.obj                       40     0         0      
    +--+-----------------------------+------+---------+---------+
       Total:                        3570   926       0      
                                                             
    C:\ti\ccstheia141\ccs\tools\compiler\ti-cgt-c2000_22.6.1A23259\lib\rts2800_fpu32_eabi.lib
       copy_decompress_lzss.c.obj    48     0         0      
       exit.c.obj                    41     0         6      
       autoinit.c.obj                43     0         0      
       memcpy.c.obj                  29     0         0      
       boot28.asm.obj                23     0         0      
       _lock.c.obj                   9      0         4      
       copy_zero_init.c.obj          13     0         0      
       args_main.c.obj               12     0         0      
       copy_decompress_none.c.obj    8      0         0      
       pre_init.c.obj                2      0         0      
       startup.c.obj                 1      0         0      
    +--+-----------------------------+------+---------+---------+
       Total:                        229    0         10     
                                                             
       Stack:                        0      0         1016   
       Linker Generated:             0      29        0      
    +--+-----------------------------+------+---------+---------+
       Grand Total:                  9924   1263      1228   


LINKER GENERATED COPY TABLES

__TI_cinit_table @ 00081142 records: 2, size/record: 4, table size: 8
	.data: load addr=0008112c, load size=0000000b bytes, run addr=0000a8c8, run size=0000000c bytes, compression=lzss
	.bss: load addr=0008113e, load size=00000004 bytes, run addr=0000a800, run size=000000c8 bytes, compression=zero_init


LINKER GENERATED HANDLER TABLE

__TI_handler_table @ 00081138 records: 3, size/record: 2, table size: 6
	index: 0, handler: __TI_zero_init
	index: 1, handler: __TI_decompress_lzss
	index: 2, handler: __TI_decompress_none


GLOBAL DATA SYMBOLS: SORTED BY DATA PAGE

address     data page           name
--------    ----------------    ----
00000400      10 (00000400)     __stack

0000a800     2a0 (0000a800)     CLLC_clooseGvLoop
0000a801     2a0 (0000a800)     CLLC_PRIM_TimeShift_ticks
0000a802     2a0 (0000a800)     CLLC_SEC_TimeShift_ticks
0000a803     2a0 (0000a800)     CLLC_PRIM_TimeShift_ticks_min
0000a804     2a0 (0000a800)     CLLC_PRIM_TimeShift_ticks_max
0000a805     2a0 (0000a800)     CLLC_SEC_TimeShift_ticks_min
0000a806     2a0 (0000a800)     CLLC_SEC_TimeShift_ticks_max
0000a808     2a0 (0000a800)     CLLC_powerFlowStateActive
0000a80a     2a0 (0000a800)     CLLC_powerFlowState
0000a80c     2a0 (0000a800)     CLLC_commandSentTo_AC_DC
0000a80e     2a0 (0000a800)     CLLC_commandSentFrom_DC_DC
0000a810     2a0 (0000a800)     CLLC_gvPrim2Sec_out
0000a812     2a0 (0000a800)     CLLC_gvSec2Prim_out
0000a814     2a0 (0000a800)     CLLC_iPrimMAINSensed_Amps
0000a816     2a0 (0000a800)     CLLC_iPrimSECONDARYSensed_Amps
0000a818     2a0 (0000a800)     CLLC_vPrimSensed_Volts
0000a81a     2a0 (0000a800)     CLLC_vPrimRef_Volts
0000a81c     2a0 (0000a800)     CLLC_iPrimMAINSensed_pu
0000a81e     2a0 (0000a800)     CLLC_iPrimSECONDARYSensed_pu
0000a820     2a0 (0000a800)     CLLC_vPrimSensed_pu
0000a822     2a0 (0000a800)     CLLC_vPrimRef_pu
0000a824     2a0 (0000a800)     CLLC_vPrimRefSlewed_pu
0000a826     2a0 (0000a800)     CLLC_iPrimMAINSensedOffset_pu
0000a828     2a0 (0000a800)     CLLC_iPrimSECONDARYSensedOffset_pu
0000a82a     2a0 (0000a800)     CLLC_vPrimSensedOffset_pu
0000a82c     2a0 (0000a800)     CLLC_iPrimMAINTankSensedOffset_pu
0000a82e     2a0 (0000a800)     CLLC_iPrimSECONDARYTankSensedOffset_pu
0000a830     2a0 (0000a800)     CLLC_iSecMAINSensed_Amps
0000a832     2a0 (0000a800)     CLLC_iSecSECONDARYSensed_Amps
0000a834     2a0 (0000a800)     CLLC_vSecSensed_Volts
0000a836     2a0 (0000a800)     CLLC_vSecRef_Volts
0000a838     2a0 (0000a800)     CLLC_iSecMAINSensed_pu
0000a83a     2a0 (0000a800)     CLLC_iSecSECONDARYSensed_pu
0000a83c     2a0 (0000a800)     CLLC_vSecSensed_pu
0000a83e     2a0 (0000a800)     CLLC_vSecRef_pu

0000a840     2a1 (0000a840)     CLLC_vSecRefSlewed_pu
0000a842     2a1 (0000a840)     CLLC_iSecMAINSensedOffset_pu
0000a844     2a1 (0000a840)     CLLC_iSecSECONDARYSensedOffset_pu
0000a846     2a1 (0000a840)     CLLC_vSecSensedOffset_pu
0000a848     2a1 (0000a840)     CLLC_iSecMAINTankSensedOffset_pu
0000a84a     2a1 (0000a840)     CLLC_iSecSECONDARYTankSensedOffset_pu
0000a84c     2a1 (0000a840)     CLLC_PRIMPWM
0000a850     2a1 (0000a840)     CLLC_SECPWM
0000a854     2a1 (0000a840)     CLLC_iPrimMAINSensedAvg_pu
0000a858     2a1 (0000a840)     CLLC_iPrimSECONDARYSensedAvg_pu
0000a85c     2a1 (0000a840)     CLLC_vPrimSensedAvg_pu
0000a860     2a1 (0000a840)     CLLC_iSecMAINSensedAvg_pu
0000a864     2a1 (0000a840)     CLLC_iSecSECONDARYSensedAvg_pu
0000a868     2a1 (0000a840)     CLLC_vSecSensedAvg_pu
0000a86c     2a1 (0000a840)     CLLC_systemState

0000a880     2a2 (0000a880)     CLLC_tripFlag
0000a88e     2a2 (0000a880)     CLLC_gvPrim2Sec
0000a8a4     2a2 (0000a880)     CLLC_gvSec2Prim
0000a8ba     2a2 (0000a880)     Alpha_State_Ptr
0000a8bc     2a2 (0000a880)     A_Task_Ptr
0000a8be     2a2 (0000a880)     B_Task_Ptr

0000a8c0     2a3 (0000a8c0)     vTimer0
0000a8c4     2a3 (0000a8c0)     vTimer1
0000a8c8     2a3 (0000a8c0)     __TI_enable_exit_profile_output
0000a8ca     2a3 (0000a8c0)     __TI_cleanup_ptr
0000a8cc     2a3 (0000a8c0)     __TI_dtors_ptr
0000a8ce     2a3 (0000a8c0)     CLLC_PRIM_COMPA
0000a8cf     2a3 (0000a8c0)     CLLC_SEC_COMPA
0000a8d0     2a3 (0000a8c0)     _lock
0000a8d2     2a3 (0000a8c0)     _unlock


GLOBAL SYMBOLS: SORTED ALPHABETICALLY BY Name 

page  address   name                                  
----  -------   ----                                  
0     00083fa0  A0                                    
0     00083ec6  A1                                    
0     000853f5  A2                                    
0     00085121  ACTIVE1_init                          
0     00085135  ACTIVE2_init                          
0     00085415  ADC_init                              
0     00083d6f  ADC_setOffsetTrimAll                  
0     00085312  ASYSCTL_init                          
1     0000a8bc  A_Task_Ptr                            
1     0000a8ba  Alpha_State_Ptr                       
0     00083fb8  B0                                    
1     0000a8be  B_Task_Ptr                            
0     00083d46  C$$EXIT                               
0     0008531f  CLB1H_init                            
0     0008532c  CLB1L_init                            
0     00085339  CLB2H_init                            
0     00085346  CLB2L_init                            
0     00082cbf  CLLC_HAL_ClaADCOffset                 
0     000826f2  CLLC_HAL_DEBUG_Transnit               
0     000853e3  CLLC_HAL_disablePWMClkCounting        
0     000853fd  CLLC_HAL_enablePWMClkCounting         
0     0008541c  CLLC_HAL_setPins                      
0     000852d7  CLLC_HAL_setupADC                     
0     000832ea  CLLC_HAL_setupBoardProtection         
0     0008545d  CLLC_HAL_setupCPI                     
0     00083877  CLLC_HAL_setupDevice                  
0     00085462  CLLC_HAL_setupFAN                     
0     0008546e  CLLC_HAL_setupLED                     
0     00085423  CLLC_HAL_setupPWM                     
1     0000a84c  CLLC_PRIMPWM                          
1     0000a8ce  CLLC_PRIM_COMPA                       
1     0000a801  CLLC_PRIM_TimeShift_ticks             
1     0000a804  CLLC_PRIM_TimeShift_ticks_max         
1     0000a803  CLLC_PRIM_TimeShift_ticks_min         
1     0000a850  CLLC_SECPWM                           
1     0000a8cf  CLLC_SEC_COMPA                        
1     0000a802  CLLC_SEC_TimeShift_ticks              
1     0000a806  CLLC_SEC_TimeShift_ticks_max          
1     0000a805  CLLC_SEC_TimeShift_ticks_min          
1     0000a800  CLLC_clooseGvLoop                     
1     0000a80e  CLLC_commandSentFrom_DC_DC            
1     0000a80c  CLLC_commandSentTo_AC_DC              
1     0000a88e  CLLC_gvPrim2Sec                       
1     0000a810  CLLC_gvPrim2Sec_out                   
1     0000a8a4  CLLC_gvSec2Prim                       
1     0000a812  CLLC_gvSec2Prim_out                   
1     0000a854  CLLC_iPrimMAINSensedAvg_pu            
1     0000a826  CLLC_iPrimMAINSensedOffset_pu         
1     0000a814  CLLC_iPrimMAINSensed_Amps             
1     0000a81c  CLLC_iPrimMAINSensed_pu               
1     0000a82c  CLLC_iPrimMAINTankSensedOffset_pu     
1     0000a858  CLLC_iPrimSECONDARYSensedAvg_pu       
1     0000a828  CLLC_iPrimSECONDARYSensedOffset_pu    
1     0000a816  CLLC_iPrimSECONDARYSensed_Amps        
1     0000a81e  CLLC_iPrimSECONDARYSensed_pu          
1     0000a82e  CLLC_iPrimSECONDARYTankSensedOffset_pu
1     0000a860  CLLC_iSecMAINSensedAvg_pu             
1     0000a842  CLLC_iSecMAINSensedOffset_pu          
1     0000a830  CLLC_iSecMAINSensed_Amps              
1     0000a838  CLLC_iSecMAINSensed_pu                
1     0000a848  CLLC_iSecMAINTankSensedOffset_pu      
1     0000a864  CLLC_iSecSECONDARYSensedAvg_pu        
1     0000a844  CLLC_iSecSECONDARYSensedOffset_pu     
1     0000a832  CLLC_iSecSECONDARYSensed_Amps         
1     0000a83a  CLLC_iSecSECONDARYSensed_pu           
1     0000a84a  CLLC_iSecSECONDARYTankSensedOffset_pu 
0     000830bd  CLLC_initGlobalVariables              
1     0000a80a  CLLC_powerFlowState                   
1     0000a808  CLLC_powerFlowStateActive             
1     0000a86c  CLLC_systemState                      
1     0000a880  CLLC_tripFlag                         
1     0000a824  CLLC_vPrimRefSlewed_pu                
1     0000a81a  CLLC_vPrimRef_Volts                   
1     0000a822  CLLC_vPrimRef_pu                      
1     0000a85c  CLLC_vPrimSensedAvg_pu                
1     0000a82a  CLLC_vPrimSensedOffset_pu             
1     0000a818  CLLC_vPrimSensed_Volts                
1     0000a820  CLLC_vPrimSensed_pu                   
1     0000a840  CLLC_vSecRefSlewed_pu                 
1     0000a836  CLLC_vSecRef_Volts                    
1     0000a83e  CLLC_vSecRef_pu                       
1     0000a868  CLLC_vSecSensedAvg_pu                 
1     0000a846  CLLC_vSecSensedOffset_pu              
1     0000a834  CLLC_vSecSensed_Volts                 
1     0000a83c  CLLC_vSecSensed_pu                    
0     00083f39  CMPSS1OUT0_init                       
0     000853a1  CMPSS1OUT_init                        
0     00085353  CMPSS2OUT_init                        
0     00085360  CMPSS3OUT_init                        
0     00085304  CMPSS7OUT_init                        
0     0008542a  CPUTIMER_init                         
0     0008524d  CPUTimer_setEmulationMode             
0     00085171  DEBUG1_init                           
0     00085185  DEBUG2_init                           
0     0008344b  DEBUG_init                            
0     00082d99  Device_enableAllPeripherals           
0     000833d8  Device_init                           
0     000852a7  Device_initGPIO                       
0     00085431  ECAP_init                             
0     00083e8a  ECAP_setEmulationMode                 
0     00083166  EPWM1A_ECAP_init                      
0     0008543f  EPWM1_CAP_init                        
0     000831e9  EPWM3A_ECAP_init                      
0     00085445  EPWM3_CAP_init                        
0     00085286  EPWMXBAR_init                         
0     00082000  EPWM_init                             
0     00083f53  FAN1_init                             
0     00085199  FAN2_init                             
0     0008396e  FAN_PWM_init                          
0     000851ad  FAULT_INPUT1_init                     
0     000851c1  FAULT_INPUT2_init                     
0     000851d5  FAULT_OUTPUT_init                     
0     00008000  Flash_initModule                      
0     00083ee3  GPIO_init                             
0     000839e4  GPIO_setAnalogMode                    
0     00083a1e  GPIO_setControllerCore                
0     00083bff  GPIO_setDirectionMode                 
0     00083b30  GPIO_setInterruptPin                  
0     00083628  GPIO_setPadConfig                     
0     00083a55  GPIO_setPinConfig                     
0     00083a8c  GPIO_setQualificationMode             
0     000853b9  INPUTXBAR_init                        
0     0008502f  INTERRUPT_init                        
0     0008536d  INT_M_EPWM3_TZ_ISR                    
0     00083b64  ISR1_PZCD                             
0     00083bcc  ISR1_SZCD                             
0     00082ba8  ISR2_TIMER0                           
0     000850b7  Interrupt_defaultHandler              
0     0008367a  Interrupt_disable                     
0     00083ac3  Interrupt_enable                      
0     000853cf  Interrupt_illegalOperationHandler     
0     00083931  Interrupt_initModule                  
0     00083ea8  Interrupt_initVectorTable             
0     000853d9  Interrupt_nmiHandler                  
0     00082e70  MULT_CLLL_checkPowerFlow              
0     000836c8  M_ADC_A_init                          
0     000835d0  M_ADC_B_init                          
0     00083716  M_ADC_C_init                          
0     00085467  OUTPUTXBAR_init                       
0     00083836  PMBUS_init                            
0     00082a8f  PMBus_configBusClock                  
0     000834b4  PMBus_configModuleClock               
0     00083cee  PMBus_initControllerMode              
0     000852f5  PRIM_ZCD1_XINT_init                   
0     000851fd  PRIM_ZCD1_init                        
0     00085211  PRIM_ZCD2_init                        
0     0008544b  PZCD1_init                            
0     00082910  PinMux_init                           
0     00081129  RamfuncsLoadEnd                       
abs   00000129  RamfuncsLoadSize                      
0     00081000  RamfuncsLoadStart                     
0     00008129  RamfuncsRunEnd                        
abs   00000129  RamfuncsRunSize                       
0     00008000  RamfuncsRunStart                      
0     000837ac  SCI_clearInterruptStatus              
0     0008344b  SCI_init                              
0     000838b5  SCI_setConfig                         
0     00085225  SEC_ZCD1_init                         
0     00085239  SEC_ZCD2_init                         
0     00085046  STATUS1_init                          
0     00085000  STATUS2_init                          
0     00083c30  SYNC_init                             
0     00008125  SysCtl_delay                          
0     0008351a  SysCtl_getClock                       
0     00083f6d  SysCtl_getLowSpeedClock               
0     00083000  SysCtl_isPLLValid                     
0     00083763  SysCtl_selectOscSource                
0     00083afa  SysCtl_selectXTAL                     
0     00083e2c  SysCtl_selectXTALSingleEnded          
0     00082f3d  SysCtl_setClock                       
0     00085451  TZ1_init                              
0     00085457  TZ2_init                              
0     00083c91  XBAR_setEPWMMuxConfig                 
0     00083cc0  XBAR_setOutputMuxConfig               
0     000852f5  XINT_init                             
0     00081142  __TI_CINIT_Base                       
0     0008114a  __TI_CINIT_Limit                      
0     0008114a  __TI_CINIT_Warm                       
0     00081138  __TI_Handler_Table_Base               
0     0008113e  __TI_Handler_Table_Limit              
1     000007f8  __TI_STACK_END                        
abs   000003f8  __TI_STACK_SIZE                       
0     00083d1b  __TI_auto_init_nobinit_nopinit        
1     0000a8ca  __TI_cleanup_ptr                      
0     00083c61  __TI_decompress_lzss                  
0     00085405  __TI_decompress_none                  
1     0000a8cc  __TI_dtors_ptr                        
1     0000a8c8  __TI_enable_exit_profile_output       
abs   ffffffff  __TI_pprof_out_hndl                   
abs   ffffffff  __TI_prof_data_size                   
abs   ffffffff  __TI_prof_data_start                  
0     00085394  __TI_zero_init_nomemset               
0     00083f87  __c28xabi_divf                        
n/a   UNDEFED   __c_args__                            
0     00082ffd  __error__                             
1     00000400  __stack                               
0     000853ad  _args_main                            
0     00085074  _c_int00                              
1     0000a8d0  _lock                                 
0     000853f4  _nop                                  
0     000853f0  _register_lock                        
0     000853ec  _register_unlock                      
0     0008546f  _system_post_cinit                    
0     0008546c  _system_pre_init                      
1     0000a8d2  _unlock                               
0     00083d46  abort                                 
0     00080000  code_start                            
0     00083d48  exit                                  
0     000838f3  main                                  
0     00083f00  memcpy                                
0     00083dbe  myCPUTIMER0_init                      
0     00083e08  myCPUTIMER1_init                      
0     00083b98  myCPUTIMER2_init                      
0     00083836  myPMBUS0_init                         
1     0000a8c0  vTimer0                               
1     0000a8c4  vTimer1                               


GLOBAL SYMBOLS: SORTED BY Symbol Address 

page  address   name                                  
----  -------   ----                                  
0     00008000  Flash_initModule                      
0     00008000  RamfuncsRunStart                      
0     00008125  SysCtl_delay                          
0     00008129  RamfuncsRunEnd                        
0     00080000  code_start                            
0     00081000  RamfuncsLoadStart                     
0     00081129  RamfuncsLoadEnd                       
0     00081138  __TI_Handler_Table_Base               
0     0008113e  __TI_Handler_Table_Limit              
0     00081142  __TI_CINIT_Base                       
0     0008114a  __TI_CINIT_Limit                      
0     0008114a  __TI_CINIT_Warm                       
0     00082000  EPWM_init                             
0     000826f2  CLLC_HAL_DEBUG_Transnit               
0     00082910  PinMux_init                           
0     00082a8f  PMBus_configBusClock                  
0     00082ba8  ISR2_TIMER0                           
0     00082cbf  CLLC_HAL_ClaADCOffset                 
0     00082d99  Device_enableAllPeripherals           
0     00082e70  MULT_CLLL_checkPowerFlow              
0     00082f3d  SysCtl_setClock                       
0     00082ffd  __error__                             
0     00083000  SysCtl_isPLLValid                     
0     000830bd  CLLC_initGlobalVariables              
0     00083166  EPWM1A_ECAP_init                      
0     000831e9  EPWM3A_ECAP_init                      
0     000832ea  CLLC_HAL_setupBoardProtection         
0     000833d8  Device_init                           
0     0008344b  DEBUG_init                            
0     0008344b  SCI_init                              
0     000834b4  PMBus_configModuleClock               
0     0008351a  SysCtl_getClock                       
0     000835d0  M_ADC_B_init                          
0     00083628  GPIO_setPadConfig                     
0     0008367a  Interrupt_disable                     
0     000836c8  M_ADC_A_init                          
0     00083716  M_ADC_C_init                          
0     00083763  SysCtl_selectOscSource                
0     000837ac  SCI_clearInterruptStatus              
0     00083836  PMBUS_init                            
0     00083836  myPMBUS0_init                         
0     00083877  CLLC_HAL_setupDevice                  
0     000838b5  SCI_setConfig                         
0     000838f3  main                                  
0     00083931  Interrupt_initModule                  
0     0008396e  FAN_PWM_init                          
0     000839e4  GPIO_setAnalogMode                    
0     00083a1e  GPIO_setControllerCore                
0     00083a55  GPIO_setPinConfig                     
0     00083a8c  GPIO_setQualificationMode             
0     00083ac3  Interrupt_enable                      
0     00083afa  SysCtl_selectXTAL                     
0     00083b30  GPIO_setInterruptPin                  
0     00083b64  ISR1_PZCD                             
0     00083b98  myCPUTIMER2_init                      
0     00083bcc  ISR1_SZCD                             
0     00083bff  GPIO_setDirectionMode                 
0     00083c30  SYNC_init                             
0     00083c61  __TI_decompress_lzss                  
0     00083c91  XBAR_setEPWMMuxConfig                 
0     00083cc0  XBAR_setOutputMuxConfig               
0     00083cee  PMBus_initControllerMode              
0     00083d1b  __TI_auto_init_nobinit_nopinit        
0     00083d46  C$$EXIT                               
0     00083d46  abort                                 
0     00083d48  exit                                  
0     00083d6f  ADC_setOffsetTrimAll                  
0     00083dbe  myCPUTIMER0_init                      
0     00083e08  myCPUTIMER1_init                      
0     00083e2c  SysCtl_selectXTALSingleEnded          
0     00083e8a  ECAP_setEmulationMode                 
0     00083ea8  Interrupt_initVectorTable             
0     00083ec6  A1                                    
0     00083ee3  GPIO_init                             
0     00083f00  memcpy                                
0     00083f39  CMPSS1OUT0_init                       
0     00083f53  FAN1_init                             
0     00083f6d  SysCtl_getLowSpeedClock               
0     00083f87  __c28xabi_divf                        
0     00083fa0  A0                                    
0     00083fb8  B0                                    
0     00085000  STATUS2_init                          
0     0008502f  INTERRUPT_init                        
0     00085046  STATUS1_init                          
0     00085074  _c_int00                              
0     000850b7  Interrupt_defaultHandler              
0     00085121  ACTIVE1_init                          
0     00085135  ACTIVE2_init                          
0     00085171  DEBUG1_init                           
0     00085185  DEBUG2_init                           
0     00085199  FAN2_init                             
0     000851ad  FAULT_INPUT1_init                     
0     000851c1  FAULT_INPUT2_init                     
0     000851d5  FAULT_OUTPUT_init                     
0     000851fd  PRIM_ZCD1_init                        
0     00085211  PRIM_ZCD2_init                        
0     00085225  SEC_ZCD1_init                         
0     00085239  SEC_ZCD2_init                         
0     0008524d  CPUTimer_setEmulationMode             
0     00085286  EPWMXBAR_init                         
0     000852a7  Device_initGPIO                       
0     000852d7  CLLC_HAL_setupADC                     
0     000852f5  PRIM_ZCD1_XINT_init                   
0     000852f5  XINT_init                             
0     00085304  CMPSS7OUT_init                        
0     00085312  ASYSCTL_init                          
0     0008531f  CLB1H_init                            
0     0008532c  CLB1L_init                            
0     00085339  CLB2H_init                            
0     00085346  CLB2L_init                            
0     00085353  CMPSS2OUT_init                        
0     00085360  CMPSS3OUT_init                        
0     0008536d  INT_M_EPWM3_TZ_ISR                    
0     00085394  __TI_zero_init_nomemset               
0     000853a1  CMPSS1OUT_init                        
0     000853ad  _args_main                            
0     000853b9  INPUTXBAR_init                        
0     000853cf  Interrupt_illegalOperationHandler     
0     000853d9  Interrupt_nmiHandler                  
0     000853e3  CLLC_HAL_disablePWMClkCounting        
0     000853ec  _register_unlock                      
0     000853f0  _register_lock                        
0     000853f4  _nop                                  
0     000853f5  A2                                    
0     000853fd  CLLC_HAL_enablePWMClkCounting         
0     00085405  __TI_decompress_none                  
0     00085415  ADC_init                              
0     0008541c  CLLC_HAL_setPins                      
0     00085423  CLLC_HAL_setupPWM                     
0     0008542a  CPUTIMER_init                         
0     00085431  ECAP_init                             
0     0008543f  EPWM1_CAP_init                        
0     00085445  EPWM3_CAP_init                        
0     0008544b  PZCD1_init                            
0     00085451  TZ1_init                              
0     00085457  TZ2_init                              
0     0008545d  CLLC_HAL_setupCPI                     
0     00085462  CLLC_HAL_setupFAN                     
0     00085467  OUTPUTXBAR_init                       
0     0008546c  _system_pre_init                      
0     0008546e  CLLC_HAL_setupLED                     
0     0008546f  _system_post_cinit                    
1     00000400  __stack                               
1     000007f8  __TI_STACK_END                        
1     0000a800  CLLC_clooseGvLoop                     
1     0000a801  CLLC_PRIM_TimeShift_ticks             
1     0000a802  CLLC_SEC_TimeShift_ticks              
1     0000a803  CLLC_PRIM_TimeShift_ticks_min         
1     0000a804  CLLC_PRIM_TimeShift_ticks_max         
1     0000a805  CLLC_SEC_TimeShift_ticks_min          
1     0000a806  CLLC_SEC_TimeShift_ticks_max          
1     0000a808  CLLC_powerFlowStateActive             
1     0000a80a  CLLC_powerFlowState                   
1     0000a80c  CLLC_commandSentTo_AC_DC              
1     0000a80e  CLLC_commandSentFrom_DC_DC            
1     0000a810  CLLC_gvPrim2Sec_out                   
1     0000a812  CLLC_gvSec2Prim_out                   
1     0000a814  CLLC_iPrimMAINSensed_Amps             
1     0000a816  CLLC_iPrimSECONDARYSensed_Amps        
1     0000a818  CLLC_vPrimSensed_Volts                
1     0000a81a  CLLC_vPrimRef_Volts                   
1     0000a81c  CLLC_iPrimMAINSensed_pu               
1     0000a81e  CLLC_iPrimSECONDARYSensed_pu          
1     0000a820  CLLC_vPrimSensed_pu                   
1     0000a822  CLLC_vPrimRef_pu                      
1     0000a824  CLLC_vPrimRefSlewed_pu                
1     0000a826  CLLC_iPrimMAINSensedOffset_pu         
1     0000a828  CLLC_iPrimSECONDARYSensedOffset_pu    
1     0000a82a  CLLC_vPrimSensedOffset_pu             
1     0000a82c  CLLC_iPrimMAINTankSensedOffset_pu     
1     0000a82e  CLLC_iPrimSECONDARYTankSensedOffset_pu
1     0000a830  CLLC_iSecMAINSensed_Amps              
1     0000a832  CLLC_iSecSECONDARYSensed_Amps         
1     0000a834  CLLC_vSecSensed_Volts                 
1     0000a836  CLLC_vSecRef_Volts                    
1     0000a838  CLLC_iSecMAINSensed_pu                
1     0000a83a  CLLC_iSecSECONDARYSensed_pu           
1     0000a83c  CLLC_vSecSensed_pu                    
1     0000a83e  CLLC_vSecRef_pu                       
1     0000a840  CLLC_vSecRefSlewed_pu                 
1     0000a842  CLLC_iSecMAINSensedOffset_pu          
1     0000a844  CLLC_iSecSECONDARYSensedOffset_pu     
1     0000a846  CLLC_vSecSensedOffset_pu              
1     0000a848  CLLC_iSecMAINTankSensedOffset_pu      
1     0000a84a  CLLC_iSecSECONDARYTankSensedOffset_pu 
1     0000a84c  CLLC_PRIMPWM                          
1     0000a850  CLLC_SECPWM                           
1     0000a854  CLLC_iPrimMAINSensedAvg_pu            
1     0000a858  CLLC_iPrimSECONDARYSensedAvg_pu       
1     0000a85c  CLLC_vPrimSensedAvg_pu                
1     0000a860  CLLC_iSecMAINSensedAvg_pu             
1     0000a864  CLLC_iSecSECONDARYSensedAvg_pu        
1     0000a868  CLLC_vSecSensedAvg_pu                 
1     0000a86c  CLLC_systemState                      
1     0000a880  CLLC_tripFlag                         
1     0000a88e  CLLC_gvPrim2Sec                       
1     0000a8a4  CLLC_gvSec2Prim                       
1     0000a8ba  Alpha_State_Ptr                       
1     0000a8bc  A_Task_Ptr                            
1     0000a8be  B_Task_Ptr                            
1     0000a8c0  vTimer0                               
1     0000a8c4  vTimer1                               
1     0000a8c8  __TI_enable_exit_profile_output       
1     0000a8ca  __TI_cleanup_ptr                      
1     0000a8cc  __TI_dtors_ptr                        
1     0000a8ce  CLLC_PRIM_COMPA                       
1     0000a8cf  CLLC_SEC_COMPA                        
1     0000a8d0  _lock                                 
1     0000a8d2  _unlock                               
abs   00000129  RamfuncsLoadSize                      
abs   00000129  RamfuncsRunSize                       
abs   000003f8  __TI_STACK_SIZE                       
abs   ffffffff  __TI_pprof_out_hndl                   
abs   ffffffff  __TI_prof_data_size                   
abs   ffffffff  __TI_prof_data_start                  
n/a   UNDEFED   __c_args__                            

[216 symbols]
