******************************************************************************
             TMS320C2000 Linker PC v22.6.1                     
******************************************************************************
>> Linked Sun Sep 22 21:32:47 2024

OUTPUT FILE NAME:   <Multiphase-Interleaved-CLLC.out>
ENTRY POINT SYMBOL: "code_start"  address: 00080000


MEMORY CONFIGURATION

         name            origin    length      used     unused   attr    fill
----------------------  --------  ---------  --------  --------  ----  --------
PAGE 0:
  RAMM0                 000000f6   0000030a  00000000  0000030a  RWIX
  RAMLS0                00008000   00000800  00000129  000006d7  RWIX
  RAMLS1                00008800   00000800  00000000  00000800  RWIX
  RAMLS2                00009000   00000800  00000000  00000800  RWIX
  RAMLS3                00009800   00000800  00000000  00000800  RWIX
  RAMLS4                0000a000   00000800  00000000  00000800  RWIX
  BEGIN                 00080000   00000002  00000002  00000000  RWIX
  FLASH_BANK0_SEC0      00080002   00000ffe  00000000  00000ffe  RWIX
  FLASH_BANK0_SEC1      00081000   00001000  00000147  00000eb9  RWIX
  FLASH_BANK0_SEC2      00082000   00001000  00001000  00000000  RWIX
  FLASH_BANK0_SEC3      00083000   00001000  00001000  00000000  RWIX
  FLASH_BANK0_SEC4      00084000   00001000  00000524  00000adc  RWIX
  FLASH_BANK0_SEC5      00085000   00001000  0000048f  00000b71  RWIX
  FLASH_BANK0_SEC6      00086000   00001000  00000000  00001000  RWIX
  FLASH_BANK0_SEC7      00087000   00001000  00000000  00001000  RWIX
  FLASH_BANK0_SEC8      00088000   00001000  00000000  00001000  RWIX
  FLASH_BANK0_SEC9      00089000   00001000  00000000  00001000  RWIX
  FLASH_BANK0_SEC10     0008a000   00001000  00000000  00001000  RWIX
  FLASH_BANK0_SEC11     0008b000   00001000  00000000  00001000  RWIX
  FLASH_BANK0_SEC12     0008c000   00001000  00000000  00001000  RWIX
  FLASH_BANK0_SEC13     0008d000   00001000  00000000  00001000  RWIX
  FLASH_BANK0_SEC14     0008e000   00001000  00000000  00001000  RWIX
  FLASH_BANK0_SEC15     0008f000   00001000  00000000  00001000  RWIX
  FLASH_BANK1_SEC0      00090000   00001000  00000000  00001000  RWIX
  FLASH_BANK1_SEC1      00091000   00001000  00000000  00001000  RWIX
  FLASH_BANK1_SEC2      00092000   00001000  00000000  00001000  RWIX
  FLASH_BANK1_SEC3      00093000   00001000  00000000  00001000  RWIX
  FLASH_BANK1_SEC4      00094000   00001000  00000000  00001000  RWIX
  FLASH_BANK1_SEC5      00095000   00001000  00000000  00001000  RWIX
  FLASH_BANK1_SEC6      00096000   00001000  00000000  00001000  RWIX
  FLASH_BANK1_SEC7      00097000   00001000  00000000  00001000  RWIX
  FLASH_BANK1_SEC8      00098000   00001000  00000000  00001000  RWIX
  FLASH_BANK1_SEC9      00099000   00001000  00000000  00001000  RWIX
  FLASH_BANK1_SEC10     0009a000   00001000  00000000  00001000  RWIX
  FLASH_BANK1_SEC11     0009b000   00001000  00000000  00001000  RWIX
  FLASH_BANK1_SEC12     0009c000   00001000  00000000  00001000  RWIX
  FLASH_BANK1_SEC13     0009d000   00001000  00000000  00001000  RWIX
  FLASH_BANK1_SEC14     0009e000   00001000  00000000  00001000  RWIX
  FLASH_BANK1_SEC15     0009f000   00000ff0  00000000  00000ff0  RWIX
  RESET                 003fffc0   00000002  00000000  00000002  RWIX

PAGE 1:
  BOOT_RSVD             00000002   000000f1  00000000  000000f1  RWIX
  RAMM1                 00000400   000003f8  000003f8  00000000  RWIX
  RAMLS5                0000a800   00000800  000000d6  0000072a  RWIX
  RAMLS6                0000b000   00000800  00000000  00000800  RWIX
  RAMLS7                0000b800   00000800  00000000  00000800  RWIX
  RAMGS0                0000c000   00002000  00000000  00002000  RWIX
  RAMGS1                0000e000   00002000  00000000  00002000  RWIX
  RAMGS2                00010000   00002000  00000000  00002000  RWIX
  RAMGS3                00012000   00001ff8  00000000  00001ff8  RWIX


SECTION ALLOCATION MAP

 output                                  attributes/
section   page    origin      length       input sections
--------  ----  ----------  ----------   ----------------
codestart 
*          0    00080000    00000002     
                  00080000    00000002     f28004x_codestartbranch.obj (codestart)

.cinit     0    0008112c    0000001e     
                  0008112c    0000000c     (.cinit..data.load) [load image, compression = lzss]
                  00081138    00000006     (__TI_handler_table)
                  0008113e    00000004     (.cinit..bss.load) [load image, compression = zero_init]
                  00081142    00000008     (__TI_cinit_table)

.reset     0    003fffc0    00000000     DSECT

.stack     1    00000400    000003f8     UNINITIALIZED
                  00000400    000003f8     --HOLE--

.init_array 
*          0    00081000    00000000     UNINITIALIZED

.bss       1    0000a800    000000c8     UNINITIALIZED
                  0000a800    000000ba     CLLC.obj (.bss)
                  0000a8ba    00000006     State_machine.obj (.bss)
                  0000a8c0    00000004     State_machine.obj (.bss:vTimer0)
                  0000a8c4    00000004     State_machine.obj (.bss:vTimer1)

.data      1    0000a8c8    0000000e     UNINITIALIZED
                  0000a8c8    00000006     rts2800_fpu32_eabi.lib : exit.c.obj (.data)
                  0000a8ce    00000003     CLLC.obj (.data)
                  0000a8d1    00000001     --HOLE--
                  0000a8d2    00000002     rts2800_fpu32_eabi.lib : _lock.c.obj (.data:_lock)
                  0000a8d4    00000002                            : _lock.c.obj (.data:_unlock)

.const     0    00084000    00000524     
                  00084000    0000009b     driverlib_eabi.lib : flash.obj (.const:.string)
                  0008409b    00000001     --HOLE-- [fill = 0]
                  0008409c    0000009a                        : sysctl.obj (.const:.string)
                  00084136    00000098                        : gpio.obj (.const:.string)
                  000841ce    00000097                        : sci.obj (.const:.string)
                  00084265    00000001     --HOLE-- [fill = 0]
                  00084266    00000051                        : interrupt.obj (.const:.string)
                  000842b7    00000001     --HOLE-- [fill = 0]
                  000842b8    00000050                        : cputimer.obj (.const:.string)
                  00084308    0000004d                        : pmbus.obj (.const:.string)
                  00084355    00000001     --HOLE-- [fill = 0]
                  00084356    0000004c                        : ecap.obj (.const:.string)
                  000843a2    0000004b                        : adc.obj (.const:.string)
                  000843ed    00000001     --HOLE-- [fill = 0]
                  000843ee    0000003e     board.obj (.const:.string)
                  0008442c    0000003d     CLLC.obj (.const:.string)
                  00084469    00000001     --HOLE-- [fill = 0]
                  0008446a    0000003d     CLLC_HAL.obj (.const:.string)
                  000844a7    00000001     --HOLE-- [fill = 0]
                  000844a8    0000003c     CLLC.obj (.const:$P$T8$1)
                  000844e4    00000030     CLLC_HAL.obj (.const:$P$T8$1)
                  00084514    00000010     CLLC_HAL.obj (.const:$P$T9$2)

.TI.ramfunc 
*          0    00081000    00000129     RUN ADDR = 00008000
                  00081000    00000044     driverlib_eabi.lib : flash.obj (.TI.ramfunc:Flash_initModule)
                  00081044    0000002c                        : flash.obj (.TI.ramfunc:Flash_setBankPowerMode)
                  00081070    00000024                        : flash.obj (.TI.ramfunc:Flash_setWaitstates)
                  00081094    0000001d                        : flash.obj (.TI.ramfunc:Flash_setPumpPowerMode)
                  000810b1    00000018                        : flash.obj (.TI.ramfunc:Flash_disableCache)
                  000810c9    00000018                        : flash.obj (.TI.ramfunc:Flash_disablePrefetch)
                  000810e1    00000017                        : flash.obj (.TI.ramfunc:Flash_enableCache)
                  000810f8    00000017                        : flash.obj (.TI.ramfunc:Flash_enablePrefetch)
                  0008110f    00000016                        : flash.obj (.TI.ramfunc:Flash_enableECC)
                  00081125    00000004                        : sysctl.obj (.TI.ramfunc)

.text.1    0    00082000    00001000     
                  00082000    00000782     board.obj (.text:EPWM_init)
                  00082782    0000017f     board.obj (.text:PinMux_init)
                  00082901    00000125     CLLC.obj (.text:ISR2_TIMER0)
                  00082a26    00000119     driverlib_eabi.lib : pmbus.obj (.text:PMBus_configBusClock)
                  00082b3f    000000da     CLLC_HAL.obj (.text:CLLC_HAL_ClaADCOffset)
                  00082c19    000000d7     device.obj (.text:Device_enableAllPeripherals)
                  00082cf0    000000cd     CLLC.obj (.text:CLLL_checkPowerFlow)
                  00082dbd    000000c8     driverlib_eabi.lib : sysctl.obj (.text:SysCtl_setClock)
                  00082e85    000000bd                        : sysctl.obj (.text:SysCtl_isPLLValid)
                  00082f42    000000a9     CLLC.obj (.text:CLLC_initGlobalVariables)
                  00082feb    00000015     driverlib_eabi.lib : sysctl.obj (.text:DCC_clearDoneFlag)

.text.2    0    00083000    00001000     
                  00083000    00000085     CLLC_HAL.obj (.text:CLLC_runEMAVG)
                  00083085    00000083     board.obj (.text:EPWM1A_ECAP_init)
                  00083108    00000082     board.obj (.text:EPWM3A_ECAP_init)
                  0008318a    0000007f     driverlib_eabi.lib : interrupt.obj (.text:Interrupt_clearIFR)
                  00083209    0000007b     CLLC_HAL.obj (.text:CLLC_HAL_setupBoardProtection)
                  00083284    00000076     device.obj (.text:Device_init)
                  000832fa    00000073     driverlib_eabi.lib : sysctl.obj (.text:DCC_setCounterSeeds)
                  0008336d    00000072     board.obj (.text:M_ADC_B_init)
                  000833df    0000006d     CLLC.obj (.text:CLLC_softStart)
                  0008344c    00000069     board.obj (.text:DEBUG_init)
                  000834b5    00000066     driverlib_eabi.lib : pmbus.obj (.text:PMBus_configModuleClock)
                  0008351b    00000062     board.obj (.text:M_ADC_A_init)
                  0008357d    00000061     board.obj (.text:M_ADC_C_init)
                  000835de    0000005e     driverlib_eabi.lib : sysctl.obj (.text:SysCtl_getClock)
                  0008363c    00000058     board.obj (.text:EPWM_setActionQualifierAction)
                  00083694    00000052     driverlib_eabi.lib : gpio.obj (.text:GPIO_setPadConfig)
                  000836e6    0000004e                        : interrupt.obj (.text:Interrupt_disable)
                  00083734    0000004d                        : sysctl.obj (.text:SysCtl_selectOscSource)
                  00083781    0000004c                        : adc.obj (.text:ADC_setVREF)
                  000837cd    00000047     board.obj (.text:myPMBUS0_init)
                  00083814    00000045     driverlib_eabi.lib : sci.obj (.text:SCI_clearInterruptStatus)
                  00083859    00000045                        : sysctl.obj (.text:SysCtl_pollX1Counter)
                  0008389e    00000040                        : sysctl.obj (.text:SysCtl_selectXTAL)
                  000838de    0000003e     CLLC_HAL.obj (.text:CLLC_HAL_setupDevice)
                  0008391c    0000003e     driverlib_eabi.lib : sci.obj (.text:SCI_setConfig)
                  0008395a    0000003e     main.obj (.text:main)
                  00083998    0000003d     driverlib_eabi.lib : interrupt.obj (.text:Interrupt_initModule)
                  000839d5    0000003c     board.obj (.text:FAN_PWM_init)
                  00083a11    0000003a     CLLC.obj (.text:CLLC_HAL_ManuallyTriggeredAllADC)
                  00083a4b    0000003a     driverlib_eabi.lib : gpio.obj (.text:GPIO_setAnalogMode)
                  00083a85    00000037                        : gpio.obj (.text:GPIO_setControllerCore)
                  00083abc    00000037                        : gpio.obj (.text:GPIO_setPinConfig)
                  00083af3    00000037                        : gpio.obj (.text:GPIO_setQualificationMode)
                  00083b2a    00000037                        : interrupt.obj (.text:Interrupt_enable)
                  00083b61    00000034                        : gpio.obj (.text:GPIO_setInterruptPin)
                  00083b95    00000034     CLLC.obj (.text:ISR1_PZCD)
                  00083bc9    00000033     CLLC.obj (.text:ISR1_SZCD)
                  00083bfc    00000033     board.obj (.text:myCPUTIMER2_init)
                  00083c2f    00000031     driverlib_eabi.lib : gpio.obj (.text:GPIO_setDirectionMode)
                  00083c60    00000031     board.obj (.text:SYNC_init)
                  00083c91    00000030     rts2800_fpu32_eabi.lib : copy_decompress_lzss.c.obj (.text:decompress:lzss)
                  00083cc1    0000002f     driverlib_eabi.lib : xbar.obj (.text:XBAR_setEPWMMuxConfig)
                  00083cf0    0000002e                        : xbar.obj (.text:XBAR_setOutputMuxConfig)
                  00083d1e    0000002d                        : pmbus.obj (.text:PMBus_initControllerMode)
                  00083d4b    0000002b     rts2800_fpu32_eabi.lib : autoinit.c.obj (.text:__TI_auto_init_nobinit_nopinit)
                  00083d76    00000029                            : exit.c.obj (.text)
                  00083d9f    00000028     driverlib_eabi.lib : adc.obj (.text:ADC_setOffsetTrimAll)
                  00083dc7    00000027                        : ecap.obj (.text:ECAP_isBaseValid)
                  00083dee    00000026     board.obj (.text:myCPUTIMER0_init)
                  00083e14    00000025     driverlib_eabi.lib : sysctl.obj (.text:SysCtl_selectXTALSingleEnded)
                  00083e39    00000024                        : sysctl.obj (.text:DCC_enableSingleShotMode)
                  00083e5d    00000024     board.obj (.text:myCPUTIMER1_init)
                  00083e81    00000020     driverlib_eabi.lib : gpio.obj (.text:XBAR_setInputPin)
                  00083ea1    0000001e                        : sysctl.obj (.text:DCC_setCounter1ClkSource)
                  00083ebf    0000001e                        : ecap.obj (.text:ECAP_setEmulationMode)
                  00083edd    0000001e                        : interrupt.obj (.text:Interrupt_initVectorTable)
                  00083efb    0000001d     board.obj (.text:GPIO_init)
                  00083f18    0000001d     rts2800_fpu32_eabi.lib : memcpy.c.obj (.text)
                  00083f35    0000001c     driverlib_eabi.lib : sysctl.obj (.text:DCC_setCounter0ClkSource)
                  00083f51    0000001a     board.obj (.text:CMPSS1OUT0_init)
                  00083f6b    0000001a     board.obj (.text:FAN1_init)
                  00083f85    0000001a     driverlib_eabi.lib : sysctl.obj (.text:SysCtl_getLowSpeedClock)
                  00083f9f    00000019     rts2800_fpu32_fast_supplement_eabi.lib : div_f32.obj (.text)
                  00083fb8    00000018     State_machine.obj (.text:A0)
                  00083fd0    00000018     State_machine.obj (.text:B0)
                  00083fe8    00000018     driverlib_eabi.lib : sci.obj (.text:SCI_disableModule)

.text.3    0    00085000    0000048f     
                  00085000    00000018     driverlib_eabi.lib : sci.obj (.text:SCI_performSoftwareReset)
                  00085018    00000018     board.obj (.text:STATUS2_init)
                  00085030    00000017     driverlib_eabi.lib : adc.obj (.text:ADC_isBaseValid)
                  00085047    00000017                        : cputimer.obj (.text:CPUTimer_isBaseValid)
                  0008505e    00000017     board.obj (.text:INTERRUPT_init)
                  00085075    00000017     board.obj (.text:STATUS1_init)
                  0008508c    00000017     driverlib_eabi.lib : sysctl.obj (.text:SysCtl_enablePeripheral)
                  000850a3    00000017     rts2800_fpu32_eabi.lib : boot28.asm.obj (.text)
                  000850ba    00000016     driverlib_eabi.lib : sysctl.obj (.text:DCC_disableDoneSignal)
                  000850d0    00000016                        : sysctl.obj (.text:DCC_enableDoneSignal)
                  000850e6    00000016                        : interrupt.obj (.text:Interrupt_defaultHandler)
                  000850fc    00000015                        : sysctl.obj (.text:DCC_clearErrorFlag)
                  00085111    00000015                        : sysctl.obj (.text:DCC_disableErrorSignal)
                  00085126    00000015                        : sysctl.obj (.text:DCC_enableErrorSignal)
                  0008513b    00000014     board.obj (.text:ACTIVE1_init)
                  0008514f    00000014     board.obj (.text:ACTIVE2_init)
                  00085163    00000014     driverlib_eabi.lib : sysctl.obj (.text:DCC_disableModule)
                  00085177    00000014                        : sysctl.obj (.text:DCC_enableModule)
                  0008518b    00000014     board.obj (.text:DEBUG1_init)
                  0008519f    00000014     board.obj (.text:DEBUG2_init)
                  000851b3    00000014     board.obj (.text:FAN2_init)
                  000851c7    00000014     board.obj (.text:FAULT_INPUT1_init)
                  000851db    00000014     board.obj (.text:FAULT_INPUT2_init)
                  000851ef    00000014     board.obj (.text:FAULT_OUTPUT_init)
                  00085203    00000014     driverlib_eabi.lib : gpio.obj (.text:GPIO_isPinValid)
                  00085217    00000014     board.obj (.text:PRIM_ZCD1_init)
                  0008522b    00000014     board.obj (.text:PRIM_ZCD2_init)
                  0008523f    00000014     board.obj (.text:SEC_ZCD1_init)
                  00085253    00000014     board.obj (.text:SEC_ZCD2_init)
                  00085267    00000013     driverlib_eabi.lib : cputimer.obj (.text:CPUTimer_setEmulationMode)
                  0008527a    00000013                        : sci.obj (.text:SCI_enableModule)
                  0008528d    00000013                        : sci.obj (.text:SCI_isBaseValid)
                  000852a0    00000011     board.obj (.text:EPWMXBAR_init)
                  000852b1    00000010     driverlib_eabi.lib : sysctl.obj (.text:DCC_isBaseValid)
                  000852c1    00000010     device.obj (.text:Device_initGPIO)
                  000852d1    00000010     driverlib_eabi.lib : flash.obj (.text:Flash_isCtrlBaseValid)
                  000852e1    00000010                        : flash.obj (.text:Flash_isECCBaseValid)
                  000852f1    0000000f     CLLC_HAL.obj (.text:CLLC_HAL_setupADC)
                  00085300    0000000f     driverlib_eabi.lib : pmbus.obj (.text:PMBus_isBaseValid)
                  0008530f    0000000f     board.obj (.text:PRIM_ZCD1_XINT_init)
                  0008531e    0000000e     board.obj (.text:CMPSS7OUT_init)
                  0008532c    0000000d     board.obj (.text:ASYSCTL_init)
                  00085339    0000000d     board.obj (.text:CLB1H_init)
                  00085346    0000000d     board.obj (.text:CLB1L_init)
                  00085353    0000000d     board.obj (.text:CLB2H_init)
                  00085360    0000000d     board.obj (.text:CLB2L_init)
                  0008536d    0000000d     board.obj (.text:CMPSS2OUT_init)
                  0008537a    0000000d     board.obj (.text:CMPSS3OUT_init)
                  00085387    0000000d     main.obj (.text:INT_M_EPWM3_TZ_ISR)
                  00085394    0000000d     driverlib_eabi.lib : interrupt.obj (.text:Interrupt_disableGlobal)
                  000853a1    0000000d                        : interrupt.obj (.text:Interrupt_enableGlobal)
                  000853ae    0000000d     rts2800_fpu32_eabi.lib : copy_zero_init.c.obj (.text:decompress:ZI:__TI_zero_init_nomemset)
                  000853bb    0000000c     board.obj (.text:CMPSS1OUT_init)
                  000853c7    0000000c     rts2800_fpu32_eabi.lib : args_main.c.obj (.text)
                  000853d3    0000000b     board.obj (.text:INPUTXBAR_init)
                  000853de    0000000b     driverlib_eabi.lib : sysctl.obj (.text:SysCtl_isMCDClockFailureDetected)
                  000853e9    0000000a     State_machine.obj (.text:A1)
                  000853f3    0000000a     driverlib_eabi.lib : interrupt.obj (.text:Interrupt_illegalOperationHandler)
                  000853fd    0000000a                        : interrupt.obj (.text:Interrupt_nmiHandler)
                  00085407    00000009     CLLC_HAL.obj (.text:CLLC_HAL_disablePWMClkCounting)
                  00085410    00000009     rts2800_fpu32_eabi.lib : _lock.c.obj (.text)
                  00085419    00000008     CLLC_HAL.obj (.text:CLLC_HAL_enablePWMClkCounting)
                  00085421    00000008     rts2800_fpu32_eabi.lib : copy_decompress_none.c.obj (.text:decompress:none)
                  00085429    00000008     f28004x_codestartbranch.obj (.text)
                  00085431    00000007     board.obj (.text:ADC_init)
                  00085438    00000007     CLLC_HAL.obj (.text:CLLC_HAL_setPins)
                  0008543f    00000007     CLLC_HAL.obj (.text:CLLC_HAL_setupPWM)
                  00085446    00000007     board.obj (.text:CPUTIMER_init)
                  0008544d    00000007     board.obj (.text:ECAP_init)
                  00085454    00000007     driverlib_eabi.lib : sysctl.obj (.text:SysCtl_resetMCD)
                  0008545b    00000006     board.obj (.text:EPWM1_CAP_init)
                  00085461    00000006     board.obj (.text:EPWM3_CAP_init)
                  00085467    00000006     board.obj (.text:PZCD1_init)
                  0008546d    00000006     board.obj (.text:TZ1_init)
                  00085473    00000006     board.obj (.text:TZ2_init)
                  00085479    00000005     CLLC_HAL.obj (.text:CLLC_HAL_setupCPI)
                  0008547e    00000005     CLLC_HAL.obj (.text:CLLC_HAL_setupFAN)
                  00085483    00000005     board.obj (.text:OUTPUTXBAR_init)
                  00085488    00000003     device.obj (.text:__error__)
                  0008548b    00000002     rts2800_fpu32_eabi.lib : pre_init.c.obj (.text)
                  0008548d    00000001     CLLC_HAL.obj (.text:CLLC_HAL_setupLED)
                  0008548e    00000001     rts2800_fpu32_eabi.lib : startup.c.obj (.text)

MODULE SUMMARY

       Module                        code   ro data   rw data
       ------                        ----   -------   -------
    .\
       main.obj                      75     0         0      
    +--+-----------------------------+------+---------+---------+
       Total:                        75     0         0      
                                                             
    .\APP\
       CLLC.obj                      937    121       189    
    +--+-----------------------------+------+---------+---------+
       Total:                        937    121       189    
                                                             
    .\BoardHAL\
       CLLC_HAL.obj                  593    125       0      
       State_machine.obj             58     0         14     
    +--+-----------------------------+------+---------+---------+
       Total:                        651    125       14     
                                                             
    .\device\
       device.obj                    352    0         0      
       f28004x_codestartbranch.obj   10     0         0      
    +--+-----------------------------+------+---------+---------+
       Total:                        362    0         0      
                                                             
    .\syscfg\
       board.obj                     3980   62        0      
    +--+-----------------------------+------+---------+---------+
       Total:                        3980   62        0      
                                                             
    ../LIB/FPUfastRTS/rts2800_fpu32_fast_supplement_eabi.lib
       div_f32.obj                   25     0         0      
    +--+-----------------------------+------+---------+---------+
       Total:                        25     0         0      
                                                             
    C:\ti\C2000Ware_5_03_00_00\driverlib\f28004x\driverlib\ccs\Debug\driverlib_eabi.lib
       sysctl.obj                    1198   154       0      
       flash.obj                     618    155       0      
       gpio.obj                      458    152       0      
       pmbus.obj                     443    77        0      
       interrupt.obj                 419    81        0      
       sci.obj                       217    151       0      
       adc.obj                       139    75        0      
       ecap.obj                      69     76        0      
       cputimer.obj                  42     80        0      
       xbar.obj                      93     0         0      
    +--+-----------------------------+------+---------+---------+
       Total:                        3696   1001      0      
                                                             
    C:\ti\ccstheia150\ccs\tools\compiler\ti-cgt-c2000_22.6.1A23259\lib\rts2800_fpu32_eabi.lib
       copy_decompress_lzss.c.obj    48     0         0      
       exit.c.obj                    41     0         6      
       autoinit.c.obj                43     0         0      
       memcpy.c.obj                  29     0         0      
       boot28.asm.obj                23     0         0      
       _lock.c.obj                   9      0         4      
       copy_zero_init.c.obj          13     0         0      
       args_main.c.obj               12     0         0      
       copy_decompress_none.c.obj    8      0         0      
       pre_init.c.obj                2      0         0      
       startup.c.obj                 1      0         0      
    +--+-----------------------------+------+---------+---------+
       Total:                        229    0         10     
                                                             
       Stack:                        0      0         1016   
       Linker Generated:             0      30        0      
    +--+-----------------------------+------+---------+---------+
       Grand Total:                  9955   1339      1229   


LINKER GENERATED COPY TABLES

__TI_cinit_table @ 00081142 records: 2, size/record: 4, table size: 8
	.data: load addr=0008112c, load size=0000000c bytes, run addr=0000a8c8, run size=0000000e bytes, compression=lzss
	.bss: load addr=0008113e, load size=00000004 bytes, run addr=0000a800, run size=000000c8 bytes, compression=zero_init


LINKER GENERATED HANDLER TABLE

__TI_handler_table @ 00081138 records: 3, size/record: 2, table size: 6
	index: 0, handler: __TI_zero_init
	index: 1, handler: __TI_decompress_lzss
	index: 2, handler: __TI_decompress_none


GLOBAL DATA SYMBOLS: SORTED BY DATA PAGE

address     data page           name
--------    ----------------    ----
00000400      10 (00000400)     __stack

0000a800     2a0 (0000a800)     CLLC_clooseGvLoop
0000a801     2a0 (0000a800)     CLLC_PRIM_TimeShift_ticks
0000a802     2a0 (0000a800)     CLLC_SEC_TimeShift_ticks
0000a803     2a0 (0000a800)     CLLC_PRIM_TimeShift_ticks_min
0000a804     2a0 (0000a800)     CLLC_PRIM_TimeShift_ticks_max
0000a805     2a0 (0000a800)     CLLC_SEC_TimeShift_ticks_min
0000a806     2a0 (0000a800)     CLLC_SEC_TimeShift_ticks_max
0000a808     2a0 (0000a800)     CLLC_powerFlowStateActive
0000a80a     2a0 (0000a800)     CLLC_powerFlowState
0000a80c     2a0 (0000a800)     CLLC_commandSentTo_AC_DC
0000a80e     2a0 (0000a800)     CLLC_commandSentFrom_DC_DC
0000a810     2a0 (0000a800)     CLLC_gvPrim2Sec_out
0000a812     2a0 (0000a800)     CLLC_gvSec2Prim_out
0000a814     2a0 (0000a800)     CLLC_iPrimMAINSensed_Amps
0000a816     2a0 (0000a800)     CLLC_iPrimSECONDARYSensed_Amps
0000a818     2a0 (0000a800)     CLLC_vPrimSensed_Volts
0000a81a     2a0 (0000a800)     CLLC_vPrimRef_Volts
0000a81c     2a0 (0000a800)     CLLC_iPrimMAINSensed_pu
0000a81e     2a0 (0000a800)     CLLC_iPrimSECONDARYSensed_pu
0000a820     2a0 (0000a800)     CLLC_vPrimSensed_pu
0000a822     2a0 (0000a800)     CLLC_vPrimRef_pu
0000a824     2a0 (0000a800)     CLLC_vPrimRefSlewed_pu
0000a826     2a0 (0000a800)     CLLC_iPrimMAINSensedOffset_pu
0000a828     2a0 (0000a800)     CLLC_iPrimSECONDARYSensedOffset_pu
0000a82a     2a0 (0000a800)     CLLC_vPrimSensedOffset_pu
0000a82c     2a0 (0000a800)     CLLC_iPrimMAINTankSensedOffset_pu
0000a82e     2a0 (0000a800)     CLLC_iPrimSECONDARYTankSensedOffset_pu
0000a830     2a0 (0000a800)     CLLC_iSecMAINSensed_Amps
0000a832     2a0 (0000a800)     CLLC_iSecSECONDARYSensed_Amps
0000a834     2a0 (0000a800)     CLLC_vSecSensed_Volts
0000a836     2a0 (0000a800)     CLLC_vSecRef_Volts
0000a838     2a0 (0000a800)     CLLC_iSecMAINSensed_pu
0000a83a     2a0 (0000a800)     CLLC_iSecSECONDARYSensed_pu
0000a83c     2a0 (0000a800)     CLLC_vSecSensed_pu
0000a83e     2a0 (0000a800)     CLLC_vSecRef_pu

0000a840     2a1 (0000a840)     CLLC_vSecRefSlewed_pu
0000a842     2a1 (0000a840)     CLLC_iSecMAINSensedOffset_pu
0000a844     2a1 (0000a840)     CLLC_iSecSECONDARYSensedOffset_pu
0000a846     2a1 (0000a840)     CLLC_vSecSensedOffset_pu
0000a848     2a1 (0000a840)     CLLC_iSecMAINTankSensedOffset_pu
0000a84a     2a1 (0000a840)     CLLC_iSecSECONDARYTankSensedOffset_pu
0000a84c     2a1 (0000a840)     CLLC_PRIMPWM
0000a850     2a1 (0000a840)     CLLC_SECPWM
0000a854     2a1 (0000a840)     CLLC_iPrimMAINSensedAvg_pu
0000a858     2a1 (0000a840)     CLLC_iPrimSECONDARYSensedAvg_pu
0000a85c     2a1 (0000a840)     CLLC_vPrimSensedAvg_pu
0000a860     2a1 (0000a840)     CLLC_iSecMAINSensedAvg_pu
0000a864     2a1 (0000a840)     CLLC_iSecSECONDARYSensedAvg_pu
0000a868     2a1 (0000a840)     CLLC_vSecSensedAvg_pu
0000a86c     2a1 (0000a840)     CLLC_systemState

0000a880     2a2 (0000a880)     CLLC_tripFlag
0000a88e     2a2 (0000a880)     CLLC_gvPrim2Sec
0000a8a4     2a2 (0000a880)     CLLC_gvSec2Prim
0000a8ba     2a2 (0000a880)     Alpha_State_Ptr
0000a8bc     2a2 (0000a880)     A_Task_Ptr
0000a8be     2a2 (0000a880)     B_Task_Ptr

0000a8c0     2a3 (0000a8c0)     vTimer0
0000a8c4     2a3 (0000a8c0)     vTimer1
0000a8c8     2a3 (0000a8c0)     __TI_enable_exit_profile_output
0000a8ca     2a3 (0000a8c0)     __TI_cleanup_ptr
0000a8cc     2a3 (0000a8c0)     __TI_dtors_ptr
0000a8ce     2a3 (0000a8c0)     CLLC_PRIM_COMPA
0000a8cf     2a3 (0000a8c0)     CLLC_SEC_COMPA
0000a8d2     2a3 (0000a8c0)     _lock
0000a8d4     2a3 (0000a8c0)     _unlock


GLOBAL SYMBOLS: SORTED ALPHABETICALLY BY Name 

page  address   name                                  
----  -------   ----                                  
0     00083fb8  A0                                    
0     000853e9  A1                                    
0     0008513b  ACTIVE1_init                          
0     0008514f  ACTIVE2_init                          
0     00085431  ADC_init                              
0     00083d9f  ADC_setOffsetTrimAll                  
0     00083781  ADC_setVREF                           
0     0008532c  ASYSCTL_init                          
1     0000a8bc  A_Task_Ptr                            
1     0000a8ba  Alpha_State_Ptr                       
0     00083fd0  B0                                    
1     0000a8be  B_Task_Ptr                            
0     00083d76  C$$EXIT                               
0     00085339  CLB1H_init                            
0     00085346  CLB1L_init                            
0     00085353  CLB2H_init                            
0     00085360  CLB2L_init                            
0     00082b3f  CLLC_HAL_ClaADCOffset                 
0     00085407  CLLC_HAL_disablePWMClkCounting        
0     00085419  CLLC_HAL_enablePWMClkCounting         
0     00085438  CLLC_HAL_setPins                      
0     000852f1  CLLC_HAL_setupADC                     
0     00083209  CLLC_HAL_setupBoardProtection         
0     00085479  CLLC_HAL_setupCPI                     
0     000838de  CLLC_HAL_setupDevice                  
0     0008547e  CLLC_HAL_setupFAN                     
0     0008548d  CLLC_HAL_setupLED                     
0     0008543f  CLLC_HAL_setupPWM                     
1     0000a84c  CLLC_PRIMPWM                          
1     0000a8ce  CLLC_PRIM_COMPA                       
1     0000a801  CLLC_PRIM_TimeShift_ticks             
1     0000a804  CLLC_PRIM_TimeShift_ticks_max         
1     0000a803  CLLC_PRIM_TimeShift_ticks_min         
1     0000a850  CLLC_SECPWM                           
1     0000a8cf  CLLC_SEC_COMPA                        
1     0000a802  CLLC_SEC_TimeShift_ticks              
1     0000a806  CLLC_SEC_TimeShift_ticks_max          
1     0000a805  CLLC_SEC_TimeShift_ticks_min          
1     0000a800  CLLC_clooseGvLoop                     
1     0000a80e  CLLC_commandSentFrom_DC_DC            
1     0000a80c  CLLC_commandSentTo_AC_DC              
1     0000a88e  CLLC_gvPrim2Sec                       
1     0000a810  CLLC_gvPrim2Sec_out                   
1     0000a8a4  CLLC_gvSec2Prim                       
1     0000a812  CLLC_gvSec2Prim_out                   
1     0000a854  CLLC_iPrimMAINSensedAvg_pu            
1     0000a826  CLLC_iPrimMAINSensedOffset_pu         
1     0000a814  CLLC_iPrimMAINSensed_Amps             
1     0000a81c  CLLC_iPrimMAINSensed_pu               
1     0000a82c  CLLC_iPrimMAINTankSensedOffset_pu     
1     0000a858  CLLC_iPrimSECONDARYSensedAvg_pu       
1     0000a828  CLLC_iPrimSECONDARYSensedOffset_pu    
1     0000a816  CLLC_iPrimSECONDARYSensed_Amps        
1     0000a81e  CLLC_iPrimSECONDARYSensed_pu          
1     0000a82e  CLLC_iPrimSECONDARYTankSensedOffset_pu
1     0000a860  CLLC_iSecMAINSensedAvg_pu             
1     0000a842  CLLC_iSecMAINSensedOffset_pu          
1     0000a830  CLLC_iSecMAINSensed_Amps              
1     0000a838  CLLC_iSecMAINSensed_pu                
1     0000a848  CLLC_iSecMAINTankSensedOffset_pu      
1     0000a864  CLLC_iSecSECONDARYSensedAvg_pu        
1     0000a844  CLLC_iSecSECONDARYSensedOffset_pu     
1     0000a832  CLLC_iSecSECONDARYSensed_Amps         
1     0000a83a  CLLC_iSecSECONDARYSensed_pu           
1     0000a84a  CLLC_iSecSECONDARYTankSensedOffset_pu 
0     00082f42  CLLC_initGlobalVariables              
1     0000a80a  CLLC_powerFlowState                   
1     0000a808  CLLC_powerFlowStateActive             
0     00083000  CLLC_runEMAVG                         
0     000833df  CLLC_softStart                        
1     0000a86c  CLLC_systemState                      
1     0000a880  CLLC_tripFlag                         
1     0000a824  CLLC_vPrimRefSlewed_pu                
1     0000a81a  CLLC_vPrimRef_Volts                   
1     0000a822  CLLC_vPrimRef_pu                      
1     0000a85c  CLLC_vPrimSensedAvg_pu                
1     0000a82a  CLLC_vPrimSensedOffset_pu             
1     0000a818  CLLC_vPrimSensed_Volts                
1     0000a820  CLLC_vPrimSensed_pu                   
1     0000a840  CLLC_vSecRefSlewed_pu                 
1     0000a836  CLLC_vSecRef_Volts                    
1     0000a83e  CLLC_vSecRef_pu                       
1     0000a868  CLLC_vSecSensedAvg_pu                 
1     0000a846  CLLC_vSecSensedOffset_pu              
1     0000a834  CLLC_vSecSensed_Volts                 
1     0000a83c  CLLC_vSecSensed_pu                    
0     00082cf0  CLLL_checkPowerFlow                   
0     00083f51  CMPSS1OUT0_init                       
0     000853bb  CMPSS1OUT_init                        
0     0008536d  CMPSS2OUT_init                        
0     0008537a  CMPSS3OUT_init                        
0     0008531e  CMPSS7OUT_init                        
0     00085446  CPUTIMER_init                         
0     00085267  CPUTimer_setEmulationMode             
0     0008518b  DEBUG1_init                           
0     0008519f  DEBUG2_init                           
0     0008344c  DEBUG_init                            
0     00082c19  Device_enableAllPeripherals           
0     00083284  Device_init                           
0     000852c1  Device_initGPIO                       
0     0008544d  ECAP_init                             
0     00083ebf  ECAP_setEmulationMode                 
0     00083085  EPWM1A_ECAP_init                      
0     0008545b  EPWM1_CAP_init                        
0     00083108  EPWM3A_ECAP_init                      
0     00085461  EPWM3_CAP_init                        
0     000852a0  EPWMXBAR_init                         
0     00082000  EPWM_init                             
0     00083f6b  FAN1_init                             
0     000851b3  FAN2_init                             
0     000839d5  FAN_PWM_init                          
0     000851c7  FAULT_INPUT1_init                     
0     000851db  FAULT_INPUT2_init                     
0     000851ef  FAULT_OUTPUT_init                     
0     00008000  Flash_initModule                      
0     00083efb  GPIO_init                             
0     00083a4b  GPIO_setAnalogMode                    
0     00083a85  GPIO_setControllerCore                
0     00083c2f  GPIO_setDirectionMode                 
0     00083b61  GPIO_setInterruptPin                  
0     00083694  GPIO_setPadConfig                     
0     00083abc  GPIO_setPinConfig                     
0     00083af3  GPIO_setQualificationMode             
0     000853d3  INPUTXBAR_init                        
0     0008505e  INTERRUPT_init                        
0     00085387  INT_M_EPWM3_TZ_ISR                    
0     00083b95  ISR1_PZCD                             
0     00083bc9  ISR1_SZCD                             
0     00082901  ISR2_TIMER0                           
0     000850e6  Interrupt_defaultHandler              
0     000836e6  Interrupt_disable                     
0     00083b2a  Interrupt_enable                      
0     000853f3  Interrupt_illegalOperationHandler     
0     00083998  Interrupt_initModule                  
0     00083edd  Interrupt_initVectorTable             
0     000853fd  Interrupt_nmiHandler                  
0     0008351b  M_ADC_A_init                          
0     0008336d  M_ADC_B_init                          
0     0008357d  M_ADC_C_init                          
0     00085483  OUTPUTXBAR_init                       
0     000837cd  PMBUS_init                            
0     00082a26  PMBus_configBusClock                  
0     000834b5  PMBus_configModuleClock               
0     00083d1e  PMBus_initControllerMode              
0     0008530f  PRIM_ZCD1_XINT_init                   
0     00085217  PRIM_ZCD1_init                        
0     0008522b  PRIM_ZCD2_init                        
0     00085467  PZCD1_init                            
0     00082782  PinMux_init                           
0     00081129  RamfuncsLoadEnd                       
abs   00000129  RamfuncsLoadSize                      
0     00081000  RamfuncsLoadStart                     
0     00008129  RamfuncsRunEnd                        
abs   00000129  RamfuncsRunSize                       
0     00008000  RamfuncsRunStart                      
0     00083814  SCI_clearInterruptStatus              
0     0008344c  SCI_init                              
0     0008391c  SCI_setConfig                         
0     0008523f  SEC_ZCD1_init                         
0     00085253  SEC_ZCD2_init                         
0     00085075  STATUS1_init                          
0     00085018  STATUS2_init                          
0     00083c60  SYNC_init                             
0     00008125  SysCtl_delay                          
0     000835de  SysCtl_getClock                       
0     00083f85  SysCtl_getLowSpeedClock               
0     00082e85  SysCtl_isPLLValid                     
0     00083734  SysCtl_selectOscSource                
0     0008389e  SysCtl_selectXTAL                     
0     00083e14  SysCtl_selectXTALSingleEnded          
0     00082dbd  SysCtl_setClock                       
0     0008546d  TZ1_init                              
0     00085473  TZ2_init                              
0     00083cc1  XBAR_setEPWMMuxConfig                 
0     00083cf0  XBAR_setOutputMuxConfig               
0     0008530f  XINT_init                             
0     00081142  __TI_CINIT_Base                       
0     0008114a  __TI_CINIT_Limit                      
0     0008114a  __TI_CINIT_Warm                       
0     00081138  __TI_Handler_Table_Base               
0     0008113e  __TI_Handler_Table_Limit              
1     000007f8  __TI_STACK_END                        
abs   000003f8  __TI_STACK_SIZE                       
0     00083d4b  __TI_auto_init_nobinit_nopinit        
1     0000a8ca  __TI_cleanup_ptr                      
0     00083c91  __TI_decompress_lzss                  
0     00085421  __TI_decompress_none                  
1     0000a8cc  __TI_dtors_ptr                        
1     0000a8c8  __TI_enable_exit_profile_output       
abs   ffffffff  __TI_pprof_out_hndl                   
abs   ffffffff  __TI_prof_data_size                   
abs   ffffffff  __TI_prof_data_start                  
0     000853ae  __TI_zero_init_nomemset               
0     00083f9f  __c28xabi_divf                        
n/a   UNDEFED   __c_args__                            
0     00085488  __error__                             
1     00000400  __stack                               
0     000853c7  _args_main                            
0     000850a3  _c_int00                              
1     0000a8d2  _lock                                 
0     00085418  _nop                                  
0     00085414  _register_lock                        
0     00085410  _register_unlock                      
0     0008548e  _system_post_cinit                    
0     0008548b  _system_pre_init                      
1     0000a8d4  _unlock                               
0     00083d76  abort                                 
0     00080000  code_start                            
0     00083d78  exit                                  
0     0008395a  main                                  
0     00083f18  memcpy                                
0     00083dee  myCPUTIMER0_init                      
0     00083e5d  myCPUTIMER1_init                      
0     00083bfc  myCPUTIMER2_init                      
0     000837cd  myPMBUS0_init                         
1     0000a8c0  vTimer0                               
1     0000a8c4  vTimer1                               


GLOBAL SYMBOLS: SORTED BY Symbol Address 

page  address   name                                  
----  -------   ----                                  
0     00008000  Flash_initModule                      
0     00008000  RamfuncsRunStart                      
0     00008125  SysCtl_delay                          
0     00008129  RamfuncsRunEnd                        
0     00080000  code_start                            
0     00081000  RamfuncsLoadStart                     
0     00081129  RamfuncsLoadEnd                       
0     00081138  __TI_Handler_Table_Base               
0     0008113e  __TI_Handler_Table_Limit              
0     00081142  __TI_CINIT_Base                       
0     0008114a  __TI_CINIT_Limit                      
0     0008114a  __TI_CINIT_Warm                       
0     00082000  EPWM_init                             
0     00082782  PinMux_init                           
0     00082901  ISR2_TIMER0                           
0     00082a26  PMBus_configBusClock                  
0     00082b3f  CLLC_HAL_ClaADCOffset                 
0     00082c19  Device_enableAllPeripherals           
0     00082cf0  CLLL_checkPowerFlow                   
0     00082dbd  SysCtl_setClock                       
0     00082e85  SysCtl_isPLLValid                     
0     00082f42  CLLC_initGlobalVariables              
0     00083000  CLLC_runEMAVG                         
0     00083085  EPWM1A_ECAP_init                      
0     00083108  EPWM3A_ECAP_init                      
0     00083209  CLLC_HAL_setupBoardProtection         
0     00083284  Device_init                           
0     0008336d  M_ADC_B_init                          
0     000833df  CLLC_softStart                        
0     0008344c  DEBUG_init                            
0     0008344c  SCI_init                              
0     000834b5  PMBus_configModuleClock               
0     0008351b  M_ADC_A_init                          
0     0008357d  M_ADC_C_init                          
0     000835de  SysCtl_getClock                       
0     00083694  GPIO_setPadConfig                     
0     000836e6  Interrupt_disable                     
0     00083734  SysCtl_selectOscSource                
0     00083781  ADC_setVREF                           
0     000837cd  PMBUS_init                            
0     000837cd  myPMBUS0_init                         
0     00083814  SCI_clearInterruptStatus              
0     0008389e  SysCtl_selectXTAL                     
0     000838de  CLLC_HAL_setupDevice                  
0     0008391c  SCI_setConfig                         
0     0008395a  main                                  
0     00083998  Interrupt_initModule                  
0     000839d5  FAN_PWM_init                          
0     00083a4b  GPIO_setAnalogMode                    
0     00083a85  GPIO_setControllerCore                
0     00083abc  GPIO_setPinConfig                     
0     00083af3  GPIO_setQualificationMode             
0     00083b2a  Interrupt_enable                      
0     00083b61  GPIO_setInterruptPin                  
0     00083b95  ISR1_PZCD                             
0     00083bc9  ISR1_SZCD                             
0     00083bfc  myCPUTIMER2_init                      
0     00083c2f  GPIO_setDirectionMode                 
0     00083c60  SYNC_init                             
0     00083c91  __TI_decompress_lzss                  
0     00083cc1  XBAR_setEPWMMuxConfig                 
0     00083cf0  XBAR_setOutputMuxConfig               
0     00083d1e  PMBus_initControllerMode              
0     00083d4b  __TI_auto_init_nobinit_nopinit        
0     00083d76  C$$EXIT                               
0     00083d76  abort                                 
0     00083d78  exit                                  
0     00083d9f  ADC_setOffsetTrimAll                  
0     00083dee  myCPUTIMER0_init                      
0     00083e14  SysCtl_selectXTALSingleEnded          
0     00083e5d  myCPUTIMER1_init                      
0     00083ebf  ECAP_setEmulationMode                 
0     00083edd  Interrupt_initVectorTable             
0     00083efb  GPIO_init                             
0     00083f18  memcpy                                
0     00083f51  CMPSS1OUT0_init                       
0     00083f6b  FAN1_init                             
0     00083f85  SysCtl_getLowSpeedClock               
0     00083f9f  __c28xabi_divf                        
0     00083fb8  A0                                    
0     00083fd0  B0                                    
0     00085018  STATUS2_init                          
0     0008505e  INTERRUPT_init                        
0     00085075  STATUS1_init                          
0     000850a3  _c_int00                              
0     000850e6  Interrupt_defaultHandler              
0     0008513b  ACTIVE1_init                          
0     0008514f  ACTIVE2_init                          
0     0008518b  DEBUG1_init                           
0     0008519f  DEBUG2_init                           
0     000851b3  FAN2_init                             
0     000851c7  FAULT_INPUT1_init                     
0     000851db  FAULT_INPUT2_init                     
0     000851ef  FAULT_OUTPUT_init                     
0     00085217  PRIM_ZCD1_init                        
0     0008522b  PRIM_ZCD2_init                        
0     0008523f  SEC_ZCD1_init                         
0     00085253  SEC_ZCD2_init                         
0     00085267  CPUTimer_setEmulationMode             
0     000852a0  EPWMXBAR_init                         
0     000852c1  Device_initGPIO                       
0     000852f1  CLLC_HAL_setupADC                     
0     0008530f  PRIM_ZCD1_XINT_init                   
0     0008530f  XINT_init                             
0     0008531e  CMPSS7OUT_init                        
0     0008532c  ASYSCTL_init                          
0     00085339  CLB1H_init                            
0     00085346  CLB1L_init                            
0     00085353  CLB2H_init                            
0     00085360  CLB2L_init                            
0     0008536d  CMPSS2OUT_init                        
0     0008537a  CMPSS3OUT_init                        
0     00085387  INT_M_EPWM3_TZ_ISR                    
0     000853ae  __TI_zero_init_nomemset               
0     000853bb  CMPSS1OUT_init                        
0     000853c7  _args_main                            
0     000853d3  INPUTXBAR_init                        
0     000853e9  A1                                    
0     000853f3  Interrupt_illegalOperationHandler     
0     000853fd  Interrupt_nmiHandler                  
0     00085407  CLLC_HAL_disablePWMClkCounting        
0     00085410  _register_unlock                      
0     00085414  _register_lock                        
0     00085418  _nop                                  
0     00085419  CLLC_HAL_enablePWMClkCounting         
0     00085421  __TI_decompress_none                  
0     00085431  ADC_init                              
0     00085438  CLLC_HAL_setPins                      
0     0008543f  CLLC_HAL_setupPWM                     
0     00085446  CPUTIMER_init                         
0     0008544d  ECAP_init                             
0     0008545b  EPWM1_CAP_init                        
0     00085461  EPWM3_CAP_init                        
0     00085467  PZCD1_init                            
0     0008546d  TZ1_init                              
0     00085473  TZ2_init                              
0     00085479  CLLC_HAL_setupCPI                     
0     0008547e  CLLC_HAL_setupFAN                     
0     00085483  OUTPUTXBAR_init                       
0     00085488  __error__                             
0     0008548b  _system_pre_init                      
0     0008548d  CLLC_HAL_setupLED                     
0     0008548e  _system_post_cinit                    
1     00000400  __stack                               
1     000007f8  __TI_STACK_END                        
1     0000a800  CLLC_clooseGvLoop                     
1     0000a801  CLLC_PRIM_TimeShift_ticks             
1     0000a802  CLLC_SEC_TimeShift_ticks              
1     0000a803  CLLC_PRIM_TimeShift_ticks_min         
1     0000a804  CLLC_PRIM_TimeShift_ticks_max         
1     0000a805  CLLC_SEC_TimeShift_ticks_min          
1     0000a806  CLLC_SEC_TimeShift_ticks_max          
1     0000a808  CLLC_powerFlowStateActive             
1     0000a80a  CLLC_powerFlowState                   
1     0000a80c  CLLC_commandSentTo_AC_DC              
1     0000a80e  CLLC_commandSentFrom_DC_DC            
1     0000a810  CLLC_gvPrim2Sec_out                   
1     0000a812  CLLC_gvSec2Prim_out                   
1     0000a814  CLLC_iPrimMAINSensed_Amps             
1     0000a816  CLLC_iPrimSECONDARYSensed_Amps        
1     0000a818  CLLC_vPrimSensed_Volts                
1     0000a81a  CLLC_vPrimRef_Volts                   
1     0000a81c  CLLC_iPrimMAINSensed_pu               
1     0000a81e  CLLC_iPrimSECONDARYSensed_pu          
1     0000a820  CLLC_vPrimSensed_pu                   
1     0000a822  CLLC_vPrimRef_pu                      
1     0000a824  CLLC_vPrimRefSlewed_pu                
1     0000a826  CLLC_iPrimMAINSensedOffset_pu         
1     0000a828  CLLC_iPrimSECONDARYSensedOffset_pu    
1     0000a82a  CLLC_vPrimSensedOffset_pu             
1     0000a82c  CLLC_iPrimMAINTankSensedOffset_pu     
1     0000a82e  CLLC_iPrimSECONDARYTankSensedOffset_pu
1     0000a830  CLLC_iSecMAINSensed_Amps              
1     0000a832  CLLC_iSecSECONDARYSensed_Amps         
1     0000a834  CLLC_vSecSensed_Volts                 
1     0000a836  CLLC_vSecRef_Volts                    
1     0000a838  CLLC_iSecMAINSensed_pu                
1     0000a83a  CLLC_iSecSECONDARYSensed_pu           
1     0000a83c  CLLC_vSecSensed_pu                    
1     0000a83e  CLLC_vSecRef_pu                       
1     0000a840  CLLC_vSecRefSlewed_pu                 
1     0000a842  CLLC_iSecMAINSensedOffset_pu          
1     0000a844  CLLC_iSecSECONDARYSensedOffset_pu     
1     0000a846  CLLC_vSecSensedOffset_pu              
1     0000a848  CLLC_iSecMAINTankSensedOffset_pu      
1     0000a84a  CLLC_iSecSECONDARYTankSensedOffset_pu 
1     0000a84c  CLLC_PRIMPWM                          
1     0000a850  CLLC_SECPWM                           
1     0000a854  CLLC_iPrimMAINSensedAvg_pu            
1     0000a858  CLLC_iPrimSECONDARYSensedAvg_pu       
1     0000a85c  CLLC_vPrimSensedAvg_pu                
1     0000a860  CLLC_iSecMAINSensedAvg_pu             
1     0000a864  CLLC_iSecSECONDARYSensedAvg_pu        
1     0000a868  CLLC_vSecSensedAvg_pu                 
1     0000a86c  CLLC_systemState                      
1     0000a880  CLLC_tripFlag                         
1     0000a88e  CLLC_gvPrim2Sec                       
1     0000a8a4  CLLC_gvSec2Prim                       
1     0000a8ba  Alpha_State_Ptr                       
1     0000a8bc  A_Task_Ptr                            
1     0000a8be  B_Task_Ptr                            
1     0000a8c0  vTimer0                               
1     0000a8c4  vTimer1                               
1     0000a8c8  __TI_enable_exit_profile_output       
1     0000a8ca  __TI_cleanup_ptr                      
1     0000a8cc  __TI_dtors_ptr                        
1     0000a8ce  CLLC_PRIM_COMPA                       
1     0000a8cf  CLLC_SEC_COMPA                        
1     0000a8d2  _lock                                 
1     0000a8d4  _unlock                               
abs   00000129  RamfuncsLoadSize                      
abs   00000129  RamfuncsRunSize                       
abs   000003f8  __TI_STACK_SIZE                       
abs   ffffffff  __TI_pprof_out_hndl                   
abs   ffffffff  __TI_prof_data_size                   
abs   ffffffff  __TI_prof_data_start                  
n/a   UNDEFED   __c_args__                            

[217 symbols]
