<?xml version="1.0" encoding="ISO-8859-1" ?>
<link_info>
   <banner>TMS320C2000 Linker PC v22.6.1A23259</banner>
   <copyright>Copyright (c) 1996-2018 Texas Instruments Incorporated</copyright>
   <link_time>0x66e0433f</link_time>
   <link_errors>0x0</link_errors>
   <output_file>Multiphase-Interleaved-CLLC.out</output_file>
   <entry_point>
      <name>code_start</name>
      <address>0x80000</address>
   </entry_point>
   <input_file_list>
      <input_file id="fl-2">
         <path>.\syscfg\</path>
         <kind>object</kind>
         <file>board.obj</file>
         <name>board.obj</name>
      </input_file>
      <input_file id="fl-3">
         <path>.\syscfg\</path>
         <kind>object</kind>
         <file>c2000ware_libraries.obj</file>
         <name>c2000ware_libraries.obj</name>
      </input_file>
      <input_file id="fl-4">
         <path>.\</path>
         <kind>object</kind>
         <file>main.obj</file>
         <name>main.obj</name>
      </input_file>
      <input_file id="fl-5">
         <path>.\APP\</path>
         <kind>object</kind>
         <file>Mult_CLLC.obj</file>
         <name>Mult_CLLC.obj</name>
      </input_file>
      <input_file id="fl-6">
         <path>.\BoardHAL\</path>
         <kind>object</kind>
         <file>Mult_CLLC_HAL.obj</file>
         <name>Mult_CLLC_HAL.obj</name>
      </input_file>
      <input_file id="fl-7">
         <path>.\BoardHAL\</path>
         <kind>object</kind>
         <file>State_machine.obj</file>
         <name>State_machine.obj</name>
      </input_file>
      <input_file id="fl-8">
         <path>.\LIB\DCL\</path>
         <kind>object</kind>
         <file>DCL_DF22_C1.obj</file>
         <name>DCL_DF22_C1.obj</name>
      </input_file>
      <input_file id="fl-9">
         <path>.\LIB\DCL\</path>
         <kind>object</kind>
         <file>DCL_PI_C1.obj</file>
         <name>DCL_PI_C1.obj</name>
      </input_file>
      <input_file id="fl-a">
         <path>.\LIB\DCL\</path>
         <kind>object</kind>
         <file>DCL_PI_C4.obj</file>
         <name>DCL_PI_C4.obj</name>
      </input_file>
      <input_file id="fl-b">
         <path>.\LIB\DCL\</path>
         <kind>object</kind>
         <file>DCL_PI_L1.obj</file>
         <name>DCL_PI_L1.obj</name>
      </input_file>
      <input_file id="fl-c">
         <path>.\LIB\sfra\</path>
         <kind>object</kind>
         <file>sfra_gui_scicomms_driverlib.obj</file>
         <name>sfra_gui_scicomms_driverlib.obj</name>
      </input_file>
      <input_file id="fl-d">
         <path>.\device\</path>
         <kind>object</kind>
         <file>device.obj</file>
         <name>device.obj</name>
      </input_file>
      <input_file id="fl-e">
         <path>.\device\</path>
         <kind>object</kind>
         <file>f28004x_codestartbranch.obj</file>
         <name>f28004x_codestartbranch.obj</name>
      </input_file>
      <input_file id="fl-1a">
         <kind>object</kind>
         <file>&lt;internal&gt;</file>
         <name>&lt;internal&gt;</name>
      </input_file>
      <input_file id="fl-1e">
         <path>C:\ti\C2000Ware_5_01_00_00\driverlib\f28004x\driverlib\ccs\Debug\</path>
         <kind>archive</kind>
         <file>driverlib_eabi.lib</file>
         <name>adc.obj</name>
      </input_file>
      <input_file id="fl-1f">
         <path>C:\ti\C2000Ware_5_01_00_00\driverlib\f28004x\driverlib\ccs\Debug\</path>
         <kind>archive</kind>
         <file>driverlib_eabi.lib</file>
         <name>cmpss.obj</name>
      </input_file>
      <input_file id="fl-20">
         <path>C:\ti\C2000Ware_5_01_00_00\driverlib\f28004x\driverlib\ccs\Debug\</path>
         <kind>archive</kind>
         <file>driverlib_eabi.lib</file>
         <name>cputimer.obj</name>
      </input_file>
      <input_file id="fl-21">
         <path>C:\ti\C2000Ware_5_01_00_00\driverlib\f28004x\driverlib\ccs\Debug\</path>
         <kind>archive</kind>
         <file>driverlib_eabi.lib</file>
         <name>dcc.obj</name>
      </input_file>
      <input_file id="fl-22">
         <path>C:\ti\C2000Ware_5_01_00_00\driverlib\f28004x\driverlib\ccs\Debug\</path>
         <kind>archive</kind>
         <file>driverlib_eabi.lib</file>
         <name>ecap.obj</name>
      </input_file>
      <input_file id="fl-23">
         <path>C:\ti\C2000Ware_5_01_00_00\driverlib\f28004x\driverlib\ccs\Debug\</path>
         <kind>archive</kind>
         <file>driverlib_eabi.lib</file>
         <name>flash.obj</name>
      </input_file>
      <input_file id="fl-24">
         <path>C:\ti\C2000Ware_5_01_00_00\driverlib\f28004x\driverlib\ccs\Debug\</path>
         <kind>archive</kind>
         <file>driverlib_eabi.lib</file>
         <name>gpio.obj</name>
      </input_file>
      <input_file id="fl-25">
         <path>C:\ti\C2000Ware_5_01_00_00\driverlib\f28004x\driverlib\ccs\Debug\</path>
         <kind>archive</kind>
         <file>driverlib_eabi.lib</file>
         <name>interrupt.obj</name>
      </input_file>
      <input_file id="fl-26">
         <path>C:\ti\C2000Ware_5_01_00_00\driverlib\f28004x\driverlib\ccs\Debug\</path>
         <kind>archive</kind>
         <file>driverlib_eabi.lib</file>
         <name>pmbus.obj</name>
      </input_file>
      <input_file id="fl-27">
         <path>C:\ti\C2000Ware_5_01_00_00\driverlib\f28004x\driverlib\ccs\Debug\</path>
         <kind>archive</kind>
         <file>driverlib_eabi.lib</file>
         <name>sci.obj</name>
      </input_file>
      <input_file id="fl-28">
         <path>C:\ti\C2000Ware_5_01_00_00\driverlib\f28004x\driverlib\ccs\Debug\</path>
         <kind>archive</kind>
         <file>driverlib_eabi.lib</file>
         <name>sysctl.obj</name>
      </input_file>
      <input_file id="fl-29">
         <path>C:\ti\C2000Ware_5_01_00_00\driverlib\f28004x\driverlib\ccs\Debug\</path>
         <kind>archive</kind>
         <file>driverlib_eabi.lib</file>
         <name>xbar.obj</name>
      </input_file>
      <input_file id="fl-2a">
         <path>..\LIB\FPUfastRTS\</path>
         <kind>archive</kind>
         <file>rts2800_fpu32_fast_supplement_eabi.lib</file>
         <name>div_f32.obj</name>
      </input_file>
      <input_file id="fl-36">
         <path>C:\ti\ccstheia141\ccs\tools\compiler\ti-cgt-c2000_22.6.1A23259\lib\</path>
         <kind>archive</kind>
         <file>rts2800_fpu32_eabi.lib</file>
         <name>boot28.asm.obj</name>
      </input_file>
      <input_file id="fl-37">
         <path>C:\ti\ccstheia141\ccs\tools\compiler\ti-cgt-c2000_22.6.1A23259\lib\</path>
         <kind>archive</kind>
         <file>rts2800_fpu32_eabi.lib</file>
         <name>ll_cmp28.asm.obj</name>
      </input_file>
      <input_file id="fl-38">
         <path>C:\ti\ccstheia141\ccs\tools\compiler\ti-cgt-c2000_22.6.1A23259\lib\</path>
         <kind>archive</kind>
         <file>rts2800_fpu32_eabi.lib</file>
         <name>memcpy.c.obj</name>
      </input_file>
      <input_file id="fl-39">
         <path>C:\ti\ccstheia141\ccs\tools\compiler\ti-cgt-c2000_22.6.1A23259\lib\</path>
         <kind>archive</kind>
         <file>rts2800_fpu32_eabi.lib</file>
         <name>pre_init.c.obj</name>
      </input_file>
      <input_file id="fl-3a">
         <path>C:\ti\ccstheia141\ccs\tools\compiler\ti-cgt-c2000_22.6.1A23259\lib\</path>
         <kind>archive</kind>
         <file>rts2800_fpu32_eabi.lib</file>
         <name>autoinit.c.obj</name>
      </input_file>
      <input_file id="fl-3b">
         <path>C:\ti\ccstheia141\ccs\tools\compiler\ti-cgt-c2000_22.6.1A23259\lib\</path>
         <kind>archive</kind>
         <file>rts2800_fpu32_eabi.lib</file>
         <name>copy_zero_init.c.obj</name>
      </input_file>
      <input_file id="fl-3c">
         <path>C:\ti\ccstheia141\ccs\tools\compiler\ti-cgt-c2000_22.6.1A23259\lib\</path>
         <kind>archive</kind>
         <file>rts2800_fpu32_eabi.lib</file>
         <name>copy_decompress_none.c.obj</name>
      </input_file>
      <input_file id="fl-3d">
         <path>C:\ti\ccstheia141\ccs\tools\compiler\ti-cgt-c2000_22.6.1A23259\lib\</path>
         <kind>archive</kind>
         <file>rts2800_fpu32_eabi.lib</file>
         <name>copy_decompress_lzss.c.obj</name>
      </input_file>
      <input_file id="fl-3e">
         <path>C:\ti\ccstheia141\ccs\tools\compiler\ti-cgt-c2000_22.6.1A23259\lib\</path>
         <kind>archive</kind>
         <file>rts2800_fpu32_eabi.lib</file>
         <name>exit.c.obj</name>
      </input_file>
      <input_file id="fl-3f">
         <path>C:\ti\ccstheia141\ccs\tools\compiler\ti-cgt-c2000_22.6.1A23259\lib\</path>
         <kind>archive</kind>
         <file>rts2800_fpu32_eabi.lib</file>
         <name>_lock.c.obj</name>
      </input_file>
      <input_file id="fl-40">
         <path>C:\ti\ccstheia141\ccs\tools\compiler\ti-cgt-c2000_22.6.1A23259\lib\</path>
         <kind>archive</kind>
         <file>rts2800_fpu32_eabi.lib</file>
         <name>args_main.c.obj</name>
      </input_file>
      <input_file id="fl-41">
         <path>C:\ti\ccstheia141\ccs\tools\compiler\ti-cgt-c2000_22.6.1A23259\lib\</path>
         <kind>archive</kind>
         <file>rts2800_fpu32_eabi.lib</file>
         <name>memset.c.obj</name>
      </input_file>
      <input_file id="fl-42">
         <path>C:\ti\ccstheia141\ccs\tools\compiler\ti-cgt-c2000_22.6.1A23259\lib\</path>
         <kind>archive</kind>
         <file>rts2800_fpu32_eabi.lib</file>
         <name>cpy_tbl.c.obj</name>
      </input_file>
      <input_file id="fl-43">
         <path>C:\ti\ccstheia141\ccs\tools\compiler\ti-cgt-c2000_22.6.1A23259\lib\</path>
         <kind>archive</kind>
         <file>rts2800_fpu32_eabi.lib</file>
         <name>startup.c.obj</name>
      </input_file>
   </input_file_list>
   <object_component_list>
      <object_component id="oc-20">
         <name>codestart</name>
         <load_address>0x80000</load_address>
         <run_address>0x80000</run_address>
         <size>0x2</size>
         <input_file_ref idref="fl-e"/>
      </object_component>
      <object_component id="oc-233">
         <name>.text:EPWM_init</name>
         <load_address>0x82000</load_address>
         <run_address>0x82000</run_address>
         <size>0x6db</size>
         <input_file_ref idref="fl-2"/>
      </object_component>
      <object_component id="oc-1f1">
         <name>.text:PinMux_init</name>
         <load_address>0x826db</load_address>
         <run_address>0x826db</run_address>
         <size>0x17f</size>
         <input_file_ref idref="fl-2"/>
      </object_component>
      <object_component id="oc-303">
         <name>.text:PMBus_configBusClock</name>
         <load_address>0x8285a</load_address>
         <run_address>0x8285a</run_address>
         <size>0x119</size>
         <input_file_ref idref="fl-26"/>
      </object_component>
      <object_component id="oc-299">
         <name>.text:Device_enableAllPeripherals</name>
         <load_address>0x82973</load_address>
         <run_address>0x82973</run_address>
         <size>0xd7</size>
         <input_file_ref idref="fl-d"/>
      </object_component>
      <object_component id="oc-1fd">
         <name>.text:GPIO_init</name>
         <load_address>0x82a4a</load_address>
         <run_address>0x82a4a</run_address>
         <size>0xd3</size>
         <input_file_ref idref="fl-2"/>
      </object_component>
      <object_component id="oc-267">
         <name>.text:MULT_CLLC_HAL_DEBUG_Transnit</name>
         <load_address>0x82b1d</load_address>
         <run_address>0x82b1d</run_address>
         <size>0xcd</size>
         <input_file_ref idref="fl-6"/>
      </object_component>
      <object_component id="oc-287">
         <name>.text:SysCtl_setClock</name>
         <load_address>0x82bea</load_address>
         <run_address>0x82bea</run_address>
         <size>0xc0</size>
         <input_file_ref idref="fl-28"/>
      </object_component>
      <object_component id="oc-3db">
         <name>.text:SysCtl_isPLLValid</name>
         <load_address>0x82caa</load_address>
         <run_address>0x82caa</run_address>
         <size>0xbd</size>
         <input_file_ref idref="fl-28"/>
      </object_component>
      <object_component id="oc-31">
         <name>.text:ISR2_TIMER0</name>
         <load_address>0x82d67</load_address>
         <run_address>0x82d67</run_address>
         <size>0xa1</size>
         <input_file_ref idref="fl-5"/>
      </object_component>
      <object_component id="oc-240">
         <name>.text:M_CMPSS1_init</name>
         <load_address>0x82e08</load_address>
         <run_address>0x82e08</run_address>
         <size>0x87</size>
         <input_file_ref idref="fl-2"/>
      </object_component>
      <object_component id="oc-246">
         <name>.text:M_CMPSS2_init</name>
         <load_address>0x82e8f</load_address>
         <run_address>0x82e8f</run_address>
         <size>0x82</size>
         <input_file_ref idref="fl-2"/>
      </object_component>
      <object_component id="oc-24c">
         <name>.text:M_CMPSS3_init</name>
         <load_address>0x82f11</load_address>
         <run_address>0x82f11</run_address>
         <size>0x81</size>
         <input_file_ref idref="fl-2"/>
      </object_component>
      <object_component id="oc-20b">
         <name>.text:DEBUG_init</name>
         <load_address>0x82f92</load_address>
         <run_address>0x82f92</run_address>
         <size>0x69</size>
         <input_file_ref idref="fl-2"/>
      </object_component>
      <object_component id="oc-174">
         <name>.text:Mult_CLLC_HAL_setupCPI</name>
         <load_address>0x82ffb</load_address>
         <run_address>0x82ffb</run_address>
         <size>0x5</size>
         <input_file_ref idref="fl-6"/>
      </object_component>
      <object_component id="oc-252">
         <name>.text:M_CMPSS4_init</name>
         <load_address>0x83000</load_address>
         <run_address>0x83000</run_address>
         <size>0x81</size>
         <input_file_ref idref="fl-2"/>
      </object_component>
      <object_component id="oc-bb">
         <name>.text:Interrupt_clearIFR</name>
         <load_address>0x83081</load_address>
         <run_address>0x83081</run_address>
         <size>0x7f</size>
         <input_file_ref idref="fl-25"/>
      </object_component>
      <object_component id="oc-4a2">
         <name>.text:DCC_setCounterSeeds</name>
         <load_address>0x83100</load_address>
         <run_address>0x83100</run_address>
         <size>0x73</size>
         <input_file_ref idref="fl-28"/>
      </object_component>
      <object_component id="oc-1d5">
         <name>.text:Device_init</name>
         <load_address>0x83173</load_address>
         <run_address>0x83173</run_address>
         <size>0x73</size>
         <input_file_ref idref="fl-d"/>
      </object_component>
      <object_component id="oc-2fd">
         <name>.text:PMBus_configModuleClock</name>
         <load_address>0x831e6</load_address>
         <run_address>0x831e6</run_address>
         <size>0x66</size>
         <input_file_ref idref="fl-26"/>
      </object_component>
      <object_component id="oc-239">
         <name>.text:EPWMXBAR_init</name>
         <load_address>0x8324c</load_address>
         <run_address>0x8324c</run_address>
         <size>0x61</size>
         <input_file_ref idref="fl-2"/>
      </object_component>
      <object_component id="oc-15c">
         <name>.text:MULT_CLLC_initGlobalVariables</name>
         <load_address>0x832ad</load_address>
         <run_address>0x832ad</run_address>
         <size>0x61</size>
         <input_file_ref idref="fl-5"/>
      </object_component>
      <object_component id="oc-28d">
         <name>.text:SysCtl_getClock</name>
         <load_address>0x8330e</load_address>
         <run_address>0x8330e</run_address>
         <size>0x5e</size>
         <input_file_ref idref="fl-28"/>
      </object_component>
      <object_component id="oc-338">
         <name>.text:M_ADC_B_init</name>
         <load_address>0x8336c</load_address>
         <run_address>0x8336c</run_address>
         <size>0x58</size>
         <input_file_ref idref="fl-2"/>
      </object_component>
      <object_component id="oc-29f">
         <name>.text:GPIO_setPadConfig</name>
         <load_address>0x833c4</load_address>
         <run_address>0x833c4</run_address>
         <size>0x52</size>
         <input_file_ref idref="fl-24"/>
      </object_component>
      <object_component id="oc-86">
         <name>.text:Interrupt_disable</name>
         <load_address>0x83416</load_address>
         <run_address>0x83416</run_address>
         <size>0x4e</size>
         <input_file_ref idref="fl-25"/>
      </object_component>
      <object_component id="oc-332">
         <name>.text:M_ADC_A_init</name>
         <load_address>0x83464</load_address>
         <run_address>0x83464</run_address>
         <size>0x4e</size>
         <input_file_ref idref="fl-2"/>
      </object_component>
      <object_component id="oc-384">
         <name>.text:formatData</name>
         <load_address>0x834b2</load_address>
         <run_address>0x834b2</run_address>
         <size>0x4e</size>
         <input_file_ref idref="fl-6"/>
      </object_component>
      <object_component id="oc-33e">
         <name>.text:M_ADC_C_init</name>
         <load_address>0x83500</load_address>
         <run_address>0x83500</run_address>
         <size>0x4d</size>
         <input_file_ref idref="fl-2"/>
      </object_component>
      <object_component id="oc-354">
         <name>.text:CMPSS_configFilterHigh</name>
         <load_address>0x8354d</load_address>
         <run_address>0x8354d</run_address>
         <size>0x49</size>
         <input_file_ref idref="fl-1f"/>
      </object_component>
      <object_component id="oc-35a">
         <name>.text:CMPSS_configFilterLow</name>
         <load_address>0x83596</load_address>
         <run_address>0x83596</run_address>
         <size>0x49</size>
         <input_file_ref idref="fl-1f"/>
      </object_component>
      <object_component id="oc-3d5">
         <name>.text:SysCtl_selectOscSource</name>
         <load_address>0x835df</load_address>
         <run_address>0x835df</run_address>
         <size>0x49</size>
         <input_file_ref idref="fl-28"/>
      </object_component>
      <object_component id="oc-360">
         <name>.text:CMPSS_configRamp</name>
         <load_address>0x83628</load_address>
         <run_address>0x83628</run_address>
         <size>0x48</size>
         <input_file_ref idref="fl-1f"/>
      </object_component>
      <object_component id="oc-310">
         <name>.text:SCI_clearInterruptStatus</name>
         <load_address>0x83670</load_address>
         <run_address>0x83670</run_address>
         <size>0x45</size>
         <input_file_ref idref="fl-27"/>
      </object_component>
      <object_component id="oc-4e7">
         <name>.text:SysCtl_pollX1Counter</name>
         <load_address>0x836b5</load_address>
         <run_address>0x836b5</run_address>
         <size>0x45</size>
         <input_file_ref idref="fl-28"/>
      </object_component>
      <object_component id="oc-450">
         <name>.text:intToStr</name>
         <load_address>0x836fa</load_address>
         <run_address>0x836fa</run_address>
         <size>0x44</size>
         <input_file_ref idref="fl-6"/>
      </object_component>
      <object_component id="oc-346">
         <name>.text:EPWM_setActionQualifierAction</name>
         <load_address>0x8373e</load_address>
         <run_address>0x8373e</run_address>
         <size>0x43</size>
         <input_file_ref idref="fl-2"/>
      </object_component>
      <object_component id="oc-12c">
         <name>.text:main</name>
         <load_address>0x83781</load_address>
         <run_address>0x83781</run_address>
         <size>0x43</size>
         <input_file_ref idref="fl-4"/>
      </object_component>
      <object_component id="oc-205">
         <name>.text:myPMBUS0_init</name>
         <load_address>0x837c4</load_address>
         <run_address>0x837c4</run_address>
         <size>0x41</size>
         <input_file_ref idref="fl-2"/>
      </object_component>
      <object_component id="oc-156">
         <name>.text:Mult_CLLC_HAL_setupDevice</name>
         <load_address>0x83805</load_address>
         <run_address>0x83805</run_address>
         <size>0x3e</size>
         <input_file_ref idref="fl-6"/>
      </object_component>
      <object_component id="oc-316">
         <name>.text:SCI_setConfig</name>
         <load_address>0x83843</load_address>
         <run_address>0x83843</run_address>
         <size>0x3e</size>
         <input_file_ref idref="fl-27"/>
      </object_component>
      <object_component id="oc-1e1">
         <name>.text:Interrupt_initModule</name>
         <load_address>0x83881</load_address>
         <run_address>0x83881</run_address>
         <size>0x3d</size>
         <input_file_ref idref="fl-25"/>
      </object_component>
      <object_component id="oc-218">
         <name>.text:myECAP0_init</name>
         <load_address>0x838be</load_address>
         <run_address>0x838be</run_address>
         <size>0x3c</size>
         <input_file_ref idref="fl-2"/>
      </object_component>
      <object_component id="oc-2ab">
         <name>.text:GPIO_setAnalogMode</name>
         <load_address>0x838fa</load_address>
         <run_address>0x838fa</run_address>
         <size>0x3a</size>
         <input_file_ref idref="fl-24"/>
      </object_component>
      <object_component id="oc-2ea">
         <name>.text:GPIO_setControllerCore</name>
         <load_address>0x83934</load_address>
         <run_address>0x83934</run_address>
         <size>0x37</size>
         <input_file_ref idref="fl-24"/>
      </object_component>
      <object_component id="oc-2ca">
         <name>.text:GPIO_setPinConfig</name>
         <load_address>0x8396b</load_address>
         <run_address>0x8396b</run_address>
         <size>0x37</size>
         <input_file_ref idref="fl-24"/>
      </object_component>
      <object_component id="oc-2d0">
         <name>.text:GPIO_setQualificationMode</name>
         <load_address>0x839a2</load_address>
         <run_address>0x839a2</run_address>
         <size>0x37</size>
         <input_file_ref idref="fl-24"/>
      </object_component>
      <object_component id="oc-198">
         <name>.text:Interrupt_enable</name>
         <load_address>0x839d9</load_address>
         <run_address>0x839d9</run_address>
         <size>0x37</size>
         <input_file_ref idref="fl-25"/>
      </object_component>
      <object_component id="oc-465">
         <name>.text:SysCtl_selectXTAL</name>
         <load_address>0x83a10</load_address>
         <run_address>0x83a10</run_address>
         <size>0x36</size>
         <input_file_ref idref="fl-28"/>
      </object_component>
      <object_component id="oc-259">
         <name>.text:GPIO_setInterruptPin</name>
         <load_address>0x83a46</load_address>
         <run_address>0x83a46</run_address>
         <size>0x34</size>
         <input_file_ref idref="fl-24"/>
      </object_component>
      <object_component id="oc-43">
         <name>.text:ISR1_PZCD</name>
         <load_address>0x83a7a</load_address>
         <run_address>0x83a7a</run_address>
         <size>0x34</size>
         <input_file_ref idref="fl-5"/>
      </object_component>
      <object_component id="oc-2c0">
         <name>.text:myCPUTIMER2_init</name>
         <load_address>0x83aae</load_address>
         <run_address>0x83aae</run_address>
         <size>0x34</size>
         <input_file_ref idref="fl-2"/>
      </object_component>
      <object_component id="oc-3d">
         <name>.text:ISR1_SZCD</name>
         <load_address>0x83ae2</load_address>
         <run_address>0x83ae2</run_address>
         <size>0x33</size>
         <input_file_ref idref="fl-5"/>
      </object_component>
      <object_component id="oc-2a5">
         <name>.text:GPIO_setDirectionMode</name>
         <load_address>0x83b15</load_address>
         <run_address>0x83b15</run_address>
         <size>0x31</size>
         <input_file_ref idref="fl-24"/>
      </object_component>
      <object_component id="oc-22d">
         <name>.text:SYNC_init</name>
         <load_address>0x83b46</load_address>
         <run_address>0x83b46</run_address>
         <size>0x31</size>
         <input_file_ref idref="fl-2"/>
      </object_component>
      <object_component id="oc-13">
         <name>.text:decompress:lzss</name>
         <load_address>0x83b77</load_address>
         <run_address>0x83b77</run_address>
         <size>0x30</size>
         <input_file_ref idref="fl-3d"/>
      </object_component>
      <object_component id="oc-34d">
         <name>.text:XBAR_setEPWMMuxConfig</name>
         <load_address>0x83ba7</load_address>
         <run_address>0x83ba7</run_address>
         <size>0x2f</size>
         <input_file_ref idref="fl-29"/>
      </object_component>
      <object_component id="oc-421">
         <name>.text:XBAR_setOutputMuxConfig</name>
         <load_address>0x83bd6</load_address>
         <run_address>0x83bd6</run_address>
         <size>0x2e</size>
         <input_file_ref idref="fl-29"/>
      </object_component>
      <object_component id="oc-309">
         <name>.text:PMBus_initControllerMode</name>
         <load_address>0x83c04</load_address>
         <run_address>0x83c04</run_address>
         <size>0x2d</size>
         <input_file_ref idref="fl-26"/>
      </object_component>
      <object_component id="oc-366">
         <name>.text:CMPSS_configLatchOnPWMSYNC</name>
         <load_address>0x83c31</load_address>
         <run_address>0x83c31</run_address>
         <size>0x2b</size>
         <input_file_ref idref="fl-1f"/>
      </object_component>
      <object_component id="oc-fc">
         <name>.text:__TI_auto_init_nobinit_nopinit</name>
         <load_address>0x83c5c</load_address>
         <run_address>0x83c5c</run_address>
         <size>0x2b</size>
         <input_file_ref idref="fl-3a"/>
      </object_component>
      <object_component id="oc-e6">
         <name>.text</name>
         <load_address>0x83c87</load_address>
         <run_address>0x83c87</run_address>
         <size>0x29</size>
         <input_file_ref idref="fl-3e"/>
      </object_component>
      <object_component id="oc-432">
         <name>.text:ADC_setOffsetTrimAll</name>
         <load_address>0x83cb0</load_address>
         <run_address>0x83cb0</run_address>
         <size>0x28</size>
         <input_file_ref idref="fl-1e"/>
      </object_component>
      <object_component id="oc-43f">
         <name>.text:CMPSS_isBaseValid</name>
         <load_address>0x83cd8</load_address>
         <run_address>0x83cd8</run_address>
         <size>0x27</size>
         <input_file_ref idref="fl-1f"/>
      </object_component>
      <object_component id="oc-429">
         <name>.text:ECAP_isBaseValid</name>
         <load_address>0x83cff</load_address>
         <run_address>0x83cff</run_address>
         <size>0x27</size>
         <input_file_ref idref="fl-22"/>
      </object_component>
      <object_component id="oc-2b4">
         <name>.text:myCPUTIMER0_init</name>
         <load_address>0x83d26</load_address>
         <run_address>0x83d26</run_address>
         <size>0x26</size>
         <input_file_ref idref="fl-2"/>
      </object_component>
      <object_component id="oc-4a8">
         <name>.text:DCC_enableSingleShotMode</name>
         <load_address>0x83d4c</load_address>
         <run_address>0x83d4c</run_address>
         <size>0x24</size>
         <input_file_ref idref="fl-28"/>
      </object_component>
      <object_component id="oc-2ba">
         <name>.text:myCPUTIMER1_init</name>
         <load_address>0x83d70</load_address>
         <run_address>0x83d70</run_address>
         <size>0x24</size>
         <input_file_ref idref="fl-2"/>
      </object_component>
      <object_component id="oc-46b">
         <name>.text:SysCtl_selectXTALSingleEnded</name>
         <load_address>0x83d94</load_address>
         <run_address>0x83d94</run_address>
         <size>0x20</size>
         <input_file_ref idref="fl-28"/>
      </object_component>
      <object_component id="oc-377">
         <name>.text:XBAR_setInputPin</name>
         <load_address>0x83db4</load_address>
         <run_address>0x83db4</run_address>
         <size>0x20</size>
         <input_file_ref idref="fl-24"/>
      </object_component>
      <object_component id="oc-49c">
         <name>.text:DCC_setCounter1ClkSource</name>
         <load_address>0x83dd4</load_address>
         <run_address>0x83dd4</run_address>
         <size>0x1e</size>
         <input_file_ref idref="fl-28"/>
      </object_component>
      <object_component id="oc-32a">
         <name>.text:ECAP_setEmulationMode</name>
         <load_address>0x83df2</load_address>
         <run_address>0x83df2</run_address>
         <size>0x1e</size>
         <input_file_ref idref="fl-22"/>
      </object_component>
      <object_component id="oc-4e">
         <name>.text:Interrupt_initVectorTable</name>
         <load_address>0x83e10</load_address>
         <run_address>0x83e10</run_address>
         <size>0x1e</size>
         <input_file_ref idref="fl-25"/>
      </object_component>
      <object_component id="oc-64">
         <name>.text</name>
         <load_address>0x83e2e</load_address>
         <run_address>0x83e2e</run_address>
         <size>0x1d</size>
         <input_file_ref idref="fl-38"/>
      </object_component>
      <object_component id="oc-496">
         <name>.text:DCC_setCounter0ClkSource</name>
         <load_address>0x83e4b</load_address>
         <run_address>0x83e4b</run_address>
         <size>0x1c</size>
         <input_file_ref idref="fl-28"/>
      </object_component>
      <object_component id="oc-323">
         <name>.text:CMPSS1OUT0_init</name>
         <load_address>0x83e67</load_address>
         <run_address>0x83e67</run_address>
         <size>0x1a</size>
         <input_file_ref idref="fl-2"/>
      </object_component>
      <object_component id="oc-31d">
         <name>.text:FAN1_init</name>
         <load_address>0x83e81</load_address>
         <run_address>0x83e81</run_address>
         <size>0x1a</size>
         <input_file_ref idref="fl-2"/>
      </object_component>
      <object_component id="oc-293">
         <name>.text:SysCtl_getLowSpeedClock</name>
         <load_address>0x83e9b</load_address>
         <run_address>0x83e9b</run_address>
         <size>0x1a</size>
         <input_file_ref idref="fl-28"/>
      </object_component>
      <object_component id="oc-1a4">
         <name>.text:A0</name>
         <load_address>0x83eb5</load_address>
         <run_address>0x83eb5</run_address>
         <size>0x18</size>
         <input_file_ref idref="fl-7"/>
      </object_component>
      <object_component id="oc-1b0">
         <name>.text:B0</name>
         <load_address>0x83ecd</load_address>
         <run_address>0x83ecd</run_address>
         <size>0x18</size>
         <input_file_ref idref="fl-7"/>
      </object_component>
      <object_component id="oc-414">
         <name>.text:SCI_disableModule</name>
         <load_address>0x83ee5</load_address>
         <run_address>0x83ee5</run_address>
         <size>0x18</size>
         <input_file_ref idref="fl-27"/>
      </object_component>
      <object_component id="oc-40c">
         <name>.text:SCI_performSoftwareReset</name>
         <load_address>0x83efd</load_address>
         <run_address>0x83efd</run_address>
         <size>0x18</size>
         <input_file_ref idref="fl-27"/>
      </object_component>
      <object_component id="oc-2f6">
         <name>.text:STATUS2_init</name>
         <load_address>0x83f15</load_address>
         <run_address>0x83f15</run_address>
         <size>0x18</size>
         <input_file_ref idref="fl-2"/>
      </object_component>
      <object_component id="oc-4c4">
         <name>.text:CPUTimer_isBaseValid</name>
         <load_address>0x83f2d</load_address>
         <run_address>0x83f2d</run_address>
         <size>0x17</size>
         <input_file_ref idref="fl-20"/>
      </object_component>
      <object_component id="oc-32">
         <name>.text:INTERRUPT_init</name>
         <load_address>0x83f44</load_address>
         <run_address>0x83f44</run_address>
         <size>0x17</size>
         <input_file_ref idref="fl-2"/>
      </object_component>
      <object_component id="oc-2f0">
         <name>.text:STATUS1_init</name>
         <load_address>0x83f5b</load_address>
         <run_address>0x83f5b</run_address>
         <size>0x17</size>
         <input_file_ref idref="fl-2"/>
      </object_component>
      <object_component id="oc-472">
         <name>.text:SysCtl_enablePeripheral</name>
         <load_address>0x83f72</load_address>
         <run_address>0x83f72</run_address>
         <size>0x17</size>
         <input_file_ref idref="fl-28"/>
      </object_component>
      <object_component id="oc-a8">
         <name>.text</name>
         <load_address>0x83f89</load_address>
         <run_address>0x83f89</run_address>
         <size>0x17</size>
         <input_file_ref idref="fl-36"/>
      </object_component>
      <object_component id="oc-490">
         <name>.text:DCC_disableDoneSignal</name>
         <load_address>0x83fa0</load_address>
         <run_address>0x83fa0</run_address>
         <size>0x16</size>
         <input_file_ref idref="fl-28"/>
      </object_component>
      <object_component id="oc-4b4">
         <name>.text:DCC_enableDoneSignal</name>
         <load_address>0x83fb6</load_address>
         <run_address>0x83fb6</run_address>
         <size>0x16</size>
         <input_file_ref idref="fl-28"/>
      </object_component>
      <object_component id="oc-49">
         <name>.text:Interrupt_defaultHandler</name>
         <load_address>0x83fcc</load_address>
         <run_address>0x83fcc</run_address>
         <size>0x16</size>
         <input_file_ref idref="fl-25"/>
      </object_component>
      <object_component id="oc-47e">
         <name>.text:DCC_clearDoneFlag</name>
         <load_address>0x83fe2</load_address>
         <run_address>0x83fe2</run_address>
         <size>0x15</size>
         <input_file_ref idref="fl-28"/>
      </object_component>
      <object_component id="oc-18c">
         <name>.text:CMPSS_init</name>
         <load_address>0x83ff7</load_address>
         <run_address>0x83ff7</run_address>
         <size>0x9</size>
         <input_file_ref idref="fl-2"/>
      </object_component>
      <object_component id="oc-478">
         <name>.text:DCC_clearErrorFlag</name>
         <load_address>0x85000</load_address>
         <run_address>0x85000</run_address>
         <size>0x15</size>
         <input_file_ref idref="fl-28"/>
      </object_component>
      <object_component id="oc-48a">
         <name>.text:DCC_disableErrorSignal</name>
         <load_address>0x85015</load_address>
         <run_address>0x85015</run_address>
         <size>0x15</size>
         <input_file_ref idref="fl-28"/>
      </object_component>
      <object_component id="oc-4ae">
         <name>.text:DCC_enableErrorSignal</name>
         <load_address>0x8502a</load_address>
         <run_address>0x8502a</run_address>
         <size>0x15</size>
         <input_file_ref idref="fl-28"/>
      </object_component>
      <object_component id="oc-484">
         <name>.text:DCC_disableModule</name>
         <load_address>0x8503f</load_address>
         <run_address>0x8503f</run_address>
         <size>0x14</size>
         <input_file_ref idref="fl-28"/>
      </object_component>
      <object_component id="oc-4ba">
         <name>.text:DCC_enableModule</name>
         <load_address>0x85053</load_address>
         <run_address>0x85053</run_address>
         <size>0x14</size>
         <input_file_ref idref="fl-28"/>
      </object_component>
      <object_component id="oc-370">
         <name>.text:GPIO_isPinValid</name>
         <load_address>0x85067</load_address>
         <run_address>0x85067</run_address>
         <size>0x14</size>
         <input_file_ref idref="fl-24"/>
      </object_component>
      <object_component id="oc-3e9">
         <name>.text:CPUTimer_setEmulationMode</name>
         <load_address>0x8507b</load_address>
         <run_address>0x8507b</run_address>
         <size>0x13</size>
         <input_file_ref idref="fl-20"/>
      </object_component>
      <object_component id="oc-41a">
         <name>.text:SCI_enableModule</name>
         <load_address>0x8508e</load_address>
         <run_address>0x8508e</run_address>
         <size>0x13</size>
         <input_file_ref idref="fl-27"/>
      </object_component>
      <object_component id="oc-405">
         <name>.text:SCI_isBaseValid</name>
         <load_address>0x850a1</load_address>
         <run_address>0x850a1</run_address>
         <size>0x13</size>
         <input_file_ref idref="fl-27"/>
      </object_component>
      <object_component id="oc-4f6">
         <name>.text:DCC_isBaseValid</name>
         <load_address>0x850b4</load_address>
         <run_address>0x850b4</run_address>
         <size>0x10</size>
         <input_file_ref idref="fl-28"/>
      </object_component>
      <object_component id="oc-1db">
         <name>.text:Device_initGPIO</name>
         <load_address>0x850c4</load_address>
         <run_address>0x850c4</run_address>
         <size>0x10</size>
         <input_file_ref idref="fl-d"/>
      </object_component>
      <object_component id="oc-38f">
         <name>.text:Flash_isCtrlBaseValid</name>
         <load_address>0x850d4</load_address>
         <run_address>0x850d4</run_address>
         <size>0x10</size>
         <input_file_ref idref="fl-23"/>
      </object_component>
      <object_component id="oc-396">
         <name>.text:Flash_isECCBaseValid</name>
         <load_address>0x850e4</load_address>
         <run_address>0x850e4</run_address>
         <size>0x10</size>
         <input_file_ref idref="fl-23"/>
      </object_component>
      <object_component id="oc-3fa">
         <name>.text:PMBus_isBaseValid</name>
         <load_address>0x850f4</load_address>
         <run_address>0x850f4</run_address>
         <size>0xf</size>
         <input_file_ref idref="fl-26"/>
      </object_component>
      <object_component id="oc-192">
         <name>.text:PRIM_ZCD1_XINT_init</name>
         <load_address>0x85103</load_address>
         <run_address>0x85103</run_address>
         <size>0xf</size>
         <input_file_ref idref="fl-2"/>
      </object_component>
      <object_component id="oc-21f">
         <name>.text:ASYSCTL_init</name>
         <load_address>0x85112</load_address>
         <run_address>0x85112</run_address>
         <size>0xd</size>
         <input_file_ref idref="fl-2"/>
      </object_component>
      <object_component id="oc-2b">
         <name>.text:INT_M_EPWM3_TZ_ISR</name>
         <load_address>0x8511f</load_address>
         <run_address>0x8511f</run_address>
         <size>0xd</size>
         <input_file_ref idref="fl-4"/>
      </object_component>
      <object_component id="oc-b5">
         <name>.text:Interrupt_disableGlobal</name>
         <load_address>0x8512c</load_address>
         <run_address>0x8512c</run_address>
         <size>0xd</size>
         <input_file_ref idref="fl-25"/>
      </object_component>
      <object_component id="oc-c1">
         <name>.text:Interrupt_enableGlobal</name>
         <load_address>0x85139</load_address>
         <run_address>0x85139</run_address>
         <size>0xd</size>
         <input_file_ref idref="fl-25"/>
      </object_component>
      <object_component id="oc-6c">
         <name>.text:decompress:ZI:__TI_zero_init_nomemset</name>
         <load_address>0x85146</load_address>
         <run_address>0x85146</run_address>
         <size>0xd</size>
         <input_file_ref idref="fl-3b"/>
      </object_component>
      <object_component id="oc-e0">
         <name>.text</name>
         <load_address>0x85153</load_address>
         <run_address>0x85153</run_address>
         <size>0xc</size>
         <input_file_ref idref="fl-40"/>
      </object_component>
      <object_component id="oc-3cf">
         <name>.text:SysCtl_isMCDClockFailureDetected</name>
         <load_address>0x8515f</load_address>
         <run_address>0x8515f</run_address>
         <size>0xb</size>
         <input_file_ref idref="fl-28"/>
      </object_component>
      <object_component id="oc-55">
         <name>.text:Interrupt_illegalOperationHandler</name>
         <load_address>0x8516a</load_address>
         <run_address>0x8516a</run_address>
         <size>0xa</size>
         <input_file_ref idref="fl-25"/>
      </object_component>
      <object_component id="oc-5b">
         <name>.text:Interrupt_nmiHandler</name>
         <load_address>0x85174</load_address>
         <run_address>0x85174</run_address>
         <size>0xa</size>
         <input_file_ref idref="fl-25"/>
      </object_component>
      <object_component id="oc-162">
         <name>.text:Mult_CLLC_HAL_disablePWMClkCounting</name>
         <load_address>0x8517e</load_address>
         <run_address>0x8517e</run_address>
         <size>0x9</size>
         <input_file_ref idref="fl-6"/>
      </object_component>
      <object_component id="oc-180">
         <name>.text:Mult_CLLC_HAL_setupADC</name>
         <load_address>0x85187</load_address>
         <run_address>0x85187</run_address>
         <size>0x9</size>
         <input_file_ref idref="fl-6"/>
      </object_component>
      <object_component id="oc-1bf">
         <name>.text</name>
         <load_address>0x85190</load_address>
         <run_address>0x85190</run_address>
         <size>0x9</size>
         <input_file_ref idref="fl-3f"/>
      </object_component>
      <object_component id="oc-1aa">
         <name>.text:A1</name>
         <load_address>0x85199</load_address>
         <run_address>0x85199</run_address>
         <size>0x8</size>
         <input_file_ref idref="fl-7"/>
      </object_component>
      <object_component id="oc-19e">
         <name>.text:Mult_CLLC_HAL_enablePWMClkCounting</name>
         <load_address>0x851a1</load_address>
         <run_address>0x851a1</run_address>
         <size>0x8</size>
         <input_file_ref idref="fl-6"/>
      </object_component>
      <object_component id="oc-19">
         <name>.text:decompress:none</name>
         <load_address>0x851a9</load_address>
         <run_address>0x851a9</run_address>
         <size>0x8</size>
         <input_file_ref idref="fl-3c"/>
      </object_component>
      <object_component id="oc-78">
         <name>.text</name>
         <load_address>0x851b1</load_address>
         <run_address>0x851b1</run_address>
         <size>0x8</size>
         <input_file_ref idref="fl-e"/>
      </object_component>
      <object_component id="oc-225">
         <name>.text:ADC_init</name>
         <load_address>0x851b9</load_address>
         <run_address>0x851b9</run_address>
         <size>0x7</size>
         <input_file_ref idref="fl-2"/>
      </object_component>
      <object_component id="oc-1e7">
         <name>.text:CPUTIMER_init</name>
         <load_address>0x851c0</load_address>
         <run_address>0x851c0</run_address>
         <size>0x7</size>
         <input_file_ref idref="fl-2"/>
      </object_component>
      <object_component id="oc-1f7">
         <name>.text:INPUTXBAR_init</name>
         <load_address>0x851c7</load_address>
         <run_address>0x851c7</run_address>
         <size>0x7</size>
         <input_file_ref idref="fl-2"/>
      </object_component>
      <object_component id="oc-168">
         <name>.text:Mult_CLLC_HAL_setPins</name>
         <load_address>0x851ce</load_address>
         <run_address>0x851ce</run_address>
         <size>0x7</size>
         <input_file_ref idref="fl-6"/>
      </object_component>
      <object_component id="oc-186">
         <name>.text:Mult_CLLC_HAL_setupPWM</name>
         <load_address>0x851d5</load_address>
         <run_address>0x851d5</run_address>
         <size>0x7</size>
         <input_file_ref idref="fl-6"/>
      </object_component>
      <object_component id="oc-4ed">
         <name>.text:SysCtl_resetMCD</name>
         <load_address>0x851dc</load_address>
         <run_address>0x851dc</run_address>
         <size>0x7</size>
         <input_file_ref idref="fl-28"/>
      </object_component>
      <object_component id="oc-2dd">
         <name>.text:TZ1_init</name>
         <load_address>0x851e3</load_address>
         <run_address>0x851e3</run_address>
         <size>0x6</size>
         <input_file_ref idref="fl-2"/>
      </object_component>
      <object_component id="oc-2e3">
         <name>.text:TZ2_init</name>
         <load_address>0x851e9</load_address>
         <run_address>0x851e9</run_address>
         <size>0x6</size>
         <input_file_ref idref="fl-2"/>
      </object_component>
      <object_component id="oc-2d7">
         <name>.text:myINPUTXBARINPUT0_init</name>
         <load_address>0x851ef</load_address>
         <run_address>0x851ef</run_address>
         <size>0x6</size>
         <input_file_ref idref="fl-2"/>
      </object_component>
      <object_component id="oc-17a">
         <name>.text:Mult_CLLC_HAL_setupFAN</name>
         <load_address>0x851f5</load_address>
         <run_address>0x851f5</run_address>
         <size>0x5</size>
         <input_file_ref idref="fl-6"/>
      </object_component>
      <object_component id="oc-212">
         <name>.text:OUTPUTXBAR_init</name>
         <load_address>0x851fa</load_address>
         <run_address>0x851fa</run_address>
         <size>0x5</size>
         <input_file_ref idref="fl-2"/>
      </object_component>
      <object_component id="oc-ef">
         <name>.text:__error__</name>
         <load_address>0x851ff</load_address>
         <run_address>0x851ff</run_address>
         <size>0x3</size>
         <input_file_ref idref="fl-d"/>
      </object_component>
      <object_component id="oc-d9">
         <name>.text</name>
         <load_address>0x85202</load_address>
         <run_address>0x85202</run_address>
         <size>0x2</size>
         <input_file_ref idref="fl-39"/>
      </object_component>
      <object_component id="oc-16e">
         <name>.text:Mult_CLLC_HAL_setupLED</name>
         <load_address>0x85204</load_address>
         <run_address>0x85204</run_address>
         <size>0x1</size>
         <input_file_ref idref="fl-6"/>
      </object_component>
      <object_component id="oc-141">
         <name>.text</name>
         <load_address>0x85205</load_address>
         <run_address>0x85205</run_address>
         <size>0x1</size>
         <input_file_ref idref="fl-43"/>
      </object_component>
      <object_component id="oc-53b">
         <name>.cinit..data.load</name>
         <load_address>0x8112c</load_address>
         <run_address>0x8112c</run_address>
         <size>0xb</size>
      </object_component>
      <object_component id="oc-538">
         <name>__TI_handler_table</name>
         <load_address>0x81138</load_address>
         <run_address>0x81138</run_address>
         <size>0x6</size>
      </object_component>
      <object_component id="oc-53a">
         <name>.cinit..bss.load</name>
         <load_address>0x8113e</load_address>
         <run_address>0x8113e</run_address>
         <size>0x4</size>
      </object_component>
      <object_component id="oc-539">
         <name>__TI_cinit_table</name>
         <load_address>0x81142</load_address>
         <run_address>0x81142</run_address>
         <size>0x8</size>
      </object_component>
      <object_component id="oc-61">
         <name>.stack</name>
         <uninitialized>true</uninitialized>
         <run_address>0x400</run_address>
         <size>0x0</size>
         <input_file_ref idref="fl-36"/>
      </object_component>
      <object_component id="oc-53c">
         <name>.stack</name>
         <uninitialized>true</uninitialized>
         <run_address>0x400</run_address>
         <size>0x0</size>
      </object_component>
      <object_component id="oc-83">
         <name>.bss</name>
         <uninitialized>true</uninitialized>
         <run_address>0xa800</run_address>
         <size>0x9e</size>
         <input_file_ref idref="fl-5"/>
      </object_component>
      <object_component id="oc-1b6">
         <name>.bss</name>
         <uninitialized>true</uninitialized>
         <run_address>0xa89e</run_address>
         <size>0x6</size>
         <input_file_ref idref="fl-7"/>
      </object_component>
      <object_component id="oc-262">
         <name>.bss:vTimer0</name>
         <uninitialized>true</uninitialized>
         <run_address>0xa8a4</run_address>
         <size>0x4</size>
         <input_file_ref idref="fl-7"/>
      </object_component>
      <object_component id="oc-26e">
         <name>.bss:vTimer1</name>
         <uninitialized>true</uninitialized>
         <run_address>0xa8a8</run_address>
         <size>0x4</size>
         <input_file_ref idref="fl-7"/>
      </object_component>
      <object_component id="oc-80">
         <name>.data</name>
         <load_address>0xa8b2</load_address>
         <run_address>0xa8b2</run_address>
         <size>0x2</size>
         <input_file_ref idref="fl-5"/>
      </object_component>
      <object_component id="oc-134">
         <name>.data</name>
         <load_address>0xa8ac</load_address>
         <run_address>0xa8ac</run_address>
         <size>0x6</size>
         <input_file_ref idref="fl-3e"/>
      </object_component>
      <object_component id="oc-137">
         <name>.data:_lock</name>
         <load_address>0xa8b4</load_address>
         <run_address>0xa8b4</run_address>
         <size>0x2</size>
         <input_file_ref idref="fl-3f"/>
      </object_component>
      <object_component id="oc-274">
         <name>.data:_unlock</name>
         <load_address>0xa8b6</load_address>
         <run_address>0xa8b6</run_address>
         <size>0x2</size>
         <input_file_ref idref="fl-3f"/>
      </object_component>
      <object_component id="oc-395">
         <name>.const:.string</name>
         <load_address>0x84000</load_address>
         <run_address>0x84000</run_address>
         <size>0x9b</size>
         <input_file_ref idref="fl-23"/>
      </object_component>
      <object_component id="oc-3ce">
         <name>.const:.string</name>
         <load_address>0x8409c</load_address>
         <run_address>0x8409c</run_address>
         <size>0x9a</size>
         <input_file_ref idref="fl-28"/>
      </object_component>
      <object_component id="oc-376">
         <name>.const:.string</name>
         <load_address>0x84136</load_address>
         <run_address>0x84136</run_address>
         <size>0x98</size>
         <input_file_ref idref="fl-24"/>
      </object_component>
      <object_component id="oc-40b">
         <name>.const:.string</name>
         <load_address>0x841ce</load_address>
         <run_address>0x841ce</run_address>
         <size>0x97</size>
         <input_file_ref idref="fl-27"/>
      </object_component>
      <object_component id="oc-ee">
         <name>.const:.string</name>
         <load_address>0x84266</load_address>
         <run_address>0x84266</run_address>
         <size>0x51</size>
         <input_file_ref idref="fl-25"/>
      </object_component>
      <object_component id="oc-4ca">
         <name>.const:.string</name>
         <load_address>0x842b8</load_address>
         <run_address>0x842b8</run_address>
         <size>0x50</size>
         <input_file_ref idref="fl-20"/>
      </object_component>
      <object_component id="oc-445">
         <name>.const:.string</name>
         <load_address>0x84308</load_address>
         <run_address>0x84308</run_address>
         <size>0x4d</size>
         <input_file_ref idref="fl-1f"/>
      </object_component>
      <object_component id="oc-400">
         <name>.const:.string</name>
         <load_address>0x84356</load_address>
         <run_address>0x84356</run_address>
         <size>0x4d</size>
         <input_file_ref idref="fl-26"/>
      </object_component>
      <object_component id="oc-42f">
         <name>.const:.string</name>
         <load_address>0x843a4</load_address>
         <run_address>0x843a4</run_address>
         <size>0x4c</size>
         <input_file_ref idref="fl-22"/>
      </object_component>
      <object_component id="oc-43b">
         <name>.const:.string</name>
         <load_address>0x843f0</load_address>
         <run_address>0x843f0</run_address>
         <size>0x3e</size>
         <input_file_ref idref="fl-2"/>
      </object_component>
      <object_component id="oc-281">
         <name>.TI.ramfunc:Flash_initModule</name>
         <load_address>0x81000</load_address>
         <run_address>0x8000</run_address>
         <size>0x44</size>
         <input_file_ref idref="fl-23"/>
      </object_component>
      <object_component id="oc-39c">
         <name>.TI.ramfunc:Flash_setBankPowerMode</name>
         <load_address>0x81044</load_address>
         <run_address>0x8044</run_address>
         <size>0x2c</size>
         <input_file_ref idref="fl-23"/>
      </object_component>
      <object_component id="oc-3b4">
         <name>.TI.ramfunc:Flash_setWaitstates</name>
         <load_address>0x81070</load_address>
         <run_address>0x8070</run_address>
         <size>0x24</size>
         <input_file_ref idref="fl-23"/>
      </object_component>
      <object_component id="oc-3a2">
         <name>.TI.ramfunc:Flash_setPumpPowerMode</name>
         <load_address>0x81094</load_address>
         <run_address>0x8094</run_address>
         <size>0x1d</size>
         <input_file_ref idref="fl-23"/>
      </object_component>
      <object_component id="oc-3a8">
         <name>.TI.ramfunc:Flash_disableCache</name>
         <load_address>0x810b1</load_address>
         <run_address>0x80b1</run_address>
         <size>0x18</size>
         <input_file_ref idref="fl-23"/>
      </object_component>
      <object_component id="oc-3ae">
         <name>.TI.ramfunc:Flash_disablePrefetch</name>
         <load_address>0x810c9</load_address>
         <run_address>0x80c9</run_address>
         <size>0x18</size>
         <input_file_ref idref="fl-23"/>
      </object_component>
      <object_component id="oc-3ba">
         <name>.TI.ramfunc:Flash_enableCache</name>
         <load_address>0x810e1</load_address>
         <run_address>0x80e1</run_address>
         <size>0x17</size>
         <input_file_ref idref="fl-23"/>
      </object_component>
      <object_component id="oc-3c0">
         <name>.TI.ramfunc:Flash_enablePrefetch</name>
         <load_address>0x810f8</load_address>
         <run_address>0x80f8</run_address>
         <size>0x17</size>
         <input_file_ref idref="fl-23"/>
      </object_component>
      <object_component id="oc-3c6">
         <name>.TI.ramfunc:Flash_enableECC</name>
         <load_address>0x8110f</load_address>
         <run_address>0x810f</run_address>
         <size>0x16</size>
         <input_file_ref idref="fl-23"/>
      </object_component>
      <object_component id="oc-22b">
         <name>.TI.ramfunc</name>
         <load_address>0x81125</load_address>
         <run_address>0x8125</run_address>
         <size>0x4</size>
         <input_file_ref idref="fl-28"/>
      </object_component>
      <object_component id="oc-8d">
         <name>.debug_types</name>
         <load_address>0x0</load_address>
         <run_address>0x0</run_address>
         <size>0x5b3b</size>
         <input_file_ref idref="fl-2"/>
      </object_component>
      <object_component id="oc-7f">
         <name>.debug_types</name>
         <load_address>0x5b3b</load_address>
         <run_address>0x5b3b</run_address>
         <size>0x2ff</size>
         <input_file_ref idref="fl-4"/>
      </object_component>
      <object_component id="oc-8f">
         <name>.debug_types</name>
         <load_address>0x5e3a</load_address>
         <run_address>0x5e3a</run_address>
         <size>0x7ed</size>
         <input_file_ref idref="fl-5"/>
      </object_component>
      <object_component id="oc-1ee">
         <name>.debug_types</name>
         <load_address>0x6627</load_address>
         <run_address>0x6627</run_address>
         <size>0x9f6</size>
         <input_file_ref idref="fl-6"/>
      </object_component>
      <object_component id="oc-266">
         <name>.debug_types</name>
         <load_address>0x701d</load_address>
         <run_address>0x701d</run_address>
         <size>0x9e</size>
         <input_file_ref idref="fl-7"/>
      </object_component>
      <object_component id="oc-13d">
         <name>.debug_types</name>
         <load_address>0x70bb</load_address>
         <run_address>0x70bb</run_address>
         <size>0x413</size>
         <input_file_ref idref="fl-d"/>
      </object_component>
      <object_component id="oc-4de">
         <name>.debug_types</name>
         <load_address>0x74ce</load_address>
         <run_address>0x74ce</run_address>
         <size>0xe5</size>
         <input_file_ref idref="fl-1e"/>
      </object_component>
      <object_component id="oc-447">
         <name>.debug_types</name>
         <load_address>0x0</load_address>
         <run_address>0x0</run_address>
         <size>0x0</size>
         <input_file_ref idref="fl-1f"/>
      </object_component>
      <object_component id="oc-4cc">
         <name>.debug_types</name>
         <load_address>0x0</load_address>
         <run_address>0x0</run_address>
         <size>0x0</size>
         <input_file_ref idref="fl-20"/>
      </object_component>
      <object_component id="oc-431">
         <name>.debug_types</name>
         <load_address>0x0</load_address>
         <run_address>0x0</run_address>
         <size>0x0</size>
         <input_file_ref idref="fl-22"/>
      </object_component>
      <object_component id="oc-3cd">
         <name>.debug_types</name>
         <load_address>0x75b3</load_address>
         <run_address>0x75b3</run_address>
         <size>0x1e9</size>
         <input_file_ref idref="fl-23"/>
      </object_component>
      <object_component id="oc-37e">
         <name>.debug_types</name>
         <load_address>0x779c</load_address>
         <run_address>0x779c</run_address>
         <size>0x5a</size>
         <input_file_ref idref="fl-24"/>
      </object_component>
      <object_component id="oc-93">
         <name>.debug_types</name>
         <load_address>0x0</load_address>
         <run_address>0x0</run_address>
         <size>0x0</size>
         <input_file_ref idref="fl-25"/>
      </object_component>
      <object_component id="oc-402">
         <name>.debug_types</name>
         <load_address>0x77f6</load_address>
         <run_address>0x77f6</run_address>
         <size>0x5e</size>
         <input_file_ref idref="fl-26"/>
      </object_component>
      <object_component id="oc-413">
         <name>.debug_types</name>
         <load_address>0x7854</load_address>
         <run_address>0x7854</run_address>
         <size>0x1ff</size>
         <input_file_ref idref="fl-27"/>
      </object_component>
      <object_component id="oc-3e2">
         <name>.debug_types</name>
         <load_address>0x7a53</load_address>
         <run_address>0x7a53</run_address>
         <size>0x1d4</size>
         <input_file_ref idref="fl-28"/>
      </object_component>
      <object_component id="oc-43e">
         <name>.debug_types</name>
         <load_address>0x7c27</load_address>
         <run_address>0x7c27</run_address>
         <size>0x1a2b</size>
         <input_file_ref idref="fl-29"/>
      </object_component>
      <object_component id="oc-9b">
         <name>.debug_types</name>
         <load_address>0x9652</load_address>
         <run_address>0x9652</run_address>
         <size>0x117</size>
         <input_file_ref idref="fl-38"/>
      </object_component>
      <object_component id="oc-fb">
         <name>.debug_types</name>
         <load_address>0x0</load_address>
         <run_address>0x0</run_address>
         <size>0x0</size>
         <input_file_ref idref="fl-39"/>
      </object_component>
      <object_component id="oc-148">
         <name>.debug_types</name>
         <load_address>0x9769</load_address>
         <run_address>0x9769</run_address>
         <size>0x412</size>
         <input_file_ref idref="fl-3a"/>
      </object_component>
      <object_component id="oc-a0">
         <name>.debug_types</name>
         <load_address>0x9b7b</load_address>
         <run_address>0x9b7b</run_address>
         <size>0x194</size>
         <input_file_ref idref="fl-3b"/>
      </object_component>
      <object_component id="oc-6b">
         <name>.debug_types</name>
         <load_address>0x0</load_address>
         <run_address>0x0</run_address>
         <size>0x0</size>
         <input_file_ref idref="fl-3c"/>
      </object_component>
      <object_component id="oc-63">
         <name>.debug_types</name>
         <load_address>0x9d0f</load_address>
         <run_address>0x9d0f</run_address>
         <size>0x191</size>
         <input_file_ref idref="fl-3d"/>
      </object_component>
      <object_component id="oc-13b">
         <name>.debug_types</name>
         <load_address>0x9ea0</load_address>
         <run_address>0x9ea0</run_address>
         <size>0xbf</size>
         <input_file_ref idref="fl-3e"/>
      </object_component>
      <object_component id="oc-1c7">
         <name>.debug_types</name>
         <load_address>0x9f5f</load_address>
         <run_address>0x9f5f</run_address>
         <size>0x2f</size>
         <input_file_ref idref="fl-3f"/>
      </object_component>
      <object_component id="oc-133">
         <name>.debug_types</name>
         <load_address>0x9f8e</load_address>
         <run_address>0x9f8e</run_address>
         <size>0xe1</size>
         <input_file_ref idref="fl-40"/>
      </object_component>
      <object_component id="oc-1cf">
         <name>.debug_types</name>
         <load_address>0x0</load_address>
         <run_address>0x0</run_address>
         <size>0x0</size>
         <input_file_ref idref="fl-43"/>
      </object_component>
      <object_component id="oc-206">
         <name>.debug_info</name>
         <load_address>0x0</load_address>
         <run_address>0x0</run_address>
         <size>0x1b2</size>
         <input_file_ref idref="fl-2"/>
      </object_component>
      <object_component id="oc-2d8">
         <name>.debug_info</name>
         <load_address>0x1b2</load_address>
         <run_address>0x1b2</run_address>
         <size>0x13f</size>
         <input_file_ref idref="fl-2"/>
      </object_component>
      <object_component id="oc-219">
         <name>.debug_info</name>
         <load_address>0x2f1</load_address>
         <run_address>0x2f1</run_address>
         <size>0x146</size>
         <input_file_ref idref="fl-2"/>
      </object_component>
      <object_component id="oc-2c1">
         <name>.debug_info</name>
         <load_address>0x437</load_address>
         <run_address>0x437</run_address>
         <size>0x17a</size>
         <input_file_ref idref="fl-2"/>
      </object_component>
      <object_component id="oc-2bb">
         <name>.debug_info</name>
         <load_address>0x5b1</load_address>
         <run_address>0x5b1</run_address>
         <size>0x17a</size>
         <input_file_ref idref="fl-2"/>
      </object_component>
      <object_component id="oc-2b5">
         <name>.debug_info</name>
         <load_address>0x72b</load_address>
         <run_address>0x72b</run_address>
         <size>0x18e</size>
         <input_file_ref idref="fl-2"/>
      </object_component>
      <object_component id="oc-193">
         <name>.debug_info</name>
         <load_address>0x8b9</load_address>
         <run_address>0x8b9</run_address>
         <size>0x153</size>
         <input_file_ref idref="fl-2"/>
      </object_component>
      <object_component id="oc-2e4">
         <name>.debug_info</name>
         <load_address>0xa0c</load_address>
         <run_address>0xa0c</run_address>
         <size>0x123</size>
         <input_file_ref idref="fl-2"/>
      </object_component>
      <object_component id="oc-2de">
         <name>.debug_info</name>
         <load_address>0xb2f</load_address>
         <run_address>0xb2f</run_address>
         <size>0x123</size>
         <input_file_ref idref="fl-2"/>
      </object_component>
      <object_component id="oc-22e">
         <name>.debug_info</name>
         <load_address>0xc52</load_address>
         <run_address>0xc52</run_address>
         <size>0x125</size>
         <input_file_ref idref="fl-2"/>
      </object_component>
      <object_component id="oc-2f7">
         <name>.debug_info</name>
         <load_address>0xd77</load_address>
         <run_address>0xd77</run_address>
         <size>0x198</size>
         <input_file_ref idref="fl-2"/>
      </object_component>
      <object_component id="oc-2f1">
         <name>.debug_info</name>
         <load_address>0xf0f</load_address>
         <run_address>0xf0f</run_address>
         <size>0x198</size>
         <input_file_ref idref="fl-2"/>
      </object_component>
      <object_component id="oc-20c">
         <name>.debug_info</name>
         <load_address>0x10a7</load_address>
         <run_address>0x10a7</run_address>
         <size>0x158</size>
         <input_file_ref idref="fl-2"/>
      </object_component>
      <object_component id="oc-1f2">
         <name>.debug_info</name>
         <load_address>0x11ff</load_address>
         <run_address>0x11ff</run_address>
         <size>0x935</size>
         <input_file_ref idref="fl-2"/>
      </object_component>
      <object_component id="oc-31e">
         <name>.debug_info</name>
         <load_address>0x1b34</load_address>
         <run_address>0x1b34</run_address>
         <size>0x142</size>
         <input_file_ref idref="fl-2"/>
      </object_component>
      <object_component id="oc-324">
         <name>.debug_info</name>
         <load_address>0x1c76</load_address>
         <run_address>0x1c76</run_address>
         <size>0x14e</size>
         <input_file_ref idref="fl-2"/>
      </object_component>
      <object_component id="oc-213">
         <name>.debug_info</name>
         <load_address>0x1dc4</load_address>
         <run_address>0x1dc4</run_address>
         <size>0x155</size>
         <input_file_ref idref="fl-2"/>
      </object_component>
      <object_component id="oc-253">
         <name>.debug_info</name>
         <load_address>0x1f19</load_address>
         <run_address>0x1f19</run_address>
         <size>0x1ac</size>
         <input_file_ref idref="fl-2"/>
      </object_component>
      <object_component id="oc-24d">
         <name>.debug_info</name>
         <load_address>0x20c5</load_address>
         <run_address>0x20c5</run_address>
         <size>0x1ac</size>
         <input_file_ref idref="fl-2"/>
      </object_component>
      <object_component id="oc-247">
         <name>.debug_info</name>
         <load_address>0x2271</load_address>
         <run_address>0x2271</run_address>
         <size>0x1ac</size>
         <input_file_ref idref="fl-2"/>
      </object_component>
      <object_component id="oc-241">
         <name>.debug_info</name>
         <load_address>0x241d</load_address>
         <run_address>0x241d</run_address>
         <size>0x1ac</size>
         <input_file_ref idref="fl-2"/>
      </object_component>
      <object_component id="oc-33f">
         <name>.debug_info</name>
         <load_address>0x25c9</load_address>
         <run_address>0x25c9</run_address>
         <size>0x157</size>
         <input_file_ref idref="fl-2"/>
      </object_component>
      <object_component id="oc-339">
         <name>.debug_info</name>
         <load_address>0x2720</load_address>
         <run_address>0x2720</run_address>
         <size>0x157</size>
         <input_file_ref idref="fl-2"/>
      </object_component>
      <object_component id="oc-333">
         <name>.debug_info</name>
         <load_address>0x2877</load_address>
         <run_address>0x2877</run_address>
         <size>0x156</size>
         <input_file_ref idref="fl-2"/>
      </object_component>
      <object_component id="oc-33">
         <name>.debug_info</name>
         <load_address>0x29cd</load_address>
         <run_address>0x29cd</run_address>
         <size>0x15d</size>
         <input_file_ref idref="fl-2"/>
      </object_component>
      <object_component id="oc-1f8">
         <name>.debug_info</name>
         <load_address>0x2b2a</load_address>
         <run_address>0x2b2a</run_address>
         <size>0x167</size>
         <input_file_ref idref="fl-2"/>
      </object_component>
      <object_component id="oc-1fe">
         <name>.debug_info</name>
         <load_address>0x2c91</load_address>
         <run_address>0x2c91</run_address>
         <size>0x665</size>
         <input_file_ref idref="fl-2"/>
      </object_component>
      <object_component id="oc-347">
         <name>.debug_info</name>
         <load_address>0x32f6</load_address>
         <run_address>0x32f6</run_address>
         <size>0x21f</size>
         <input_file_ref idref="fl-2"/>
      </object_component>
      <object_component id="oc-234">
         <name>.debug_info</name>
         <load_address>0x3515</load_address>
         <run_address>0x3515</run_address>
         <size>0xe45</size>
         <input_file_ref idref="fl-2"/>
      </object_component>
      <object_component id="oc-23a">
         <name>.debug_info</name>
         <load_address>0x435a</load_address>
         <run_address>0x435a</run_address>
         <size>0x205</size>
         <input_file_ref idref="fl-2"/>
      </object_component>
      <object_component id="oc-1e8">
         <name>.debug_info</name>
         <load_address>0x455f</load_address>
         <run_address>0x455f</run_address>
         <size>0x16f</size>
         <input_file_ref idref="fl-2"/>
      </object_component>
      <object_component id="oc-18d">
         <name>.debug_info</name>
         <load_address>0x46ce</load_address>
         <run_address>0x46ce</run_address>
         <size>0x173</size>
         <input_file_ref idref="fl-2"/>
      </object_component>
      <object_component id="oc-220">
         <name>.debug_info</name>
         <load_address>0x4841</load_address>
         <run_address>0x4841</run_address>
         <size>0x12b</size>
         <input_file_ref idref="fl-2"/>
      </object_component>
      <object_component id="oc-226">
         <name>.debug_info</name>
         <load_address>0x496c</load_address>
         <run_address>0x496c</run_address>
         <size>0x157</size>
         <input_file_ref idref="fl-2"/>
      </object_component>
      <object_component id="oc-12d">
         <name>.debug_info</name>
         <load_address>0x4ac3</load_address>
         <run_address>0x4ac3</run_address>
         <size>0x2c0</size>
         <input_file_ref idref="fl-4"/>
      </object_component>
      <object_component id="oc-2c">
         <name>.debug_info</name>
         <load_address>0x4d83</load_address>
         <run_address>0x4d83</run_address>
         <size>0x12b</size>
         <input_file_ref idref="fl-4"/>
      </object_component>
      <object_component id="oc-81">
         <name>.debug_info</name>
         <load_address>0x4eae</load_address>
         <run_address>0x4eae</run_address>
         <size>0x145</size>
         <input_file_ref idref="fl-5"/>
      </object_component>
      <object_component id="oc-84">
         <name>.debug_info</name>
         <load_address>0x4ff3</load_address>
         <run_address>0x4ff3</run_address>
         <size>0x15b3</size>
         <input_file_ref idref="fl-5"/>
      </object_component>
      <object_component id="oc-15f">
         <name>.debug_info</name>
         <load_address>0x65a6</load_address>
         <run_address>0x65a6</run_address>
         <size>0x153</size>
         <input_file_ref idref="fl-5"/>
      </object_component>
      <object_component id="oc-39">
         <name>.debug_info</name>
         <load_address>0x66f9</load_address>
         <run_address>0x66f9</run_address>
         <size>0x12f</size>
         <input_file_ref idref="fl-5"/>
      </object_component>
      <object_component id="oc-40">
         <name>.debug_info</name>
         <load_address>0x6828</load_address>
         <run_address>0x6828</run_address>
         <size>0x158</size>
         <input_file_ref idref="fl-5"/>
      </object_component>
      <object_component id="oc-45">
         <name>.debug_info</name>
         <load_address>0x6980</load_address>
         <run_address>0x6980</run_address>
         <size>0x158</size>
         <input_file_ref idref="fl-5"/>
      </object_component>
      <object_component id="oc-187">
         <name>.debug_info</name>
         <load_address>0x6ad8</load_address>
         <run_address>0x6ad8</run_address>
         <size>0x1a0</size>
         <input_file_ref idref="fl-6"/>
      </object_component>
      <object_component id="oc-16f">
         <name>.debug_info</name>
         <load_address>0x6c78</load_address>
         <run_address>0x6c78</run_address>
         <size>0x157</size>
         <input_file_ref idref="fl-6"/>
      </object_component>
      <object_component id="oc-17b">
         <name>.debug_info</name>
         <load_address>0x6dcf</load_address>
         <run_address>0x6dcf</run_address>
         <size>0x17b</size>
         <input_file_ref idref="fl-6"/>
      </object_component>
      <object_component id="oc-157">
         <name>.debug_info</name>
         <load_address>0x6f4a</load_address>
         <run_address>0x6f4a</run_address>
         <size>0x20b</size>
         <input_file_ref idref="fl-6"/>
      </object_component>
      <object_component id="oc-175">
         <name>.debug_info</name>
         <load_address>0x7155</load_address>
         <run_address>0x7155</run_address>
         <size>0x175</size>
         <input_file_ref idref="fl-6"/>
      </object_component>
      <object_component id="oc-181">
         <name>.debug_info</name>
         <load_address>0x72ca</load_address>
         <run_address>0x72ca</run_address>
         <size>0x189</size>
         <input_file_ref idref="fl-6"/>
      </object_component>
      <object_component id="oc-169">
         <name>.debug_info</name>
         <load_address>0x7453</load_address>
         <run_address>0x7453</run_address>
         <size>0x189</size>
         <input_file_ref idref="fl-6"/>
      </object_component>
      <object_component id="oc-19f">
         <name>.debug_info</name>
         <load_address>0x75dc</load_address>
         <run_address>0x75dc</run_address>
         <size>0x16f</size>
         <input_file_ref idref="fl-6"/>
      </object_component>
      <object_component id="oc-163">
         <name>.debug_info</name>
         <load_address>0x774b</load_address>
         <run_address>0x774b</run_address>
         <size>0x171</size>
         <input_file_ref idref="fl-6"/>
      </object_component>
      <object_component id="oc-451">
         <name>.debug_info</name>
         <load_address>0x78bc</load_address>
         <run_address>0x78bc</run_address>
         <size>0x1d2</size>
         <input_file_ref idref="fl-6"/>
      </object_component>
      <object_component id="oc-385">
         <name>.debug_info</name>
         <load_address>0x7a8e</load_address>
         <run_address>0x7a8e</run_address>
         <size>0x246</size>
         <input_file_ref idref="fl-6"/>
      </object_component>
      <object_component id="oc-268">
         <name>.debug_info</name>
         <load_address>0x7cd4</load_address>
         <run_address>0x7cd4</run_address>
         <size>0x1b2</size>
         <input_file_ref idref="fl-6"/>
      </object_component>
      <object_component id="oc-1b7">
         <name>.debug_info</name>
         <load_address>0x7e86</load_address>
         <run_address>0x7e86</run_address>
         <size>0x16e</size>
         <input_file_ref idref="fl-7"/>
      </object_component>
      <object_component id="oc-263">
         <name>.debug_info</name>
         <load_address>0x7ff4</load_address>
         <run_address>0x7ff4</run_address>
         <size>0x10e</size>
         <input_file_ref idref="fl-7"/>
      </object_component>
      <object_component id="oc-26f">
         <name>.debug_info</name>
         <load_address>0x8102</load_address>
         <run_address>0x8102</run_address>
         <size>0x10e</size>
         <input_file_ref idref="fl-7"/>
      </object_component>
      <object_component id="oc-1ab">
         <name>.debug_info</name>
         <load_address>0x8210</load_address>
         <run_address>0x8210</run_address>
         <size>0x151</size>
         <input_file_ref idref="fl-7"/>
      </object_component>
      <object_component id="oc-1a5">
         <name>.debug_info</name>
         <load_address>0x8361</load_address>
         <run_address>0x8361</run_address>
         <size>0x134</size>
         <input_file_ref idref="fl-7"/>
      </object_component>
      <object_component id="oc-1b1">
         <name>.debug_info</name>
         <load_address>0x8495</load_address>
         <run_address>0x8495</run_address>
         <size>0x134</size>
         <input_file_ref idref="fl-7"/>
      </object_component>
      <object_component id="oc-f0">
         <name>.debug_info</name>
         <load_address>0x85c9</load_address>
         <run_address>0x85c9</run_address>
         <size>0x151</size>
         <input_file_ref idref="fl-d"/>
      </object_component>
      <object_component id="oc-1dc">
         <name>.debug_info</name>
         <load_address>0x871a</load_address>
         <run_address>0x871a</run_address>
         <size>0x138</size>
         <input_file_ref idref="fl-d"/>
      </object_component>
      <object_component id="oc-29b">
         <name>.debug_info</name>
         <load_address>0x8852</load_address>
         <run_address>0x8852</run_address>
         <size>0x14f</size>
         <input_file_ref idref="fl-d"/>
      </object_component>
      <object_component id="oc-1d7">
         <name>.debug_info</name>
         <load_address>0x89a1</load_address>
         <run_address>0x89a1</run_address>
         <size>0x27d</size>
         <input_file_ref idref="fl-d"/>
      </object_component>
      <object_component id="oc-21">
         <name>.debug_info</name>
         <load_address>0x8c1e</load_address>
         <run_address>0x8c1e</run_address>
         <size>0x128</size>
         <input_file_ref idref="fl-e"/>
      </object_component>
      <object_component id="oc-79">
         <name>.debug_info</name>
         <load_address>0x8d46</load_address>
         <run_address>0x8d46</run_address>
         <size>0x129</size>
         <input_file_ref idref="fl-e"/>
      </object_component>
      <object_component id="oc-433">
         <name>.debug_info</name>
         <load_address>0x8e6f</load_address>
         <run_address>0x8e6f</run_address>
         <size>0x234</size>
         <input_file_ref idref="fl-1e"/>
      </object_component>
      <object_component id="oc-442">
         <name>.debug_info</name>
         <load_address>0x90a3</load_address>
         <run_address>0x90a3</run_address>
         <size>0x1d7</size>
         <input_file_ref idref="fl-1f"/>
      </object_component>
      <object_component id="oc-358">
         <name>.debug_info</name>
         <load_address>0x927a</load_address>
         <run_address>0x927a</run_address>
         <size>0x2bd</size>
         <input_file_ref idref="fl-1f"/>
      </object_component>
      <object_component id="oc-35d">
         <name>.debug_info</name>
         <load_address>0x9537</load_address>
         <run_address>0x9537</run_address>
         <size>0x2bb</size>
         <input_file_ref idref="fl-1f"/>
      </object_component>
      <object_component id="oc-369">
         <name>.debug_info</name>
         <load_address>0x97f2</load_address>
         <run_address>0x97f2</run_address>
         <size>0x25f</size>
[...]
      </symbol>
      <symbol id="sm-1b3">
         <name>MULT_CLLC_iPrimSECONDARYSensedAvg_pu</name>
         <value>0xa872</value>
         <object_component_ref idref="oc-83"/>
      </symbol>
      <symbol id="sm-1b4">
         <name>MULT_CLLC_pwmDutySecRef_pu</name>
         <value>0xa866</value>
         <object_component_ref idref="oc-83"/>
      </symbol>
      <symbol id="sm-1b5">
         <name>MULT_CLLC_iPrimMAINTankSensedCalXvariable_pu</name>
         <value>0xa826</value>
         <object_component_ref idref="oc-83"/>
      </symbol>
      <symbol id="sm-1b6">
         <name>MULT_CLLC_powerFlowState</name>
         <value>0xa804</value>
         <object_component_ref idref="oc-83"/>
      </symbol>
      <symbol id="sm-1b7">
         <name>ISR1_SZCD</name>
         <value>0x83ae2</value>
         <object_component_ref idref="oc-3d"/>
      </symbol>
      <symbol id="sm-1b8">
         <name>MULT_CLLC_pwmDutyPrimRef_pu</name>
         <value>0xa834</value>
         <object_component_ref idref="oc-83"/>
      </symbol>
      <symbol id="sm-1b9">
         <name>MULT_CLLC_iPrimMAINTankSensedCalIntercept_pu</name>
         <value>0xa824</value>
         <object_component_ref idref="oc-83"/>
      </symbol>
      <symbol id="sm-1ba">
         <name>MULT_CLLC_iSecSECONDARYSensedAvg_pu</name>
         <value>0xa884</value>
         <object_component_ref idref="oc-83"/>
      </symbol>
      <symbol id="sm-1bb">
         <name>MULT_CLLC_iSecMAINSensedCalIntercept_pu</name>
         <value>0xa842</value>
         <object_component_ref idref="oc-83"/>
      </symbol>
      <symbol id="sm-1bc">
         <name>MULT_CLLC_vSecRef_pu</name>
         <value>0xa862</value>
         <object_component_ref idref="oc-83"/>
      </symbol>
      <symbol id="sm-1bd">
         <name>MULT_CLLC_initGlobalVariables</name>
         <value>0x832ad</value>
         <object_component_ref idref="oc-15c"/>
      </symbol>
      <symbol id="sm-1be">
         <name>MULT_CLLC_pwmDutyBSec_ticks</name>
         <value>0xa86c</value>
         <object_component_ref idref="oc-83"/>
      </symbol>
      <symbol id="sm-1bf">
         <name>MULT_CLLC_iSecMAINTankSensedCalXvariable_pu</name>
         <value>0xa858</value>
         <object_component_ref idref="oc-83"/>
      </symbol>
      <symbol id="sm-1c0">
         <name>ISR2_TIMER0</name>
         <value>0x82d67</value>
         <object_component_ref idref="oc-31"/>
      </symbol>
      <symbol id="sm-1c1">
         <name>MULT_CLLC_vSecSensedOffset_pu</name>
         <value>0xa85e</value>
         <object_component_ref idref="oc-83"/>
      </symbol>
      <symbol id="sm-1c2">
         <name>MULT_CLLC_vSecSensedAvg_pu</name>
         <value>0xa88c</value>
         <object_component_ref idref="oc-83"/>
      </symbol>
      <symbol id="sm-1c3">
         <name>MULT_CLLC_iSecSECONDARYSensed_pu</name>
         <value>0xa848</value>
         <object_component_ref idref="oc-83"/>
      </symbol>
      <symbol id="sm-1c4">
         <name>ISR1_PZCD</name>
         <value>0x83a7a</value>
         <object_component_ref idref="oc-43"/>
      </symbol>
      <symbol id="sm-1c5">
         <name>MULT_CLLC_vPrimSensed_pu</name>
         <value>0xa82a</value>
         <object_component_ref idref="oc-83"/>
      </symbol>
      <symbol id="sm-1c6">
         <name>MULT_CLLC_pwmDutySec_pu</name>
         <value>0xa868</value>
         <object_component_ref idref="oc-83"/>
      </symbol>
      <symbol id="sm-1c7">
         <name>MULT_CLLC_iSecMAINTankSensed_Amps</name>
         <value>0xa850</value>
         <object_component_ref idref="oc-83"/>
      </symbol>
      <symbol id="sm-1c8">
         <name>MULT_CLLC_vPrimRefSlewed_pu</name>
         <value>0xa832</value>
         <object_component_ref idref="oc-83"/>
      </symbol>
      <symbol id="sm-1c9">
         <name>MULT_CLLC_vPrimRef_pu</name>
         <value>0xa830</value>
         <object_component_ref idref="oc-83"/>
      </symbol>
      <symbol id="sm-1ca">
         <name>MULT_CLLC_pwmDutyASec_ticks</name>
         <value>0xa86a</value>
         <object_component_ref idref="oc-83"/>
      </symbol>
      <symbol id="sm-1cb">
         <name>MULT_CLLC_vPrimSensedAvg_pu</name>
         <value>0xa87a</value>
         <object_component_ref idref="oc-83"/>
      </symbol>
      <symbol id="sm-1cc">
         <name>MULT_CLLC_iSecSECONDARYSensedOffset_pu</name>
         <value>0xa84a</value>
         <object_component_ref idref="oc-83"/>
      </symbol>
      <symbol id="sm-1cd">
         <name>MULT_CLLC_iSecMAINTankSensed_pu</name>
         <value>0xa852</value>
         <object_component_ref idref="oc-83"/>
      </symbol>
      <symbol id="sm-1ce">
         <name>MULT_CLLC_iSecMAINSensedCalXvariable_pu</name>
         <value>0xa844</value>
         <object_component_ref idref="oc-83"/>
      </symbol>
      <symbol id="sm-1cf">
         <name>MULT_CLLC_iSecMAINTankSensedCalIntercept_pu</name>
         <value>0xa856</value>
         <object_component_ref idref="oc-83"/>
      </symbol>
      <symbol id="sm-1d0">
         <name>MULT_CLLC_commandSentFrom_DC_DC</name>
         <value>0xa808</value>
         <object_component_ref idref="oc-83"/>
      </symbol>
      <symbol id="sm-1d1">
         <name>MULT_CLLC_vSecRefSlewed_pu</name>
         <value>0xa864</value>
         <object_component_ref idref="oc-83"/>
      </symbol>
      <symbol id="sm-1d2">
         <name>MULT_CLLC_iSecSECONDARYSensed_Amps</name>
         <value>0xa846</value>
         <object_component_ref idref="oc-83"/>
      </symbol>
      <symbol id="sm-1d3">
         <name>MULT_CLLC_pwmDutyAPrim_ticks</name>
         <value>0xa838</value>
         <object_component_ref idref="oc-83"/>
      </symbol>
      <symbol id="sm-1d4">
         <name>MULT_CLLC_pwmDutyBPrim_ticks</name>
         <value>0xa83a</value>
         <object_component_ref idref="oc-83"/>
      </symbol>
      <symbol id="sm-1d5">
         <name>MULT_CLLC_vPrimSensedOffset_pu</name>
         <value>0xa82c</value>
         <object_component_ref idref="oc-83"/>
      </symbol>
      <symbol id="sm-1d6">
         <name>MULT_CLLC_iPrimMAINSensedCalXvariable_pu</name>
         <value>0xa812</value>
         <object_component_ref idref="oc-83"/>
      </symbol>
      <symbol id="sm-1d7">
         <name>MULT_CLLC_iPrimMAINSensedAvg_pu</name>
         <value>0xa86e</value>
         <object_component_ref idref="oc-83"/>
      </symbol>
      <symbol id="sm-23c">
         <name>Mult_CLLC_HAL_setupDevice</name>
         <value>0x83805</value>
         <object_component_ref idref="oc-156"/>
      </symbol>
      <symbol id="sm-23d">
         <name>MULT_CLLC_HAL_DEBUG_Transnit</name>
         <value>0x82b1d</value>
         <object_component_ref idref="oc-267"/>
      </symbol>
      <symbol id="sm-23e">
         <name>Mult_CLLC_HAL_setupLED</name>
         <value>0x85204</value>
         <object_component_ref idref="oc-16e"/>
      </symbol>
      <symbol id="sm-23f">
         <name>Mult_CLLC_HAL_setupCPI</name>
         <value>0x82ffb</value>
         <object_component_ref idref="oc-174"/>
      </symbol>
      <symbol id="sm-240">
         <name>Mult_CLLC_HAL_setupPWM</name>
         <value>0x851d5</value>
         <object_component_ref idref="oc-186"/>
      </symbol>
      <symbol id="sm-241">
         <name>Mult_CLLC_HAL_setupFAN</name>
         <value>0x851f5</value>
         <object_component_ref idref="oc-17a"/>
      </symbol>
      <symbol id="sm-242">
         <name>Mult_CLLC_HAL_setupADC</name>
         <value>0x85187</value>
         <object_component_ref idref="oc-180"/>
      </symbol>
      <symbol id="sm-243">
         <name>Mult_CLLC_HAL_disablePWMClkCounting</name>
         <value>0x8517e</value>
         <object_component_ref idref="oc-162"/>
      </symbol>
      <symbol id="sm-244">
         <name>Mult_CLLC_HAL_enablePWMClkCounting</name>
         <value>0x851a1</value>
         <object_component_ref idref="oc-19e"/>
      </symbol>
      <symbol id="sm-245">
         <name>Mult_CLLC_HAL_setPins</name>
         <value>0x851ce</value>
         <object_component_ref idref="oc-168"/>
      </symbol>
      <symbol id="sm-271">
         <name>vTimer1</name>
         <value>0xa8a8</value>
         <object_component_ref idref="oc-26e"/>
      </symbol>
      <symbol id="sm-272">
         <name>vTimer0</name>
         <value>0xa8a4</value>
         <object_component_ref idref="oc-262"/>
      </symbol>
      <symbol id="sm-273">
         <name>B_Task_Ptr</name>
         <value>0xa8a2</value>
         <object_component_ref idref="oc-1b6"/>
      </symbol>
      <symbol id="sm-274">
         <name>A_Task_Ptr</name>
         <value>0xa8a0</value>
         <object_component_ref idref="oc-1b6"/>
      </symbol>
      <symbol id="sm-275">
         <name>Alpha_State_Ptr</name>
         <value>0xa89e</value>
         <object_component_ref idref="oc-1b6"/>
      </symbol>
      <symbol id="sm-276">
         <name>B0</name>
         <value>0x83ecd</value>
         <object_component_ref idref="oc-1b0"/>
      </symbol>
      <symbol id="sm-277">
         <name>A1</name>
         <value>0x85199</value>
         <object_component_ref idref="oc-1aa"/>
      </symbol>
      <symbol id="sm-278">
         <name>A0</name>
         <value>0x83eb5</value>
         <object_component_ref idref="oc-1a4"/>
      </symbol>
      <symbol id="sm-2a1">
         <name>Device_enableAllPeripherals</name>
         <value>0x82973</value>
         <object_component_ref idref="oc-299"/>
      </symbol>
      <symbol id="sm-2a2">
         <name>Device_initGPIO</name>
         <value>0x850c4</value>
         <object_component_ref idref="oc-1db"/>
      </symbol>
      <symbol id="sm-2a3">
         <name>Device_init</name>
         <value>0x83173</value>
         <object_component_ref idref="oc-1d5"/>
      </symbol>
      <symbol id="sm-2a4">
         <name>__error__</name>
         <value>0x851ff</value>
         <object_component_ref idref="oc-ef"/>
      </symbol>
      <symbol id="sm-2b3">
         <name>code_start</name>
         <value>0x80000</value>
         <object_component_ref idref="oc-20"/>
      </symbol>
      <symbol id="sm-2c2">
         <name>ADC_setOffsetTrimAll</name>
         <value>0x83cb0</value>
         <object_component_ref idref="oc-432"/>
      </symbol>
      <symbol id="sm-305">
         <name>CMPSS_configFilterHigh</name>
         <value>0x8354d</value>
         <object_component_ref idref="oc-354"/>
      </symbol>
      <symbol id="sm-306">
         <name>CMPSS_configFilterLow</name>
         <value>0x83596</value>
         <object_component_ref idref="oc-35a"/>
      </symbol>
      <symbol id="sm-307">
         <name>CMPSS_configLatchOnPWMSYNC</name>
         <value>0x83c31</value>
         <object_component_ref idref="oc-366"/>
      </symbol>
      <symbol id="sm-308">
         <name>CMPSS_configRamp</name>
         <value>0x83628</value>
         <object_component_ref idref="oc-360"/>
      </symbol>
      <symbol id="sm-322">
         <name>CPUTimer_setEmulationMode</name>
         <value>0x8507b</value>
         <object_component_ref idref="oc-3e9"/>
      </symbol>
      <symbol id="sm-33d">
         <name>ECAP_setEmulationMode</name>
         <value>0x83df2</value>
         <object_component_ref idref="oc-32a"/>
      </symbol>
      <symbol id="sm-3ad">
         <name>Flash_initModule</name>
         <value>0x8000</value>
         <object_component_ref idref="oc-281"/>
      </symbol>
      <symbol id="sm-417">
         <name>GPIO_setQualificationMode</name>
         <value>0x839a2</value>
         <object_component_ref idref="oc-2d0"/>
      </symbol>
      <symbol id="sm-418">
         <name>GPIO_setPadConfig</name>
         <value>0x833c4</value>
         <object_component_ref idref="oc-29f"/>
      </symbol>
      <symbol id="sm-419">
         <name>GPIO_setInterruptPin</name>
         <value>0x83a46</value>
         <object_component_ref idref="oc-259"/>
      </symbol>
      <symbol id="sm-41a">
         <name>GPIO_setAnalogMode</name>
         <value>0x838fa</value>
         <object_component_ref idref="oc-2ab"/>
      </symbol>
      <symbol id="sm-41b">
         <name>GPIO_setDirectionMode</name>
         <value>0x83b15</value>
         <object_component_ref idref="oc-2a5"/>
      </symbol>
      <symbol id="sm-41c">
         <name>GPIO_setPinConfig</name>
         <value>0x8396b</value>
         <object_component_ref idref="oc-2ca"/>
      </symbol>
      <symbol id="sm-41d">
         <name>GPIO_setControllerCore</name>
         <value>0x83934</value>
         <object_component_ref idref="oc-2ea"/>
      </symbol>
      <symbol id="sm-496">
         <name>Interrupt_defaultHandler</name>
         <value>0x83fcc</value>
         <object_component_ref idref="oc-49"/>
      </symbol>
      <symbol id="sm-497">
         <name>Interrupt_disable</name>
         <value>0x83416</value>
         <object_component_ref idref="oc-86"/>
      </symbol>
      <symbol id="sm-498">
         <name>Interrupt_initModule</name>
         <value>0x83881</value>
         <object_component_ref idref="oc-1e1"/>
      </symbol>
      <symbol id="sm-499">
         <name>Interrupt_nmiHandler</name>
         <value>0x85174</value>
         <object_component_ref idref="oc-5b"/>
      </symbol>
      <symbol id="sm-49a">
         <name>Interrupt_enable</name>
         <value>0x839d9</value>
         <object_component_ref idref="oc-198"/>
      </symbol>
      <symbol id="sm-49b">
         <name>Interrupt_initVectorTable</name>
         <value>0x83e10</value>
         <object_component_ref idref="oc-4e"/>
      </symbol>
      <symbol id="sm-49c">
         <name>Interrupt_illegalOperationHandler</name>
         <value>0x8516a</value>
         <object_component_ref idref="oc-55"/>
      </symbol>
      <symbol id="sm-4d3">
         <name>PMBus_configBusClock</name>
         <value>0x8285a</value>
         <object_component_ref idref="oc-303"/>
      </symbol>
      <symbol id="sm-4d4">
         <name>PMBus_configModuleClock</name>
         <value>0x831e6</value>
         <object_component_ref idref="oc-2fd"/>
      </symbol>
      <symbol id="sm-4d5">
         <name>PMBus_initControllerMode</name>
         <value>0x83c04</value>
         <object_component_ref idref="oc-309"/>
      </symbol>
      <symbol id="sm-519">
         <name>SCI_clearInterruptStatus</name>
         <value>0x83670</value>
         <object_component_ref idref="oc-310"/>
      </symbol>
      <symbol id="sm-51a">
         <name>SCI_setConfig</name>
         <value>0x83843</value>
         <object_component_ref idref="oc-316"/>
      </symbol>
      <symbol id="sm-62e">
         <name>SysCtl_isPLLValid</name>
         <value>0x82caa</value>
         <object_component_ref idref="oc-3db"/>
      </symbol>
      <symbol id="sm-62f">
         <name>SysCtl_delay</name>
         <value>0x8125</value>
         <object_component_ref idref="oc-22b"/>
      </symbol>
      <symbol id="sm-630">
         <name>SysCtl_selectXTALSingleEnded</name>
         <value>0x83d94</value>
         <object_component_ref idref="oc-46b"/>
      </symbol>
      <symbol id="sm-631">
         <name>SysCtl_selectXTAL</name>
         <value>0x83a10</value>
         <object_component_ref idref="oc-465"/>
      </symbol>
      <symbol id="sm-632">
         <name>SysCtl_selectOscSource</name>
         <value>0x835df</value>
         <object_component_ref idref="oc-3d5"/>
      </symbol>
      <symbol id="sm-633">
         <name>SysCtl_getLowSpeedClock</name>
         <value>0x83e9b</value>
         <object_component_ref idref="oc-293"/>
      </symbol>
      <symbol id="sm-634">
         <name>SysCtl_setClock</name>
         <value>0x82bea</value>
         <object_component_ref idref="oc-287"/>
      </symbol>
      <symbol id="sm-635">
         <name>SysCtl_getClock</name>
         <value>0x8330e</value>
         <object_component_ref idref="oc-28d"/>
      </symbol>
      <symbol id="sm-64d">
         <name>XBAR_setEPWMMuxConfig</name>
         <value>0x83ba7</value>
         <object_component_ref idref="oc-34d"/>
      </symbol>
      <symbol id="sm-64e">
         <name>XBAR_setOutputMuxConfig</name>
         <value>0x83bd6</value>
         <object_component_ref idref="oc-421"/>
      </symbol>
      <symbol id="sm-659">
         <name>_c_int00</name>
         <value>0x83f89</value>
         <object_component_ref idref="oc-a8"/>
      </symbol>
      <symbol id="sm-65a">
         <name>__stack</name>
         <value>0x400</value>
         <object_component_ref idref="oc-61"/>
      </symbol>
      <symbol id="sm-66d">
         <name>memcpy</name>
         <value>0x83e2e</value>
         <object_component_ref idref="oc-64"/>
      </symbol>
      <symbol id="sm-67a">
         <name>_system_pre_init</name>
         <value>0x85202</value>
         <object_component_ref idref="oc-d9"/>
      </symbol>
      <symbol id="sm-689">
         <name>__TI_auto_init_nobinit_nopinit</name>
         <value>0x83c5c</value>
         <object_component_ref idref="oc-fc"/>
      </symbol>
      <symbol id="sm-698">
         <name>__TI_zero_init_nomemset</name>
         <value>0x85146</value>
         <object_component_ref idref="oc-6c"/>
      </symbol>
      <symbol id="sm-6a5">
         <name>__TI_decompress_none</name>
         <value>0x851a9</value>
         <object_component_ref idref="oc-19"/>
      </symbol>
      <symbol id="sm-6b9">
         <name>__TI_decompress_lzss</name>
         <value>0x83b77</value>
         <object_component_ref idref="oc-13"/>
      </symbol>
      <symbol id="sm-6cf">
         <name>C$$EXIT</name>
         <value>0x83c87</value>
         <object_component_ref idref="oc-e6"/>
      </symbol>
      <symbol id="sm-6d0">
         <name>abort</name>
         <value>0x83c87</value>
         <object_component_ref idref="oc-e6"/>
      </symbol>
      <symbol id="sm-6d1">
         <name>exit</name>
         <value>0x83c89</value>
         <object_component_ref idref="oc-e6"/>
      </symbol>
      <symbol id="sm-6d2">
         <name>__TI_dtors_ptr</name>
         <value>0xa8b0</value>
         <object_component_ref idref="oc-134"/>
      </symbol>
      <symbol id="sm-6d3">
         <name>__TI_cleanup_ptr</name>
         <value>0xa8ae</value>
         <object_component_ref idref="oc-134"/>
      </symbol>
      <symbol id="sm-6d4">
         <name>__TI_enable_exit_profile_output</name>
         <value>0xa8ac</value>
         <object_component_ref idref="oc-134"/>
      </symbol>
      <symbol id="sm-6eb">
         <name>_nop</name>
         <value>0x85198</value>
         <object_component_ref idref="oc-1bf"/>
      </symbol>
      <symbol id="sm-6ec">
         <name>_lock</name>
         <value>0xa8b4</value>
         <object_component_ref idref="oc-137"/>
      </symbol>
      <symbol id="sm-6ed">
         <name>_unlock</name>
         <value>0xa8b6</value>
         <object_component_ref idref="oc-274"/>
      </symbol>
      <symbol id="sm-6ee">
         <name>_register_lock</name>
         <value>0x85194</value>
         <object_component_ref idref="oc-1bf"/>
      </symbol>
      <symbol id="sm-6ef">
         <name>_register_unlock</name>
         <value>0x85190</value>
         <object_component_ref idref="oc-1bf"/>
      </symbol>
      <symbol id="sm-6fe">
         <name>_args_main</name>
         <value>0x85153</value>
         <object_component_ref idref="oc-e0"/>
      </symbol>
      <symbol id="sm-70d">
         <name>_system_post_cinit</name>
         <value>0x85205</value>
         <object_component_ref idref="oc-141"/>
      </symbol>
      <symbol id="sm-70f">
         <name>__c_args__</name>
         <value>0x0</value>
      </symbol>
      <symbol id="sm-710">
         <name>MUlt_CLLC_HAL_setupBoardProtection</name>
         <value>0x83ff7</value>
      </symbol>
   </symbol_table>
   <title>Link successful</title>
</link_info>
