<?xml version="1.0" encoding="ISO-8859-1" ?>
<link_info>
   <banner>TMS320C2000 Linker PC v22.6.0.LTS</banner>
   <copyright>Copyright (c) 1996-2018 Texas Instruments Incorporated</copyright>
   <link_time>0x66beec17</link_time>
   <link_errors>0x0</link_errors>
   <output_file>Multiphase-Interleaved-CLLC.out</output_file>
   <entry_point>
      <name>code_start</name>
      <address>0x80000</address>
   </entry_point>
   <input_file_list>
      <input_file id="fl-2">
         <path>.\syscfg\</path>
         <kind>object</kind>
         <file>board.obj</file>
         <name>board.obj</name>
      </input_file>
      <input_file id="fl-3">
         <path>.\syscfg\</path>
         <kind>object</kind>
         <file>c2000ware_libraries.obj</file>
         <name>c2000ware_libraries.obj</name>
      </input_file>
      <input_file id="fl-4">
         <path>.\</path>
         <kind>object</kind>
         <file>main.obj</file>
         <name>main.obj</name>
      </input_file>
      <input_file id="fl-5">
         <path>.\APP\</path>
         <kind>object</kind>
         <file>Mult_CLLC.obj</file>
         <name>Mult_CLLC.obj</name>
      </input_file>
      <input_file id="fl-6">
         <path>.\BoardHAL\</path>
         <kind>object</kind>
         <file>Mult_CLLC_HAL.obj</file>
         <name>Mult_CLLC_HAL.obj</name>
      </input_file>
      <input_file id="fl-7">
         <path>.\LIB\DCL\</path>
         <kind>object</kind>
         <file>DCL_DF22_C1.obj</file>
         <name>DCL_DF22_C1.obj</name>
      </input_file>
      <input_file id="fl-8">
         <path>.\LIB\DCL\</path>
         <kind>object</kind>
         <file>DCL_PI_C1.obj</file>
         <name>DCL_PI_C1.obj</name>
      </input_file>
      <input_file id="fl-9">
         <path>.\LIB\DCL\</path>
         <kind>object</kind>
         <file>DCL_PI_C4.obj</file>
         <name>DCL_PI_C4.obj</name>
      </input_file>
      <input_file id="fl-a">
         <path>.\LIB\DCL\</path>
         <kind>object</kind>
         <file>DCL_PI_L1.obj</file>
         <name>DCL_PI_L1.obj</name>
      </input_file>
      <input_file id="fl-b">
         <path>.\LIB\sfra\</path>
         <kind>object</kind>
         <file>sfra_gui_scicomms_driverlib.obj</file>
         <name>sfra_gui_scicomms_driverlib.obj</name>
      </input_file>
      <input_file id="fl-c">
         <path>.\device\</path>
         <kind>object</kind>
         <file>device.obj</file>
         <name>device.obj</name>
      </input_file>
      <input_file id="fl-d">
         <path>.\device\</path>
         <kind>object</kind>
         <file>f28004x_codestartbranch.obj</file>
         <name>f28004x_codestartbranch.obj</name>
      </input_file>
      <input_file id="fl-19">
         <kind>object</kind>
         <file>&lt;internal&gt;</file>
         <name>&lt;internal&gt;</name>
      </input_file>
      <input_file id="fl-1d">
         <path>C:\ti\C2000Ware_5_01_00_00\driverlib\f28004x\driverlib\ccs\Debug\</path>
         <kind>archive</kind>
         <file>driverlib_eabi.lib</file>
         <name>adc.obj</name>
      </input_file>
      <input_file id="fl-1e">
         <path>C:\ti\C2000Ware_5_01_00_00\driverlib\f28004x\driverlib\ccs\Debug\</path>
         <kind>archive</kind>
         <file>driverlib_eabi.lib</file>
         <name>cmpss.obj</name>
      </input_file>
      <input_file id="fl-1f">
         <path>C:\ti\C2000Ware_5_01_00_00\driverlib\f28004x\driverlib\ccs\Debug\</path>
         <kind>archive</kind>
         <file>driverlib_eabi.lib</file>
         <name>cputimer.obj</name>
      </input_file>
      <input_file id="fl-20">
         <path>C:\ti\C2000Ware_5_01_00_00\driverlib\f28004x\driverlib\ccs\Debug\</path>
         <kind>archive</kind>
         <file>driverlib_eabi.lib</file>
         <name>dcc.obj</name>
      </input_file>
      <input_file id="fl-21">
         <path>C:\ti\C2000Ware_5_01_00_00\driverlib\f28004x\driverlib\ccs\Debug\</path>
         <kind>archive</kind>
         <file>driverlib_eabi.lib</file>
         <name>ecap.obj</name>
      </input_file>
      <input_file id="fl-22">
         <path>C:\ti\C2000Ware_5_01_00_00\driverlib\f28004x\driverlib\ccs\Debug\</path>
         <kind>archive</kind>
         <file>driverlib_eabi.lib</file>
         <name>flash.obj</name>
      </input_file>
      <input_file id="fl-23">
         <path>C:\ti\C2000Ware_5_01_00_00\driverlib\f28004x\driverlib\ccs\Debug\</path>
         <kind>archive</kind>
         <file>driverlib_eabi.lib</file>
         <name>gpio.obj</name>
      </input_file>
      <input_file id="fl-24">
         <path>C:\ti\C2000Ware_5_01_00_00\driverlib\f28004x\driverlib\ccs\Debug\</path>
         <kind>archive</kind>
         <file>driverlib_eabi.lib</file>
         <name>interrupt.obj</name>
      </input_file>
      <input_file id="fl-25">
         <path>C:\ti\C2000Ware_5_01_00_00\driverlib\f28004x\driverlib\ccs\Debug\</path>
         <kind>archive</kind>
         <file>driverlib_eabi.lib</file>
         <name>pmbus.obj</name>
      </input_file>
      <input_file id="fl-26">
         <path>C:\ti\C2000Ware_5_01_00_00\driverlib\f28004x\driverlib\ccs\Debug\</path>
         <kind>archive</kind>
         <file>driverlib_eabi.lib</file>
         <name>sci.obj</name>
      </input_file>
      <input_file id="fl-27">
         <path>C:\ti\C2000Ware_5_01_00_00\driverlib\f28004x\driverlib\ccs\Debug\</path>
         <kind>archive</kind>
         <file>driverlib_eabi.lib</file>
         <name>sysctl.obj</name>
      </input_file>
      <input_file id="fl-28">
         <path>..\LIB\FPUfastRTS\</path>
         <kind>archive</kind>
         <file>rts2800_fpu32_fast_supplement_eabi.lib</file>
         <name>div_f32.obj</name>
      </input_file>
      <input_file id="fl-34">
         <path>C:\ti\ccs1240\ccs\tools\compiler\ti-cgt-c2000_22.6.0.LTS\lib\</path>
         <kind>archive</kind>
         <file>rts2800_fpu32_eabi.lib</file>
         <name>boot28.asm.obj</name>
      </input_file>
      <input_file id="fl-35">
         <path>C:\ti\ccs1240\ccs\tools\compiler\ti-cgt-c2000_22.6.0.LTS\lib\</path>
         <kind>archive</kind>
         <file>rts2800_fpu32_eabi.lib</file>
         <name>ll_cmp28.asm.obj</name>
      </input_file>
      <input_file id="fl-36">
         <path>C:\ti\ccs1240\ccs\tools\compiler\ti-cgt-c2000_22.6.0.LTS\lib\</path>
         <kind>archive</kind>
         <file>rts2800_fpu32_eabi.lib</file>
         <name>memcpy.c.obj</name>
      </input_file>
      <input_file id="fl-37">
         <path>C:\ti\ccs1240\ccs\tools\compiler\ti-cgt-c2000_22.6.0.LTS\lib\</path>
         <kind>archive</kind>
         <file>rts2800_fpu32_eabi.lib</file>
         <name>pre_init.c.obj</name>
      </input_file>
      <input_file id="fl-38">
         <path>C:\ti\ccs1240\ccs\tools\compiler\ti-cgt-c2000_22.6.0.LTS\lib\</path>
         <kind>archive</kind>
         <file>rts2800_fpu32_eabi.lib</file>
         <name>autoinit.c.obj</name>
      </input_file>
      <input_file id="fl-39">
         <path>C:\ti\ccs1240\ccs\tools\compiler\ti-cgt-c2000_22.6.0.LTS\lib\</path>
         <kind>archive</kind>
         <file>rts2800_fpu32_eabi.lib</file>
         <name>copy_zero_init.c.obj</name>
      </input_file>
      <input_file id="fl-3a">
         <path>C:\ti\ccs1240\ccs\tools\compiler\ti-cgt-c2000_22.6.0.LTS\lib\</path>
         <kind>archive</kind>
         <file>rts2800_fpu32_eabi.lib</file>
         <name>copy_decompress_none.c.obj</name>
      </input_file>
      <input_file id="fl-3b">
         <path>C:\ti\ccs1240\ccs\tools\compiler\ti-cgt-c2000_22.6.0.LTS\lib\</path>
         <kind>archive</kind>
         <file>rts2800_fpu32_eabi.lib</file>
         <name>copy_decompress_lzss.c.obj</name>
      </input_file>
      <input_file id="fl-3c">
         <path>C:\ti\ccs1240\ccs\tools\compiler\ti-cgt-c2000_22.6.0.LTS\lib\</path>
         <kind>archive</kind>
         <file>rts2800_fpu32_eabi.lib</file>
         <name>exit.c.obj</name>
      </input_file>
      <input_file id="fl-3d">
         <path>C:\ti\ccs1240\ccs\tools\compiler\ti-cgt-c2000_22.6.0.LTS\lib\</path>
         <kind>archive</kind>
         <file>rts2800_fpu32_eabi.lib</file>
         <name>_lock.c.obj</name>
      </input_file>
      <input_file id="fl-3e">
         <path>C:\ti\ccs1240\ccs\tools\compiler\ti-cgt-c2000_22.6.0.LTS\lib\</path>
         <kind>archive</kind>
         <file>rts2800_fpu32_eabi.lib</file>
         <name>args_main.c.obj</name>
      </input_file>
      <input_file id="fl-3f">
         <path>C:\ti\ccs1240\ccs\tools\compiler\ti-cgt-c2000_22.6.0.LTS\lib\</path>
         <kind>archive</kind>
         <file>rts2800_fpu32_eabi.lib</file>
         <name>memset.c.obj</name>
      </input_file>
      <input_file id="fl-40">
         <path>C:\ti\ccs1240\ccs\tools\compiler\ti-cgt-c2000_22.6.0.LTS\lib\</path>
         <kind>archive</kind>
         <file>rts2800_fpu32_eabi.lib</file>
         <name>cpy_tbl.c.obj</name>
      </input_file>
      <input_file id="fl-41">
         <path>C:\ti\ccs1240\ccs\tools\compiler\ti-cgt-c2000_22.6.0.LTS\lib\</path>
         <kind>archive</kind>
         <file>rts2800_fpu32_eabi.lib</file>
         <name>startup.c.obj</name>
      </input_file>
   </input_file_list>
   <object_component_list>
      <object_component id="oc-20">
         <name>codestart</name>
         <load_address>0x80000</load_address>
         <run_address>0x80000</run_address>
         <size>0x2</size>
         <input_file_ref idref="fl-d"/>
      </object_component>
      <object_component id="oc-1fb">
         <name>.text:EPWM_init</name>
         <load_address>0x82000</load_address>
         <run_address>0x82000</run_address>
         <size>0x671</size>
         <input_file_ref idref="fl-2"/>
      </object_component>
      <object_component id="oc-1c5">
         <name>.text:PinMux_init</name>
         <load_address>0x82671</load_address>
         <run_address>0x82671</run_address>
         <size>0x179</size>
         <input_file_ref idref="fl-2"/>
      </object_component>
      <object_component id="oc-358">
         <name>.text:PMBus_configBusClock</name>
         <load_address>0x827ea</load_address>
         <run_address>0x827ea</run_address>
         <size>0x119</size>
         <input_file_ref idref="fl-25"/>
      </object_component>
      <object_component id="oc-1aa">
         <name>.text:Device_enableAllPeripherals</name>
         <load_address>0x82903</load_address>
         <run_address>0x82903</run_address>
         <size>0xd7</size>
         <input_file_ref idref="fl-c"/>
      </object_component>
      <object_component id="oc-198">
         <name>.text:SysCtl_setClock</name>
         <load_address>0x829da</load_address>
         <run_address>0x829da</run_address>
         <size>0xc0</size>
         <input_file_ref idref="fl-27"/>
      </object_component>
      <object_component id="oc-277">
         <name>.text:SysCtl_isPLLValid</name>
         <load_address>0x82a9a</load_address>
         <run_address>0x82a9a</run_address>
         <size>0xbd</size>
         <input_file_ref idref="fl-27"/>
      </object_component>
      <object_component id="oc-2b6">
         <name>.text:M_CMPSS2_init</name>
         <load_address>0x82b57</load_address>
         <run_address>0x82b57</run_address>
         <size>0x82</size>
         <input_file_ref idref="fl-2"/>
      </object_component>
      <object_component id="oc-2b0">
         <name>.text:M_CMPSS1_init</name>
         <load_address>0x82bd9</load_address>
         <run_address>0x82bd9</run_address>
         <size>0x81</size>
         <input_file_ref idref="fl-2"/>
      </object_component>
      <object_component id="oc-2bc">
         <name>.text:M_CMPSS3_init</name>
         <load_address>0x82c5a</load_address>
         <run_address>0x82c5a</run_address>
         <size>0x81</size>
         <input_file_ref idref="fl-2"/>
      </object_component>
      <object_component id="oc-2c2">
         <name>.text:M_CMPSS4_init</name>
         <load_address>0x82cdb</load_address>
         <run_address>0x82cdb</run_address>
         <size>0x81</size>
         <input_file_ref idref="fl-2"/>
      </object_component>
      <object_component id="oc-20d">
         <name>.text:mySCI0_init</name>
         <load_address>0x82d5c</load_address>
         <run_address>0x82d5c</run_address>
         <size>0x75</size>
         <input_file_ref idref="fl-2"/>
      </object_component>
      <object_component id="oc-3c9">
         <name>.text:DCC_setCounterSeeds</name>
         <load_address>0x82dd1</load_address>
         <run_address>0x82dd1</run_address>
         <size>0x73</size>
         <input_file_ref idref="fl-27"/>
      </object_component>
      <object_component id="oc-157">
         <name>.text:Device_init</name>
         <load_address>0x82e44</load_address>
         <run_address>0x82e44</run_address>
         <size>0x73</size>
         <input_file_ref idref="fl-c"/>
      </object_component>
      <object_component id="oc-352">
         <name>.text:PMBus_configModuleClock</name>
         <load_address>0x82eb7</load_address>
         <run_address>0x82eb7</run_address>
         <size>0x66</size>
         <input_file_ref idref="fl-25"/>
      </object_component>
      <object_component id="oc-19e">
         <name>.text:SysCtl_getClock</name>
         <load_address>0x82f1d</load_address>
         <run_address>0x82f1d</run_address>
         <size>0x5e</size>
         <input_file_ref idref="fl-27"/>
      </object_component>
      <object_component id="oc-2f0">
         <name>.text:EPWM_setActionQualifierAction</name>
         <load_address>0x82f7b</load_address>
         <run_address>0x82f7b</run_address>
         <size>0x58</size>
         <input_file_ref idref="fl-2"/>
      </object_component>
      <object_component id="oc-2c">
         <name>.text:INTERRUPT_init</name>
         <load_address>0x82fd3</load_address>
         <run_address>0x82fd3</run_address>
         <size>0x2d</size>
         <input_file_ref idref="fl-2"/>
      </object_component>
      <object_component id="oc-2a3">
         <name>.text:M_ADC_B_init</name>
         <load_address>0x83000</load_address>
         <run_address>0x83000</run_address>
         <size>0x57</size>
         <input_file_ref idref="fl-2"/>
      </object_component>
      <object_component id="oc-1b0">
         <name>.text:GPIO_setPadConfig</name>
         <load_address>0x83057</load_address>
         <run_address>0x83057</run_address>
         <size>0x52</size>
         <input_file_ref idref="fl-23"/>
      </object_component>
      <object_component id="oc-12f">
         <name>.text:main</name>
         <load_address>0x830a9</load_address>
         <run_address>0x830a9</run_address>
         <size>0x51</size>
         <input_file_ref idref="fl-4"/>
      </object_component>
      <object_component id="oc-29d">
         <name>.text:M_ADC_A_init</name>
         <load_address>0x830fa</load_address>
         <run_address>0x830fa</run_address>
         <size>0x4e</size>
         <input_file_ref idref="fl-2"/>
      </object_component>
      <object_component id="oc-2a9">
         <name>.text:M_ADC_C_init</name>
         <load_address>0x83148</load_address>
         <run_address>0x83148</run_address>
         <size>0x4d</size>
         <input_file_ref idref="fl-2"/>
      </object_component>
      <object_component id="oc-3d">
         <name>.text:ISR2</name>
         <load_address>0x83195</load_address>
         <run_address>0x83195</run_address>
         <size>0x4a</size>
         <input_file_ref idref="fl-4"/>
      </object_component>
      <object_component id="oc-3fa">
         <name>.text:CMPSS_configFilterHigh</name>
         <load_address>0x831df</load_address>
         <run_address>0x831df</run_address>
         <size>0x49</size>
         <input_file_ref idref="fl-1e"/>
      </object_component>
      <object_component id="oc-400">
         <name>.text:CMPSS_configFilterLow</name>
         <load_address>0x83228</load_address>
         <run_address>0x83228</run_address>
         <size>0x49</size>
         <input_file_ref idref="fl-1e"/>
      </object_component>
      <object_component id="oc-271">
         <name>.text:SysCtl_selectOscSource</name>
         <load_address>0x83271</load_address>
         <run_address>0x83271</run_address>
         <size>0x49</size>
         <input_file_ref idref="fl-27"/>
      </object_component>
      <object_component id="oc-406">
         <name>.text:CMPSS_configRamp</name>
         <load_address>0x832ba</load_address>
         <run_address>0x832ba</run_address>
         <size>0x48</size>
         <input_file_ref idref="fl-1e"/>
      </object_component>
      <object_component id="oc-365">
         <name>.text:SCI_clearInterruptStatus</name>
         <load_address>0x83302</load_address>
         <run_address>0x83302</run_address>
         <size>0x45</size>
         <input_file_ref idref="fl-26"/>
      </object_component>
      <object_component id="oc-46f">
         <name>.text:SysCtl_pollX1Counter</name>
         <load_address>0x83347</load_address>
         <run_address>0x83347</run_address>
         <size>0x45</size>
         <input_file_ref idref="fl-27"/>
      </object_component>
      <object_component id="oc-207">
         <name>.text:myPMBUS0_init</name>
         <load_address>0x8338c</load_address>
         <run_address>0x8338c</run_address>
         <size>0x41</size>
         <input_file_ref idref="fl-2"/>
      </object_component>
      <object_component id="oc-36b">
         <name>.text:SCI_setConfig</name>
         <load_address>0x833cd</load_address>
         <run_address>0x833cd</run_address>
         <size>0x3e</size>
         <input_file_ref idref="fl-26"/>
      </object_component>
      <object_component id="oc-163">
         <name>.text:Interrupt_initModule</name>
         <load_address>0x8340b</load_address>
         <run_address>0x8340b</run_address>
         <size>0x3d</size>
         <input_file_ref idref="fl-24"/>
      </object_component>
      <object_component id="oc-1bc">
         <name>.text:GPIO_setAnalogMode</name>
         <load_address>0x83448</load_address>
         <run_address>0x83448</run_address>
         <size>0x3a</size>
         <input_file_ref idref="fl-23"/>
      </object_component>
      <object_component id="oc-1f5">
         <name>.text:myECAP0_init</name>
         <load_address>0x83482</load_address>
         <run_address>0x83482</run_address>
         <size>0x3a</size>
         <input_file_ref idref="fl-2"/>
      </object_component>
      <object_component id="oc-42c">
         <name>.text:GPIO_setControllerCore</name>
         <load_address>0x834bc</load_address>
         <run_address>0x834bc</run_address>
         <size>0x37</size>
         <input_file_ref idref="fl-23"/>
      </object_component>
      <object_component id="oc-28d">
         <name>.text:GPIO_setPinConfig</name>
         <load_address>0x834f3</load_address>
         <run_address>0x834f3</run_address>
         <size>0x37</size>
         <input_file_ref idref="fl-23"/>
      </object_component>
      <object_component id="oc-293">
         <name>.text:GPIO_setQualificationMode</name>
         <load_address>0x8352a</load_address>
         <run_address>0x8352a</run_address>
         <size>0x37</size>
         <input_file_ref idref="fl-23"/>
      </object_component>
      <object_component id="oc-8a">
         <name>.text:Interrupt_enable</name>
         <load_address>0x83561</load_address>
         <run_address>0x83561</run_address>
         <size>0x37</size>
         <input_file_ref idref="fl-24"/>
      </object_component>
      <object_component id="oc-38c">
         <name>.text:SysCtl_selectXTAL</name>
         <load_address>0x83598</load_address>
         <run_address>0x83598</run_address>
         <size>0x36</size>
         <input_file_ref idref="fl-27"/>
      </object_component>
      <object_component id="oc-2d5">
         <name>.text:myCPUTIMER2_init</name>
         <load_address>0x835ce</load_address>
         <run_address>0x835ce</run_address>
         <size>0x36</size>
         <input_file_ref idref="fl-2"/>
      </object_component>
      <object_component id="oc-372">
         <name>.text:GPIO_setInterruptPin</name>
         <load_address>0x83604</load_address>
         <run_address>0x83604</run_address>
         <size>0x34</size>
         <input_file_ref idref="fl-23"/>
      </object_component>
      <object_component id="oc-1b6">
         <name>.text:GPIO_setDirectionMode</name>
         <load_address>0x83638</load_address>
         <run_address>0x83638</run_address>
         <size>0x31</size>
         <input_file_ref idref="fl-23"/>
      </object_component>
      <object_component id="oc-1d1">
         <name>.text:SYNC_init</name>
         <load_address>0x83669</load_address>
         <run_address>0x83669</run_address>
         <size>0x31</size>
         <input_file_ref idref="fl-2"/>
      </object_component>
      <object_component id="oc-13">
         <name>.text:decompress:lzss</name>
         <load_address>0x8369a</load_address>
         <run_address>0x8369a</run_address>
         <size>0x2e</size>
         <input_file_ref idref="fl-3b"/>
      </object_component>
      <object_component id="oc-35e">
         <name>.text:PMBus_initControllerMode</name>
         <load_address>0x836c8</load_address>
         <run_address>0x836c8</run_address>
         <size>0x2d</size>
         <input_file_ref idref="fl-25"/>
      </object_component>
      <object_component id="oc-40c">
         <name>.text:CMPSS_configLatchOnPWMSYNC</name>
         <load_address>0x836f5</load_address>
         <run_address>0x836f5</run_address>
         <size>0x2b</size>
         <input_file_ref idref="fl-1e"/>
      </object_component>
      <object_component id="oc-ff">
         <name>.text:__TI_auto_init_nobinit_nopinit</name>
         <load_address>0x83720</load_address>
         <run_address>0x83720</run_address>
         <size>0x2b</size>
         <input_file_ref idref="fl-38"/>
      </object_component>
      <object_component id="oc-ee">
         <name>.text</name>
         <load_address>0x8374b</load_address>
         <run_address>0x8374b</run_address>
         <size>0x29</size>
         <input_file_ref idref="fl-3c"/>
      </object_component>
      <object_component id="oc-3f1">
         <name>.text:ADC_setOffsetTrimAll</name>
         <load_address>0x83774</load_address>
         <run_address>0x83774</run_address>
         <size>0x28</size>
         <input_file_ref idref="fl-1d"/>
      </object_component>
      <object_component id="oc-492">
         <name>.text:CMPSS_isBaseValid</name>
         <load_address>0x8379c</load_address>
         <run_address>0x8379c</run_address>
         <size>0x27</size>
         <input_file_ref idref="fl-1e"/>
      </object_component>
      <object_component id="oc-421">
         <name>.text:ECAP_isBaseValid</name>
         <load_address>0x837c3</load_address>
         <run_address>0x837c3</run_address>
         <size>0x27</size>
         <input_file_ref idref="fl-21"/>
      </object_component>
      <object_component id="oc-2c9">
         <name>.text:myCPUTIMER0_init</name>
         <load_address>0x837ea</load_address>
         <run_address>0x837ea</run_address>
         <size>0x27</size>
         <input_file_ref idref="fl-2"/>
      </object_component>
      <object_component id="oc-2cf">
         <name>.text:myCPUTIMER1_init</name>
         <load_address>0x83811</load_address>
         <run_address>0x83811</run_address>
         <size>0x26</size>
         <input_file_ref idref="fl-2"/>
      </object_component>
      <object_component id="oc-3cf">
         <name>.text:DCC_enableSingleShotMode</name>
         <load_address>0x83837</load_address>
         <run_address>0x83837</run_address>
         <size>0x24</size>
         <input_file_ref idref="fl-27"/>
      </object_component>
      <object_component id="oc-2dc">
         <name>.text:myDAC0_init</name>
         <load_address>0x8385b</load_address>
         <run_address>0x8385b</run_address>
         <size>0x23</size>
         <input_file_ref idref="fl-2"/>
      </object_component>
      <object_component id="oc-169">
         <name>.text:Board_init</name>
         <load_address>0x8387e</load_address>
         <run_address>0x8387e</run_address>
         <size>0x21</size>
         <input_file_ref idref="fl-2"/>
      </object_component>
      <object_component id="oc-4f">
         <name>.text:FAULT_INPUT1_ISR</name>
         <load_address>0x8389f</load_address>
         <run_address>0x8389f</run_address>
         <size>0x20</size>
         <input_file_ref idref="fl-4"/>
      </object_component>
      <object_component id="oc-49">
         <name>.text:FAULT_INPUT2_ISR</name>
         <load_address>0x838bf</load_address>
         <run_address>0x838bf</run_address>
         <size>0x20</size>
         <input_file_ref idref="fl-4"/>
      </object_component>
      <object_component id="oc-392">
         <name>.text:SysCtl_selectXTALSingleEnded</name>
         <load_address>0x838df</load_address>
         <run_address>0x838df</run_address>
         <size>0x20</size>
         <input_file_ref idref="fl-27"/>
      </object_component>
      <object_component id="oc-468">
         <name>.text:XBAR_setInputPin</name>
         <load_address>0x838ff</load_address>
         <run_address>0x838ff</run_address>
         <size>0x20</size>
         <input_file_ref idref="fl-23"/>
      </object_component>
      <object_component id="oc-201">
         <name>.text:GPIO_init</name>
         <load_address>0x8391f</load_address>
         <run_address>0x8391f</run_address>
         <size>0x1f</size>
         <input_file_ref idref="fl-2"/>
      </object_component>
      <object_component id="oc-2e2">
         <name>.text:myDAC1_init</name>
         <load_address>0x8393e</load_address>
         <run_address>0x8393e</run_address>
         <size>0x1f</size>
         <input_file_ref idref="fl-2"/>
      </object_component>
      <object_component id="oc-3c3">
         <name>.text:DCC_setCounter1ClkSource</name>
         <load_address>0x8395d</load_address>
         <run_address>0x8395d</run_address>
         <size>0x1e</size>
         <input_file_ref idref="fl-27"/>
      </object_component>
      <object_component id="oc-2e9">
         <name>.text:ECAP_setEmulationMode</name>
         <load_address>0x8397b</load_address>
         <run_address>0x8397b</run_address>
         <size>0x1e</size>
         <input_file_ref idref="fl-21"/>
      </object_component>
      <object_component id="oc-5b">
         <name>.text:Interrupt_initVectorTable</name>
         <load_address>0x83999</load_address>
         <run_address>0x83999</run_address>
         <size>0x1e</size>
         <input_file_ref idref="fl-24"/>
      </object_component>
      <object_component id="oc-70">
         <name>.text</name>
         <load_address>0x839b7</load_address>
         <run_address>0x839b7</run_address>
         <size>0x1d</size>
         <input_file_ref idref="fl-36"/>
      </object_component>
      <object_component id="oc-3bd">
         <name>.text:DCC_setCounter0ClkSource</name>
         <load_address>0x839d4</load_address>
         <run_address>0x839d4</run_address>
         <size>0x1c</size>
         <input_file_ref idref="fl-27"/>
      </object_component>
      <object_component id="oc-1a4">
         <name>.text:SysCtl_getLowSpeedClock</name>
         <load_address>0x839f0</load_address>
         <run_address>0x839f0</run_address>
         <size>0x1a</size>
         <input_file_ref idref="fl-27"/>
      </object_component>
      <object_component id="oc-45b">
         <name>.text:SCI_disableModule</name>
         <load_address>0x83a0a</load_address>
         <run_address>0x83a0a</run_address>
         <size>0x18</size>
         <input_file_ref idref="fl-26"/>
      </object_component>
      <object_component id="oc-453">
         <name>.text:SCI_performSoftwareReset</name>
         <load_address>0x83a22</load_address>
         <run_address>0x83a22</run_address>
         <size>0x18</size>
         <input_file_ref idref="fl-26"/>
      </object_component>
      <object_component id="oc-321">
         <name>.text:STATUS2_init</name>
         <load_address>0x83a3a</load_address>
         <run_address>0x83a3a</run_address>
         <size>0x18</size>
         <input_file_ref idref="fl-2"/>
      </object_component>
      <object_component id="oc-49e">
         <name>.text:CPUTimer_isBaseValid</name>
         <load_address>0x83a52</load_address>
         <run_address>0x83a52</run_address>
         <size>0x17</size>
         <input_file_ref idref="fl-1f"/>
      </object_component>
      <object_component id="oc-2b">
         <name>.text:PZCD1_ISR</name>
         <load_address>0x83a69</load_address>
         <run_address>0x83a69</run_address>
         <size>0x17</size>
         <input_file_ref idref="fl-4"/>
      </object_component>
      <object_component id="oc-31b">
         <name>.text:STATUS1_init</name>
         <load_address>0x83a80</load_address>
         <run_address>0x83a80</run_address>
         <size>0x17</size>
         <input_file_ref idref="fl-2"/>
      </object_component>
      <object_component id="oc-399">
         <name>.text:SysCtl_enablePeripheral</name>
         <load_address>0x83a97</load_address>
         <run_address>0x83a97</run_address>
         <size>0x17</size>
         <input_file_ref idref="fl-27"/>
      </object_component>
      <object_component id="oc-b9">
         <name>.text</name>
         <load_address>0x83aae</load_address>
         <run_address>0x83aae</run_address>
         <size>0x17</size>
         <input_file_ref idref="fl-34"/>
      </object_component>
      <object_component id="oc-3b7">
         <name>.text:DCC_disableDoneSignal</name>
         <load_address>0x83ac5</load_address>
         <run_address>0x83ac5</run_address>
         <size>0x16</size>
         <input_file_ref idref="fl-27"/>
      </object_component>
      <object_component id="oc-3db">
         <name>.text:DCC_enableDoneSignal</name>
         <load_address>0x83adb</load_address>
         <run_address>0x83adb</run_address>
         <size>0x16</size>
         <input_file_ref idref="fl-27"/>
      </object_component>
      <object_component id="oc-55">
         <name>.text:Interrupt_defaultHandler</name>
         <load_address>0x83af1</load_address>
         <run_address>0x83af1</run_address>
         <size>0x16</size>
         <input_file_ref idref="fl-24"/>
      </object_component>
      <object_component id="oc-3a5">
         <name>.text:DCC_clearDoneFlag</name>
         <load_address>0x83b07</load_address>
         <run_address>0x83b07</run_address>
         <size>0x15</size>
         <input_file_ref idref="fl-27"/>
      </object_component>
      <object_component id="oc-39f">
         <name>.text:DCC_clearErrorFlag</name>
         <load_address>0x83b1c</load_address>
         <run_address>0x83b1c</run_address>
         <size>0x15</size>
         <input_file_ref idref="fl-27"/>
      </object_component>
      <object_component id="oc-3b1">
         <name>.text:DCC_disableErrorSignal</name>
         <load_address>0x83b31</load_address>
         <run_address>0x83b31</run_address>
         <size>0x15</size>
         <input_file_ref idref="fl-27"/>
      </object_component>
      <object_component id="oc-3d5">
         <name>.text:DCC_enableErrorSignal</name>
         <load_address>0x83b46</load_address>
         <run_address>0x83b46</run_address>
         <size>0x15</size>
         <input_file_ref idref="fl-27"/>
      </object_component>
      <object_component id="oc-30f">
         <name>.text:ACTIVE1_init</name>
         <load_address>0x83b5b</load_address>
         <run_address>0x83b5b</run_address>
         <size>0x14</size>
         <input_file_ref idref="fl-2"/>
      </object_component>
      <object_component id="oc-315">
         <name>.text:ACTIVE2_init</name>
         <load_address>0x83b6f</load_address>
         <run_address>0x83b6f</run_address>
         <size>0x14</size>
         <input_file_ref idref="fl-2"/>
      </object_component>
      <object_component id="oc-3ab">
         <name>.text:DCC_disableModule</name>
         <load_address>0x83b83</load_address>
         <run_address>0x83b83</run_address>
         <size>0x14</size>
         <input_file_ref idref="fl-27"/>
      </object_component>
      <object_component id="oc-3e1">
         <name>.text:DCC_enableModule</name>
         <load_address>0x83b97</load_address>
         <run_address>0x83b97</run_address>
         <size>0x14</size>
         <input_file_ref idref="fl-27"/>
      </object_component>
      <object_component id="oc-309">
         <name>.text:DEBUG1_init</name>
         <load_address>0x83bab</load_address>
         <run_address>0x83bab</run_address>
         <size>0x14</size>
         <input_file_ref idref="fl-2"/>
      </object_component>
      <object_component id="oc-333">
         <name>.text:DEBUG2_init</name>
         <load_address>0x83bbf</load_address>
         <run_address>0x83bbf</run_address>
         <size>0x14</size>
         <input_file_ref idref="fl-2"/>
      </object_component>
      <object_component id="oc-339">
         <name>.text:FAN1_init</name>
         <load_address>0x83bd3</load_address>
         <run_address>0x83bd3</run_address>
         <size>0x14</size>
         <input_file_ref idref="fl-2"/>
      </object_component>
      <object_component id="oc-33f">
         <name>.text:FAN2_init</name>
         <load_address>0x83be7</load_address>
         <run_address>0x83be7</run_address>
         <size>0x14</size>
         <input_file_ref idref="fl-2"/>
      </object_component>
      <object_component id="oc-2f7">
         <name>.text:FAULT_INPUT1_init</name>
         <load_address>0x83bfb</load_address>
         <run_address>0x83bfb</run_address>
         <size>0x14</size>
         <input_file_ref idref="fl-2"/>
      </object_component>
      <object_component id="oc-2fd">
         <name>.text:FAULT_INPUT2_init</name>
         <load_address>0x83c0f</load_address>
         <run_address>0x83c0f</run_address>
         <size>0x14</size>
         <input_file_ref idref="fl-2"/>
      </object_component>
      <object_component id="oc-303">
         <name>.text:FAULT_OUTPUT_init</name>
         <load_address>0x83c23</load_address>
         <run_address>0x83c23</run_address>
         <size>0x14</size>
         <input_file_ref idref="fl-2"/>
      </object_component>
      <object_component id="oc-282">
         <name>.text:GPIO_isPinValid</name>
         <load_address>0x83c37</load_address>
         <run_address>0x83c37</run_address>
         <size>0x14</size>
         <input_file_ref idref="fl-23"/>
      </object_component>
      <object_component id="oc-327">
         <name>.text:PRIM_ZCD1_init</name>
         <load_address>0x83c4b</load_address>
         <run_address>0x83c4b</run_address>
         <size>0x14</size>
         <input_file_ref idref="fl-2"/>
      </object_component>
      <object_component id="oc-32d">
         <name>.text:PRIM_ZCD2_init</name>
         <load_address>0x83c5f</load_address>
         <run_address>0x83c5f</run_address>
         <size>0x14</size>
         <input_file_ref idref="fl-2"/>
      </object_component>
      <object_component id="oc-345">
         <name>.text:SEC_ZCD1_init</name>
         <load_address>0x83c73</load_address>
         <run_address>0x83c73</run_address>
         <size>0x14</size>
         <input_file_ref idref="fl-2"/>
      </object_component>
      <object_component id="oc-34b">
         <name>.text:SEC_ZCD2_init</name>
         <load_address>0x83c87</load_address>
         <run_address>0x83c87</run_address>
         <size>0x14</size>
         <input_file_ref idref="fl-2"/>
      </object_component>
      <object_component id="oc-416">
         <name>.text:CPUTimer_setEmulationMode</name>
         <load_address>0x83c9b</load_address>
         <run_address>0x83c9b</run_address>
         <size>0x13</size>
         <input_file_ref idref="fl-1f"/>
      </object_component>
      <object_component id="oc-461">
         <name>.text:SCI_enableModule</name>
         <load_address>0x83cae</load_address>
         <run_address>0x83cae</run_address>
         <size>0x13</size>
         <input_file_ref idref="fl-26"/>
      </object_component>
      <object_component id="oc-44c">
         <name>.text:SCI_isBaseValid</name>
         <load_address>0x83cc1</load_address>
         <run_address>0x83cc1</run_address>
         <size>0x13</size>
         <input_file_ref idref="fl-26"/>
      </object_component>
      <object_component id="oc-47e">
         <name>.text:DCC_isBaseValid</name>
         <load_address>0x83cd4</load_address>
         <run_address>0x83cd4</run_address>
         <size>0x10</size>
         <input_file_ref idref="fl-27"/>
      </object_component>
      <object_component id="oc-15d">
         <name>.text:Device_initGPIO</name>
         <load_address>0x83ce4</load_address>
         <run_address>0x83ce4</run_address>
         <size>0x10</size>
         <input_file_ref idref="fl-c"/>
      </object_component>
      <object_component id="oc-22b">
         <name>.text:Flash_isCtrlBaseValid</name>
         <load_address>0x83cf4</load_address>
         <run_address>0x83cf4</run_address>
         <size>0x10</size>
         <input_file_ref idref="fl-22"/>
      </object_component>
      <object_component id="oc-232">
         <name>.text:Flash_isECCBaseValid</name>
         <load_address>0x83d04</load_address>
         <run_address>0x83d04</run_address>
         <size>0x10</size>
         <input_file_ref idref="fl-22"/>
      </object_component>
      <object_component id="oc-43">
         <name>.text:ISR1</name>
         <load_address>0x83d14</load_address>
         <run_address>0x83d14</run_address>
         <size>0x10</size>
         <input_file_ref idref="fl-4"/>
      </object_component>
      <object_component id="oc-441">
         <name>.text:PMBus_isBaseValid</name>
         <load_address>0x83d24</load_address>
         <run_address>0x83d24</run_address>
         <size>0xf</size>
         <input_file_ref idref="fl-25"/>
      </object_component>
      <object_component id="oc-213">
         <name>.text:PRIM_ZCD1_XINT_init</name>
         <load_address>0x83d33</load_address>
         <run_address>0x83d33</run_address>
         <size>0xf</size>
         <input_file_ref idref="fl-2"/>
      </object_component>
      <object_component id="oc-1d7">
         <name>.text:ASYSCTL_init</name>
         <load_address>0x83d42</load_address>
         <run_address>0x83d42</run_address>
         <size>0xd</size>
         <input_file_ref idref="fl-2"/>
      </object_component>
      <object_component id="oc-37">
         <name>.text:ISR3</name>
         <load_address>0x83d4f</load_address>
         <run_address>0x83d4f</run_address>
         <size>0xd</size>
         <input_file_ref idref="fl-4"/>
      </object_component>
      <object_component id="oc-bf">
         <name>.text:Interrupt_disableGlobal</name>
         <load_address>0x83d5c</load_address>
         <run_address>0x83d5c</run_address>
         <size>0xd</size>
         <input_file_ref idref="fl-24"/>
      </object_component>
      <object_component id="oc-c5">
         <name>.text:Interrupt_enableGlobal</name>
         <load_address>0x83d69</load_address>
         <run_address>0x83d69</run_address>
         <size>0xd</size>
         <input_file_ref idref="fl-24"/>
      </object_component>
      <object_component id="oc-e8">
         <name>.text</name>
         <load_address>0x83d76</load_address>
         <run_address>0x83d76</run_address>
         <size>0xc</size>
         <input_file_ref idref="fl-3e"/>
      </object_component>
      <object_component id="oc-26b">
         <name>.text:SysCtl_isMCDClockFailureDetected</name>
         <load_address>0x83d82</load_address>
         <run_address>0x83d82</run_address>
         <size>0xb</size>
         <input_file_ref idref="fl-27"/>
      </object_component>
      <object_component id="oc-61">
         <name>.text:Interrupt_illegalOperationHandler</name>
         <load_address>0x83d8d</load_address>
         <run_address>0x83d8d</run_address>
         <size>0xa</size>
         <input_file_ref idref="fl-24"/>
      </object_component>
      <object_component id="oc-67">
         <name>.text:Interrupt_nmiHandler</name>
         <load_address>0x83d97</load_address>
         <run_address>0x83d97</run_address>
         <size>0xa</size>
         <input_file_ref idref="fl-24"/>
      </object_component>
      <object_component id="oc-1e3">
         <name>.text:CMPSS_init</name>
         <load_address>0x83da1</load_address>
         <run_address>0x83da1</run_address>
         <size>0x9</size>
         <input_file_ref idref="fl-2"/>
      </object_component>
      <object_component id="oc-17f">
         <name>.text</name>
         <load_address>0x83daa</load_address>
         <run_address>0x83daa</run_address>
         <size>0x9</size>
         <input_file_ref idref="fl-3d"/>
      </object_component>
      <object_component id="oc-19">
         <name>.text:decompress:none</name>
         <load_address>0x83db3</load_address>
         <run_address>0x83db3</run_address>
         <size>0x8</size>
         <input_file_ref idref="fl-3a"/>
      </object_component>
      <object_component id="oc-84">
         <name>.text</name>
         <load_address>0x83dbb</load_address>
         <run_address>0x83dbb</run_address>
         <size>0x8</size>
         <input_file_ref idref="fl-d"/>
      </object_component>
      <object_component id="oc-1dd">
         <name>.text:ADC_init</name>
         <load_address>0x83dc3</load_address>
         <run_address>0x83dc3</run_address>
         <size>0x7</size>
         <input_file_ref idref="fl-2"/>
      </object_component>
      <object_component id="oc-1e9">
         <name>.text:CPUTIMER_init</name>
         <load_address>0x83dca</load_address>
         <run_address>0x83dca</run_address>
         <size>0x7</size>
         <input_file_ref idref="fl-2"/>
      </object_component>
      <object_component id="oc-475">
         <name>.text:SysCtl_resetMCD</name>
         <load_address>0x83dd1</load_address>
         <run_address>0x83dd1</run_address>
         <size>0x7</size>
         <input_file_ref idref="fl-27"/>
      </object_component>
      <object_component id="oc-b2">
         <name>.text</name>
         <load_address>0x83dd8</load_address>
         <run_address>0x83dd8</run_address>
         <size>0x7</size>
         <input_file_ref idref="fl-3f"/>
      </object_component>
      <object_component id="oc-7e">
         <name>.text:decompress:ZI</name>
         <load_address>0x83ddf</load_address>
         <run_address>0x83ddf</run_address>
         <size>0x6</size>
         <input_file_ref idref="fl-39"/>
      </object_component>
      <object_component id="oc-1cb">
         <name>.text:myINPUTXBARINPUT0_init</name>
         <load_address>0x83de5</load_address>
         <run_address>0x83de5</run_address>
         <size>0x6</size>
         <input_file_ref idref="fl-2"/>
      </object_component>
      <object_component id="oc-1ef">
         <name>.text:DAC_init</name>
         <load_address>0x83deb</load_address>
         <run_address>0x83deb</run_address>
         <size>0x5</size>
         <input_file_ref idref="fl-2"/>
      </object_component>
      <object_component id="oc-99">
         <name>.text:__error__</name>
         <load_address>0x83df0</load_address>
         <run_address>0x83df0</run_address>
         <size>0x3</size>
         <input_file_ref idref="fl-c"/>
      </object_component>
      <object_component id="oc-e1">
         <name>.text</name>
         <load_address>0x83df3</load_address>
         <run_address>0x83df3</run_address>
         <size>0x2</size>
         <input_file_ref idref="fl-37"/>
      </object_component>
      <object_component id="oc-16f">
         <name>.text:C2000Ware_libraries_init</name>
         <load_address>0x83df5</load_address>
         <run_address>0x83df5</run_address>
         <size>0x1</size>
         <input_file_ref idref="fl-3"/>
      </object_component>
      <object_component id="oc-142">
         <name>.text</name>
         <load_address>0x83df6</load_address>
         <run_address>0x83df6</run_address>
         <size>0x1</size>
         <input_file_ref idref="fl-41"/>
      </object_component>
      <object_component id="oc-4ef">
         <name>.cinit..data.load</name>
         <load_address>0x8112c</load_address>
         <run_address>0x8112c</run_address>
         <size>0xb</size>
      </object_component>
      <object_component id="oc-4ec">
         <name>__TI_handler_table</name>
         <load_address>0x81138</load_address>
         <run_address>0x81138</run_address>
         <size>0x6</size>
      </object_component>
      <object_component id="oc-4ee">
         <name>.cinit..bss.load</name>
         <load_address>0x8113e</load_address>
         <run_address>0x8113e</run_address>
         <size>0x4</size>
      </object_component>
      <object_component id="oc-4ed">
         <name>__TI_cinit_table</name>
         <load_address>0x81144</load_address>
         <run_address>0x81144</run_address>
         <size>0x8</size>
      </object_component>
      <object_component id="oc-6d">
         <name>.stack</name>
         <uninitialized>true</uninitialized>
         <run_address>0x400</run_address>
         <size>0x0</size>
         <input_file_ref idref="fl-34"/>
      </object_component>
      <object_component id="oc-4f0">
         <name>.stack</name>
         <uninitialized>true</uninitialized>
         <run_address>0x400</run_address>
         <size>0x0</size>
      </object_component>
      <object_component id="oc-176">
         <name>.bss:ADCC_result</name>
         <uninitialized>true</uninitialized>
         <run_address>0xa800</run_address>
         <size>0x3e8</size>
         <input_file_ref idref="fl-4"/>
      </object_component>
      <object_component id="oc-95">
         <name>.data</name>
         <load_address>0xabe8</load_address>
         <run_address>0xabe8</run_address>
         <size>0x6</size>
         <input_file_ref idref="fl-4"/>
      </object_component>
      <object_component id="oc-137">
         <name>.data</name>
         <load_address>0xabee</load_address>
         <run_address>0xabee</run_address>
         <size>0x6</size>
         <input_file_ref idref="fl-3c"/>
      </object_component>
      <object_component id="oc-13a">
         <name>.data:_lock</name>
         <load_address>0xabf4</load_address>
         <run_address>0xabf4</run_address>
         <size>0x2</size>
         <input_file_ref idref="fl-3d"/>
      </object_component>
      <object_component id="oc-21e">
         <name>.data:_unlock</name>
         <load_address>0xabf6</load_address>
         <run_address>0xabf6</run_address>
         <size>0x2</size>
         <input_file_ref idref="fl-3d"/>
      </object_component>
      <object_component id="oc-231">
         <name>.const:.string</name>
         <load_address>0x84000</load_address>
         <run_address>0x84000</run_address>
         <size>0x9b</size>
         <input_file_ref idref="fl-22"/>
      </object_component>
      <object_component id="oc-26a">
         <name>.const:.string</name>
         <load_address>0x8409c</load_address>
         <run_address>0x8409c</run_address>
         <size>0x9a</size>
         <input_file_ref idref="fl-27"/>
      </object_component>
      <object_component id="oc-288">
         <name>.const:.string</name>
         <load_address>0x84136</load_address>
         <run_address>0x84136</run_address>
         <size>0x98</size>
         <input_file_ref idref="fl-23"/>
      </object_component>
      <object_component id="oc-452">
         <name>.const:.string</name>
         <load_address>0x841ce</load_address>
         <run_address>0x841ce</run_address>
         <size>0x97</size>
         <input_file_ref idref="fl-26"/>
      </object_component>
      <object_component id="oc-4a4">
         <name>.const:.string</name>
         <load_address>0x84266</load_address>
         <run_address>0x84266</run_address>
         <size>0x50</size>
         <input_file_ref idref="fl-1f"/>
      </object_component>
      <object_component id="oc-498">
         <name>.const:.string</name>
         <load_address>0x842b6</load_address>
         <run_address>0x842b6</run_address>
         <size>0x4d</size>
         <input_file_ref idref="fl-1e"/>
      </object_component>
      <object_component id="oc-447">
         <name>.const:.string</name>
         <load_address>0x84304</load_address>
         <run_address>0x84304</run_address>
         <size>0x4d</size>
         <input_file_ref idref="fl-25"/>
      </object_component>
      <object_component id="oc-427">
         <name>.const:.string</name>
         <load_address>0x84352</load_address>
         <run_address>0x84352</run_address>
         <size>0x4c</size>
         <input_file_ref idref="fl-21"/>
      </object_component>
      <object_component id="oc-42a">
         <name>.const:.string</name>
         <load_address>0x8439e</load_address>
         <run_address>0x8439e</run_address>
         <size>0x3e</size>
         <input_file_ref idref="fl-2"/>
      </object_component>
      <object_component id="oc-98">
         <name>.const:.string</name>
         <load_address>0x843dc</load_address>
         <run_address>0x843dc</run_address>
         <size>0x3d</size>
         <input_file_ref idref="fl-4"/>
      </object_component>
      <object_component id="oc-192">
         <name>.TI.ramfunc:Flash_initModule</name>
         <load_address>0x81000</load_address>
         <run_address>0x8000</run_address>
         <size>0x44</size>
         <input_file_ref idref="fl-22"/>
      </object_component>
      <object_component id="oc-238">
         <name>.TI.ramfunc:Flash_setBankPowerMode</name>
         <load_address>0x81044</load_address>
         <run_address>0x8044</run_address>
         <size>0x2c</size>
         <input_file_ref idref="fl-22"/>
      </object_component>
      <object_component id="oc-250">
         <name>.TI.ramfunc:Flash_setWaitstates</name>
         <load_address>0x81070</load_address>
         <run_address>0x8070</run_address>
         <size>0x24</size>
         <input_file_ref idref="fl-22"/>
      </object_component>
      <object_component id="oc-23e">
         <name>.TI.ramfunc:Flash_setPumpPowerMode</name>
         <load_address>0x81094</load_address>
         <run_address>0x8094</run_address>
         <size>0x1d</size>
         <input_file_ref idref="fl-22"/>
      </object_component>
      <object_component id="oc-244">
         <name>.TI.ramfunc:Flash_disableCache</name>
         <load_address>0x810b1</load_address>
         <run_address>0x80b1</run_address>
         <size>0x18</size>
         <input_file_ref idref="fl-22"/>
      </object_component>
      <object_component id="oc-24a">
         <name>.TI.ramfunc:Flash_disablePrefetch</name>
         <load_address>0x810c9</load_address>
         <run_address>0x80c9</run_address>
         <size>0x18</size>
         <input_file_ref idref="fl-22"/>
      </object_component>
      <object_component id="oc-256">
         <name>.TI.ramfunc:Flash_enableCache</name>
         <load_address>0x810e1</load_address>
         <run_address>0x80e1</run_address>
         <size>0x17</size>
         <input_file_ref idref="fl-22"/>
      </object_component>
      <object_component id="oc-25c">
         <name>.TI.ramfunc:Flash_enablePrefetch</name>
         <load_address>0x810f8</load_address>
         <run_address>0x80f8</run_address>
         <size>0x17</size>
         <input_file_ref idref="fl-22"/>
      </object_component>
      <object_component id="oc-262">
         <name>.TI.ramfunc:Flash_enableECC</name>
         <load_address>0x8110f</load_address>
         <run_address>0x810f</run_address>
         <size>0x16</size>
         <input_file_ref idref="fl-22"/>
      </object_component>
      <object_component id="oc-175">
         <name>.TI.ramfunc</name>
         <load_address>0x81125</load_address>
         <run_address>0x8125</run_address>
         <size>0x4</size>
         <input_file_ref idref="fl-27"/>
      </object_component>
      <object_component id="oc-91">
         <name>.debug_types</name>
         <load_address>0x0</load_address>
         <run_address>0x0</run_address>
         <size>0x3f2f</size>
         <input_file_ref idref="fl-2"/>
      </object_component>
      <object_component id="oc-21b">
         <name>.debug_types</name>
         <load_address>0x0</load_address>
         <run_address>0x0</run_address>
         <size>0x0</size>
         <input_file_ref idref="fl-3"/>
      </object_component>
      <object_component id="oc-93">
         <name>.debug_types</name>
         <load_address>0x3f2f</load_address>
         <run_address>0x3f2f</run_address>
         <size>0x7ce</size>
         <input_file_ref idref="fl-4"/>
      </object_component>
      <object_component id="oc-d5">
         <name>.debug_types</name>
         <load_address>0x46fd</load_address>
         <run_address>0x46fd</run_address>
         <size>0x479</size>
         <input_file_ref idref="fl-c"/>
      </object_component>
      <object_component id="oc-491">
         <name>.debug_types</name>
         <load_address>0x4b76</load_address>
         <run_address>0x4b76</run_address>
         <size>0x151</size>
         <input_file_ref idref="fl-1d"/>
      </object_component>
      <object_component id="oc-49a">
         <name>.debug_types</name>
         <load_address>0x0</load_address>
         <run_address>0x0</run_address>
         <size>0x0</size>
         <input_file_ref idref="fl-1e"/>
      </object_component>
      <object_component id="oc-4a6">
         <name>.debug_types</name>
         <load_address>0x0</load_address>
         <run_address>0x0</run_address>
         <size>0x0</size>
         <input_file_ref idref="fl-1f"/>
      </object_component>
      <object_component id="oc-429">
         <name>.debug_types</name>
         <load_address>0x0</load_address>
         <run_address>0x0</run_address>
         <size>0x0</size>
         <input_file_ref idref="fl-21"/>
      </object_component>
      <object_component id="oc-269">
         <name>.debug_types</name>
         <load_address>0x4cc7</load_address>
         <run_address>0x4cc7</run_address>
         <size>0x1e9</size>
         <input_file_ref idref="fl-22"/>
      </object_component>
      <object_component id="oc-28a">
         <name>.debug_types</name>
         <load_address>0x4eb0</load_address>
         <run_address>0x4eb0</run_address>
         <size>0x5a</size>
         <input_file_ref idref="fl-23"/>
      </object_component>
      <object_component id="oc-a4">
         <name>.debug_types</name>
         <load_address>0x0</load_address>
         <run_address>0x0</run_address>
         <size>0x0</size>
         <input_file_ref idref="fl-24"/>
      </object_component>
      <object_component id="oc-449">
         <name>.debug_types</name>
         <load_address>0x4f0a</load_address>
         <run_address>0x4f0a</run_address>
         <size>0xf9</size>
         <input_file_ref idref="fl-25"/>
      </object_component>
      <object_component id="oc-45a">
         <name>.debug_types</name>
         <load_address>0x5003</load_address>
         <run_address>0x5003</run_address>
         <size>0x5e</size>
         <input_file_ref idref="fl-26"/>
      </object_component>
      <object_component id="oc-27e">
         <name>.debug_types</name>
         <load_address>0x5061</load_address>
         <run_address>0x5061</run_address>
         <size>0x1d4</size>
         <input_file_ref idref="fl-27"/>
      </object_component>
      <object_component id="oc-ac">
         <name>.debug_types</name>
         <load_address>0x5235</load_address>
         <run_address>0x5235</run_address>
         <size>0x142</size>
         <input_file_ref idref="fl-36"/>
      </object_component>
      <object_component id="oc-fe">
         <name>.debug_types</name>
         <load_address>0x0</load_address>
         <run_address>0x0</run_address>
         <size>0x0</size>
         <input_file_ref idref="fl-37"/>
      </object_component>
      <object_component id="oc-149">
         <name>.debug_types</name>
         <load_address>0x5377</load_address>
         <run_address>0x5377</run_address>
         <size>0x4bd</size>
         <input_file_ref idref="fl-38"/>
      </object_component>
      <object_component id="oc-b1">
         <name>.debug_types</name>
         <load_address>0x5834</load_address>
         <run_address>0x5834</run_address>
         <size>0x194</size>
         <input_file_ref idref="fl-39"/>
      </object_component>
      <object_component id="oc-77">
         <name>.debug_types</name>
         <load_address>0x0</load_address>
         <run_address>0x0</run_address>
         <size>0x0</size>
         <input_file_ref idref="fl-3a"/>
      </object_component>
      <object_component id="oc-6f">
         <name>.debug_types</name>
         <load_address>0x59c8</load_address>
         <run_address>0x59c8</run_address>
         <size>0x191</size>
         <input_file_ref idref="fl-3b"/>
      </object_component>
      <object_component id="oc-13e">
         <name>.debug_types</name>
         <load_address>0x5b59</load_address>
         <run_address>0x5b59</run_address>
         <size>0xbf</size>
         <input_file_ref idref="fl-3c"/>
      </object_component>
      <object_component id="oc-187">
         <name>.debug_types</name>
         <load_address>0x5c18</load_address>
         <run_address>0x5c18</run_address>
         <size>0x2f</size>
         <input_file_ref idref="fl-3d"/>
      </object_component>
      <object_component id="oc-136">
         <name>.debug_types</name>
         <load_address>0x5c47</load_address>
         <run_address>0x5c47</run_address>
         <size>0xe1</size>
         <input_file_ref idref="fl-3e"/>
      </object_component>
      <object_component id="oc-e0">
         <name>.debug_types</name>
         <load_address>0x0</load_address>
         <run_address>0x0</run_address>
         <size>0x0</size>
         <input_file_ref idref="fl-3f"/>
      </object_component>
      <object_component id="oc-18c">
         <name>.debug_types</name>
         <load_address>0x0</load_address>
         <run_address>0x0</run_address>
         <size>0x0</size>
         <input_file_ref idref="fl-41"/>
      </object_component>
      <object_component id="oc-20f">
         <name>.debug_info</name>
         <load_address>0x0</load_address>
         <run_address>0x0</run_address>
         <size>0x158</size>
         <input_file_ref idref="fl-2"/>
      </object_component>
      <object_component id="oc-209">
         <name>.debug_info</name>
         <load_address>0x158</load_address>
         <run_address>0x158</run_address>
         <size>0x1b0</size>
         <input_file_ref idref="fl-2"/>
      </object_component>
      <object_component id="oc-1cd">
         <name>.debug_info</name>
         <load_address>0x308</load_address>
         <run_address>0x308</run_address>
         <size>0x13d</size>
         <input_file_ref idref="fl-2"/>
      </object_component>
      <object_component id="oc-1f6">
         <name>.debug_info</name>
         <load_address>0x445</load_address>
         <run_address>0x445</run_address>
         <size>0x144</size>
         <input_file_ref idref="fl-2"/>
      </object_component>
      <object_component id="oc-2e3">
         <name>.debug_info</name>
         <load_address>0x589</load_address>
         <run_address>0x589</run_address>
         <size>0x139</size>
         <input_file_ref idref="fl-2"/>
      </object_component>
      <object_component id="oc-2de">
         <name>.debug_info</name>
         <load_address>0x6c2</load_address>
         <run_address>0x6c2</run_address>
         <size>0x139</size>
         <input_file_ref idref="fl-2"/>
      </object_component>
      <object_component id="oc-2d7">
         <name>.debug_info</name>
         <load_address>0x7fb</load_address>
         <run_address>0x7fb</run_address>
         <size>0x18c</size>
         <input_file_ref idref="fl-2"/>
      </object_component>
      <object_component id="oc-2d1">
         <name>.debug_info</name>
         <load_address>0x987</load_address>
         <run_address>0x987</run_address>
         <size>0x18c</size>
         <input_file_ref idref="fl-2"/>
      </object_component>
      <object_component id="oc-2cb">
         <name>.debug_info</name>
         <load_address>0xb13</load_address>
         <run_address>0xb13</run_address>
         <size>0x18c</size>
         <input_file_ref idref="fl-2"/>
      </object_component>
      <object_component id="oc-215">
         <name>.debug_info</name>
         <load_address>0xc9f</load_address>
         <run_address>0xc9f</run_address>
         <size>0x151</size>
         <input_file_ref idref="fl-2"/>
      </object_component>
      <object_component id="oc-1d3">
         <name>.debug_info</name>
         <load_address>0xdf0</load_address>
         <run_address>0xdf0</run_address>
         <size>0x123</size>
         <input_file_ref idref="fl-2"/>
      </object_component>
      <object_component id="oc-323">
         <name>.debug_info</name>
         <load_address>0xf13</load_address>
         <run_address>0xf13</run_address>
         <size>0x196</size>
         <input_file_ref idref="fl-2"/>
      </object_component>
      <object_component id="oc-31c">
         <name>.debug_info</name>
         <load_address>0x10a9</load_address>
         <run_address>0x10a9</run_address>
         <size>0x196</size>
         <input_file_ref idref="fl-2"/>
      </object_component>
      <object_component id="oc-34d">
         <name>.debug_info</name>
         <load_address>0x123f</load_address>
         <run_address>0x123f</run_address>
         <size>0x198</size>
         <input_file_ref idref="fl-2"/>
      </object_component>
      <object_component id="oc-346">
         <name>.debug_info</name>
         <load_address>0x13d7</load_address>
         <run_address>0x13d7</run_address>
         <size>0x198</size>
         <input_file_ref idref="fl-2"/>
      </object_component>
      <object_component id="oc-1c6">
         <name>.debug_info</name>
         <load_address>0x156f</load_address>
         <run_address>0x156f</run_address>
         <size>0x91c</size>
         <input_file_ref idref="fl-2"/>
      </object_component>
      <object_component id="oc-32e">
         <name>.debug_info</name>
         <load_address>0x1e8b</load_address>
         <run_address>0x1e8b</run_address>
         <size>0x19a</size>
         <input_file_ref idref="fl-2"/>
      </object_component>
      <object_component id="oc-328">
         <name>.debug_info</name>
         <load_address>0x2025</load_address>
         <run_address>0x2025</run_address>
         <size>0x19a</size>
         <input_file_ref idref="fl-2"/>
      </object_component>
      <object_component id="oc-2c3">
         <name>.debug_info</name>
         <load_address>0x21bf</load_address>
         <run_address>0x21bf</run_address>
         <size>0x1aa</size>
         <input_file_ref idref="fl-2"/>
      </object_component>
      <object_component id="oc-2bd">
         <name>.debug_info</name>
         <load_address>0x2369</load_address>
         <run_address>0x2369</run_address>
         <size>0x1aa</size>
         <input_file_ref idref="fl-2"/>
      </object_component>
      <object_component id="oc-2b7">
         <name>.debug_info</name>
         <load_address>0x2513</load_address>
         <run_address>0x2513</run_address>
         <size>0x1aa</size>
         <input_file_ref idref="fl-2"/>
      </object_component>
      <object_component id="oc-2b1">
         <name>.debug_info</name>
         <load_address>0x26bd</load_address>
         <run_address>0x26bd</run_address>
         <size>0x1aa</size>
         <input_file_ref idref="fl-2"/>
      </object_component>
      <object_component id="oc-2aa">
         <name>.debug_info</name>
         <load_address>0x2867</load_address>
         <run_address>0x2867</run_address>
         <size>0x155</size>
         <input_file_ref idref="fl-2"/>
      </object_component>
      <object_component id="oc-2a4">
         <name>.debug_info</name>
         <load_address>0x29bc</load_address>
         <run_address>0x29bc</run_address>
         <size>0x155</size>
         <input_file_ref idref="fl-2"/>
      </object_component>
      <object_component id="oc-29e">
         <name>.debug_info</name>
         <load_address>0x2b11</load_address>
         <run_address>0x2b11</run_address>
         <size>0x154</size>
         <input_file_ref idref="fl-2"/>
      </object_component>
      <object_component id="oc-2d">
         <name>.debug_info</name>
         <load_address>0x2c65</load_address>
         <run_address>0x2c65</run_address>
         <size>0x185</size>
         <input_file_ref idref="fl-2"/>
      </object_component>
      <object_component id="oc-2f8">
         <name>.debug_info</name>
         <load_address>0x2dea</load_address>
         <run_address>0x2dea</run_address>
         <size>0x1a0</size>
         <input_file_ref idref="fl-2"/>
      </object_component>
      <object_component id="oc-2fe">
         <name>.debug_info</name>
         <load_address>0x2f8a</load_address>
         <run_address>0x2f8a</run_address>
         <size>0x1a0</size>
         <input_file_ref idref="fl-2"/>
      </object_component>
      <object_component id="oc-304">
         <name>.debug_info</name>
         <load_address>0x312a</load_address>
         <run_address>0x312a</run_address>
         <size>0x1a0</size>
         <input_file_ref idref="fl-2"/>
      </object_component>
      <object_component id="oc-30a">
         <name>.debug_info</name>
         <load_address>0x32ca</load_address>
         <run_address>0x32ca</run_address>
         <size>0x194</size>
         <input_file_ref idref="fl-2"/>
      </object_component>
      <object_component id="oc-310">
         <name>.debug_info</name>
         <load_address>0x345e</load_address>
         <run_address>0x345e</run_address>
         <size>0x196</size>
         <input_file_ref idref="fl-2"/>
      </object_component>
      <object_component id="oc-316">
         <name>.debug_info</name>
         <load_address>0x35f4</load_address>
         <run_address>0x35f4</run_address>
         <size>0x196</size>
         <input_file_ref idref="fl-2"/>
      </object_component>
      <object_component id="oc-334">
         <name>.debug_info</name>
         <load_address>0x378a</load_address>
         <run_address>0x378a</run_address>
         <size>0x194</size>
         <input_file_ref idref="fl-2"/>
      </object_component>
      <object_component id="oc-33a">
         <name>.debug_info</name>
         <load_address>0x391e</load_address>
         <run_address>0x391e</run_address>
         <size>0x190</size>
         <input_file_ref idref="fl-2"/>
      </object_component>
      <object_component id="oc-340">
         <name>.debug_info</name>
         <load_address>0x3aae</load_address>
         <run_address>0x3aae</run_address>
         <size>0x190</size>
         <input_file_ref idref="fl-2"/>
      </object_component>
      <object_component id="oc-202">
         <name>.debug_info</name>
         <load_address>0x3c3e</load_address>
         <run_address>0x3c3e</run_address>
         <size>0x23e</size>
         <input_file_ref idref="fl-2"/>
      </object_component>
      <object_component id="oc-2f1">
         <name>.debug_info</name>
         <load_address>0x3e7c</load_address>
         <run_address>0x3e7c</run_address>
         <size>0x238</size>
         <input_file_ref idref="fl-2"/>
      </object_component>
      <object_component id="oc-1fc">
         <name>.debug_info</name>
         <load_address>0x40b4</load_address>
         <run_address>0x40b4</run_address>
         <size>0xe43</size>
         <input_file_ref idref="fl-2"/>
      </object_component>
      <object_component id="oc-1f0">
         <name>.debug_info</name>
         <load_address>0x4ef7</load_address>
         <run_address>0x4ef7</run_address>
         <size>0x143</size>
         <input_file_ref idref="fl-2"/>
      </object_component>
      <object_component id="oc-1ea">
         <name>.debug_info</name>
         <load_address>0x503a</load_address>
         <run_address>0x503a</run_address>
         <size>0x16d</size>
         <input_file_ref idref="fl-2"/>
      </object_component>
      <object_component id="oc-1e4">
         <name>.debug_info</name>
         <load_address>0x51a7</load_address>
         <run_address>0x51a7</run_address>
         <size>0x171</size>
         <input_file_ref idref="fl-2"/>
      </object_component>
      <object_component id="oc-1d8">
         <name>.debug_info</name>
         <load_address>0x5318</load_address>
         <run_address>0x5318</run_address>
         <size>0x129</size>
         <input_file_ref idref="fl-2"/>
      </object_component>
      <object_component id="oc-1de">
         <name>.debug_info</name>
         <load_address>0x5441</load_address>
         <run_address>0x5441</run_address>
         <size>0x155</size>
         <input_file_ref idref="fl-2"/>
      </object_component>
      <object_component id="oc-16a">
         <name>.debug_info</name>
         <load_address>0x5596</load_address>
         <run_address>0x5596</run_address>
         <size>0x216</size>
         <input_file_ref idref="fl-2"/>
      </object_component>
      <object_component id="oc-171">
         <name>.debug_info</name>
         <load_address>0x57ac</load_address>
         <run_address>0x57ac</run_address>
         <size>0x15b</size>
         <input_file_ref idref="fl-3"/>
      </object_component>
      <object_component id="oc-96">
         <name>.debug_info</name>
         <load_address>0x5907</load_address>
         <run_address>0x5907</run_address>
         <size>0x1de</size>
         <input_file_ref idref="fl-4"/>
      </object_component>
      <object_component id="oc-177">
         <name>.debug_info</name>
         <load_address>0x5ae5</load_address>
         <run_address>0x5ae5</run_address>
         <size>0x102</size>
         <input_file_ref idref="fl-4"/>
      </object_component>
      <object_component id="oc-132">
         <name>.debug_info</name>
         <load_address>0x5be7</load_address>
         <run_address>0x5be7</run_address>
         <size>0x1e4</size>
         <input_file_ref idref="fl-4"/>
      </object_component>
      <object_component id="oc-33">
         <name>.debug_info</name>
         <load_address>0x5dcb</load_address>
         <run_address>0x5dcb</run_address>
         <size>0x117</size>
         <input_file_ref idref="fl-4"/>
      </object_component>
      <object_component id="oc-3a">
         <name>.debug_info</name>
         <load_address>0x5ee2</load_address>
         <run_address>0x5ee2</run_address>
         <size>0x10d</size>
         <input_file_ref idref="fl-4"/>
      </object_component>
      <object_component id="oc-40">
         <name>.debug_info</name>
         <load_address>0x5fef</load_address>
         <run_address>0x5fef</run_address>
         <size>0x12d</size>
         <input_file_ref idref="fl-4"/>
      </object_component>
      <object_component id="oc-46">
         <name>.debug_info</name>
         <load_address>0x611c</load_address>
         <run_address>0x611c</run_address>
         <size>0x10d</size>
         <input_file_ref idref="fl-4"/>
      </object_component>
      <object_component id="oc-4a">
         <name>.debug_info</name>
         <load_address>0x6229</load_address>
         <run_address>0x6229</run_address>
         <size>0x125</size>
         <input_file_ref idref="fl-4"/>
      </object_component>
      <object_component id="oc-52">
         <name>.debug_info</name>
         <load_address>0x634e</load_address>
         <run_address>0x634e</run_address>
         <size>0x125</size>
         <input_file_ref idref="fl-4"/>
      </object_component>
      <object_component id="oc-9b">
         <name>.debug_info</name>
         <load_address>0x6473</load_address>
         <run_address>0x6473</run_address>
         <size>0x14f</size>
         <input_file_ref idref="fl-c"/>
      </object_component>
      <object_component id="oc-15e">
         <name>.debug_info</name>
         <load_address>0x65c2</load_address>
         <run_address>0x65c2</run_address>
         <size>0x136</size>
         <input_file_ref idref="fl-c"/>
      </object_component>
      <object_component id="oc-1ac">
         <name>.debug_info</name>
         <load_address>0x66f8</load_address>
         <run_address>0x66f8</run_address>
         <size>0x14d</size>
         <input_file_ref idref="fl-c"/>
      </object_component>
      <object_component id="oc-15a">
         <name>.debug_info</name>
         <load_address>0x6845</load_address>
         <run_address>0x6845</run_address>
         <size>0x27b</size>
         <input_file_ref idref="fl-c"/>
      </object_component>
      <object_component id="oc-21">
         <name>.debug_info</name>
         <load_address>0x6ac0</load_address>
         <run_address>0x6ac0</run_address>
         <size>0x128</size>
         <input_file_ref idref="fl-d"/>
      </object_component>
      <object_component id="oc-85">
         <name>.debug_info</name>
         <load_address>0x6be8</load_address>
         <run_address>0x6be8</run_address>
         <size>0x129</size>
         <input_file_ref idref="fl-d"/>
      </object_component>
      <object_component id="oc-3f3">
         <name>.debug_info</name>
         <load_address>0x6d11</load_address>
         <run_address>0x6d11</run_address>
         <size>0x234</size>
         <input_file_ref idref="fl-1d"/>
      </object_component>
      <object_component id="oc-493">
         <name>.debug_info</name>
         <load_address>0x6f45</load_address>
         <run_address>0x6f45</run_address>
         <size>0x1d7</size>
         <input_file_ref idref="fl-1e"/>
      </object_component>
      <object_component id="oc-3fb">
         <name>.debug_info</name>
         <load_address>0x711c</load_address>
         <run_address>0x711c</run_address>
         <size>0x2bd</size>
         <input_file_ref idref="fl-1e"/>
      </object_component>
      <object_component id="oc-404">
         <name>.debug_info</name>
         <load_address>0x73d9</load_address>
         <run_address>0x73d9</run_address>
         <size>0x2bb</size>
         <input_file_ref idref="fl-1e"/>
      </object_component>
      <object_component id="oc-410">
         <name>.debug_info</name>
         <load_address>0x7694</load_address>
         <run_address>0x7694</run_address>
         <size>0x25f</size>
         <input_file_ref idref="fl-1e"/>
      </object_component>
      <object_component id="oc-407">
         <name>.debug_info</name>
         <load_address>0x78f3</load_address>
         <run_address>0x78f3</run_address>
         <size>0x2b6</size>
         <input_file_ref idref="fl-1e"/>
      </object_component>
      <object_component id="oc-4a1">
         <name>.debug_info</name>
         <load_address>0x7ba9</load_address>
         <run_address>0x7ba9</run_address>
         <size>0x1e3</size>
         <input_file_ref idref="fl-1f"/>
      </object_component>
      <object_component id="oc-41a">
         <name>.debug_info</name>
         <load_address>0x7d8c</load_address>
         <run_address>0x7d8c</run_address>
         <size>0x22f</size>
         <input_file_ref idref="fl-1f"/>
      </object_component>
      <object_component id="oc-422">
         <name>.debug_info</name>
         <load_address>0x7fbb</load_address>
         <run_address>0x7fbb</run_address>
         <size>0x1d5</size>
         <input_file_ref idref="fl-21"/>
      </object_component>
      <object_component id="oc-2ed">
         <name>.debug_info</name>
         <load_address>0x8190</load_address>
         <run_address>0x8190</run_address>
         <size>0x21b</size>
         <input_file_ref idref="fl-21"/>
      </object_component>
      <object_component id="oc-22e">
         <name>.debug_info</name>
         <load_address>0x83ab</load_address>
         <run_address>0x83ab</run_address>
         <size>0x1e7</size>
         <input_file_ref idref="fl-22"/>
      </object_component>
      <object_component id="oc-234">
         <name>.debug_info</name>
         <load_address>0x8592</load_address>
         <run_address>0x8592</run_address>
         <size>0x1e3</size>
         <input_file_ref idref="fl-22"/>
      </object_component>
      <object_component id="oc-253">
         <name>.debug_info</name>
         <load_address>0x8775</load_address>
         <run_address>0x8775</run_address>
         <size>0x242</size>
         <input_file_ref idref="fl-22"/>
      </object_component>
      <object_component id="oc-239">
         <name>.debug_info</name>
         <load_address>0x89b7</load_address>
         <run_address>0x89b7</run_address>
         <size>0x259</size>
         <input_file_ref idref="fl-22"/>
      </object_component>
      <object_component id="oc-240">
         <name>.debug_info</name>
         <load_address>0x8c10</load_address>
         <run_address>0x8c10</run_address>
         <size>0x238</size>
         <input_file_ref idref="fl-22"/>
      </object_component>
      <object_component id="oc-25f">
         <name>.debug_info</name>
         <load_address>0x8e48</load_address>
         <run_address>0x8e48</run_address>
         <size>0x209</size>
         <input_file_ref idref="fl-22"/>
      </object_component>
      <object_component id="oc-24c">
         <name>.debug_info</name>
         <load_address>0x9051</load_address>
         <run_address>0x9051</run_address>
         <size>0x20b</size>
         <input_file_ref idref="fl-22"/>
      </object_component>
      <object_component id="oc-258">
         <name>.debug_info</name>
         <load_address>0x925c</load_address>
         <run_address>0x925c</run_address>
         <size>0x203</size>
         <input_file_ref idref="fl-22"/>
      </object_component>
      <object_component id="oc-245">
         <name>.debug_info</name>
         <load_address>0x945f</load_address>
         <run_address>0x945f</run_address>
         <size>0x205</size>
         <input_file_ref idref="fl-22"/>
      </object_component>
      <object_component id="oc-263">
         <name>.debug_info</name>
         <load_address>0x9664</load_address>
         <run_address>0x9664</run_address>
         <size>0x1fc</size>
         <input_file_ref idref="fl-22"/>
      </object_component>
      <object_component id="oc-193">
         <name>.debug_info</name>
         <load_address>0x9860</load_address>
         <run_address>0x9860</run_address>
         <size>0x35e</size>
         <input_file_ref idref="fl-22"/>
      </object_component>
      <object_component id="oc-46a">
         <name>.debug_info</name>
         <load_address>0x9bbe</load_address>
         <run_address>0x9bbe</run_address>
         <size>0x1fd</size>
         <input_file_ref idref="fl-23"/>
      </object_component>
      <object_component id="oc-283">
         <name>.debug_info</name>
         <load_address>0x9dbb</load_address>
         <run_address>0x9dbb</run_address>
         <size>0x1cf</size>
         <input_file_ref idref="fl-23"/>
      </object_component>
      <object_component id="oc-1b9">
         <name>.debug_info</name>
         <load_address>0x9f8a</load_address>
         <run_address>0x9f8a</run_address>
         <size>0x247</size>
         <input_file_ref idref="fl-23"/>
      </object_component>
      <object_component id="oc-374">
         <name>.debug_info</name>
         <load_address>0xa1d1</load_address>
         <run_address>0xa1d1</run_address>
[...]
         <value>0x83de5</value>
         <object_component_ref idref="oc-1cb"/>
      </symbol>
      <symbol id="sm-16d">
         <name>PMBUS_init</name>
         <value>0x8338c</value>
         <object_component_ref idref="oc-207"/>
      </symbol>
      <symbol id="sm-16e">
         <name>PRIM_ZCD1_init</name>
         <value>0x83c4b</value>
         <object_component_ref idref="oc-327"/>
      </symbol>
      <symbol id="sm-16f">
         <name>PRIM_ZCD2_init</name>
         <value>0x83c5f</value>
         <object_component_ref idref="oc-32d"/>
      </symbol>
      <symbol id="sm-170">
         <name>FAULT_OUTPUT_init</name>
         <value>0x83c23</value>
         <object_component_ref idref="oc-303"/>
      </symbol>
      <symbol id="sm-171">
         <name>INTERRUPT_init</name>
         <value>0x82fd3</value>
         <object_component_ref idref="oc-2c"/>
      </symbol>
      <symbol id="sm-172">
         <name>M_CMPSS4_init</name>
         <value>0x82cdb</value>
         <object_component_ref idref="oc-2c2"/>
      </symbol>
      <symbol id="sm-173">
         <name>M_CMPSS1_init</name>
         <value>0x82bd9</value>
         <object_component_ref idref="oc-2b0"/>
      </symbol>
      <symbol id="sm-174">
         <name>M_CMPSS3_init</name>
         <value>0x82c5a</value>
         <object_component_ref idref="oc-2bc"/>
      </symbol>
      <symbol id="sm-175">
         <name>M_CMPSS2_init</name>
         <value>0x82b57</value>
         <object_component_ref idref="oc-2b6"/>
      </symbol>
      <symbol id="sm-176">
         <name>PinMux_init</name>
         <value>0x82671</value>
         <object_component_ref idref="oc-1c5"/>
      </symbol>
      <symbol id="sm-177">
         <name>myINPUTXBARINPUT0_init</name>
         <value>0x83de5</value>
         <object_component_ref idref="oc-1cb"/>
      </symbol>
      <symbol id="sm-178">
         <name>STATUS1_init</name>
         <value>0x83a80</value>
         <object_component_ref idref="oc-31b"/>
      </symbol>
      <symbol id="sm-179">
         <name>STATUS2_init</name>
         <value>0x83a3a</value>
         <object_component_ref idref="oc-321"/>
      </symbol>
      <symbol id="sm-17a">
         <name>myDAC0_init</name>
         <value>0x8385b</value>
         <object_component_ref idref="oc-2dc"/>
      </symbol>
      <symbol id="sm-17b">
         <name>myDAC1_init</name>
         <value>0x8393e</value>
         <object_component_ref idref="oc-2e2"/>
      </symbol>
      <symbol id="sm-17c">
         <name>FAN1_init</name>
         <value>0x83bd3</value>
         <object_component_ref idref="oc-339"/>
      </symbol>
      <symbol id="sm-17d">
         <name>ECAP_init</name>
         <value>0x83482</value>
         <object_component_ref idref="oc-1f5"/>
      </symbol>
      <symbol id="sm-17e">
         <name>FAN2_init</name>
         <value>0x83be7</value>
         <object_component_ref idref="oc-33f"/>
      </symbol>
      <symbol id="sm-17f">
         <name>SCI_init</name>
         <value>0x82d5c</value>
         <object_component_ref idref="oc-20d"/>
      </symbol>
      <symbol id="sm-180">
         <name>Board_init</name>
         <value>0x8387e</value>
         <object_component_ref idref="oc-169"/>
      </symbol>
      <symbol id="sm-181">
         <name>XINT_init</name>
         <value>0x83d33</value>
         <object_component_ref idref="oc-213"/>
      </symbol>
      <symbol id="sm-182">
         <name>GPIO_init</name>
         <value>0x8391f</value>
         <object_component_ref idref="oc-201"/>
      </symbol>
      <symbol id="sm-183">
         <name>M_ADC_A_init</name>
         <value>0x830fa</value>
         <object_component_ref idref="oc-29d"/>
      </symbol>
      <symbol id="sm-184">
         <name>M_ADC_C_init</name>
         <value>0x83148</value>
         <object_component_ref idref="oc-2a9"/>
      </symbol>
      <symbol id="sm-185">
         <name>M_ADC_B_init</name>
         <value>0x83000</value>
         <object_component_ref idref="oc-2a3"/>
      </symbol>
      <symbol id="sm-186">
         <name>myPMBUS0_init</name>
         <value>0x8338c</value>
         <object_component_ref idref="oc-207"/>
      </symbol>
      <symbol id="sm-187">
         <name>DAC_init</name>
         <value>0x83deb</value>
         <object_component_ref idref="oc-1ef"/>
      </symbol>
      <symbol id="sm-188">
         <name>DEBUG1_init</name>
         <value>0x83bab</value>
         <object_component_ref idref="oc-309"/>
      </symbol>
      <symbol id="sm-189">
         <name>ADC_init</name>
         <value>0x83dc3</value>
         <object_component_ref idref="oc-1dd"/>
      </symbol>
      <symbol id="sm-18a">
         <name>DEBUG2_init</name>
         <value>0x83bbf</value>
         <object_component_ref idref="oc-333"/>
      </symbol>
      <symbol id="sm-18b">
         <name>SEC_ZCD1_init</name>
         <value>0x83c73</value>
         <object_component_ref idref="oc-345"/>
      </symbol>
      <symbol id="sm-18c">
         <name>SEC_ZCD2_init</name>
         <value>0x83c87</value>
         <object_component_ref idref="oc-34b"/>
      </symbol>
      <symbol id="sm-18d">
         <name>SYNC_init</name>
         <value>0x83669</value>
         <object_component_ref idref="oc-1d1"/>
      </symbol>
      <symbol id="sm-18e">
         <name>CMPSS_init</name>
         <value>0x83da1</value>
         <object_component_ref idref="oc-1e3"/>
      </symbol>
      <symbol id="sm-18f">
         <name>ACTIVE1_init</name>
         <value>0x83b5b</value>
         <object_component_ref idref="oc-30f"/>
      </symbol>
      <symbol id="sm-190">
         <name>ACTIVE2_init</name>
         <value>0x83b6f</value>
         <object_component_ref idref="oc-315"/>
      </symbol>
      <symbol id="sm-191">
         <name>EPWM_init</name>
         <value>0x82000</value>
         <object_component_ref idref="oc-1fb"/>
      </symbol>
      <symbol id="sm-192">
         <name>mySCI0_init</name>
         <value>0x82d5c</value>
         <object_component_ref idref="oc-20d"/>
      </symbol>
      <symbol id="sm-193">
         <name>myECAP0_init</name>
         <value>0x83482</value>
         <object_component_ref idref="oc-1f5"/>
      </symbol>
      <symbol id="sm-194">
         <name>CPUTIMER_init</name>
         <value>0x83dca</value>
         <object_component_ref idref="oc-1e9"/>
      </symbol>
      <symbol id="sm-195">
         <name>PRIM_ZCD1_XINT_init</name>
         <value>0x83d33</value>
         <object_component_ref idref="oc-213"/>
      </symbol>
      <symbol id="sm-196">
         <name>ASYSCTL_init</name>
         <value>0x83d42</value>
         <object_component_ref idref="oc-1d7"/>
      </symbol>
      <symbol id="sm-197">
         <name>myCPUTIMER1_init</name>
         <value>0x83811</value>
         <object_component_ref idref="oc-2cf"/>
      </symbol>
      <symbol id="sm-198">
         <name>myCPUTIMER0_init</name>
         <value>0x837ea</value>
         <object_component_ref idref="oc-2c9"/>
      </symbol>
      <symbol id="sm-199">
         <name>myCPUTIMER2_init</name>
         <value>0x835ce</value>
         <object_component_ref idref="oc-2d5"/>
      </symbol>
      <symbol id="sm-19a">
         <name>FAULT_INPUT2_init</name>
         <value>0x83c0f</value>
         <object_component_ref idref="oc-2fd"/>
      </symbol>
      <symbol id="sm-19b">
         <name>FAULT_INPUT1_init</name>
         <value>0x83bfb</value>
         <object_component_ref idref="oc-2f7"/>
      </symbol>
      <symbol id="sm-1a8">
         <name>C2000Ware_libraries_init</name>
         <value>0x83df5</value>
         <object_component_ref idref="oc-16f"/>
      </symbol>
      <symbol id="sm-1ef">
         <name>fault_input2_flag</name>
         <value>0xabe9</value>
         <object_component_ref idref="oc-95"/>
      </symbol>
      <symbol id="sm-1f0">
         <name>fault_input1_flag</name>
         <value>0xabe8</value>
         <object_component_ref idref="oc-95"/>
      </symbol>
      <symbol id="sm-1f1">
         <name>FAULT_INPUT1_ISR</name>
         <value>0x8389f</value>
         <object_component_ref idref="oc-4f"/>
      </symbol>
      <symbol id="sm-1f2">
         <name>strat_flag</name>
         <value>0xabea</value>
         <object_component_ref idref="oc-95"/>
      </symbol>
      <symbol id="sm-1f3">
         <name>ISR3</name>
         <value>0x83d4f</value>
         <object_component_ref idref="oc-37"/>
      </symbol>
      <symbol id="sm-1f4">
         <name>ISR2</name>
         <value>0x83195</value>
         <object_component_ref idref="oc-3d"/>
      </symbol>
      <symbol id="sm-1f5">
         <name>ISR1</name>
         <value>0x83d14</value>
         <object_component_ref idref="oc-43"/>
      </symbol>
      <symbol id="sm-1f6">
         <name>main</name>
         <value>0x830a9</value>
         <object_component_ref idref="oc-12f"/>
      </symbol>
      <symbol id="sm-1f7">
         <name>tbprd</name>
         <value>0xabed</value>
         <object_component_ref idref="oc-95"/>
      </symbol>
      <symbol id="sm-1f8">
         <name>PZCD1_ISR</name>
         <value>0x83a69</value>
         <object_component_ref idref="oc-2b"/>
      </symbol>
      <symbol id="sm-1f9">
         <name>DAC_PWM_Generator</name>
         <value>0xabeb</value>
         <object_component_ref idref="oc-95"/>
      </symbol>
      <symbol id="sm-1fa">
         <name>ADCC_result</name>
         <value>0xa800</value>
         <object_component_ref idref="oc-176"/>
      </symbol>
      <symbol id="sm-1fb">
         <name>FAULT_INPUT2_ISR</name>
         <value>0x838bf</value>
         <object_component_ref idref="oc-49"/>
      </symbol>
      <symbol id="sm-1fc">
         <name>count</name>
         <value>0xabec</value>
         <object_component_ref idref="oc-95"/>
      </symbol>
      <symbol id="sm-227">
         <name>Device_enableAllPeripherals</name>
         <value>0x82903</value>
         <object_component_ref idref="oc-1aa"/>
      </symbol>
      <symbol id="sm-228">
         <name>Device_initGPIO</name>
         <value>0x83ce4</value>
         <object_component_ref idref="oc-15d"/>
      </symbol>
      <symbol id="sm-229">
         <name>Device_init</name>
         <value>0x82e44</value>
         <object_component_ref idref="oc-157"/>
      </symbol>
      <symbol id="sm-22a">
         <name>__error__</name>
         <value>0x83df0</value>
         <object_component_ref idref="oc-99"/>
      </symbol>
      <symbol id="sm-239">
         <name>code_start</name>
         <value>0x80000</value>
         <object_component_ref idref="oc-20"/>
      </symbol>
      <symbol id="sm-248">
         <name>ADC_setOffsetTrimAll</name>
         <value>0x83774</value>
         <object_component_ref idref="oc-3f1"/>
      </symbol>
      <symbol id="sm-28b">
         <name>CMPSS_configFilterHigh</name>
         <value>0x831df</value>
         <object_component_ref idref="oc-3fa"/>
      </symbol>
      <symbol id="sm-28c">
         <name>CMPSS_configFilterLow</name>
         <value>0x83228</value>
         <object_component_ref idref="oc-400"/>
      </symbol>
      <symbol id="sm-28d">
         <name>CMPSS_configLatchOnPWMSYNC</name>
         <value>0x836f5</value>
         <object_component_ref idref="oc-40c"/>
      </symbol>
      <symbol id="sm-28e">
         <name>CMPSS_configRamp</name>
         <value>0x832ba</value>
         <object_component_ref idref="oc-406"/>
      </symbol>
      <symbol id="sm-2a8">
         <name>CPUTimer_setEmulationMode</name>
         <value>0x83c9b</value>
         <object_component_ref idref="oc-416"/>
      </symbol>
      <symbol id="sm-2c3">
         <name>ECAP_setEmulationMode</name>
         <value>0x8397b</value>
         <object_component_ref idref="oc-2e9"/>
      </symbol>
      <symbol id="sm-333">
         <name>Flash_initModule</name>
         <value>0x8000</value>
         <object_component_ref idref="oc-192"/>
      </symbol>
      <symbol id="sm-39d">
         <name>GPIO_setQualificationMode</name>
         <value>0x8352a</value>
         <object_component_ref idref="oc-293"/>
      </symbol>
      <symbol id="sm-39e">
         <name>GPIO_setPadConfig</name>
         <value>0x83057</value>
         <object_component_ref idref="oc-1b0"/>
      </symbol>
      <symbol id="sm-39f">
         <name>GPIO_setInterruptPin</name>
         <value>0x83604</value>
         <object_component_ref idref="oc-372"/>
      </symbol>
      <symbol id="sm-3a0">
         <name>GPIO_setAnalogMode</name>
         <value>0x83448</value>
         <object_component_ref idref="oc-1bc"/>
      </symbol>
      <symbol id="sm-3a1">
         <name>GPIO_setDirectionMode</name>
         <value>0x83638</value>
         <object_component_ref idref="oc-1b6"/>
      </symbol>
      <symbol id="sm-3a2">
         <name>GPIO_setPinConfig</name>
         <value>0x834f3</value>
         <object_component_ref idref="oc-28d"/>
      </symbol>
      <symbol id="sm-3a3">
         <name>GPIO_setControllerCore</name>
         <value>0x834bc</value>
         <object_component_ref idref="oc-42c"/>
      </symbol>
      <symbol id="sm-3f2">
         <name>Interrupt_defaultHandler</name>
         <value>0x83af1</value>
         <object_component_ref idref="oc-55"/>
      </symbol>
      <symbol id="sm-3f3">
         <name>Interrupt_initModule</name>
         <value>0x8340b</value>
         <object_component_ref idref="oc-163"/>
      </symbol>
      <symbol id="sm-3f4">
         <name>Interrupt_nmiHandler</name>
         <value>0x83d97</value>
         <object_component_ref idref="oc-67"/>
      </symbol>
      <symbol id="sm-3f5">
         <name>Interrupt_enable</name>
         <value>0x83561</value>
         <object_component_ref idref="oc-8a"/>
      </symbol>
      <symbol id="sm-3f6">
         <name>Interrupt_initVectorTable</name>
         <value>0x83999</value>
         <object_component_ref idref="oc-5b"/>
      </symbol>
      <symbol id="sm-3f7">
         <name>Interrupt_illegalOperationHandler</name>
         <value>0x83d8d</value>
         <object_component_ref idref="oc-61"/>
      </symbol>
      <symbol id="sm-42e">
         <name>PMBus_configBusClock</name>
         <value>0x827ea</value>
         <object_component_ref idref="oc-358"/>
      </symbol>
      <symbol id="sm-42f">
         <name>PMBus_configModuleClock</name>
         <value>0x82eb7</value>
         <object_component_ref idref="oc-352"/>
      </symbol>
      <symbol id="sm-430">
         <name>PMBus_initControllerMode</name>
         <value>0x836c8</value>
         <object_component_ref idref="oc-35e"/>
      </symbol>
      <symbol id="sm-474">
         <name>SCI_clearInterruptStatus</name>
         <value>0x83302</value>
         <object_component_ref idref="oc-365"/>
      </symbol>
      <symbol id="sm-475">
         <name>SCI_setConfig</name>
         <value>0x833cd</value>
         <object_component_ref idref="oc-36b"/>
      </symbol>
      <symbol id="sm-589">
         <name>SysCtl_isPLLValid</name>
         <value>0x82a9a</value>
         <object_component_ref idref="oc-277"/>
      </symbol>
      <symbol id="sm-58a">
         <name>SysCtl_delay</name>
         <value>0x8125</value>
         <object_component_ref idref="oc-175"/>
      </symbol>
      <symbol id="sm-58b">
         <name>SysCtl_selectXTALSingleEnded</name>
         <value>0x838df</value>
         <object_component_ref idref="oc-392"/>
      </symbol>
      <symbol id="sm-58c">
         <name>SysCtl_selectXTAL</name>
         <value>0x83598</value>
         <object_component_ref idref="oc-38c"/>
      </symbol>
      <symbol id="sm-58d">
         <name>SysCtl_selectOscSource</name>
         <value>0x83271</value>
         <object_component_ref idref="oc-271"/>
      </symbol>
      <symbol id="sm-58e">
         <name>SysCtl_getLowSpeedClock</name>
         <value>0x839f0</value>
         <object_component_ref idref="oc-1a4"/>
      </symbol>
      <symbol id="sm-58f">
         <name>SysCtl_setClock</name>
         <value>0x829da</value>
         <object_component_ref idref="oc-198"/>
      </symbol>
      <symbol id="sm-590">
         <name>SysCtl_getClock</name>
         <value>0x82f1d</value>
         <object_component_ref idref="oc-19e"/>
      </symbol>
      <symbol id="sm-59b">
         <name>_c_int00</name>
         <value>0x83aae</value>
         <object_component_ref idref="oc-b9"/>
      </symbol>
      <symbol id="sm-59c">
         <name>__stack</name>
         <value>0x400</value>
         <object_component_ref idref="oc-6d"/>
      </symbol>
      <symbol id="sm-5af">
         <name>memcpy</name>
         <value>0x839b7</value>
         <object_component_ref idref="oc-70"/>
      </symbol>
      <symbol id="sm-5bc">
         <name>_system_pre_init</name>
         <value>0x83df3</value>
         <object_component_ref idref="oc-e1"/>
      </symbol>
      <symbol id="sm-5cb">
         <name>__TI_auto_init_nobinit_nopinit</name>
         <value>0x83720</value>
         <object_component_ref idref="oc-ff"/>
      </symbol>
      <symbol id="sm-5d8">
         <name>__TI_zero_init</name>
         <value>0x83ddf</value>
         <object_component_ref idref="oc-7e"/>
      </symbol>
      <symbol id="sm-5e5">
         <name>__TI_decompress_none</name>
         <value>0x83db3</value>
         <object_component_ref idref="oc-19"/>
      </symbol>
      <symbol id="sm-5f9">
         <name>__TI_decompress_lzss</name>
         <value>0x8369a</value>
         <object_component_ref idref="oc-13"/>
      </symbol>
      <symbol id="sm-60f">
         <name>C$$EXIT</name>
         <value>0x8374b</value>
         <object_component_ref idref="oc-ee"/>
      </symbol>
      <symbol id="sm-610">
         <name>abort</name>
         <value>0x8374b</value>
         <object_component_ref idref="oc-ee"/>
      </symbol>
      <symbol id="sm-611">
         <name>exit</name>
         <value>0x8374d</value>
         <object_component_ref idref="oc-ee"/>
      </symbol>
      <symbol id="sm-612">
         <name>__TI_dtors_ptr</name>
         <value>0xabf2</value>
         <object_component_ref idref="oc-137"/>
      </symbol>
      <symbol id="sm-613">
         <name>__TI_cleanup_ptr</name>
         <value>0xabf0</value>
         <object_component_ref idref="oc-137"/>
      </symbol>
      <symbol id="sm-614">
         <name>__TI_enable_exit_profile_output</name>
         <value>0xabee</value>
         <object_component_ref idref="oc-137"/>
      </symbol>
      <symbol id="sm-62b">
         <name>_nop</name>
         <value>0x83db2</value>
         <object_component_ref idref="oc-17f"/>
      </symbol>
      <symbol id="sm-62c">
         <name>_lock</name>
         <value>0xabf4</value>
         <object_component_ref idref="oc-13a"/>
      </symbol>
      <symbol id="sm-62d">
         <name>_unlock</name>
         <value>0xabf6</value>
         <object_component_ref idref="oc-21e"/>
      </symbol>
      <symbol id="sm-62e">
         <name>_register_lock</name>
         <value>0x83dae</value>
         <object_component_ref idref="oc-17f"/>
      </symbol>
      <symbol id="sm-62f">
         <name>_register_unlock</name>
         <value>0x83daa</value>
         <object_component_ref idref="oc-17f"/>
      </symbol>
      <symbol id="sm-63e">
         <name>_args_main</name>
         <value>0x83d76</value>
         <object_component_ref idref="oc-e8"/>
      </symbol>
      <symbol id="sm-64d">
         <name>memset</name>
         <value>0x83dd8</value>
         <object_component_ref idref="oc-b2"/>
      </symbol>
      <symbol id="sm-65b">
         <name>_system_post_cinit</name>
         <value>0x83df6</value>
         <object_component_ref idref="oc-142"/>
      </symbol>
      <symbol id="sm-65d">
         <name>__c_args__</name>
         <value>0x0</value>
      </symbol>
   </symbol_table>
   <title>Link successful</title>
</link_info>
